 app

 Timestamp is 6005cfa6 (Mon Jan 18 19:12:54 2021)

 Preferred load address is 0000000180000000

 Start         Length     Name                   Class
 0001:00000000 00000627H .text                   CODE
 0001:00000630 000601aaH .text$mn                CODE
 0001:000607e0 00000012H .text$mn$00             CODE
 0001:00060800 00000709H .text$x                 CODE
 0002:00000000 000002b0H .idata$5                DATA
 0002:000002b0 00000010H .00cfg                  DATA
 0002:000002c0 00000008H .CRT$XCA                DATA
 0002:000002c8 00000008H .CRT$XCZ                DATA
 0002:000002d0 00000008H .CRT$XIA                DATA
 0002:000002d8 00000018H .CRT$XIC                DATA
 0002:000002f0 00000008H .CRT$XIZ                DATA
 0002:000002f8 00000008H .CRT$XPA                DATA
 0002:00000300 00000010H .CRT$XPX                DATA
 0002:00000310 00000008H .CRT$XPXA               DATA
 0002:00000318 00000008H .CRT$XPZ                DATA
 0002:00000320 00000008H .CRT$XTA                DATA
 0002:00000328 00000008H .CRT$XTZ                DATA
 0002:00000330 00015dd4H .rdata                  DATA
 0002:00016108 0000016cH .rdata$r                DATA
 0002:00016278 00000010H .rdata$zETW0            DATA
 0002:00016288 00000077H .rdata$zETW1            DATA
 0002:000162ff 0000002cH .rdata$zETW2            DATA
 0002:0001632b 00000001H .rdata$zETW9            DATA
 0002:0001632c 0000036cH .rdata$zzzdbg           DATA
 0002:00016698 00000008H .rtc$IAA                DATA
 0002:000166a0 00000008H .rtc$IZZ                DATA
 0002:000166a8 00000008H .rtc$TAA                DATA
 0002:000166b0 00000008H .rtc$TZZ                DATA
 0002:000166c0 00001aa4H .xdata                  DATA
 0002:00018168 00000084H .xdata$x                DATA
 0002:000181f0 0000006aH .edata                  DATA
 0002:0001825c 0000003cH .idata$2                DATA
 0002:00018298 00000014H .idata$3                DATA
 0002:000182b0 000002b0H .idata$4                DATA
 0002:00018560 0000062eH .idata$6                DATA
 0003:00000000 000049d0H .data                   DATA
 0003:000049d0 0000006cH .data$r                 DATA
 0003:00004a40 00001778H .bss                    DATA
 0004:00000000 0000399cH .pdata                  DATA
 0005:00000000 00000084H .gfids$x                DATA
 0005:00000084 0000003cH .gfids$y                DATA

  Address         Publics by Value              Rva+Base               Lib:Object

 0000:00000000       __guard_iat_table          0000000000000000     <absolute>
 0000:00000000       __guard_iat_count          0000000000000000     <absolute>
 0000:00000000       __guard_fids_count         0000000000000000     <absolute>
 0000:00000000       ___safe_se_handler_table   0000000000000000     <absolute>
 0000:00000000       __guard_longjmp_table      0000000000000000     <absolute>
 0000:00000000       __guard_longjmp_count      0000000000000000     <absolute>
 0000:00000000       ___safe_se_handler_count   0000000000000000     <absolute>
 0000:00000000       __guard_fids_table         0000000000000000     <absolute>
 0000:00000100       __guard_flags              0000000000000100     <absolute>
 0000:00000000       __ImageBase                0000000180000000     <linker-defined>
 0001:00000000       ?TraceLoggingRegister@__vcrt_trace_logging_provider@@YAJPEBU_TlgProvider_t@1@PEBU_GUID@@P6AX1KE_K2PEAU_EVENT_FILTER_DESCRIPTOR@@PEAX@Z4@Z 0000000180001000 f i libvcruntimed:telemetry.obj
 0001:000000f0       ?TraceLoggingSetInformation@__vcrt_trace_logging_provider@@YAJPEBU_TlgProvider_t@1@W4_EVENT_INFO_CLASS@@PEAXK@Z 00000001800010f0 f i libvcruntimed:telemetry.obj
 0001:00000140       ?TraceLoggingUnregister@__vcrt_trace_logging_provider@@YAXPEBU_TlgProvider_t@1@@Z 0000000180001140 f i libvcruntimed:telemetry.obj
 0001:00000170       ?_TlgCreateSz@__vcrt_trace_logging_provider@@YAXPEAU_EVENT_DATA_DESCRIPTOR@@PEBD@Z 0000000180001170 f i libvcruntimed:telemetry.obj
 0001:000001e0       ?_TlgCreateWsz@__vcrt_trace_logging_provider@@YAXPEAU_EVENT_DATA_DESCRIPTOR@@PEB_W@Z 00000001800011e0 f i libvcruntimed:telemetry.obj
 0001:00000250       ?_TlgEnableCallback@__vcrt_trace_logging_provider@@YAXPEBU_GUID@@KE_K1PEAU_EVENT_FILTER_DESCRIPTOR@@PEAX@Z 0000000180001250 f i libvcruntimed:telemetry.obj
 0001:00000370       ?_TlgKeywordOn@__vcrt_trace_logging_provider@@YAEPEBU_TlgProvider_t@1@_K@Z 0000000180001370 f i libvcruntimed:telemetry.obj
 0001:000003e0       ?_TlgWrite@__vcrt_trace_logging_provider@@YAJPEBU_TlgProvider_t@1@PEFBXPEBU_GUID@@2IPEAU_EVENT_DATA_DESCRIPTOR@@@Z 00000001800013e0 f i libvcruntimed:telemetry.obj
 0001:00000630       WinMain                    0000000180001630 f   app.obj
 0001:00000d50       ?HashString@@YA?AUhash_string_result@@PEAD@Z 0000000180001d50 f   app.obj
 0001:00001ab0       stbtt_BakeFontBitmap       0000000180002ab0 f   app.obj
 0001:00001b30       stbtt_GetBakedQuad         0000000180002b30 f   app.obj
 0001:00001d60       stbtt_GetScaledFontVMetrics 0000000180002d60 f   app.obj
 0001:00001e70       stbtt_PackBegin            0000000180002e70 f   app.obj
 0001:00002020       stbtt_PackEnd              0000000180003020 f   app.obj
 0001:00002050       stbtt_PackFontRange        0000000180003050 f   app.obj
 0001:000020e0       stbtt_PackFontRanges       00000001800030e0 f   app.obj
 0001:00002340       stbtt_PackSetOversampling  0000000180003340 f   app.obj
 0001:000023d0       stbtt_PackSetSkipMissingCodepoints 00000001800033d0 f   app.obj
 0001:000023f0       stbtt_GetPackedQuad        00000001800033f0 f   app.obj
 0001:00002670       stbtt_PackFontRangesGatherRects 0000000180003670 f   app.obj
 0001:000029c0       stbtt_PackFontRangesPackRects 00000001800039c0 f   app.obj
 0001:00002a00       stbtt_PackFontRangesRenderIntoRects 0000000180003a00 f   app.obj
 0001:00003200       stbtt_GetNumberOfFonts     0000000180004200 f   app.obj
 0001:00003220       stbtt_GetFontOffsetForIndex 0000000180004220 f   app.obj
 0001:00003250       stbtt_InitFont             0000000180004250 f   app.obj
 0001:00003290       stbtt_FindGlyphIndex       0000000180004290 f   app.obj
 0001:000038b0       stbtt_ScaleForPixelHeight  00000001800048b0 f   app.obj
 0001:00003930       stbtt_ScaleForMappingEmToPixels 0000000180004930 f   app.obj
 0001:00003990       stbtt_GetFontVMetrics      0000000180004990 f   app.obj
 0001:00003a40       stbtt_GetFontVMetricsOS2   0000000180004a40 f   app.obj
 0001:00003b20       stbtt_GetFontBoundingBox   0000000180004b20 f   app.obj
 0001:00003be0       stbtt_GetCodepointHMetrics 0000000180004be0 f   app.obj
 0001:00003c30       stbtt_GetCodepointKernAdvance 0000000180004c30 f   app.obj
 0001:00003ca0       stbtt_GetCodepointBox      0000000180004ca0 f   app.obj
 0001:00003d00       stbtt_GetGlyphHMetrics     0000000180004d00 f   app.obj
 0001:00003e70       stbtt_GetGlyphKernAdvance  0000000180004e70 f   app.obj
 0001:00003ef0       stbtt_GetGlyphBox          0000000180004ef0 f   app.obj
 0001:00004020       stbtt_GetKerningTableLength 0000000180005020 f   app.obj
 0001:000040b0       stbtt_GetKerningTable      00000001800050b0 f   app.obj
 0001:00004220       stbtt_IsGlyphEmpty         0000000180005220 f   app.obj
 0001:000042e0       stbtt_GetCodepointShape    00000001800052e0 f   app.obj
 0001:00004320       stbtt_GetGlyphShape        0000000180005320 f   app.obj
 0001:00004380       stbtt_FreeShape            0000000180005380 f   app.obj
 0001:000043b0       stbtt_GetCodepointSVG      00000001800053b0 f   app.obj
 0001:000043f0       stbtt_GetGlyphSVG          00000001800053f0 f   app.obj
 0001:000044a0       stbtt_FreeBitmap           00000001800054a0 f   app.obj
 0001:000044d0       stbtt_GetCodepointBitmap   00000001800054d0 f   app.obj
 0001:00004560       stbtt_GetCodepointBitmapSubpixel 0000000180005560 f   app.obj
 0001:00004600       stbtt_MakeCodepointBitmap  0000000180005600 f   app.obj
 0001:00004690       stbtt_MakeCodepointBitmapSubpixel 0000000180005690 f   app.obj
 0001:00004730       stbtt_MakeCodepointBitmapSubpixelPrefilter 0000000180005730 f   app.obj
 0001:00004810       stbtt_GetCodepointBitmapBox 0000000180005810 f   app.obj
 0001:000048a0       stbtt_GetCodepointBitmapBoxSubpixel 00000001800058a0 f   app.obj
 0001:00004940       stbtt_GetGlyphBitmap       0000000180005940 f   app.obj
 0001:000049d0       stbtt_GetGlyphBitmapSubpixel 00000001800059d0 f   app.obj
 0001:00004c90       stbtt_MakeGlyphBitmap      0000000180005c90 f   app.obj
 0001:00004d20       stbtt_MakeGlyphBitmapSubpixel 0000000180005d20 f   app.obj
 0001:00004eb0       stbtt_MakeGlyphBitmapSubpixelPrefilter 0000000180005eb0 f   app.obj
 0001:00004ff0       stbtt_GetGlyphBitmapBox    0000000180005ff0 f   app.obj
 0001:00005080       stbtt_GetGlyphBitmapBoxSubpixel 0000000180006080 f   app.obj
 0001:00005230       stbtt_Rasterize            0000000180006230 f   app.obj
 0001:000053a0       stbtt_FreeSDF              00000001800063a0 f   app.obj
 0001:000053d0       stbtt_GetGlyphSDF          00000001800063d0 f   app.obj
 0001:00006c70       stbtt_GetCodepointSDF      0000000180007c70 f   app.obj
 0001:00006d10       stbtt_FindMatchingFont     0000000180007d10 f   app.obj
 0001:00006d50       stbtt_CompareUTF8toUTF16_bigendian 0000000180007d50 f   app.obj
 0001:00006d90       stbtt_GetFontNameString    0000000180007d90 f   app.obj
 0001:0000d040       ?stbtt_FindSVGDoc@@YAPEAEPEBUstbtt_fontinfo@@H@Z 000000018000e040 f   app.obj
 0001:00017b90       ?MakeGroundedTreeCollisionVolume@@YAPEAUentity_collision_volume_group@@PEAUmemory_arena@@@Z 0000000180018b90 f   app.obj
 0001:0001f000       AppUpdateAndRender         0000000180020000 f   app.obj
 0001:00022690       AppGetSoundSamples         0000000180023690 f   app.obj
 0001:00022770       ??D@YA?AUv2@@MU0@@Z        0000000180023770 f i app.obj
 0001:000227b0       ??D@YA?AUv2@@U0@0@Z        00000001800237b0 f i app.obj
 0001:000227f0       ??D@YA?AUv2@@U0@M@Z        00000001800237f0 f i app.obj
 0001:00022830       ??D@YA?AUv3@@MU0@@Z        0000000180023830 f i app.obj
 0001:000228d0       ??D@YA?AUv3@@U0@M@Z        00000001800238d0 f i app.obj
 0001:00022970       ??G@YA?AUv2@@U0@0@Z        0000000180023970 f i app.obj
 0001:000229b0       ??G@YA?AUv3@@U0@0@Z        00000001800239b0 f i app.obj
 0001:00022a50       ??G@YA?AUv3@@U0@@Z         0000000180023a50 f i app.obj
 0001:00022ae0       ??H@YA?AUv2@@U0@0@Z        0000000180023ae0 f i app.obj
 0001:00022b20       ??H@YA?AUv3@@U0@0@Z        0000000180023b20 f i app.obj
 0001:00022bc0       ??X@YAAEAUv2@@AEAU0@M@Z    0000000180023bc0 f i app.obj
 0001:00022c00       ??X@YAAEAUv3@@AEAU0@M@Z    0000000180023c00 f i app.obj
 0001:00022ca0       ??Y@YAAEAUv3@@AEAU0@U0@@Z  0000000180023ca0 f i app.obj
 0001:00022d50       ??Z@YAAEAUv3@@AEAU0@U0@@Z  0000000180023d50 f i app.obj
 0001:00022e00       ?AcquireTexture@@YA?AUloaded_texture@@PEAUapp_state@@PEAD@Z 0000000180023e00 f i app.obj
 0001:00022e90       ?AddPlayerDelayedAttack@@YAXPEAUapp_state@@MUv2@@@Z 0000000180023e90 f i app.obj
 0001:00022f40       ?AddPlayerDelayedCast@@YAXPEAUapp_state@@MUv2@@@Z 0000000180023f40 f i app.obj
 0001:00022ff0       ?AddPlayerDelayedMove@@YAXPEAUapp_state@@MUv2@@@Z 0000000180023ff0 f i app.obj
 0001:000230a0       ?AllocateSize@@YAPEAXPEAUmemory_arena@@_K1@Z 00000001800240a0 f i app.obj
 0001:00023150       ?AtomicCompareExchangeU32@@YAIPECIII@Z 0000000180024150 f i app.obj
 0001:00023190       ?BeginBatch@@YAXPEAUrender_context@@IMUrender_program@@@Z 0000000180024190 f i app.obj
 0001:00023270       ?BeginContainer@@YAXPEAUui_context@@MMMM@Z 0000000180024270 f i app.obj
 0001:00023350       ?BeginTemporaryMemory@@YA?AUtemporary_memory@@PEAUmemory_arena@@@Z 0000000180024350 f i app.obj
 0001:000233b0       ?CanCollide@@YAHPEAUapp_state@@W4entity_type@@1@Z 00000001800243b0 f i app.obj
 0001:000233f0       ?CannonicalizePosition@@YA?AUcannonical_position@@Uv3@@III@Z 00000001800243f0 f i app.obj
 0001:00023520       ?CeilFloatToUInt32@@YAIM@Z 0000000180024520 f i app.obj
 0001:00023550       ?CenterCamera@@YA?AUv3@@U1@MMMMII@Z 0000000180024550 f i app.obj
 0001:00023730       ?ClipRectangle@@YA?AUv4@@MMMMMMMM@Z 0000000180024730 f i app.obj
 0001:00023890       ?DoAnimation@@YA?AUv4@@PEAUanimation_state@@IIIIMMPEAUanimation_set@@W4animation_type@@W4animation_direction@@@Z 0000000180024890 f i app.obj
 0001:00023a50       ?DotProduct@@YAMUv3@@0@Z   0000000180024a50 f i app.obj
 0001:00023ab0       ?EndBatch@@YAXPEAUrender_context@@@Z 0000000180024ab0 f i app.obj
 0001:00023ae0       ?EndContainer@@YAXPEAUui_context@@@Z 0000000180024ae0 f i app.obj
 0001:00023b70       ?EndTemporaryMemory@@YAXUtemporary_memory@@@Z 0000000180024b70 f i app.obj
 0001:00023c20       ?GetAlignmentOffset@@YA_KPEAUmemory_arena@@_K@Z 0000000180024c20 f i app.obj
 0001:00023ca0       ?GetAnimation@@YAPEAUanimation_slot@@PEAUanimation_set@@W4animation_type@@W4animation_direction@@@Z 0000000180024ca0 f i app.obj
 0001:00023ce0       ?GetAsset@@YAPEAUasset@@PEAUassets@@Uasset_id@@@Z 0000000180024ce0 f i app.obj
 0001:00023d80       ?GetAssetInfo@@YAPEAUzas_asset_info@@PEAUassets@@Uasset_id@@@Z 0000000180024d80 f i app.obj
 0001:00023e20       ?GetAudio@@YAPEAUloaded_audio@@PEAUassets@@PEAUapp_state@@Uasset_id@@@Z 0000000180024e20 f i app.obj
 0001:00023ea0       ?GetChunk@@YAPEAUworld_chunk@@PEAUworld@@III@Z 0000000180024ea0 f i app.obj
 0001:00023f30       ?GetChunksFromEntity@@YAXPEAUworld@@PEAUworld_entity@@PEAI22222@Z 0000000180024f30 f i app.obj
 0001:000240e0       ?GetController@@YAPEAUapp_controller_input@@PEAUapp_input@@H@Z 00000001800250e0 f i app.obj
 0001:00024130       ?GetTexture@@YAPEAUloaded_texture@@PEAUassets@@PEAUapp_state@@Uasset_id@@@Z 0000000180025130 f i app.obj
 0001:000241b0       ?GetTextureUvsFromIndex@@YA?AUv4@@IIIII@Z 00000001800251b0 f i app.obj
 0001:00024300       ?GetTotalVolume@@YA?AUentity_collision_volume@@PEAU1@I@Z 0000000180025300 f i app.obj
 0001:00024650       ?InitializeArena@@YAXPEAUmemory_arena@@PEA_K_K@Z 0000000180025650 f i app.obj
 0001:000246a0       ?IsAnimationFinished@@YAHPEAUanimation_set@@PEAUanimation_state@@W4animation_type@@W4animation_direction@@@Z 00000001800256a0 f i app.obj
 0001:00024710       ?IsMouseOnRectangle@@YAHHHMMMM@Z 0000000180025710 f i app.obj
 0001:00024790       ?Length@@YAMUv3@@@Z        0000000180025790 f i app.obj
 0001:000247e0       ?LengthSq@@YAMUv3@@@Z      00000001800257e0 f i app.obj
 0001:00024840       ?MakeSimpleGroundedCollisionVolume@@YAPEAUentity_collision_volume_group@@PEAUmemory_arena@@Uv3@@@Z 0000000180025840 f i app.obj
 0001:00024960       ?Maximum3@@YA?AUv3@@U1@0@Z 0000000180025960 f i app.obj
 0001:00024a80       ?Minimum3@@YA?AUv3@@U1@0@Z 0000000180025a80 f i app.obj
 0001:00024ba0       ?NextRandomNumberU32@@YAIPEAUrandom_series@@@Z 0000000180025ba0 f i app.obj
 0001:00024bf0       ?OrthoMatrix@@YA?AUmat4@@MMMMMM@Z 0000000180025bf0 f i app.obj
 0001:00024db0       ?RandomChoice@@YAIPEAUrandom_series@@I@Z 0000000180025db0 f i app.obj
 0001:00024de0       ?RectCenterHalfDims@@YA?AUrectangle2@@Uv2@@0@Z 0000000180025de0 f i app.obj
 0001:00024e80       ?RectCenterHalfDims@@YA?AUrectangle3@@Uv3@@0@Z 0000000180025e80 f i app.obj
 0001:00024fd0       ?RectMinMax@@YA?AUrectangle3@@Uv3@@0@Z 0000000180025fd0 f i app.obj
 0001:00025050       ?RectanglesIntersect@@YAHUrectangle2@@0@Z 0000000180026050 f i app.obj
 0001:000250d0       ?RectanglesIntersect@@YAHUrectangle3@@0@Z 00000001800260d0 f i app.obj
 0001:00025180       ?RemoveEntity@@YAHPEAUworld@@PEAUworld_entity@@@Z 0000000180026180 f i app.obj
 0001:00025400       ?RenderProgramUse@@YAXPEAUrender_context@@PEAUrender_program@@@Z 0000000180026400 f i app.obj
 0001:000254e0       ?RenderText@@YAXPEAUrender_context@@MMMMUv4@@PEAUfont@@Urender_program@@PEADIIM@Z 00000001800264e0 f i app.obj
 0001:000256d0       ?RenderVertex@@YAXPEAUrender_context@@MMMI@Z 00000001800266d0 f i app.obj
 0001:00025770       ?RenderVertex@@YAXPEAUrender_context@@MMMIMM@Z 0000000180026770 f i app.obj
 0001:00025810       ?RoundFloatToI32@@YAHM@Z   0000000180026810 f i app.obj
 0001:00025840       ?RoundFloatToU32@@YAIM@Z   0000000180026840 f i app.obj
 0001:00025870       ?Seed@@YA?AUrandom_series@@I@Z 0000000180026870 f i app.obj
 0001:000258a0       ?SetCollision@@YAXPEAUapp_state@@W4entity_type@@1H@Z 00000001800268a0 f i app.obj
 0001:00025900       ?Sin@@YAMM@Z               0000000180026900 f i app.obj
 0001:00025930       ?Square@@YAMM@Z            0000000180026930 f i app.obj
 0001:00025960       ?SquareRoot@@YAMM@Z        0000000180026960 f i app.obj
 0001:00025990       ?SubArena@@YAXPEAUmemory_arena@@0_K1@Z 0000000180026990 f i app.obj
 0001:000259f0       ?UIContextGetCurrentContainer@@YAPEAUui_container@@PEAUui_context@@@Z 00000001800269f0 f i app.obj
 0001:00025a30       ?UIContextInsertElement@@YAPEAUui_element@@PEAUui_context@@@Z 0000000180026a30 f i app.obj
 0001:00025a70       ?UIContextInsertElement@@YAPEAUui_element@@PEAUui_context@@W4ui_element_type@@MMUv4@@PEAUui_state@@MM@Z 0000000180026a70 f i app.obj
 0001:00025b20       ?UIEnd@@YAXPEAUui_context@@@Z 0000000180026b20 f i app.obj
 0001:00025c40       ?UploadAudio@@YAXPEAUassets@@Uloaded_audio@@Uasset_id@@@Z 0000000180026c40 f i app.obj
 0001:00025c90       ?UploadTexture@@YAXPEAUassets@@Uloaded_texture@@Uasset_id@@@Z 0000000180026c90 f i app.obj
 0001:00025ce0       ?V2@@YA?AUv2@@II@Z         0000000180026ce0 f i app.obj
 0001:00025d20       ?V2@@YA?AUv2@@MM@Z         0000000180026d20 f i app.obj
 0001:00025d50       ?V3@@YA?AUv3@@III@Z        0000000180026d50 f i app.obj
 0001:00025dd0       ?V3@@YA?AUv3@@MMM@Z        0000000180026dd0 f i app.obj
 0001:00025e50       ?ZeroSize@@YAXPEAX_K@Z     0000000180026e50 f i app.obj
 0001:00025e70       __GSHandlerCheck           0000000180026e70 f   LIBCMTD:_gshandler_.obj
 0001:00025eb0       __GSHandlerCheckCommon     0000000180026eb0 f   LIBCMTD:_gshandler_.obj
 0001:00025fc0       __security_check_cookie    0000000180026fc0 f   LIBCMTD:_amdsecgs_.obj
 0001:000263f0       _DllMainCRTStartup         00000001800273f0 f   LIBCMTD:dll_dllmain.obj
 0001:00026430       __raise_securityfailure    0000000180027430 f   LIBCMTD:gs_report.obj
 0001:00026470       __report_gsfailure         0000000180027470 f   LIBCMTD:gs_report.obj
 0001:00026550       __report_rangecheckfailure 0000000180027550 f   LIBCMTD:gs_report.obj
 0001:00026570       __report_securityfailure   0000000180027570 f   LIBCMTD:gs_report.obj
 0001:00026770       ?__crt_rotate_pointer_value@@YA_K_KH@Z 0000000180027770 f i LIBCMTD:utility.obj
 0001:000268f0       NtCurrentTeb               00000001800278f0 f i LIBCMTD:utility.obj
 0001:00026900       __scrt_acquire_startup_lock 0000000180027900 f   LIBCMTD:utility.obj
 0001:00026970       __scrt_dllmain_after_initialize_c 0000000180027970 f   LIBCMTD:utility.obj
 0001:00026990       __scrt_dllmain_before_initialize_c 0000000180027990 f   LIBCMTD:utility.obj
 0001:000269b0       __scrt_dllmain_crt_thread_attach 00000001800279b0 f   LIBCMTD:utility.obj
 0001:000269e0       __scrt_dllmain_crt_thread_detach 00000001800279e0 f   LIBCMTD:utility.obj
 0001:00026a00       __scrt_dllmain_exception_filter 0000000180027a00 f   LIBCMTD:utility.obj
 0001:00026a60       __scrt_dllmain_uninitialize_c 0000000180027a60 f   LIBCMTD:utility.obj
 0001:00026a90       __scrt_dllmain_uninitialize_critical 0000000180027a90 f   LIBCMTD:utility.obj
 0001:00026ab0       __scrt_initialize_crt      0000000180027ab0 f   LIBCMTD:utility.obj
 0001:00026b00       __scrt_initialize_onexit_tables 0000000180027b00 f   LIBCMTD:utility.obj
 0001:00026c00       __scrt_is_nonwritable_in_current_image 0000000180027c00 f   LIBCMTD:utility.obj
 0001:00026c90       __scrt_release_startup_lock 0000000180027c90 f   LIBCMTD:utility.obj
 0001:00026cc0       __scrt_uninitialize_crt    0000000180027cc0 f   LIBCMTD:utility.obj
 0001:00026d00       _onexit                    0000000180027d00 f   LIBCMTD:utility.obj
 0001:00026d90       atexit                     0000000180027d90 f   LIBCMTD:utility.obj
 0001:00026dd0       __security_init_cookie     0000000180027dd0 f   LIBCMTD:gs_support.obj
 0001:00026ef0       DllMain                    0000000180027ef0 f   LIBCMTD:dll_dllmain_stub.obj
 0001:00026f10       ?__scrt_initialize_type_info@@YAXXZ 0000000180027f10 f   LIBCMTD:tncleanup.obj
 0001:00026f30       ?__scrt_uninitialize_type_info@@YAXXZ 0000000180027f30 f   LIBCMTD:tncleanup.obj
 0001:00026f50       __local_stdio_printf_options 0000000180027f50 f i LIBCMTD:default_local_stdio_options.obj
 0001:00026f60       __local_stdio_scanf_options 0000000180027f60 f i LIBCMTD:default_local_stdio_options.obj
 0001:00026f70       __scrt_initialize_default_local_stdio_options 0000000180027f70 f   LIBCMTD:default_local_stdio_options.obj
 0001:00026fc0       __scrt_get_dyn_tls_init_callback 0000000180027fc0 f   LIBCMTD:dyn_tls_init.obj
 0001:00026fd0       __crt_debugger_hook        0000000180027fd0 f   LIBCMTD:utility_desktop.obj
 0001:00026fe0       __scrt_fastfail            0000000180027fe0 f   LIBCMTD:utility_desktop.obj
 0001:00027180       _RTC_Initialize            0000000180028180 f   LIBCMTD:_initsect_.obj
 0001:000271d0       _RTC_Terminate             00000001800281d0 f   LIBCMTD:_initsect_.obj
 0001:00027220       _guard_check_icall         0000000180028220 f i LIBCMTD:checkcfg.obj
 0001:00027240       __isa_available_init       0000000180028240 f   LIBCMTD:_cpu_disp_.obj
 0001:000275c0       __scrt_is_ucrt_dll_in_use  00000001800285c0 f   LIBCMTD:ucrt_detection.obj
 0001:000275f0       _guard_icall_checks_enforced 00000001800285f0 f i LIBCMTD:guard_support.obj
 0001:00027620       IsProcessorFeaturePresent  0000000180028620 f   kernel32:KERNEL32.dll
 0001:00027640       memcmp                     0000000180028640 f   libvcruntimed:memcmp.obj
 0001:000277a0       EventDataDescCreate        00000001800287a0 f i libvcruntimed:telemetry.obj
 0001:000277e0       HRESULT_FROM_WIN32         00000001800287e0 f i libvcruntimed:telemetry.obj
 0001:00027820       __telemetry_main_invoke_trigger 0000000180028820 f   libvcruntimed:telemetry.obj
 0001:00027960       __telemetry_main_return_trigger 0000000180028960 f   libvcruntimed:telemetry.obj
 0001:00027aa0       __vcrt_initialize_telemetry_provider 0000000180028aa0 f   libvcruntimed:telemetry.obj
 0001:00027ac0       __vcrt_uninitialize_telemetry_provider 0000000180028ac0 f   libvcruntimed:telemetry.obj
 0001:00027ae0       __C_specific_handler       0000000180028ae0 f   libvcruntimed:_chandler_.obj
 0001:00027f10       __vcrt_initialize          0000000180028f10 f   libvcruntimed:initialization.obj
 0001:00027f60       __vcrt_thread_attach       0000000180028f60 f   libvcruntimed:initialization.obj
 0001:00027f80       __vcrt_thread_detach       0000000180028f80 f   libvcruntimed:initialization.obj
 0001:00027fa0       __vcrt_uninitialize        0000000180028fa0 f   libvcruntimed:initialization.obj
 0001:00027fd0       __vcrt_uninitialize_critical 0000000180028fd0 f   libvcruntimed:initialization.obj
 0001:00027fe0       ??B?$__crt_unique_heap_ptr@U__crt_lowio_handle_data@@U__crt_internal_free_policy@@@@QEBA_NXZ 0000000180028fe0 f i libucrtd:osfinfo.obj
 0001:00027fe0       ??B?$__crt_unique_heap_ptr@U__acrt_ptd@@U__crt_internal_free_policy@@@@QEBA_NXZ 0000000180028fe0 f i libucrtd:per_thread_data.obj
 0001:00027fe0       ??B?$__crt_unique_heap_ptr@DU__crt_public_free_policy@@@@QEBA_NXZ 0000000180028fe0 f i libvcruntimed:std_exception.obj
 0001:00027fe0       ??B?$__crt_unique_heap_ptr@DU__crt_internal_free_policy@@@@QEBA_NXZ 0000000180028fe0 f i libvcruntimed:std_type_info.obj
 0001:00027fe0       ??B?$__crt_unique_heap_ptr@U__crt_multibyte_data@@U__crt_internal_free_policy@@@@QEBA_NXZ 0000000180028fe0 f i libucrtd:mbctype.obj
 0001:00027fe0       ??B?$__crt_unique_heap_ptr@U__vcrt_ptd@@U__crt_internal_free_policy@@@@QEBA_NXZ 0000000180028fe0 f i libvcruntimed:per_thread_data.obj
 0001:00028000       __std_type_info_compare    0000000180029000 f   libvcruntimed:std_type_info.obj
 0001:00028040       __std_type_info_destroy_list 0000000180029040 f   libvcruntimed:std_type_info.obj
 0001:000280a0       ??$?B$$A6AXPEAXK0@Z@__crt_fast_encoded_nullptr_t@@QEBAP6AXPEAXK0@ZXZ 00000001800290a0 f i libucrtd:exit.obj
 0001:000280a0       ??$?B$$A6AXXZ@__crt_fast_encoded_nullptr_t@@QEBAP6AXXZXZ 00000001800290a0 f i libvcruntimed:purevirt_data.obj
 0001:000280a0       ??$?B$$A6AXH@Z@__crt_fast_encoded_nullptr_t@@QEBAP6AXH@ZXZ 00000001800290a0 f i libucrtd:signal.obj
 0001:000280a0       ??$?BP6AXXZ@__crt_fast_encoded_nullptr_t@@QEBAPEAP6AXXZXZ 00000001800290a0 f i libucrtd:onexit.obj
 0001:000280a0       ??$?BX@__crt_fast_encoded_nullptr_t@@QEBAPEAXXZ 00000001800290a0 f i libvcruntimed:winapi_downlevel.obj
 0001:000280c0       ??$__crt_interlocked_compare_exchange_pointer@X$$T$$T@@YAPEAXPEDSEAX$$T1@Z 00000001800290c0 f i libvcruntimed:winapi_downlevel.obj
 0001:000280c0       ??$__crt_interlocked_compare_exchange_pointer@UHINSTANCE__@@$$T$$T@@YAPEAUHINSTANCE__@@PEDSEAU0@$$T1@Z 00000001800290c0 f i libvcruntimed:winapi_downlevel.obj
 0001:00028100       ??$__crt_interlocked_exchange_pointer@XPEAX@@YAPEAXPEDSEAXQEAX@Z 0000000180029100 f i libvcruntimed:winapi_downlevel.obj
 0001:00028100       ??$__crt_interlocked_exchange_pointer@UHINSTANCE__@@PEAX@@YAPEAUHINSTANCE__@@PEDSEAU0@QEAX@Z 0000000180029100 f i libvcruntimed:winapi_downlevel.obj
 0001:00028100       ??$__crt_interlocked_exchange_pointer@UHINSTANCE__@@PEAU1@@@YAPEAUHINSTANCE__@@PEDSEAU0@QEAU0@@Z 0000000180029100 f i libvcruntimed:winapi_downlevel.obj
 0001:00028120       ??$__crt_interlocked_read_pointer@X@@YAPEAXPEDSEAX@Z 0000000180029120 f i libvcruntimed:winapi_downlevel.obj
 0001:00028120       ??$__crt_interlocked_read_pointer@UHINSTANCE__@@@@YAPEAUHINSTANCE__@@PEDSEAU0@@Z 0000000180029120 f i libvcruntimed:winapi_downlevel.obj
 0001:00028140       ?__crt_fast_encode_pointer@@YA?AU__crt_fast_encoded_nullptr_t@@$$T@Z 0000000180029140 f i libvcruntimed:winapi_downlevel.obj
 0001:000286c0       __vcrt_EventRegister       00000001800296c0 f   libvcruntimed:winapi_downlevel.obj
 0001:00028730       __vcrt_EventSetInformation 0000000180029730 f   libvcruntimed:winapi_downlevel.obj
 0001:00028790       __vcrt_EventUnregister     0000000180029790 f   libvcruntimed:winapi_downlevel.obj
 0001:000287e0       __vcrt_EventWriteTransfer  00000001800297e0 f   libvcruntimed:winapi_downlevel.obj
 0001:00028860       __vcrt_FlsAlloc            0000000180029860 f   libvcruntimed:winapi_downlevel.obj
 0001:000288b0       __vcrt_FlsFree             00000001800298b0 f   libvcruntimed:winapi_downlevel.obj
 0001:00028900       __vcrt_FlsGetValue         0000000180029900 f   libvcruntimed:winapi_downlevel.obj
 0001:00028950       __vcrt_FlsSetValue         0000000180029950 f   libvcruntimed:winapi_downlevel.obj
 0001:000289b0       __vcrt_InitializeCriticalSectionEx 00000001800299b0 f   libvcruntimed:winapi_downlevel.obj
 0001:00028a10       __vcrt_initialize_winapi_thunks 0000000180029a10 f   libvcruntimed:winapi_downlevel.obj
 0001:00028a90       __vcrt_uninitialize_winapi_thunks 0000000180029a90 f   libvcruntimed:winapi_downlevel.obj
 0001:00028b40       _local_unwind              0000000180029b40 f   libvcruntimed:_jmpuwind_.obj
 0001:00028b70       _NLG_Notify                0000000180029b70 f   libvcruntimed:_jmpuwind_.obj
 0001:00028b90       __NLG_Dispatch2            0000000180029b90 f   libvcruntimed:_jmpuwind_.obj
 0001:00028ba0       __NLG_Return2              0000000180029ba0 f   libvcruntimed:_jmpuwind_.obj
 0001:00028bb0       __except_validate_context_record 0000000180029bb0 f   libvcruntimed:jbcxrval.obj
 0001:00028c10       ??$?RP6AXXZ@__crt_internal_free_policy@@QEBAXQEBQ6AXXZ@Z 0000000180029c10 f i libucrtd:onexit.obj
 0001:00028c10       ??$?RU__vcrt_ptd@@@__crt_internal_free_policy@@QEBAXQEBU__vcrt_ptd@@@Z 0000000180029c10 f i libvcruntimed:per_thread_data.obj
 0001:00028c10       ??$?RU__crt_multibyte_data@@@__crt_internal_free_policy@@QEBAXQEBU__crt_multibyte_data@@@Z 0000000180029c10 f i libucrtd:mbctype.obj
 0001:00028c10       ??$?RD@__crt_internal_free_policy@@QEBAXQEBD@Z 0000000180029c10 f i libvcruntimed:std_type_info.obj
 0001:00028c10       ??$?RU__crt_lowio_handle_data@@@__crt_internal_free_policy@@QEBAXQEBU__crt_lowio_handle_data@@@Z 0000000180029c10 f i libucrtd:osfinfo.obj
 0001:00028c10       ??$?RPEAU__crt_stdio_stream_data@@@__crt_internal_free_policy@@QEBAXQEBQEAU__crt_stdio_stream_data@@@Z 0000000180029c10 f i libucrtd:_file.obj
 0001:00028c10       ??$?RU__acrt_ptd@@@__crt_internal_free_policy@@QEBAXQEBU__acrt_ptd@@@Z 0000000180029c10 f i libucrtd:per_thread_data.obj
 0001:00028c40       ??1?$__crt_unique_heap_ptr@DU__crt_internal_free_policy@@@@QEAA@XZ 0000000180029c40 f i libvcruntimed:std_type_info.obj
 0001:00028c40       ??1?$__crt_unique_heap_ptr@U__vcrt_ptd@@U__crt_internal_free_policy@@@@QEAA@XZ 0000000180029c40 f i libvcruntimed:per_thread_data.obj
 0001:00028c60       ?release@?$__crt_unique_heap_ptr@U__vcrt_ptd@@U__crt_internal_free_policy@@@@QEAAXXZ 0000000180029c60 f i libvcruntimed:per_thread_data.obj
 0001:00028c60       ?release@?$__crt_unique_heap_ptr@DU__crt_internal_free_policy@@@@QEAAXXZ 0000000180029c60 f i libvcruntimed:std_type_info.obj
 0001:00028cc0       __vcrt_freefls             0000000180029cc0 f   libvcruntimed:per_thread_data.obj
 0001:00028d00       __vcrt_freeptd             0000000180029d00 f   libvcruntimed:per_thread_data.obj
 0001:00028d60       __vcrt_getptd              0000000180029d60 f   libvcruntimed:per_thread_data.obj
 0001:00028d90       __vcrt_getptd_noexit       0000000180029d90 f   libvcruntimed:per_thread_data.obj
 0001:00028eb0       __vcrt_initialize_ptd      0000000180029eb0 f   libvcruntimed:per_thread_data.obj
 0001:00028f00       __vcrt_uninitialize_ptd    0000000180029f00 f   libvcruntimed:per_thread_data.obj
 0001:00028f30       __vcrt_initialize_locks    0000000180029f30 f   libvcruntimed:locks.obj
 0001:00028fa0       __vcrt_uninitialize_locks  0000000180029fa0 f   libvcruntimed:locks.obj
 0001:00029000       __vcrt_initialize_pure_virtual_call_handler 000000018002a000 f   libvcruntimed:purevirt_data.obj
 0001:00029030       ??$__vcrt_va_start_verify_argument_type@QEBD@@YAXXZ 000000018002a030 f i libvcruntimed:undname.obj
 0001:00029030       ??$__vcrt_va_start_verify_argument_type@QEB_W@@YAXXZ 000000018002a030 f i libucrtd:assert.obj
 0001:00029040       _vsprintf_s_l              000000018002a040 f i libvcruntimed:undname.obj
 0001:000290b0       sprintf_s                  000000018002a0b0 f i libvcruntimed:undname.obj
 0001:00029110       free                       000000018002a110 f   libucrtd:free.obj
 0001:00029130       malloc                     000000018002a130 f   libucrtd:malloc.obj
 0001:00029160       roundf                     000000018002a160 f   libucrtd:roundf.obj
 0001:000291f0       ??$__crt_interlocked_read@J@@YAJPEDJ@Z 000000018002a1f0 f i libucrtd:assert.obj
 0001:0002a280       ??$ftprintf@PEAU_iobuf@@PEB_WAEBQEB_WAEBQEB_WAEBI@?$__crt_char_traits@_W@@SAH$$QEAPEAU_iobuf@@$$QEAPEB_WAEBQEB_W2AEBI@Z 000000018002b280 f i libucrtd:assert.obj
 0001:0002a2d0       ??$get_module_file_name@AEAPEAUHINSTANCE__@@AEAY0BAF@DK@?$__crt_char_traits@D@@SAKAEAPEAUHINSTANCE__@@AEAY0BAF@D$$QEAK@Z 000000018002b2d0 f i libucrtd:assert.obj
 0001:0002a310       ??$get_module_file_name@AEAPEAUHINSTANCE__@@AEAY0BAF@_WK@?$__crt_char_traits@_W@@SAKAEAPEAUHINSTANCE__@@AEAY0BAF@_W$$QEAK@Z 000000018002b310 f i libucrtd:assert.obj
 0001:0002a350       ??$itot_s@AEBIQEA_W$$CB_KH@?$__crt_char_traits@_W@@SAHAEBI$$QEBQEA_W$$QEB_K$$QEAH@Z 000000018002b350 f i libucrtd:assert.obj
 0001:0002a3a0       ??$show_message_box@AEAY0CEA@_WPEB_WJ@?$__crt_char_traits@_W@@SAHAEAY0CEA@_W$$QEAPEB_W$$QEAJ@Z 000000018002b3a0 f i libucrtd:assert.obj
 0001:0002a3e0       ??$tcscat_s@AEBQEA_WAEB_KAEAPEA_W@?$__crt_char_traits@_W@@SAHAEBQEA_WAEB_KAEAPEA_W@Z 000000018002b3e0 f i libucrtd:assert.obj
 0001:0002a3e0       ??$tcscat_s@AEBQEA_WAEB_KAEBQEB_W@?$__crt_char_traits@_W@@SAHAEBQEA_WAEB_KAEBQEB_W@Z 000000018002b3e0 f i libucrtd:assert.obj
 0001:0002a3e0       ??$tcscat_s@AEBQEA_WAEB_KPEB_W@?$__crt_char_traits@_W@@SAHAEBQEA_WAEB_K$$QEAPEB_W@Z 000000018002b3e0 f i libucrtd:assert.obj
 0001:0002a420       ??$tcscpy_s@AEAY0BAF@D_KPEBD@?$__crt_char_traits@D@@SAHAEAY0BAF@D$$QEA_K$$QEAPEBD@Z 000000018002b420 f i libucrtd:assert.obj
 0001:0002a460       ??$tcscpy_s@AEAY0BAF@_W_KPEB_W@?$__crt_char_traits@_W@@SAHAEAY0BAF@_W$$QEA_K$$QEAPEB_W@Z 000000018002b460 f i libucrtd:assert.obj
 0001:0002a4a0       ??$tcscpy_s@AEBQEA_WAEB_KPEB_W@?$__crt_char_traits@_W@@SAHAEBQEA_WAEB_K$$QEAPEB_W@Z 000000018002b4a0 f i libucrtd:assert.obj
 0001:0002a4e0       ??$tcslen@AEAY0BAF@D@?$__crt_char_traits@D@@SA_KAEAY0BAF@D@Z 000000018002b4e0 f i libucrtd:assert.obj
 0001:0002a500       ??$tcslen@AEAY0BAF@_W@?$__crt_char_traits@_W@@SA_KAEAY0BAF@_W@Z 000000018002b500 f i libucrtd:assert.obj
 0001:0002a520       ??$tcslen@AEBQEBD@?$__crt_char_traits@D@@SA_KAEBQEBD@Z 000000018002b520 f i libucrtd:assert.obj
 0001:0002a540       ??$tcslen@AEBQEA_W@?$__crt_char_traits@_W@@SA_KAEBQEA_W@Z 000000018002b540 f i libucrtd:assert.obj
 0001:0002a540       ??$tcslen@AEBQEB_W@?$__crt_char_traits@_W@@SA_KAEBQEB_W@Z 000000018002b540 f i libucrtd:assert.obj
 0001:0002a560       ??$tcsncat_s@AEBQEA_WAEB_KAEAPEB_W_K@?$__crt_char_traits@_W@@SAHAEBQEA_WAEB_KAEAPEB_W$$QEA_K@Z 000000018002b560 f i libucrtd:assert.obj
 0001:0002a560       ??$tcsncat_s@AEBQEA_WAEB_KPEB_W_K@?$__crt_char_traits@_W@@SAHAEBQEA_WAEB_K$$QEAPEB_W$$QEA_K@Z 000000018002b560 f i libucrtd:assert.obj
 0001:0002a560       ??$tcsncat_s@AEBQEA_WAEB_KAEBQEB_WAEB_K@?$__crt_char_traits@_W@@SAHAEBQEA_WAEB_KAEBQEB_W1@Z 000000018002b560 f i libucrtd:assert.obj
 0001:0002a5b0       ?__crt_interlocked_read_32@@YAHPEDH@Z 000000018002b5b0 f i libucrtd:assert.obj
 0001:0002a740       ?get_flags@__crt_stdio_stream@@QEBAJXZ 000000018002b740 f i libucrtd:assert.obj
 0001:0002a7d0       ?has_any_buffer@__crt_stdio_stream@@QEBA_NXZ 000000018002b7d0 f i libucrtd:assert.obj
 0001:0002a7f0       ?has_any_of@__crt_stdio_stream@@QEBA_NJ@Z 000000018002b7f0 f i libucrtd:assert.obj
 0001:0002a830       _invoke_watson_if_error    000000018002b830 f i libucrtd:assert.obj
 0001:0002a880       _vfwprintf_l               000000018002b880 f i libucrtd:assert.obj
 0001:0002a8d0       _vswprintf_c_l             000000018002b8d0 f i libucrtd:assert.obj
 0001:0002a940       _wassert                   000000018002b940 f   libucrtd:assert.obj
 0001:0002a980       fwprintf                   000000018002b980 f i libucrtd:assert.obj
 0001:0002a9e0       swprintf                   000000018002b9e0 f i libucrtd:assert.obj
 0001:0002aa40       acos                       000000018002ba40 f   libucrtd:acos.obj
 0001:0002aff0       ceil                       000000018002bff0 f   libucrtd:ceil.obj
 0001:0002b1c0       ceilf                      000000018002c1c0 f   libucrtd:ceilf.obj
 0001:0002b330       cos                        000000018002c330 f   libucrtd:cos.obj
 0001:0002b8b0       floor                      000000018002c8b0 f   libucrtd:floor.obj
 0001:0002bb80       fmod                       000000018002cb80 f   libucrtd:fmod.obj
 0001:0002c390       pow                        000000018002d390 f   libucrtd:pow.obj
 0001:0002da30       sinf                       000000018002ea30 f   libucrtd:sinf.obj
 0001:0002e130       sqrt                       000000018002f130 f   libucrtd:sqrt.obj
 0001:0002e2e0       sqrtf                      000000018002f2e0 f   libucrtd:sqrtf.obj
 0001:0002e420       _initterm                  000000018002f420 f   libucrtd:initterm.obj
 0001:0002e490       _initterm_e                000000018002f490 f   libucrtd:initterm.obj
 0001:0002e580       _seh_filter_dll            000000018002f580 f   libucrtd:exception_filter.obj
 0001:0002e5b0       _seh_filter_exe            000000018002f5b0 f   libucrtd:exception_filter.obj
 0001:0002e860       ??$__crt_get_proc_address@P6AXI@Z@@YAP6AXI@ZQEAUHINSTANCE__@@QEBD@Z 000000018002f860 f i libucrtd:exit.obj
 0001:0002e890       ??1?$__crt_unique_handle_t@U__crt_hmodule_traits@@@@QEAA@XZ 000000018002f890 f i libucrtd:exit.obj
 0001:0002e8d0       ?close@?$__crt_unique_handle_t@U__crt_hmodule_traits@@@@QEAAXXZ 000000018002f8d0 f i libucrtd:exit.obj
 0001:0002e910       ?close@__crt_hmodule_traits@@SA_NPEAUHINSTANCE__@@@Z 000000018002f910 f i libucrtd:exit.obj
 0001:0002eca0       __acrt_initialize_thread_local_exit_callback 000000018002fca0 f   libucrtd:exit.obj
 0001:0002ecc0       _cexit                     000000018002fcc0 f   libucrtd:exit.obj
 0001:0002ece0       _exit                      000000018002fce0 f   libucrtd:exit.obj
 0001:0002ed00       _is_c_termination_complete 000000018002fd00 f   libucrtd:exit.obj
 0001:0002ef60       ?detach@?$__crt_unique_heap_ptr@DU__crt_internal_free_policy@@@@QEAAPEADXZ 000000018002ff60 f i libucrtd:environment_initialization.obj
 0001:0002ef70       ?get_invalid_value@__crt_hmodule_traits@@SAPEAUHINSTANCE__@@XZ 000000018002ff70 f i libucrtd:exit.obj
 0001:0002ef70       ?get_current_state_index@__crt_state_management@@YA_KXZ 000000018002ff70 f i libucrtd:environment_initialization.obj
 0001:0002ef74       __dcrt_uninitialize_environments_nolock 000000018002ff74 f   libucrtd:environment_initialization.obj
 0001:0002efac       _initialize_narrow_environment 000000018002ffac f   libucrtd:environment_initialization.obj
 0001:0002efc0       ??$?RV<lambda_b0d8f1f77f5878de4f648f281b223c15>@@AEAV<lambda_942beefa13ab35ff55f86422493ffd6a>@@V<lambda_7adb6fc9c0d6a5bd4e2d9c212ec7cdcc>@@@?$__crt_seh_guarded_call@H@@QEAAH$$QEAV<lambda_b0d8f1f77f5878de4f648f281b223c15>@@AEAV<lambda_942beefa13ab35ff55f86422493ffd6a>@@$$QEAV<lambda_7adb6fc9c0d6a5bd4e2d9c212ec7cdcc>@@@Z 000000018002ffc0 f i libucrtd:onexit.obj
 0001:0002f010       ??$?RV<lambda_d22e02de4d14401f49897516b29a2b7c>@@AEAV<lambda_e971338317bfa523bb8920b43d823727>@@V<lambda_b0b8599c9027f5b14541fbbd6863d1f1>@@@?$__crt_seh_guarded_call@H@@QEAAH$$QEAV<lambda_d22e02de4d14401f49897516b29a2b7c>@@AEAV<lambda_e971338317bfa523bb8920b43d823727>@@$$QEAV<lambda_b0b8599c9027f5b14541fbbd6863d1f1>@@@Z 0000000180030010 f i libucrtd:onexit.obj
 0001:0002f060       ??$__acrt_lock_and_call@V<lambda_942beefa13ab35ff55f86422493ffd6a>@@@@YAHW4__acrt_lock_id@@$$QEAV<lambda_942beefa13ab35ff55f86422493ffd6a>@@@Z 0000000180030060 f i libucrtd:onexit.obj
 0001:0002f0d0       ??$__acrt_lock_and_call@V<lambda_e971338317bfa523bb8920b43d823727>@@@@YAHW4__acrt_lock_id@@$$QEAV<lambda_e971338317bfa523bb8920b43d823727>@@@Z 00000001800300d0 f i libucrtd:onexit.obj
 0001:0002f140       ??$__crt_fast_encode_pointer@PEAX@@YAPEAXQEAX@Z 0000000180030140 f i libvcruntimed:winapi_downlevel.obj
 0001:0002f140       ??$__crt_fast_encode_pointer@P6AXXZ@@YAP6AXXZQ6AXXZ@Z 0000000180030140 f i libvcruntimed:purevirt_data.obj
 0001:0002f140       ??$__crt_fast_encode_pointer@PEAP6AXXZ@@YAPEAP6AXXZQEAP6AXXZ@Z 0000000180030140 f i LIBCMTD:utility.obj
 0001:0002f140       ??$__crt_fast_encode_pointer@P6AXPEAXK0@Z@@YAP6AXPEAXK0@ZQ6AX0K0@Z@Z 0000000180030140 f i libucrtd:exit.obj
 0001:0002f140       ??$__crt_fast_encode_pointer@P6AXH@Z@@YAP6AXH@ZQ6AXH@Z@Z 0000000180030140 f i libucrtd:signal.obj
 0001:0002f140       ??$__crt_fast_encode_pointer@P6AHXZ@@YAP6AHXZQ6AHXZ@Z 0000000180030140 f i libucrtd:onexit.obj
 0001:0002f6d0       ?detach@?$__crt_unique_heap_ptr@U__crt_lowio_handle_data@@U__crt_internal_free_policy@@@@QEAAPEAU__crt_lowio_handle_data@@XZ 00000001800306d0 f i libucrtd:osfinfo.obj
 0001:0002f6d0       ?detach@?$__crt_unique_heap_ptr@U__crt_multibyte_data@@U__crt_internal_free_policy@@@@QEAAPEAU__crt_multibyte_data@@XZ 00000001800306d0 f i libucrtd:mbctype.obj
 0001:0002f6d0       ?detach@?$__crt_unique_heap_ptr@P6AXXZU__crt_internal_free_policy@@@@QEAAPEAP6AXXZXZ 00000001800306d0 f i libucrtd:onexit.obj
 0001:0002f6d0       ?detach@?$__crt_unique_heap_ptr@U__vcrt_ptd@@U__crt_internal_free_policy@@@@QEAAPEAU__vcrt_ptd@@XZ 00000001800306d0 f i libvcruntimed:per_thread_data.obj
 0001:0002f6d0       ?detach@?$__crt_unique_heap_ptr@DU__crt_public_free_policy@@@@QEAAPEADXZ 00000001800306d0 f i libvcruntimed:std_exception.obj
 0001:0002f6d0       ?detach@?$__crt_unique_heap_ptr@PEAU__crt_stdio_stream_data@@U__crt_internal_free_policy@@@@QEAAPEAPEAU__crt_stdio_stream_data@@XZ 00000001800306d0 f i libucrtd:_file.obj
 0001:0002f6d0       ?detach@?$__crt_unique_heap_ptr@U__acrt_ptd@@U__crt_internal_free_policy@@@@QEAAPEAU__acrt_ptd@@XZ 00000001800306d0 f i libucrtd:per_thread_data.obj
 0001:0002f700       _crt_atexit                0000000180030700 f   libucrtd:onexit.obj
 0001:0002f720       _execute_onexit_table      0000000180030720 f   libucrtd:onexit.obj
 0001:0002f750       _initialize_onexit_table   0000000180030750 f   libucrtd:onexit.obj
 0001:0002f7d0       _register_onexit_function  00000001800307d0 f   libucrtd:onexit.obj
 0001:0002f8d0       __acrt_uninitialize_command_line 00000001800308d0 f   libucrtd:argv_data.obj
 0001:0002f9f0       ??$uninitialize@V<lambda_c3040c0a6a4a8d26c9e8356dc2fac8c5>@@@?$dual_state_global@PEAU__crt_multibyte_data@@@__crt_state_management@@QEAAX$$QEAV<lambda_c3040c0a6a4a8d26c9e8356dc2fac8c5>@@@Z 00000001800309f0 f i libucrtd:initialization.obj
 0001:0002faa0       __acrt_initialize          0000000180030aa0 f   libucrtd:initialization.obj
 0001:0002fad0       __acrt_thread_attach       0000000180030ad0 f   libucrtd:initialization.obj
 0001:0002faf0       __acrt_thread_detach       0000000180030af0 f   libucrtd:initialization.obj
 0001:0002fb00       __acrt_uninitialize        0000000180030b00 f   libucrtd:initialization.obj
 0001:0002fb30       __acrt_uninitialize_critical 0000000180030b30 f   libucrtd:initialization.obj
 0001:0002fb50       terminate                  0000000180030b50 f   libucrtd:terminate.obj
 0001:0002fb90       wcslen                     0000000180030b90 f   libucrtd:wcslen.obj
 0001:0002fbf0       strlen                     0000000180030bf0 f   libucrtd:strlen.obj
 0001:0002fca0       ??0_LocaleUpdate@@QEAA@QEAU__crt_locale_pointers@@@Z 0000000180030ca0 f i libucrtd:debug_heap.obj
 0001:0002fdc0       ??1_LocaleUpdate@@QEAA@XZ  0000000180030dc0 f i libucrtd:debug_heap.obj
 0001:0002fe00       ?GetLocaleT@_LocaleUpdate@@QEAAPEAU__crt_locale_pointers@@XZ 0000000180030e00 f i libucrtd:debug_heap.obj
 0001:00031df0       _CrtCheckMemory            0000000180032df0 f   libucrtd:debug_heap.obj
 0001:00031f80       _CrtDumpMemoryLeaks        0000000180032f80 f   libucrtd:debug_heap.obj
 0001:00032040       _CrtIsValidHeapPointer     0000000180033040 f   libucrtd:debug_heap.obj
 0001:00032080       _CrtIsValidPointer         0000000180033080 f   libucrtd:debug_heap.obj
 0001:000320c0       _CrtMemCheckpoint          00000001800330c0 f   libucrtd:debug_heap.obj
 0001:00032340       _CrtMemDumpAllObjectsSince 0000000180033340 f   libucrtd:debug_heap.obj
 0001:000323a0       _CrtSetDbgFlag             00000001800333a0 f   libucrtd:debug_heap.obj
 0001:00032500       _CrtSetDumpClient          0000000180033500 f   libucrtd:debug_heap.obj
 0001:00032530       __acrt_get_locale_data_prefix 0000000180033530 f i libucrtd:debug_heap.obj
 0001:00032550       __acrt_locale_changed      0000000180033550 f i libucrtd:debug_heap.obj
 0001:00032580       _calloc_dbg                0000000180033580 f   libucrtd:debug_heap.obj
 0001:00032620       _chvalidchk_l              0000000180033620 f i libucrtd:debug_heap.obj
 0001:00032650       _free_dbg                  0000000180033650 f   libucrtd:debug_heap.obj
 0001:000326c0       _invoke_watson_if_oneof    00000001800336c0 f i libucrtd:debug_heap.obj
 0001:00032720       _ischartype_l              0000000180033720 f i libucrtd:debug_heap.obj
 0001:00032780       _malloc_dbg                0000000180033780 f   libucrtd:debug_heap.obj
 0001:000327c0       _msize_dbg                 00000001800337c0 f   libucrtd:debug_heap.obj
 0001:00032960       _realloc_dbg               0000000180033960 f   libucrtd:debug_heap.obj
 0001:000329d0       _recalloc_dbg              00000001800339d0 f   libucrtd:debug_heap.obj
 0001:00032fa0       strcpy_s                   0000000180033fa0 f   libucrtd:strcpy_s.obj
 0001:00032fe0       strcmp                     0000000180033fe0 f   libucrtd:strcmp.obj
 0001:00033df0       _CrtDbgReport              0000000180034df0 f   libucrtd:dbgrpt.obj
 0001:00033e70       _CrtDbgReportW             0000000180034e70 f   libucrtd:dbgrpt.obj
 0001:00033ef0       __acrt_MessageWindowA      0000000180034ef0 f   libucrtd:dbgrpt.obj
 0001:00033f40       __acrt_MessageWindowW      0000000180034f40 f   libucrtd:dbgrpt.obj
 0001:00033f90       _snwprintf_s               0000000180034f90 f i libucrtd:dbgrpt.obj
 0001:00034000       _vsnwprintf_s_l            0000000180035000 f i libucrtd:dbgrpt.obj
 0001:00034080       abort                      0000000180035080 f   libucrtd:abort.obj
 0001:00034100       ??$?0AEBV?$string_output_adapter@D@__crt_stdio_output@@AEB_KAEBQEBDAEBQEAU__crt_locale_pointers@@AEBQEAD@?$format_validation_base@DV?$string_output_adapter@D@__crt_stdio_output@@@__crt_stdio_output@@IEAA@AEBV?$string_output_adapter@D@1@AEB_KAEBQEBDAEBQEAU__crt_locale_pointers@@AEBQEAD@Z 0000000180035100 f i libucrtd:output.obj
 0001:00034150       ??$?0AEBV?$string_output_adapter@D@__crt_stdio_output@@AEB_KAEBQEBDAEBQEAU__crt_locale_pointers@@AEBQEAD@?$standard_base@DV?$string_output_adapter@D@__crt_stdio_output@@@__crt_stdio_output@@IEAA@AEBV?$string_output_adapter@D@1@AEB_KAEBQEBDAEBQEAU__crt_locale_pointers@@AEBQEAD@Z 0000000180035150 f i libucrtd:output.obj
 0001:000341c0       ??$?0AEBV?$string_output_adapter@_W@__crt_stdio_output@@AEB_KAEBQEB_WAEBQEAU__crt_locale_pointers@@AEBQEAD@?$format_validation_base@_WV?$string_output_adapter@_W@__crt_stdio_output@@@__crt_stdio_output@@IEAA@AEBV?$string_output_adapter@_W@1@AEB_KAEBQEB_WAEBQEAU__crt_locale_pointers@@AEBQEAD@Z 00000001800351c0 f i libucrtd:output.obj
 0001:00034210       ??$?0AEBV?$stream_output_adapter@_W@__crt_stdio_output@@AEB_KAEBQEB_WAEBQEAU__crt_locale_pointers@@AEBQEAD@?$standard_base@_WV?$stream_output_adapter@_W@__crt_stdio_output@@@__crt_stdio_output@@IEAA@AEBV?$stream_output_adapter@_W@1@AEB_KAEBQEB_WAEBQEAU__crt_locale_pointers@@AEBQEAD@Z 0000000180035210 f i libucrtd:output.obj
 0001:00034210       ??$?0AEBV?$string_output_adapter@_W@__crt_stdio_output@@AEB_KAEBQEB_WAEBQEAU__crt_locale_pointers@@AEBQEAD@?$standard_base@_WV?$string_output_adapter@_W@__crt_stdio_output@@@__crt_stdio_output@@IEAA@AEBV?$string_output_adapter@_W@1@AEB_KAEBQEB_WAEBQEAU__crt_locale_pointers@@AEBQEAD@Z 0000000180035210 f i libucrtd:output.obj
 0001:00034280       ??$?RV<lambda_7b91131dde12e1c3dfc74ff76b3f2eac>@@AEAV<lambda_dd75445284c072d0bd3768540cc698fa>@@V<lambda_16bc4ecb55b4718497c16bceaea2ceaf>@@@?$__crt_seh_guarded_call@H@@QEAAH$$QEAV<lambda_7b91131dde12e1c3dfc74ff76b3f2eac>@@AEAV<lambda_dd75445284c072d0bd3768540cc698fa>@@$$QEAV<lambda_16bc4ecb55b4718497c16bceaea2ceaf>@@@Z 0000000180035280 f i libucrtd:output.obj
 0001:000342d0       ??$__acrt_lock_stream_and_call@V<lambda_dd75445284c072d0bd3768540cc698fa>@@@@YAHQEAU_iobuf@@$$QEAV<lambda_dd75445284c072d0bd3768540cc698fa>@@@Z 00000001800352d0 f i libucrtd:output.obj
 0001:000362e0       ??$count@D@formatting_buffer@__crt_stdio_output@@QEBA_KXZ 00000001800372e0 f i libucrtd:output.obj
 0001:00036330       ??$data@_W@formatting_buffer@__crt_stdio_output@@QEAAPEA_WXZ 0000000180037330 f i libucrtd:output.obj
 0001:00036330       ??$data@D@formatting_buffer@__crt_stdio_output@@QEAAPEADXZ 0000000180037330 f i libucrtd:output.obj
 0001:00036380       ??$ensure_buffer_is_big_enough@D@formatting_buffer@__crt_stdio_output@@QEAA_N_K@Z 0000000180037380 f i libucrtd:output.obj
 0001:000364b0       ??$extract_argument_from_va_list@C_J@?$standard_base@DV?$string_output_adapter@D@__crt_stdio_output@@@__crt_stdio_output@@IEAA_NAEA_J@Z 00000001800374b0 f i libucrtd:output.obj
 0001:000364b0       ??$extract_argument_from_va_list@C_J@?$standard_base@_WV?$stream_output_adapter@_W@__crt_stdio_output@@@__crt_stdio_output@@IEAA_NAEA_J@Z 00000001800374b0 f i libucrtd:output.obj
 0001:000364b0       ??$extract_argument_from_va_list@C_J@?$standard_base@_WV?$string_output_adapter@_W@__crt_stdio_output@@@__crt_stdio_output@@IEAA_NAEA_J@Z 00000001800374b0 f i libucrtd:output.obj
 0001:000364f0       ??$extract_argument_from_va_list@E_J@?$standard_base@_WV?$string_output_adapter@_W@__crt_stdio_output@@@__crt_stdio_output@@IEAA_NAEA_J@Z 00000001800374f0 f i libucrtd:output.obj
 0001:000364f0       ??$extract_argument_from_va_list@E_J@?$standard_base@_WV?$stream_output_adapter@_W@__crt_stdio_output@@@__crt_stdio_output@@IEAA_NAEA_J@Z 00000001800374f0 f i libucrtd:output.obj
 0001:000364f0       ??$extract_argument_from_va_list@E_J@?$standard_base@DV?$string_output_adapter@D@__crt_stdio_output@@@__crt_stdio_output@@IEAA_NAEA_J@Z 00000001800374f0 f i libucrtd:output.obj
 0001:00036530       ??$extract_argument_from_va_list@F_J@?$standard_base@DV?$string_output_adapter@D@__crt_stdio_output@@@__crt_stdio_output@@IEAA_NAEA_J@Z 0000000180037530 f i libucrtd:output.obj
 0001:00036530       ??$extract_argument_from_va_list@F_J@?$standard_base@_WV?$stream_output_adapter@_W@__crt_stdio_output@@@__crt_stdio_output@@IEAA_NAEA_J@Z 0000000180037530 f i libucrtd:output.obj
 0001:00036530       ??$extract_argument_from_va_list@F_J@?$standard_base@_WV?$string_output_adapter@_W@__crt_stdio_output@@@__crt_stdio_output@@IEAA_NAEA_J@Z 0000000180037530 f i libucrtd:output.obj
 0001:00036570       ??$extract_argument_from_va_list@GD@?$standard_base@DV?$string_output_adapter@D@__crt_stdio_output@@@__crt_stdio_output@@IEAA_NAEAD@Z 0000000180037570 f i libucrtd:output.obj
 0001:000365a0       ??$extract_argument_from_va_list@G_J@?$standard_base@_WV?$stream_output_adapter@_W@__crt_stdio_output@@@__crt_stdio_output@@IEAA_NAEA_J@Z 00000001800375a0 f i libucrtd:output.obj
 0001:000365a0       ??$extract_argument_from_va_list@G_J@?$standard_base@DV?$string_output_adapter@D@__crt_stdio_output@@@__crt_stdio_output@@IEAA_NAEA_J@Z 00000001800375a0 f i libucrtd:output.obj
 0001:000365a0       ??$extract_argument_from_va_list@G_J@?$standard_base@_WV?$string_output_adapter@_W@__crt_stdio_output@@@__crt_stdio_output@@IEAA_NAEA_J@Z 00000001800375a0 f i libucrtd:output.obj
 0001:000365e0       ??$extract_argument_from_va_list@H_J@?$standard_base@DV?$string_output_adapter@D@__crt_stdio_output@@@__crt_stdio_output@@IEAA_NAEA_J@Z 00000001800375e0 f i libucrtd:output.obj
 0001:000365e0       ??$extract_argument_from_va_list@H_J@?$standard_base@_WV?$string_output_adapter@_W@__crt_stdio_output@@@__crt_stdio_output@@IEAA_NAEA_J@Z 00000001800375e0 f i libucrtd:output.obj
 0001:000365e0       ??$extract_argument_from_va_list@H_J@?$standard_base@_WV?$stream_output_adapter@_W@__crt_stdio_output@@@__crt_stdio_output@@IEAA_NAEA_J@Z 00000001800375e0 f i libucrtd:output.obj
 0001:00036610       ??$extract_argument_from_va_list@I_J@?$standard_base@DV?$string_output_adapter@D@__crt_stdio_output@@@__crt_stdio_output@@IEAA_NAEA_J@Z 0000000180037610 f i libucrtd:output.obj
 0001:00036610       ??$extract_argument_from_va_list@I_J@?$standard_base@_WV?$stream_output_adapter@_W@__crt_stdio_output@@@__crt_stdio_output@@IEAA_NAEA_J@Z 0000000180037610 f i libucrtd:output.obj
 0001:00036610       ??$extract_argument_from_va_list@I_J@?$standard_base@_WV?$string_output_adapter@_W@__crt_stdio_output@@@__crt_stdio_output@@IEAA_NAEA_J@Z 0000000180037610 f i libucrtd:output.obj
 0001:00036640       ??$extract_argument_from_va_list@PEAXPEAX@?$standard_base@DV?$string_output_adapter@D@__crt_stdio_output@@@__crt_stdio_output@@IEAA_NAEAPEAX@Z 0000000180037640 f i libucrtd:output.obj
 0001:00036640       ??$extract_argument_from_va_list@PEADPEAD@?$standard_base@_WV?$string_output_adapter@_W@__crt_stdio_output@@@__crt_stdio_output@@IEAA_NAEAPEAD@Z 0000000180037640 f i libucrtd:output.obj
 0001:00036640       ??$extract_argument_from_va_list@_J_J@?$standard_base@_WV?$stream_output_adapter@_W@__crt_stdio_output@@@__crt_stdio_output@@IEAA_NAEA_J@Z 0000000180037640 f i libucrtd:output.obj
 0001:00036640       ??$extract_argument_from_va_list@PEADPEAD@?$standard_base@DV?$string_output_adapter@D@__crt_stdio_output@@@__crt_stdio_output@@IEAA_NAEAPEAD@Z 0000000180037640 f i libucrtd:output.obj
 0001:00036640       ??$extract_argument_from_va_list@PEAXPEAX@?$standard_base@_WV?$stream_output_adapter@_W@__crt_stdio_output@@@__crt_stdio_output@@IEAA_NAEAPEAX@Z 0000000180037640 f i libucrtd:output.obj
 0001:00036640       ??$extract_argument_from_va_list@PEAUansi_string@?1??type_case_Z@?$output_processor@DV?$string_output_adapter@D@__crt_stdio_output@@V?$format_validation_base@DV?$string_output_adapter@D@__crt_stdio_output@@@2@@__crt_stdio_output@@AEAA_NXZ@PEAU1?1??234@AEAA_NXZ@@?$standard_base@DV?$string_output_adapter@D@__crt_stdio_output@@@__crt_stdio_output@@IEAA_NAEAPEAUansi_string@?1??type_case_Z@?$output_processor@DV?$string_output_adapter@D@__crt_stdio_output@@V?$format_validation_base@DV?$string_output_adapter@D@__crt_stdio_output@@@2@@1@AEAA_NXZ@@Z 0000000180037640 f i libucrtd:output.obj
 0001:00036640       ??$extract_argument_from_va_list@PEAUansi_string@?1??type_case_Z@?$output_processor@_WV?$string_output_adapter@_W@__crt_stdio_output@@V?$standard_base@_WV?$string_output_adapter@_W@__crt_stdio_output@@@2@@__crt_stdio_output@@AEAA_NXZ@PEAU1?1??234@AEAA_NXZ@@?$standard_base@_WV?$string_output_adapter@_W@__crt_stdio_output@@@__crt_stdio_output@@IEAA_NAEAPEAUansi_string@?1??type_case_Z@?$output_processor@_WV?$string_output_adapter@_W@__crt_stdio_output@@V?$standard_base@_WV?$string_output_adapter@_W@__crt_stdio_output@@@2@@1@AEAA_NXZ@@Z 0000000180037640 f i libucrtd:output.obj
 0001:00036640       ??$extract_argument_from_va_list@_J_J@?$standard_base@_WV?$string_output_adapter@_W@__crt_stdio_output@@@__crt_stdio_output@@IEAA_NAEA_J@Z 0000000180037640 f i libucrtd:output.obj
 0001:00036640       ??$extract_argument_from_va_list@_J_J@?$standard_base@DV?$string_output_adapter@D@__crt_stdio_output@@@__crt_stdio_output@@IEAA_NAEA_J@Z 0000000180037640 f i libucrtd:output.obj
 0001:00036640       ??$extract_argument_from_va_list@_K_J@?$standard_base@_WV?$stream_output_adapter@_W@__crt_stdio_output@@@__crt_stdio_output@@IEAA_NAEA_J@Z 0000000180037640 f i libucrtd:output.obj
 0001:00036640       ??$extract_argument_from_va_list@_K_J@?$standard_base@_WV?$string_output_adapter@_W@__crt_stdio_output@@@__crt_stdio_output@@IEAA_NAEA_J@Z 0000000180037640 f i libucrtd:output.obj
 0001:00036640       ??$extract_argument_from_va_list@PEADPEAD@?$standard_base@_WV?$stream_output_adapter@_W@__crt_stdio_output@@@__crt_stdio_output@@IEAA_NAEAPEAD@Z 0000000180037640 f i libucrtd:output.obj
 0001:00036640       ??$extract_argument_from_va_list@PEAXPEAX@?$standard_base@_WV?$string_output_adapter@_W@__crt_stdio_output@@@__crt_stdio_output@@IEAA_NAEAPEAX@Z 0000000180037640 f i libucrtd:output.obj
 0001:00036640       ??$extract_argument_from_va_list@PEAUansi_string@?1??type_case_Z@?$output_processor@_WV?$string_output_adapter@_W@__crt_stdio_output@@V?$format_validation_base@_WV?$string_output_adapter@_W@__crt_stdio_output@@@2@@__crt_stdio_output@@AEAA_NXZ@PEAU1?1??234@AEAA_NXZ@@?$standard_base@_WV?$string_output_adapter@_W@__crt_stdio_output@@@__crt_stdio_output@@IEAA_NAEAPEAUansi_string@?1??type_case_Z@?$output_processor@_WV?$string_output_adapter@_W@__crt_stdio_output@@V?$format_validation_base@_WV?$string_output_adapter@_W@__crt_stdio_output@@@2@@1@AEAA_NXZ@@Z 0000000180037640 f i libucrtd:output.obj
 0001:00036640       ??$extract_argument_from_va_list@_K_J@?$standard_base@DV?$string_output_adapter@D@__crt_stdio_output@@@__crt_stdio_output@@IEAA_NAEA_J@Z 0000000180037640 f i libucrtd:output.obj
 0001:00036640       ??$extract_argument_from_va_list@PEAUansi_string@?1??type_case_Z@?$output_processor@_WV?$stream_output_adapter@_W@__crt_stdio_output@@V?$standard_base@_WV?$stream_output_adapter@_W@__crt_stdio_output@@@2@@__crt_stdio_output@@AEAA_NXZ@PEAU1?1??234@AEAA_NXZ@@?$standard_base@_WV?$stream_output_adapter@_W@__crt_stdio_output@@@__crt_stdio_output@@IEAA_NAEAPEAUansi_string@?1??type_case_Z@?$output_processor@_WV?$stream_output_adapter@_W@__crt_stdio_output@@V?$standard_base@_WV?$stream_output_adapter@_W@__crt_stdio_output@@@2@@1@AEAA_NXZ@@Z 0000000180037640 f i libucrtd:output.obj
 0001:00036670       ??$extract_argument_from_va_list@U_CRT_DOUBLE@@U1@@?$standard_base@_WV?$string_output_adapter@_W@__crt_stdio_output@@@__crt_stdio_output@@IEAA_NAEAU_CRT_DOUBLE@@@Z 0000000180037670 f i libucrtd:output.obj
 0001:00036670       ??$extract_argument_from_va_list@U_CRT_DOUBLE@@U1@@?$standard_base@_WV?$stream_output_adapter@_W@__crt_stdio_output@@@__crt_stdio_output@@IEAA_NAEAU_CRT_DOUBLE@@@Z 0000000180037670 f i libucrtd:output.obj
 0001:00036670       ??$extract_argument_from_va_list@U_CRT_DOUBLE@@U1@@?$standard_base@DV?$string_output_adapter@D@__crt_stdio_output@@@__crt_stdio_output@@IEAA_NAEAU_CRT_DOUBLE@@@Z 0000000180037670 f i libucrtd:output.obj
 0001:000366c0       ??$extract_argument_from_va_list@_W_W@?$standard_base@_WV?$stream_output_adapter@_W@__crt_stdio_output@@@__crt_stdio_output@@IEAA_NAEA_W@Z 00000001800376c0 f i libucrtd:output.obj
 0001:000366c0       ??$extract_argument_from_va_list@_W_W@?$standard_base@_WV?$string_output_adapter@_W@__crt_stdio_output@@@__crt_stdio_output@@IEAA_NAEA_W@Z 00000001800376c0 f i libucrtd:output.obj
 0001:000366c0       ??$extract_argument_from_va_list@_W_W@?$standard_base@DV?$string_output_adapter@D@__crt_stdio_output@@@__crt_stdio_output@@IEAA_NAEA_W@Z 00000001800376c0 f i libucrtd:output.obj
 0001:000366f0       ??$is_wide_character_specifier@D@__crt_stdio_output@@YA_N_KDW4length_modifier@0@@Z 00000001800376f0 f i libucrtd:output.obj
 0001:00036790       ??$is_wide_character_specifier@_W@__crt_stdio_output@@YA_N_K_WW4length_modifier@0@@Z 0000000180037790 f i libucrtd:output.obj
 0001:00036860       ??$puttc_nolock@AEB_WPEAU_iobuf@@@?$__crt_char_traits@_W@@SAGAEB_W$$QEAPEAU_iobuf@@@Z 0000000180037860 f i libucrtd:output.obj
 0001:00036890       ??$read_va_arg@E@__crt_stdio_output@@YAEAEAPEAD@Z 0000000180037890 f i libucrtd:output.obj
 0001:00036890       ??$read_va_arg@C@__crt_stdio_output@@YACAEAPEAD@Z 0000000180037890 f i libucrtd:output.obj
 0001:00036900       ??$read_va_arg@H@__crt_stdio_output@@YAHAEAPEAD@Z 0000000180037900 f i libucrtd:output.obj
 0001:00036900       ??$read_va_arg@I@__crt_stdio_output@@YAIAEAPEAD@Z 0000000180037900 f i libucrtd:output.obj
 0001:00036960       ??$read_va_arg@PEAUansi_string@?1??type_case_Z@?$output_processor@DV?$string_output_adapter@D@__crt_stdio_output@@V?$format_validation_base@DV?$string_output_adapter@D@__crt_stdio_output@@@2@@__crt_stdio_output@@AEAA_NXZ@@__crt_stdio_output@@YAPEAUansi_string@?1??type_case_Z@?$output_processor@DV?$string_output_adapter@D@__crt_stdio_output@@V?$format_validation_base@DV?$string_output_adapter@D@__crt_stdio_output@@@2@@0@AEAA_NXZ@AEAPEAD@Z 0000000180037960 f i libucrtd:output.obj
 0001:00036960       ??$read_va_arg@PEAD@__crt_stdio_output@@YAPEADAEAPEAD@Z 0000000180037960 f i libucrtd:output.obj
 0001:00036960       ??$read_va_arg@PEAUansi_string@?1??type_case_Z@?$output_processor@_WV?$stream_output_adapter@_W@__crt_stdio_output@@V?$standard_base@_WV?$stream_output_adapter@_W@__crt_stdio_output@@@2@@__crt_stdio_output@@AEAA_NXZ@@__crt_stdio_output@@YAPEAUansi_string@?1??type_case_Z@?$output_processor@_WV?$stream_output_adapter@_W@__crt_stdio_output@@V?$standard_base@_WV?$stream_output_adapter@_W@__crt_stdio_output@@@2@@0@AEAA_NXZ@AEAPEAD@Z 0000000180037960 f i libucrtd:output.obj
 0001:00036960       ??$read_va_arg@_J@__crt_stdio_output@@YA_JAEAPEAD@Z 0000000180037960 f i libucrtd:output.obj
 0001:00036960       ??$read_va_arg@PEAUansi_string@?1??type_case_Z@?$output_processor@_WV?$string_output_adapter@_W@__crt_stdio_output@@V?$standard_base@_WV?$string_output_adapter@_W@__crt_stdio_output@@@2@@__crt_stdio_output@@AEAA_NXZ@@__crt_stdio_output@@YAPEAUansi_string@?1??type_case_Z@?$output_processor@_WV?$string_output_adapter@_W@__crt_stdio_output@@V?$standard_base@_WV?$string_output_adapter@_W@__crt_stdio_output@@@2@@0@AEAA_NXZ@AEAPEAD@Z 0000000180037960 f i libucrtd:output.obj
 0001:00036960       ??$read_va_arg@PEAUansi_string@?1??type_case_Z@?$output_processor@_WV?$string_output_adapter@_W@__crt_stdio_output@@V?$format_validation_base@_WV?$string_output_adapter@_W@__crt_stdio_output@@@2@@__crt_stdio_output@@AEAA_NXZ@@__crt_stdio_output@@YAPEAUansi_string@?1??type_case_Z@?$output_processor@_WV?$string_output_adapter@_W@__crt_stdio_output@@V?$format_validation_base@_WV?$string_output_adapter@_W@__crt_stdio_output@@@2@@0@AEAA_NXZ@AEAPEAD@Z 0000000180037960 f i libucrtd:output.obj
 0001:00036960       ??$read_va_arg@PEAX@__crt_stdio_output@@YAPEAXAEAPEAD@Z 0000000180037960 f i libucrtd:output.obj
 0001:00036960       ??$read_va_arg@U_CRT_DOUBLE@@@__crt_stdio_output@@YA?AU_CRT_DOUBLE@@AEAPEAD@Z 0000000180037960 f i libucrtd:output.obj
 0001:00036960       ??$read_va_arg@_K@__crt_stdio_output@@YA_KAEAPEAD@Z 0000000180037960 f i libucrtd:output.obj
 0001:000369d0       ??$read_va_arg@F@__crt_stdio_output@@YAFAEAPEAD@Z 00000001800379d0 f i libucrtd:output.obj
 0001:000369d0       ??$read_va_arg@G@__crt_stdio_output@@YAGAEAPEAD@Z 00000001800379d0 f i libucrtd:output.obj
 0001:000369d0       ??$read_va_arg@_W@__crt_stdio_output@@YA_WAEAPEAD@Z 00000001800379d0 f i libucrtd:output.obj
 0001:00036a40       ??$scratch_count@D@formatting_buffer@__crt_stdio_output@@QEBA_KXZ 0000000180037a40 f i libucrtd:output.obj
 0001:00036a60       ??$scratch_data@D@formatting_buffer@__crt_stdio_output@@QEAAPEADXZ 0000000180037a60 f i libucrtd:output.obj
 0001:00036ad0       ??$tcstol@PEBDPEAPEADH@?$__crt_char_traits@D@@SAJ$$QEAPEBD$$QEAPEAPEAD$$QEAH@Z 0000000180037ad0 f i libucrtd:output.obj
 0001:00036b10       ??$tcstol@PEB_WPEAPEA_WH@?$__crt_char_traits@_W@@SAJ$$QEAPEB_W$$QEAPEAPEA_W$$QEAH@Z 0000000180037b10 f i libucrtd:output.obj
 0001:00036b50       ??$type_case_integer_parse_into_buffer@I@?$output_processor@DV?$string_output_adapter@D@__crt_stdio_output@@V?$format_validation_base@DV?$string_output_adapter@D@__crt_stdio_output@@@2@@__crt_stdio_output@@AEAAXII_N@Z 0000000180037b50 f i libucrtd:output.obj
 0001:00036c70       ??$type_case_integer_parse_into_buffer@I@?$output_processor@_WV?$string_output_adapter@_W@__crt_stdio_output@@V?$standard_base@_WV?$string_output_adapter@_W@__crt_stdio_output@@@2@@__crt_stdio_output@@AEAAXII_N@Z 0000000180037c70 f i libucrtd:output.obj
 0001:00036c70       ??$type_case_integer_parse_into_buffer@I@?$output_processor@_WV?$stream_output_adapter@_W@__crt_stdio_output@@V?$standard_base@_WV?$stream_output_adapter@_W@__crt_stdio_output@@@2@@__crt_stdio_output@@AEAAXII_N@Z 0000000180037c70 f i libucrtd:output.obj
 0001:00036c70       ??$type_case_integer_parse_into_buffer@I@?$output_processor@_WV?$string_output_adapter@_W@__crt_stdio_output@@V?$format_validation_base@_WV?$string_output_adapter@_W@__crt_stdio_output@@@2@@__crt_stdio_output@@AEAAXII_N@Z 0000000180037c70 f i libucrtd:output.obj
 0001:00036da0       ??$type_case_integer_parse_into_buffer@_K@?$output_processor@DV?$string_output_adapter@D@__crt_stdio_output@@V?$format_validation_base@DV?$string_output_adapter@D@__crt_stdio_output@@@2@@__crt_stdio_output@@AEAAX_KI_N@Z 0000000180037da0 f i libucrtd:output.obj
 0001:00036ef0       ??$type_case_integer_parse_into_buffer@_K@?$output_processor@_WV?$stream_output_adapter@_W@__crt_stdio_output@@V?$standard_base@_WV?$stream_output_adapter@_W@__crt_stdio_output@@@2@@__crt_stdio_output@@AEAAX_KI_N@Z 0000000180037ef0 f i libucrtd:output.obj
 0001:00036ef0       ??$type_case_integer_parse_into_buffer@_K@?$output_processor@_WV?$string_output_adapter@_W@__crt_stdio_output@@V?$format_validation_base@_WV?$string_output_adapter@_W@__crt_stdio_output@@@2@@__crt_stdio_output@@AEAAX_KI_N@Z 0000000180037ef0 f i libucrtd:output.obj
 0001:00036ef0       ??$type_case_integer_parse_into_buffer@_K@?$output_processor@_WV?$string_output_adapter@_W@__crt_stdio_output@@V?$standard_base@_WV?$string_output_adapter@_W@__crt_stdio_output@@@2@@__crt_stdio_output@@AEAAX_KI_N@Z 0000000180037ef0 f i libucrtd:output.obj
 0001:00037040       ??$write_multiple_characters@V?$stream_output_adapter@_W@__crt_stdio_output@@D@__crt_stdio_output@@YAXAEBV?$stream_output_adapter@_W@0@DHQEAH@Z 0000000180038040 f i libucrtd:output.obj
 0001:000370a0       ??$write_multiple_characters@V?$string_output_adapter@D@__crt_stdio_output@@D@__crt_stdio_output@@YAXAEBV?$string_output_adapter@D@0@DHQEAH@Z 00000001800380a0 f i libucrtd:output.obj
 0001:00037100       ??$write_multiple_characters@V?$string_output_adapter@_W@__crt_stdio_output@@D@__crt_stdio_output@@YAXAEBV?$string_output_adapter@_W@0@DHQEAH@Z 0000000180038100 f i libucrtd:output.obj
 0001:000371e0       ??0?$common_data@D@__crt_stdio_output@@IEAA@XZ 00000001800381e0 f i libucrtd:output.obj
 0001:000372b0       ??0?$common_data@_W@__crt_stdio_output@@IEAA@XZ 00000001800382b0 f i libucrtd:output.obj
 0001:00037380       ??0?$output_adapter_data@DV?$string_output_adapter@D@__crt_stdio_output@@@__crt_stdio_output@@IEAA@AEBV?$string_output_adapter@D@1@_KQEBDQEAU__crt_locale_pointers@@QEAD@Z 0000000180038380 f i libucrtd:output.obj
 0001:00037400       ??0?$output_adapter_data@_WV?$stream_output_adapter@_W@__crt_stdio_output@@@__crt_stdio_output@@IEAA@AEBV?$stream_output_adapter@_W@1@_KQEB_WQEAU__crt_locale_pointers@@QEAD@Z 0000000180038400 f i libucrtd:output.obj
 0001:00037400       ??0?$output_adapter_data@_WV?$string_output_adapter@_W@__crt_stdio_output@@@__crt_stdio_output@@IEAA@AEBV?$string_output_adapter@_W@1@_KQEB_WQEAU__crt_locale_pointers@@QEAD@Z 0000000180038400 f i libucrtd:output.obj
 0001:00037480       ??0?$output_processor@DV?$string_output_adapter@D@__crt_stdio_output@@V?$format_validation_base@DV?$string_output_adapter@D@__crt_stdio_output@@@2@@__crt_stdio_output@@QEAA@AEBV?$string_output_adapter@D@1@_KQEBDQEAU__crt_locale_pointers@@QEAD@Z 0000000180038480 f i libucrtd:output.obj
 0001:000374e0       ??0?$output_processor@_WV?$string_output_adapter@_W@__crt_stdio_output@@V?$format_validation_base@_WV?$string_output_adapter@_W@__crt_stdio_output@@@2@@__crt_stdio_output@@QEAA@AEBV?$string_output_adapter@_W@1@_KQEB_WQEAU__crt_locale_pointers@@QEAD@Z 00000001800384e0 f i libucrtd:output.obj
 0001:00037540       ??0?$output_processor@_WV?$string_output_adapter@_W@__crt_stdio_output@@V?$standard_base@_WV?$string_output_adapter@_W@__crt_stdio_output@@@2@@__crt_stdio_output@@QEAA@AEBV?$string_output_adapter@_W@1@_KQEB_WQEAU__crt_locale_pointers@@QEAD@Z 0000000180038540 f i libucrtd:output.obj
 0001:00037540       ??0?$output_processor@_WV?$stream_output_adapter@_W@__crt_stdio_output@@V?$standard_base@_WV?$stream_output_adapter@_W@__crt_stdio_output@@@2@@__crt_stdio_output@@QEAA@AEBV?$stream_output_adapter@_W@1@_KQEB_WQEAU__crt_locale_pointers@@QEAD@Z 0000000180038540 f i libucrtd:output.obj
 0001:000375a0       ??0?$stream_output_adapter@_W@__crt_stdio_output@@QEAA@QEAU_iobuf@@@Z 00000001800385a0 f i libucrtd:output.obj
 0001:000375d0       ??0__acrt_stdio_temporary_buffering_guard@@QEAA@QEAU_iobuf@@@Z 00000001800385d0 f i libucrtd:output.obj
 0001:00037610       ??0__crt_errno_guard@@QEAA@QEAH@Z 0000000180038610 f i libucrtd:output.obj
 0001:00037650       ??0formatting_buffer@__crt_stdio_output@@QEAA@XZ 0000000180038650 f i libucrtd:output.obj
 0001:00037690       ??1?$common_data@D@__crt_stdio_output@@QEAA@XZ 0000000180038690 f i libucrtd:output.obj
 0001:00037690       ??1?$common_data@_W@__crt_stdio_output@@QEAA@XZ 0000000180038690 f i libucrtd:output.obj
 0001:000376b0       ??1?$output_adapter_data@_WV?$string_output_adapter@_W@__crt_stdio_output@@@__crt_stdio_output@@QEAA@XZ 00000001800386b0 f i libucrtd:output.obj
 0001:000376b0       ??1?$output_adapter_data@DV?$string_output_adapter@D@__crt_stdio_output@@@__crt_stdio_output@@QEAA@XZ 00000001800386b0 f i libucrtd:output.obj
 0001:000376b0       ??1?$output_adapter_data@_WV?$stream_output_adapter@_W@__crt_stdio_output@@@__crt_stdio_output@@QEAA@XZ 00000001800386b0 f i libucrtd:output.obj
 0001:000376d0       ??1?$output_processor@DV?$string_output_adapter@D@__crt_stdio_output@@V?$format_validation_base@DV?$string_output_adapter@D@__crt_stdio_output@@@2@@__crt_stdio_output@@QEAA@XZ 00000001800386d0 f i libucrtd:output.obj
 0001:000376d0       ??1?$output_processor@_WV?$string_output_adapter@_W@__crt_stdio_output@@V?$format_validation_base@_WV?$string_output_adapter@_W@__crt_stdio_output@@@2@@__crt_stdio_output@@QEAA@XZ 00000001800386d0 f i libucrtd:output.obj
 0001:000376f0       ??1?$output_processor@_WV?$stream_output_adapter@_W@__crt_stdio_output@@V?$standard_base@_WV?$stream_output_adapter@_W@__crt_stdio_output@@@2@@__crt_stdio_output@@QEAA@XZ 00000001800386f0 f i libucrtd:output.obj
 0001:000376f0       ??1?$format_validation_base@_WV?$string_output_adapter@_W@__crt_stdio_output@@@__crt_stdio_output@@QEAA@XZ 00000001800386f0 f i libucrtd:output.obj
 0001:000376f0       ??1?$output_processor@_WV?$string_output_adapter@_W@__crt_stdio_output@@V?$standard_base@_WV?$string_output_adapter@_W@__crt_stdio_output@@@2@@__crt_stdio_output@@QEAA@XZ 00000001800386f0 f i libucrtd:output.obj
 0001:000376f0       ??1?$format_validation_base@DV?$string_output_adapter@D@__crt_stdio_output@@@__crt_stdio_output@@QEAA@XZ 00000001800386f0 f i libucrtd:output.obj
 0001:00037710       ??1?$standard_base@_WV?$string_output_adapter@_W@__crt_stdio_output@@@__crt_stdio_output@@QEAA@XZ 0000000180038710 f i libucrtd:output.obj
 0001:00037710       ??1?$standard_base@DV?$string_output_adapter@D@__crt_stdio_output@@@__crt_stdio_output@@QEAA@XZ 0000000180038710 f i libucrtd:output.obj
 0001:00037710       ??1?$standard_base@_WV?$stream_output_adapter@_W@__crt_stdio_output@@@__crt_stdio_output@@QEAA@XZ 0000000180038710 f i libucrtd:output.obj
 0001:00037730       ??1__acrt_stdio_temporary_buffering_guard@@QEAA@XZ 0000000180038730 f i libucrtd:output.obj
 0001:00037760       ??1__crt_errno_guard@@QEAA@XZ 0000000180038760 f i libucrtd:output.obj
 0001:00037790       ??1formatting_buffer@__crt_stdio_output@@QEAA@XZ 0000000180038790 f i libucrtd:output.obj
 0001:000377c0       ??4?$__crt_unique_heap_ptr@DU__crt_internal_free_policy@@@@QEAAAEAV0@$$QEAV0@@Z 00000001800387c0 f i libucrtd:output.obj
 0001:00037930       ?adjust_hexit@?$output_processor@_WV?$string_output_adapter@_W@__crt_stdio_output@@V?$format_validation_base@_WV?$string_output_adapter@_W@__crt_stdio_output@@@2@@__crt_stdio_output@@CADH_N@Z 0000000180038930 f i libucrtd:output.obj
 0001:00037930       ?adjust_hexit@?$output_processor@_WV?$string_output_adapter@_W@__crt_stdio_output@@V?$standard_base@_WV?$string_output_adapter@_W@__crt_stdio_output@@@2@@__crt_stdio_output@@CADH_N@Z 0000000180038930 f i libucrtd:output.obj
 0001:00037930       ?adjust_hexit@?$output_processor@_WV?$stream_output_adapter@_W@__crt_stdio_output@@V?$standard_base@_WV?$stream_output_adapter@_W@__crt_stdio_output@@@2@@__crt_stdio_output@@CADH_N@Z 0000000180038930 f i libucrtd:output.obj
 0001:00037930       ?adjust_hexit@?$output_processor@DV?$string_output_adapter@D@__crt_stdio_output@@V?$format_validation_base@DV?$string_output_adapter@D@__crt_stdio_output@@@2@@__crt_stdio_output@@CADH_N@Z 0000000180038930 f i libucrtd:output.obj
 0001:00037980       ?advance_to_next_pass@?$standard_base@_WV?$stream_output_adapter@_W@__crt_stdio_output@@@__crt_stdio_output@@IEAA_NXZ 0000000180038980 f i libucrtd:output.obj
 0001:00037980       ?advance_to_next_pass@?$standard_base@DV?$string_output_adapter@D@__crt_stdio_output@@@__crt_stdio_output@@IEAA_NXZ 0000000180038980 f i libucrtd:output.obj
 0001:00037980       ?advance_to_next_pass@?$standard_base@_WV?$string_output_adapter@_W@__crt_stdio_output@@@__crt_stdio_output@@IEAA_NXZ 0000000180038980 f i libucrtd:output.obj
 0001:000379d0       ?crop_zeroes@__crt_stdio_output@@YAXPEADQEAU__crt_locale_pointers@@@Z 00000001800389d0 f i libucrtd:output.obj
 0001:00037b10       ?find_next_state@?$output_processor@DV?$string_output_adapter@D@__crt_stdio_output@@V?$format_validation_base@DV?$string_output_adapter@D@__crt_stdio_output@@@2@@__crt_stdio_output@@AEBA?AW4state@2@DW432@@Z 0000000180038b10 f i libucrtd:output.obj
 0001:00037bb0       ?find_next_state@?$output_processor@_WV?$stream_output_adapter@_W@__crt_stdio_output@@V?$standard_base@_WV?$stream_output_adapter@_W@__crt_stdio_output@@@2@@__crt_stdio_output@@AEBA?AW4state@2@_WW432@@Z 0000000180038bb0 f i libucrtd:output.obj
 0001:00037bb0       ?find_next_state@?$output_processor@_WV?$string_output_adapter@_W@__crt_stdio_output@@V?$standard_base@_WV?$string_output_adapter@_W@__crt_stdio_output@@@2@@__crt_stdio_output@@AEBA?AW4state@2@_WW432@@Z 0000000180038bb0 f i libucrtd:output.obj
 0001:00037c50       ?find_next_state@?$output_processor@_WV?$string_output_adapter@_W@__crt_stdio_output@@V?$format_validation_base@_WV?$string_output_adapter@_W@__crt_stdio_output@@@2@@__crt_stdio_output@@AEBA?AW4state@2@_WW432@@Z 0000000180038c50 f i libucrtd:output.obj
 0001:00037cf0       ?force_decimal_point@__crt_stdio_output@@YAXPEADQEAU__crt_locale_pointers@@@Z 0000000180038cf0 f i libucrtd:output.obj
 0001:00037dd0       ?has_flag@?$output_processor@DV?$string_output_adapter@D@__crt_stdio_output@@V?$format_validation_base@DV?$string_output_adapter@D@__crt_stdio_output@@@2@@__crt_stdio_output@@AEBA_NI@Z 0000000180038dd0 f i libucrtd:output.obj
 0001:00037dd0       ?has_flag@?$output_processor@_WV?$string_output_adapter@_W@__crt_stdio_output@@V?$format_validation_base@_WV?$string_output_adapter@_W@__crt_stdio_output@@@2@@__crt_stdio_output@@AEBA_NI@Z 0000000180038dd0 f i libucrtd:output.obj
 0001:00037dd0       ?has_flag@?$output_processor@_WV?$stream_output_adapter@_W@__crt_stdio_output@@V?$standard_base@_WV?$stream_output_adapter@_W@__crt_stdio_output@@@2@@__crt_stdio_output@@AEBA_NI@Z 0000000180038dd0 f i libucrtd:output.obj
 0001:00037dd0       ?has_flag@?$output_processor@_WV?$string_output_adapter@_W@__crt_stdio_output@@V?$standard_base@_WV?$string_output_adapter@_W@__crt_stdio_output@@@2@@__crt_stdio_output@@AEBA_NI@Z 0000000180038dd0 f i libucrtd:output.obj
 0001:00037e10       ?is_string_backed@__crt_stdio_stream@@QEBA_NXZ 0000000180038e10 f i libucrtd:output.obj
 0001:00037e50       ?narrow_null_string@?$output_processor@_WV?$string_output_adapter@_W@__crt_stdio_output@@V?$standard_base@_WV?$string_output_adapter@_W@__crt_stdio_output@@@2@@__crt_stdio_output@@CAPEADXZ 0000000180038e50 f i libucrtd:output.obj
 0001:00037e50       ?narrow_null_string@?$output_processor@DV?$string_output_adapter@D@__crt_stdio_output@@V?$format_validation_base@DV?$string_output_adapter@D@__crt_stdio_output@@@2@@__crt_stdio_output@@CAPEADXZ 0000000180038e50 f i libucrtd:output.obj
 0001:00037e50       ?narrow_null_string@?$output_processor@_WV?$string_output_adapter@_W@__crt_stdio_output@@V?$format_validation_base@_WV?$string_output_adapter@_W@__crt_stdio_output@@@2@@__crt_stdio_output@@CAPEADXZ 0000000180038e50 f i libucrtd:output.obj
 0001:00037e50       ?narrow_null_string@?$output_processor@_WV?$stream_output_adapter@_W@__crt_stdio_output@@V?$standard_base@_WV?$stream_output_adapter@_W@__crt_stdio_output@@@2@@__crt_stdio_output@@CAPEADXZ 0000000180038e50 f i libucrtd:output.obj
 0001:00037e60       ?parse_int_from_format_string@?$output_processor@DV?$string_output_adapter@D@__crt_stdio_output@@V?$format_validation_base@DV?$string_output_adapter@D@__crt_stdio_output@@@2@@__crt_stdio_output@@AEAA_NQEAH@Z 0000000180038e60 f i libucrtd:output.obj
 0001:00037f40       ?parse_int_from_format_string@?$output_processor@_WV?$stream_output_adapter@_W@__crt_stdio_output@@V?$standard_base@_WV?$stream_output_adapter@_W@__crt_stdio_output@@@2@@__crt_stdio_output@@AEAA_NQEAH@Z 0000000180038f40 f i libucrtd:output.obj
 0001:00037f40       ?parse_int_from_format_string@?$output_processor@_WV?$string_output_adapter@_W@__crt_stdio_output@@V?$format_validation_base@_WV?$string_output_adapter@_W@__crt_stdio_output@@@2@@__crt_stdio_output@@AEAA_NQEAH@Z 0000000180038f40 f i libucrtd:output.obj
 0001:00037f40       ?parse_int_from_format_string@?$output_processor@_WV?$string_output_adapter@_W@__crt_stdio_output@@V?$standard_base@_WV?$string_output_adapter@_W@__crt_stdio_output@@@2@@__crt_stdio_output@@AEAA_NQEAH@Z 0000000180038f40 f i libucrtd:output.obj
 0001:00038020       ?process@?$output_processor@DV?$string_output_adapter@D@__crt_stdio_output@@V?$format_validation_base@DV?$string_output_adapter@D@__crt_stdio_output@@@2@@__crt_stdio_output@@QEAAHXZ 0000000180039020 f i libucrtd:output.obj
 0001:00038380       ?process@?$output_processor@_WV?$stream_output_adapter@_W@__crt_stdio_output@@V?$standard_base@_WV?$stream_output_adapter@_W@__crt_stdio_output@@@2@@__crt_stdio_output@@QEAAHXZ 0000000180039380 f i libucrtd:output.obj
 0001:000386e0       ?process@?$output_processor@_WV?$string_output_adapter@_W@__crt_stdio_output@@V?$format_validation_base@_WV?$string_output_adapter@_W@__crt_stdio_output@@@2@@__crt_stdio_output@@QEAAHXZ 00000001800396e0 f i libucrtd:output.obj
 0001:00038a40       ?process@?$output_processor@_WV?$string_output_adapter@_W@__crt_stdio_output@@V?$standard_base@_WV?$string_output_adapter@_W@__crt_stdio_output@@@2@@__crt_stdio_output@@QEAAHXZ 0000000180039a40 f i libucrtd:output.obj
 0001:00038da0       ?get@?$__crt_unique_heap_ptr@DU__crt_public_free_policy@@@@QEBAPEADXZ 0000000180039da0 f i libvcruntimed:std_exception.obj
 0001:00038da0       ?save_state@?$c_string_character_source@D@__crt_strtox@@QEBAPEBDXZ 0000000180039da0 f i libucrtd:atox.obj
 0001:00038da0       ?get@?$__crt_unique_heap_ptr@DU__crt_internal_free_policy@@@@QEBAPEADXZ 0000000180039da0 f i libvcruntimed:std_type_info.obj
 0001:00038da0       ?public_stream@__crt_stdio_stream@@QEBAPEAU_iobuf@@XZ 0000000180039da0 f i libucrtd:output.obj
 0001:00038da0       ?get@?$__crt_unique_heap_ptr@U__crt_multibyte_data@@U__crt_internal_free_policy@@@@QEBAPEAU__crt_multibyte_data@@XZ 0000000180039da0 f i libucrtd:mbctype.obj
 0001:00038da0       ??C__crt_stdio_stream@@QEBAPEAU__crt_stdio_stream_data@@XZ 0000000180039da0 f i libucrtd:output.obj
 0001:00038da0       ?get@?$__crt_unique_handle_t@U__crt_handle_traits@@@@QEBAPEAXXZ 0000000180039da0 f i libucrtd:crtmbox.obj
 0001:00038da0       ?get@?$__crt_unique_heap_ptr@U__acrt_ptd@@U__crt_internal_free_policy@@@@QEBAPEAU__acrt_ptd@@XZ 0000000180039da0 f i libucrtd:per_thread_data.obj
 0001:00038da0       ?get@?$__crt_unique_handle_t@U__crt_hmodule_traits@@@@QEBAPEAUHINSTANCE__@@XZ 0000000180039da0 f i libucrtd:exit.obj
 0001:00038da0       ?get@?$__crt_unique_heap_ptr@U__crt_lowio_handle_data@@U__crt_internal_free_policy@@@@QEBAPEAU__crt_lowio_handle_data@@XZ 0000000180039da0 f i libucrtd:osfinfo.obj
 0001:00038da0       ?save_state@?$c_string_character_source@_W@__crt_strtox@@QEBAPEB_WXZ 0000000180039da0 f i libucrtd:atox.obj
 0001:00038da0       ?get@?$__crt_unique_heap_ptr@U__vcrt_ptd@@U__crt_internal_free_policy@@@@QEBAPEAU__vcrt_ptd@@XZ 0000000180039da0 f i libvcruntimed:per_thread_data.obj
 0001:00038da0       ?get@?$__crt_scoped_stack_ptr@_W@@QEBAPEA_WXZ 0000000180039da0 f i libucrtd:getstringtypea.obj
 0001:00038db0       ?set_flag@?$output_processor@_WV?$string_output_adapter@_W@__crt_stdio_output@@V?$standard_base@_WV?$string_output_adapter@_W@__crt_stdio_output@@@2@@__crt_stdio_output@@AEAAXI@Z 0000000180039db0 f i libucrtd:output.obj
 0001:00038db0       ?set_flag@?$output_processor@DV?$string_output_adapter@D@__crt_stdio_output@@V?$format_validation_base@DV?$string_output_adapter@D@__crt_stdio_output@@@2@@__crt_stdio_output@@AEAAXI@Z 0000000180039db0 f i libucrtd:output.obj
[...]
 0004:000034b0       $pdata$__GSHandlerCheck_SEH 00000001800854b0     LIBCMTD:_gshandlerseh_.obj
 0004:000034bc       $pdata$__GSHandlerCheck_EH 00000001800854bc     LIBCMTD:gshandlereh.obj
 0004:000034c8       $pdata$??3@YAXPEAX_K@Z     00000001800854c8     LIBCMTD:delete_scalar_size.obj
 0004:000034d4       $pdata$??3@YAXPEAX@Z       00000001800854d4     LIBCMTD:delete_scalar.obj
 0004:000034f8       $pdata$strrchr             00000001800854f8     libvcruntimed:strrchr.obj
 0004:00003504       $pdata$?_CatchTryBlock@@YAPEBU_s_TryBlockMapEntry@@PEBU_s_FuncInfo@@H@Z 0000000180085504     libvcruntimed:trnsctrl.obj
 0004:00003510       $pdata$?_GetEstablisherFrame@@YAPEA_KPEA_KPEAU_xDISPATCHER_CONTEXT@@PEBU_s_FuncInfo@@0@Z 0000000180085510     libvcruntimed:trnsctrl.obj
 0004:0000351c       $pdata$?_GetRangeOfTrysToCheck@@YAPEBU_s_TryBlockMapEntry@@PEA_KPEBU_s_FuncInfo@@HHPEAI2PEAU_xDISPATCHER_CONTEXT@@@Z 000000018008551c     libvcruntimed:trnsctrl.obj
 0004:00003528       $pdata$?__FrameUnwindToEmptyState@@YAXPEA_KPEAU_xDISPATCHER_CONTEXT@@PEBU_s_FuncInfo@@@Z 0000000180085528     libvcruntimed:trnsctrl.obj
 0004:00003534       $pdata$?__SehTransFilter@@YAHPEAU_EXCEPTION_POINTERS@@PEAUEHExceptionRecord@@PEA_KPEAU_CONTEXT@@PEAU_xDISPATCHER_CONTEXT@@PEBU_s_FuncInfo@@PEAH@Z 0000000180085534     libvcruntimed:trnsctrl.obj
 0004:00003540       $pdata$_CallSETranslator   0000000180085540     libvcruntimed:trnsctrl.obj
 0004:0000354c       $pdata$_CreateFrameInfo    000000018008554c     libvcruntimed:trnsctrl.obj
 0004:00003558       $pdata$_FindAndUnlinkFrame 0000000180085558     libvcruntimed:trnsctrl.obj
 0004:00003564       $pdata$_GetImageBase       0000000180085564     libvcruntimed:trnsctrl.obj
 0004:00003570       $pdata$_GetThrowImageBase  0000000180085570     libvcruntimed:trnsctrl.obj
 0004:0000357c       $pdata$_IsExceptionObjectToBeDestroyed 000000018008557c     libvcruntimed:trnsctrl.obj
 0004:00003588       $pdata$_SetImageBase       0000000180085588     libvcruntimed:trnsctrl.obj
 0004:00003594       $pdata$_SetThrowImageBase  0000000180085594     libvcruntimed:trnsctrl.obj
 0004:000035a0       $pdata$_UnwindNestedFrames 00000001800855a0     libvcruntimed:trnsctrl.obj
 0004:000035ac       $pdata$__CxxFrameHandler3  00000001800855ac     libvcruntimed:trnsctrl.obj
 0004:000035b8       $pdata$?__GetCurrentState@@YAHPEA_KPEAU_xDISPATCHER_CONTEXT@@PEBU_s_FuncInfo@@@Z 00000001800855b8     libvcruntimed:ehstate.obj
 0004:000035c4       $pdata$?__GetUnwindTryBlock@@YAHPEA_KPEAU_xDISPATCHER_CONTEXT@@PEBU_s_FuncInfo@@@Z 00000001800855c4     libvcruntimed:ehstate.obj
 0004:000035d0       $pdata$?__SetUnwindTryBlock@@YAXPEA_KPEAU_xDISPATCHER_CONTEXT@@PEBU_s_FuncInfo@@H@Z 00000001800855d0     libvcruntimed:ehstate.obj
 0004:000035dc       $pdata$?__StateFromControlPc@@YAHPEBU_s_FuncInfo@@PEAU_xDISPATCHER_CONTEXT@@@Z 00000001800855dc     libvcruntimed:ehstate.obj
 0004:000035e8       $pdata$?__StateFromIp@@YAHPEBU_s_FuncInfo@@PEAU_xDISPATCHER_CONTEXT@@_J@Z 00000001800855e8     libvcruntimed:ehstate.obj
 0004:000035f4       $pdata$__DestructExceptionObject 00000001800855f4     libvcruntimed:frame.obj
 0004:00003600       $pdata$??0bad_exception@std@@QEAA@AEBV01@@Z 0000000180085600     libvcruntimed:frame.obj
 0004:0000360c       $pdata$??0bad_exception@std@@QEAA@XZ 000000018008560c     libvcruntimed:frame.obj
 0004:00003618       $pdata$??0exception@std@@QEAA@AEBV01@@Z 0000000180085618     libvcruntimed:frame.obj
 0004:00003624       $pdata$??0exception@std@@QEAA@QEBDH@Z 0000000180085624     libvcruntimed:frame.obj
 0004:00003630       $pdata$??1bad_exception@std@@UEAA@XZ 0000000180085630     libvcruntimed:frame.obj
 0004:0000363c       $pdata$??1exception@std@@UEAA@XZ 000000018008563c     libvcruntimed:frame.obj
 0004:00003648       $pdata$??8type_info@@QEBA_NAEBV0@@Z 0000000180085648     libvcruntimed:frame.obj
 0004:00003654       $pdata$??_Gbad_exception@std@@UEAAPEAXI@Z 0000000180085654     libvcruntimed:frame.obj
 0004:00003660       $pdata$??_Gexception@std@@UEAAPEAXI@Z 0000000180085660     libvcruntimed:frame.obj
 0004:0000366c       $pdata$?CatchIt@@YAXPEAUEHExceptionRecord@@PEA_KPEAU_CONTEXT@@PEAU_xDISPATCHER_CONTEXT@@PEBU_s_FuncInfo@@PEBU_s_HandlerType@@PEBU_s_CatchableType@@PEBU_s_TryBlockMapEntry@@H1EE@Z 000000018008566c     libvcruntimed:frame.obj
 0004:00003678       $pdata$?ExFilterRethrow@@YAHPEAU_EXCEPTION_POINTERS@@PEAUEHExceptionRecord@@PEAH@Z 0000000180085678     libvcruntimed:frame.obj
 0004:00003684       $pdata$?FindHandler@@YAXPEAUEHExceptionRecord@@PEA_KPEAU_CONTEXT@@PEAU_xDISPATCHER_CONTEXT@@PEBU_s_FuncInfo@@EH1@Z 0000000180085684     libvcruntimed:frame.obj
 0004:00003690       $pdata$?FindHandlerForForeignException@@YAXPEAUEHExceptionRecord@@PEA_KPEAU_CONTEXT@@PEAU_xDISPATCHER_CONTEXT@@PEBU_s_FuncInfo@@HH1@Z 0000000180085690     libvcruntimed:frame.obj
 0004:0000369c       $pdata$?IsInExceptionSpec@@YAEPEAUEHExceptionRecord@@PEBU_s_ESTypeList@@@Z 000000018008569c     libvcruntimed:frame.obj
 0004:000036a8       $pdata$?Is_bad_exception_allowed@@YAEPEBU_s_ESTypeList@@@Z 00000001800856a8     libvcruntimed:frame.obj
 0004:000036b4       $pdata$?_CallMemberFunction0@@YAXPEAXP6AX0@Z@Z 00000001800856b4     libvcruntimed:frame.obj
 0004:000036c0       $pdata$?_CallMemberFunction1@@YAXPEAXP6AX0@Z0@Z 00000001800856c0     libvcruntimed:frame.obj
 0004:000036cc       $pdata$?_CallMemberFunction2@@YAXPEAXP6AX0@Z0H@Z 00000001800856cc     libvcruntimed:frame.obj
 0004:000036d8       $pdata$?__RethrowException@@YAXPEAUEHExceptionRecord@@@Z 00000001800856d8     libvcruntimed:frame.obj
 0004:000036e4       $pdata$?what@exception@std@@UEBAPEBDXZ 00000001800856e4     libvcruntimed:frame.obj
 0004:000036f0       $pdata$__AdjustPointer     00000001800856f0     libvcruntimed:frame.obj
 0004:000036fc       $pdata$__BuildCatchObject  00000001800856fc     libvcruntimed:frame.obj
 0004:00003708       $pdata$__BuildCatchObjectHelper 0000000180085708     libvcruntimed:frame.obj
 0004:00003714       $pdata$__CxxCallCatchBlock 0000000180085714     libvcruntimed:frame.obj
 0004:00003720       $pdata$__FrameUnwindFilter 0000000180085720     libvcruntimed:frame.obj
 0004:0000372c       $pdata$__FrameUnwindToState 000000018008572c     libvcruntimed:frame.obj
 0004:00003738       $pdata$__InternalCxxFrameHandler 0000000180085738     libvcruntimed:frame.obj
 0004:00003744       $pdata$__TypeMatch         0000000180085744     libvcruntimed:frame.obj
 0004:0000375c       $pdata$??$?RD@__crt_public_free_policy@@QEBAXQEBD@Z 000000018008575c     libvcruntimed:std_exception.obj
 0004:00003768       $pdata$??1?$__crt_unique_heap_ptr@DU__crt_public_free_policy@@@@QEAA@XZ 0000000180085768     libvcruntimed:std_exception.obj
 0004:00003774       $pdata$?release@?$__crt_unique_heap_ptr@DU__crt_public_free_policy@@@@QEAAXXZ 0000000180085774     libvcruntimed:std_exception.obj
 0004:00003780       $pdata$__std_exception_copy 0000000180085780     libvcruntimed:std_exception.obj
 0004:0000378c       $pdata$__std_exception_destroy 000000018008578c     libvcruntimed:std_exception.obj
 0004:00003798       $pdata$_CxxThrowException  0000000180085798     libvcruntimed:throw.obj
 0004:000037b0       $pdata$?fin$0@?0??dllmain_crt_process_attach@@YAHQEAUHINSTANCE__@@QEAX@Z@4HA 00000001800857b0     LIBCMTD:dll_dllmain.obj
 0004:000037bc       $pdata$?fin$0@?0??dllmain_crt_process_detach@@YAH_N@Z@4HA 00000001800857bc     LIBCMTD:dll_dllmain.obj
 0004:000037c8       $pdata$?filt$0@?0??dllmain_dispatch@@YAHQEAUHINSTANCE__@@KQEAX@Z@4HA 00000001800857c8     LIBCMTD:dll_dllmain.obj
 0004:000037d4       $pdata$__scrt_is_nonwritable_in_current_image$filt$0 00000001800857d4     LIBCMTD:utility.obj
 0004:000037e0       $pdata$?filt$0@?0??common_exit@@YAXHW4_crt_exit_cleanup_mode@@W4_crt_exit_return_mode@@@Z@4HA 00000001800857e0     libucrtd:exit.obj
 0004:000037ec       $pdata$?fin$1@?0??common_exit@@YAXHW4_crt_exit_cleanup_mode@@W4_crt_exit_return_mode@@@Z@4HA 00000001800857ec     libucrtd:exit.obj
 0004:000037f8       $pdata$?fin$0@?0???$?RV<lambda_b0d8f1f77f5878de4f648f281b223c15>@@AEAV<lambda_942beefa13ab35ff55f86422493ffd6a>@@V<lambda_7adb6fc9c0d6a5bd4e2d9c212ec7cdcc>@@@?$__crt_seh_guarded_call@H@@QEAAH$$QEAV<lambda_b0d8f1f77f5878de4f648f281b223c15>@@AEAV<lambda_942beefa13ab35ff55f86422493ffd6a>@@$$QEAV<lambda_7adb6fc9c0d6a5bd4e2d9c212ec7cdcc>@@@Z@4HA 00000001800857f8     libucrtd:onexit.obj
 0004:000037f8       $pdata$?fin$0@?0???$?RV<lambda_c36588078e9f5dfd39652860aa6b3aaf>@@AEAV<lambda_ec61778202f4f5fc7e7711acc23c3bca>@@V<lambda_dc9d2797ccde5d239b4a0efae8ebd7db>@@@?$__crt_seh_guarded_call@P6AXH@Z@@QEAAP6AXH@Z$$QEAV<lambda_c36588078e9f5dfd39652860aa6b3aaf>@@AEAV<lambda_ec61778202f4f5fc7e7711acc23c3bca>@@$$QEAV<lambda_dc9d2797ccde5d239b4a0efae8ebd7db>@@@Z@4HA 00000001800857f8     libucrtd:signal.obj
 0004:000037f8       $pdata$?fin$0@?0???$?RV<lambda_d22e02de4d14401f49897516b29a2b7c>@@AEAV<lambda_e971338317bfa523bb8920b43d823727>@@V<lambda_b0b8599c9027f5b14541fbbd6863d1f1>@@@?$__crt_seh_guarded_call@H@@QEAAH$$QEAV<lambda_d22e02de4d14401f49897516b29a2b7c>@@AEAV<lambda_e971338317bfa523bb8920b43d823727>@@$$QEAV<lambda_b0b8599c9027f5b14541fbbd6863d1f1>@@@Z@4HA 00000001800857f8     libucrtd:onexit.obj
 0004:00003804       $pdata$_CrtMemCheckpoint$fin$0 0000000180085804     libucrtd:debug_heap.obj
 0004:00003804       $pdata$?fin$0@?0??heap_alloc_dbg_internal@@YAPEAX_KHQEBDH@Z@4HA 0000000180085804     libucrtd:debug_heap.obj
 0004:00003810       $pdata$?fin$0@?0??validate_heap_if_required_nolock@@YAXXZ@4HA 0000000180085810     libucrtd:debug_heap.obj
 0004:0000381c       $pdata$_free_dbg$fin$0     000000018008581c     libucrtd:debug_heap.obj
 0004:0000381c       $pdata$_query_new_handler$fin$0 000000018008581c     libucrtd:new_handler.obj
 0004:00003828       $pdata$_CrtSetDbgFlag$fin$0 0000000180085828     libucrtd:debug_heap.obj
 0004:00003828       $pdata$_CrtMemDumpAllObjectsSince$fin$0 0000000180085828     libucrtd:debug_heap.obj
 0004:00003828       $pdata$_realloc_dbg$fin$0  0000000180085828     libucrtd:debug_heap.obj
 0004:00003828       $pdata$_msize_dbg$fin$0    0000000180085828     libucrtd:debug_heap.obj
 0004:00003828       $pdata$_CrtCheckMemory$fin$0 0000000180085828     libucrtd:debug_heap.obj
 0004:00003834       $pdata$common_flush_all$fin$0 0000000180085834     libucrtd:fflush.obj
 0004:00003840       $pdata$common_flush_all$fin$1 0000000180085840     libucrtd:fflush.obj
 0004:0000384c       $pdata$fflush$fin$0        000000018008584c     libucrtd:fflush.obj
 0004:00003858       $pdata$?fin$0@?0???$?RV<lambda_7b91131dde12e1c3dfc74ff76b3f2eac>@@AEAV<lambda_dd75445284c072d0bd3768540cc698fa>@@V<lambda_16bc4ecb55b4718497c16bceaea2ceaf>@@@?$__crt_seh_guarded_call@H@@QEAAH$$QEAV<lambda_7b91131dde12e1c3dfc74ff76b3f2eac>@@AEAV<lambda_dd75445284c072d0bd3768540cc698fa>@@$$QEAV<lambda_16bc4ecb55b4718497c16bceaea2ceaf>@@@Z@4HA 0000000180085858     libucrtd:output.obj
 0004:00003858       $pdata$?fin$0@?0???$?RV<lambda_e8c63f3eaa5b5d1d090047a93e563945>@@AEAV<lambda_108d78a972a15edee025c8b3efe121dc>@@V<lambda_d99a45a39bf155923106577f928afec0>@@@?$__crt_seh_guarded_call@H@@QEAAH$$QEAV<lambda_e8c63f3eaa5b5d1d090047a93e563945>@@AEAV<lambda_108d78a972a15edee025c8b3efe121dc>@@$$QEAV<lambda_d99a45a39bf155923106577f928afec0>@@@Z@4HA 0000000180085858     libucrtd:setvbuf.obj
 0004:00003864       $pdata$raise$fin$0         0000000180085864     libucrtd:signal.obj
 0004:00003870       $pdata$_ctrlfp$filt$0      0000000180085870     libucrtd:fpctrl.obj
 0004:0000387c       $pdata$?fin$0@?0???$?RV<lambda_72d1df2b273a38828b1ce30cbf4cdab5>@@AEAV<lambda_876a65b173b8412d3a47c70a915b0cf4>@@V<lambda_41932305e351933ebe8f8be3ed8bb5dc>@@@?$__crt_seh_guarded_call@X@@QEAAX$$QEAV<lambda_72d1df2b273a38828b1ce30cbf4cdab5>@@AEAV<lambda_876a65b173b8412d3a47c70a915b0cf4>@@$$QEAV<lambda_41932305e351933ebe8f8be3ed8bb5dc>@@@Z@4HA 000000018008587c     libucrtd:per_thread_data.obj
 0004:0000387c       $pdata$?fin$0@?0???$?RV<lambda_4b02a2c13f0b7bca6761cd772f269b25>@@AEAV<lambda_4193c30e38ea2c4c867ab9dfdf9a7ba1>@@V<lambda_389b4ff37004aac51a1dd957cd7254ad>@@@?$__crt_seh_guarded_call@X@@QEAAX$$QEAV<lambda_4b02a2c13f0b7bca6761cd772f269b25>@@AEAV<lambda_4193c30e38ea2c4c867ab9dfdf9a7ba1>@@$$QEAV<lambda_389b4ff37004aac51a1dd957cd7254ad>@@@Z@4HA 000000018008587c     libucrtd:mbctype.obj
 0004:0000387c       $pdata$?fin$0@?0???$?RV<lambda_9431c60049192bb82166e0947f95a2e9>@@AEAV<lambda_85fa512c59a4d94d4a89f575eefd92a6>@@V<lambda_487febba6ca58d9ce348204d67e1dba3>@@@?$__crt_seh_guarded_call@X@@QEAAX$$QEAV<lambda_9431c60049192bb82166e0947f95a2e9>@@AEAV<lambda_85fa512c59a4d94d4a89f575eefd92a6>@@$$QEAV<lambda_487febba6ca58d9ce348204d67e1dba3>@@@Z@4HA 000000018008587c     libucrtd:wsetlocale.obj
 0004:0000387c       $pdata$?fin$0@?0???$?RV<lambda_fb3a7dec4e47f37f22dae91bb15c9095>@@AEAV<lambda_698284760c8add0bfb0756c19673e34b>@@V<lambda_dfb8eca1e75fef3034a8fb18dd509707>@@@?$__crt_seh_guarded_call@X@@QEAAX$$QEAV<lambda_fb3a7dec4e47f37f22dae91bb15c9095>@@AEAV<lambda_698284760c8add0bfb0756c19673e34b>@@$$QEAV<lambda_dfb8eca1e75fef3034a8fb18dd509707>@@@Z@4HA 000000018008587c     libucrtd:per_thread_data.obj
 0004:0000387c       $pdata$?fin$0@?0???$?RV<lambda_5e887d1dcbef67a5eb4283622ba103bf>@@AEAV<lambda_4466841279450cc726390878d4a41900>@@V<lambda_341c25c0346d94847f1f3c463c57e077>@@@?$__crt_seh_guarded_call@X@@QEAAX$$QEAV<lambda_5e887d1dcbef67a5eb4283622ba103bf>@@AEAV<lambda_4466841279450cc726390878d4a41900>@@$$QEAV<lambda_341c25c0346d94847f1f3c463c57e077>@@@Z@4HA 000000018008587c     libucrtd:per_thread_data.obj
 0004:0000387c       $pdata$?fin$0@?0???$?RV<lambda_8773731b9ba2edf4362dda13ebc82854>@@AEAV<lambda_6ac21da2756cd333d25ba1adc9a0001e>@@V<lambda_2c95662d60720604e97e3009a1ee1859>@@@?$__crt_seh_guarded_call@X@@QEAAX$$QEAV<lambda_8773731b9ba2edf4362dda13ebc82854>@@AEAV<lambda_6ac21da2756cd333d25ba1adc9a0001e>@@$$QEAV<lambda_2c95662d60720604e97e3009a1ee1859>@@@Z@4HA 000000018008587c     libucrtd:per_thread_data.obj
 0004:00003888       $pdata$?fin$0@?0??update_thread_multibyte_data_internal@@YAPEAU__crt_multibyte_data@@QEAU__acrt_ptd@@QEAU1@@Z@4HA 0000000180085888     libucrtd:mbctype.obj
 0004:00003894       $pdata$__acrt_initialize_lowio$fin$0 0000000180085894     libucrtd:ioinit.obj
 0004:000038a0       $pdata$_VCrtDbgReportA$fin$0 00000001800858a0     libucrtd:dbgrptt.obj
 0004:000038ac       $pdata$_VCrtDbgReportA$fin$1 00000001800858ac     libucrtd:dbgrptt.obj
 0004:000038b8       $pdata$_VCrtDbgReportW$fin$0 00000001800858b8     libucrtd:dbgrptt.obj
 0004:000038c4       $pdata$_VCrtDbgReportW$fin$1 00000001800858c4     libucrtd:dbgrptt.obj
 0004:000038d0       $pdata$?dtor$0@?0??fp_format_a@@YAHQEBNPEAD_KQEAD2H_NIQEAU__crt_locale_pointers@@@Z@4HA 00000001800858d0     libucrtd:cvt.obj
 0004:000038dc       $pdata$_fcloseall$fin$0    00000001800858dc     libucrtd:closeall.obj
 0004:000038e8       $pdata$?fin$0@?0???$?RV<lambda_4f1f1a84956f0d44b74de224c960ff76>@@AEAV<lambda_a8f98972ebaa5f7148d35bffe53bd70d>@@V<lambda_f6ca65dda28655a1cf758c1c4e38e52a>@@@?$__crt_seh_guarded_call@H@@QEAAH$$QEAV<lambda_4f1f1a84956f0d44b74de224c960ff76>@@AEAV<lambda_a8f98972ebaa5f7148d35bffe53bd70d>@@$$QEAV<lambda_f6ca65dda28655a1cf758c1c4e38e52a>@@@Z@4HA 00000001800858e8     libucrtd:close.obj
 0004:000038e8       $pdata$?fin$0@?0???$?RV<lambda_2ce24b26f23dade10250ef086380d911>@@AEAV<lambda_e9ab68cc08dfd839979545c079379e6e>@@V<lambda_6262c464c96e4c69799ed44814c7c457>@@@?$__crt_seh_guarded_call@H@@QEAAH$$QEAV<lambda_2ce24b26f23dade10250ef086380d911>@@AEAV<lambda_e9ab68cc08dfd839979545c079379e6e>@@$$QEAV<lambda_6262c464c96e4c69799ed44814c7c457>@@@Z@4HA 00000001800858e8     libucrtd:commit.obj
 0004:000038f4       $pdata$?fin$0@?0???$common_lseek@_J@@YA_JH_JH@Z@4HA 00000001800858f4     libucrtd:lseek.obj
 0004:000038f4       $pdata$_write$fin$0        00000001800858f4     libucrtd:write.obj
 0004:00003900       $pdata$__acrt_update_thread_locale_data$fin$0 0000000180085900     libucrtd:locale_refcounting.obj
 0004:0000390c       $pdata$__acrt_lowio_ensure_fh_exists$fin$0 000000018008590c     libucrtd:osfinfo.obj
 0004:00003918       $pdata$?dtor$0@?0??_wcstombs_l_helper@@YA_KPEADPEB_W_KPEAU__crt_locale_pointers@@@Z@4HA 0000000180085918     libucrtd:wcstombs.obj
 0004:00003924       $pdata$common_control87$filt$0 0000000180085924     libucrtd:ieee.obj
 0004:00003930       $pdata$fclose$fin$0        0000000180085930     libucrtd:fclose.obj
 0004:0000393c       $pdata$_IsNonwritableInCurrentImage$filt$0 000000018008593c     LIBCMTD:pesect.obj
 0004:00003948       $pdata$_CallSETranslator$filt$0 0000000180085948     libvcruntimed:trnsctrl.obj
 0004:00003954       $pdata$terminate$filt$0    0000000180085954     libucrtd:terminate.obj
 0004:00003954       $pdata$?filt$0@?0??is_bad_read_pointer@@YA_NQEBX_K@Z@4HA 0000000180085954     libucrtd:debug_heap.obj
 0004:00003954       $pdata$__BuildCatchObjectHelper$filt$0 0000000180085954     libvcruntimed:frame.obj
 0004:00003954       $pdata$__BuildCatchObject$filt$0 0000000180085954     libvcruntimed:frame.obj
 0004:00003960       $pdata$__CxxCallCatchBlock$filt$0 0000000180085960     libvcruntimed:frame.obj
 0004:0000396c       $pdata$__CxxCallCatchBlock$fin$1 000000018008596c     libvcruntimed:frame.obj
 0004:00003978       $pdata$__DestructExceptionObject$filt$0 0000000180085978     libvcruntimed:frame.obj
 0004:00003984       $pdata$__FrameUnwindToState$filt$0 0000000180085984     libvcruntimed:frame.obj
 0004:00003990       $pdata$__FrameUnwindToState$fin$1 0000000180085990     libvcruntimed:frame.obj
 0005:00000000       __guard_fids__             0000000180086000     libucrtd:initialization.obj
 0005:00000060       __guard_fids_??$common_show_message_box@_W@@YAHQEB_W0I@Z 0000000180086060     libucrtd:crtmbox.obj
 0005:00000064       __guard_fids___acrt_initialize_ptd 0000000180086064     libucrtd:per_thread_data.obj
 0005:00000068       __guard_fids__             0000000180086068     libucrtd:debug_heap_hook.obj
 0005:0000006c       __guard_fids__             000000018008606c     libucrtd:stdio_initializer.obj
 0005:00000070       __guard_fids__             0000000180086070     libucrtd:stdio_initializer.obj
 0005:00000074       __guard_fids__             0000000180086074     libucrtd:fma3_initializer.obj
 0005:00000078       __guard_fids__             0000000180086078     libucrtd:multibyte_initializer.obj
 0005:0000007c       __guard_fids__             000000018008607c     libucrtd:locale_initializer.obj
 0005:00000080       __guard_fids__             0000000180086080     libucrtd:console_output_initializer.obj
 0005:00000084       __guard_fids_?dllmain_crt_process_attach@@YAHQEAUHINSTANCE__@@QEAX@Z 0000000180086084     LIBCMTD:dll_dllmain.obj
 0005:0000008c       __guard_fids_?dllmain_dispatch@@YAHQEAUHINSTANCE__@@KQEAX@Z 000000018008608c     LIBCMTD:dll_dllmain.obj
 0005:00000090       __guard_fids__             0000000180086090     LIBCMTD:guard_support.obj
 0005:00000094       __guard_fids__guard_icall_checks_enforced 0000000180086094     LIBCMTD:guard_support.obj
 0005:00000098       __guard_fids__             0000000180086098     libvcruntimed:telemetry.obj
 0005:0000009c       __guard_fids_?TraceLoggingRegister@__vcrt_trace_logging_provider@@YAJPEBU_TlgProvider_t@1@PEBU_GUID@@P6AX1KE_K2PEAU_EVENT_FILTER_DESCRIPTOR@@PEAX@Z4@Z 000000018008609c     libvcruntimed:telemetry.obj
 0005:000000a0       __guard_fids___vcrt_initialize_ptd 00000001800860a0     libvcruntimed:per_thread_data.obj
 0005:000000a4       __guard_fids__             00000001800860a4     LIBCMTD:std_type_info_static.obj
 0005:000000a8       __guard_fids__UnwindNestedFrames 00000001800860a8     libvcruntimed:trnsctrl.obj
 0005:000000ac       __guard_fids__             00000001800860ac     libvcruntimed:frame.obj
 0005:000000b0       __guard_fids__             00000001800860b0     libvcruntimed:frame.obj
 0005:000000b8       __guard_fids__             00000001800860b8     libvcruntimed:frame.obj
