 app

 Timestamp is 60105301 (Tue Jan 26 18:36:01 2021)

 Preferred load address is 0000000180000000

 Start         Length     Name                   Class
 0001:00000000 00000627H .text                   CODE
 0001:00000630 0006030aH .text$mn                CODE
 0001:00060940 00000012H .text$mn$00             CODE
 0001:00060960 00000709H .text$x                 CODE
 0002:00000000 00000260H .idata$5                DATA
 0002:00000260 00000010H .00cfg                  DATA
 0002:00000270 00000008H .CRT$XCA                DATA
 0002:00000278 00000008H .CRT$XCZ                DATA
 0002:00000280 00000008H .CRT$XIA                DATA
 0002:00000288 00000018H .CRT$XIC                DATA
 0002:000002a0 00000008H .CRT$XIZ                DATA
 0002:000002a8 00000008H .CRT$XPA                DATA
 0002:000002b0 00000010H .CRT$XPX                DATA
 0002:000002c0 00000008H .CRT$XPXA               DATA
 0002:000002c8 00000008H .CRT$XPZ                DATA
 0002:000002d0 00000008H .CRT$XTA                DATA
 0002:000002d8 00000008H .CRT$XTZ                DATA
 0002:000002e0 00015e14H .rdata                  DATA
 0002:000160f8 0000016cH .rdata$r                DATA
 0002:00016268 00000010H .rdata$zETW0            DATA
 0002:00016278 00000077H .rdata$zETW1            DATA
 0002:000162ef 0000002cH .rdata$zETW2            DATA
 0002:0001631b 00000001H .rdata$zETW9            DATA
 0002:0001631c 0000036cH .rdata$zzzdbg           DATA
 0002:00016688 00000008H .rtc$IAA                DATA
 0002:00016690 00000008H .rtc$IZZ                DATA
 0002:00016698 00000008H .rtc$TAA                DATA
 0002:000166a0 00000008H .rtc$TZZ                DATA
 0002:000166b0 00001accH .xdata                  DATA
 0002:00018180 00000084H .xdata$x                DATA
 0002:00018210 0000006aH .edata                  DATA
 0002:0001827c 00000028H .idata$2                DATA
 0002:000182a4 00000014H .idata$3                DATA
 0002:000182b8 00000260H .idata$4                DATA
 0002:00018518 0000059aH .idata$6                DATA
 0003:00000000 000049d0H .data                   DATA
 0003:000049d0 0000006cH .data$r                 DATA
 0003:00004a40 00001788H .bss                    DATA
 0004:00000000 00003990H .pdata                  DATA
 0005:00000000 00000084H .gfids$x                DATA
 0005:00000084 0000003cH .gfids$y                DATA

  Address         Publics by Value              Rva+Base               Lib:Object

 0000:00000000       __guard_iat_table          0000000000000000     <absolute>
 0000:00000000       __guard_iat_count          0000000000000000     <absolute>
 0000:00000000       __guard_fids_count         0000000000000000     <absolute>
 0000:00000000       ___safe_se_handler_table   0000000000000000     <absolute>
 0000:00000000       __guard_longjmp_table      0000000000000000     <absolute>
 0000:00000000       __guard_longjmp_count      0000000000000000     <absolute>
 0000:00000000       ___safe_se_handler_count   0000000000000000     <absolute>
 0000:00000000       __guard_fids_table         0000000000000000     <absolute>
 0000:00000100       __guard_flags              0000000000000100     <absolute>
 0000:00000000       __ImageBase                0000000180000000     <linker-defined>
 0001:00000000       ?TraceLoggingRegister@__vcrt_trace_logging_provider@@YAJPEBU_TlgProvider_t@1@PEBU_GUID@@P6AX1KE_K2PEAU_EVENT_FILTER_DESCRIPTOR@@PEAX@Z4@Z 0000000180001000 f i libvcruntimed:telemetry.obj
 0001:000000f0       ?TraceLoggingSetInformation@__vcrt_trace_logging_provider@@YAJPEBU_TlgProvider_t@1@W4_EVENT_INFO_CLASS@@PEAXK@Z 00000001800010f0 f i libvcruntimed:telemetry.obj
 0001:00000140       ?TraceLoggingUnregister@__vcrt_trace_logging_provider@@YAXPEBU_TlgProvider_t@1@@Z 0000000180001140 f i libvcruntimed:telemetry.obj
 0001:00000170       ?_TlgCreateSz@__vcrt_trace_logging_provider@@YAXPEAU_EVENT_DATA_DESCRIPTOR@@PEBD@Z 0000000180001170 f i libvcruntimed:telemetry.obj
 0001:000001e0       ?_TlgCreateWsz@__vcrt_trace_logging_provider@@YAXPEAU_EVENT_DATA_DESCRIPTOR@@PEB_W@Z 00000001800011e0 f i libvcruntimed:telemetry.obj
 0001:00000250       ?_TlgEnableCallback@__vcrt_trace_logging_provider@@YAXPEBU_GUID@@KE_K1PEAU_EVENT_FILTER_DESCRIPTOR@@PEAX@Z 0000000180001250 f i libvcruntimed:telemetry.obj
 0001:00000370       ?_TlgKeywordOn@__vcrt_trace_logging_provider@@YAEPEBU_TlgProvider_t@1@_K@Z 0000000180001370 f i libvcruntimed:telemetry.obj
 0001:000003e0       ?_TlgWrite@__vcrt_trace_logging_provider@@YAJPEBU_TlgProvider_t@1@PEFBXPEBU_GUID@@2IPEAU_EVENT_DATA_DESCRIPTOR@@@Z 00000001800013e0 f i libvcruntimed:telemetry.obj
 0001:00000d30       ?HashString@@YA?AUhash_string_result@@PEAD@Z 0000000180001d30 f   app.obj
 0001:000019b0       stbtt_BakeFontBitmap       00000001800029b0 f   app.obj
 0001:00001a30       stbtt_GetBakedQuad         0000000180002a30 f   app.obj
 0001:00001c60       stbtt_GetScaledFontVMetrics 0000000180002c60 f   app.obj
 0001:00001d70       stbtt_PackBegin            0000000180002d70 f   app.obj
 0001:00001f20       stbtt_PackEnd              0000000180002f20 f   app.obj
 0001:00001f50       stbtt_PackFontRange        0000000180002f50 f   app.obj
 0001:00001fe0       stbtt_PackFontRanges       0000000180002fe0 f   app.obj
 0001:00002240       stbtt_PackSetOversampling  0000000180003240 f   app.obj
 0001:000022d0       stbtt_PackSetSkipMissingCodepoints 00000001800032d0 f   app.obj
 0001:000022f0       stbtt_GetPackedQuad        00000001800032f0 f   app.obj
 0001:00002570       stbtt_PackFontRangesGatherRects 0000000180003570 f   app.obj
 0001:000028c0       stbtt_PackFontRangesPackRects 00000001800038c0 f   app.obj
 0001:00002900       stbtt_PackFontRangesRenderIntoRects 0000000180003900 f   app.obj
 0001:00003100       stbtt_GetNumberOfFonts     0000000180004100 f   app.obj
 0001:00003120       stbtt_GetFontOffsetForIndex 0000000180004120 f   app.obj
 0001:00003150       stbtt_InitFont             0000000180004150 f   app.obj
 0001:00003190       stbtt_FindGlyphIndex       0000000180004190 f   app.obj
 0001:000037b0       stbtt_ScaleForPixelHeight  00000001800047b0 f   app.obj
 0001:00003830       stbtt_ScaleForMappingEmToPixels 0000000180004830 f   app.obj
 0001:00003890       stbtt_GetFontVMetrics      0000000180004890 f   app.obj
 0001:00003940       stbtt_GetFontVMetricsOS2   0000000180004940 f   app.obj
 0001:00003a20       stbtt_GetFontBoundingBox   0000000180004a20 f   app.obj
 0001:00003ae0       stbtt_GetCodepointHMetrics 0000000180004ae0 f   app.obj
 0001:00003b30       stbtt_GetCodepointKernAdvance 0000000180004b30 f   app.obj
 0001:00003ba0       stbtt_GetCodepointBox      0000000180004ba0 f   app.obj
 0001:00003c00       stbtt_GetGlyphHMetrics     0000000180004c00 f   app.obj
 0001:00003d70       stbtt_GetGlyphKernAdvance  0000000180004d70 f   app.obj
 0001:00003df0       stbtt_GetGlyphBox          0000000180004df0 f   app.obj
 0001:00003f20       stbtt_GetKerningTableLength 0000000180004f20 f   app.obj
 0001:00003fb0       stbtt_GetKerningTable      0000000180004fb0 f   app.obj
 0001:00004120       stbtt_IsGlyphEmpty         0000000180005120 f   app.obj
 0001:000041e0       stbtt_GetCodepointShape    00000001800051e0 f   app.obj
 0001:00004220       stbtt_GetGlyphShape        0000000180005220 f   app.obj
 0001:00004280       stbtt_FreeShape            0000000180005280 f   app.obj
 0001:000042b0       stbtt_GetCodepointSVG      00000001800052b0 f   app.obj
 0001:000042f0       stbtt_GetGlyphSVG          00000001800052f0 f   app.obj
 0001:000043a0       stbtt_FreeBitmap           00000001800053a0 f   app.obj
 0001:000043d0       stbtt_GetCodepointBitmap   00000001800053d0 f   app.obj
 0001:00004460       stbtt_GetCodepointBitmapSubpixel 0000000180005460 f   app.obj
 0001:00004500       stbtt_MakeCodepointBitmap  0000000180005500 f   app.obj
 0001:00004590       stbtt_MakeCodepointBitmapSubpixel 0000000180005590 f   app.obj
 0001:00004630       stbtt_MakeCodepointBitmapSubpixelPrefilter 0000000180005630 f   app.obj
 0001:00004710       stbtt_GetCodepointBitmapBox 0000000180005710 f   app.obj
 0001:000047a0       stbtt_GetCodepointBitmapBoxSubpixel 00000001800057a0 f   app.obj
 0001:00004840       stbtt_GetGlyphBitmap       0000000180005840 f   app.obj
 0001:000048d0       stbtt_GetGlyphBitmapSubpixel 00000001800058d0 f   app.obj
 0001:00004b90       stbtt_MakeGlyphBitmap      0000000180005b90 f   app.obj
 0001:00004c20       stbtt_MakeGlyphBitmapSubpixel 0000000180005c20 f   app.obj
 0001:00004db0       stbtt_MakeGlyphBitmapSubpixelPrefilter 0000000180005db0 f   app.obj
 0001:00004ef0       stbtt_GetGlyphBitmapBox    0000000180005ef0 f   app.obj
 0001:00004f80       stbtt_GetGlyphBitmapBoxSubpixel 0000000180005f80 f   app.obj
 0001:00005130       stbtt_Rasterize            0000000180006130 f   app.obj
 0001:000052a0       stbtt_FreeSDF              00000001800062a0 f   app.obj
 0001:000052d0       stbtt_GetGlyphSDF          00000001800062d0 f   app.obj
 0001:00006b70       stbtt_GetCodepointSDF      0000000180007b70 f   app.obj
 0001:00006c10       stbtt_FindMatchingFont     0000000180007c10 f   app.obj
 0001:00006c50       stbtt_CompareUTF8toUTF16_bigendian 0000000180007c50 f   app.obj
 0001:00006c90       stbtt_GetFontNameString    0000000180007c90 f   app.obj
 0001:0000cf40       ?stbtt_FindSVGDoc@@YAPEAEPEBUstbtt_fontinfo@@H@Z 000000018000df40 f   app.obj
 0001:00017ab0       ?MakeGroundedTreeCollisionVolume@@YAPEAUentity_collision_volume_group@@PEAUmemory_arena@@@Z 0000000180018ab0 f   app.obj
 0001:0001bb30       ?VertexC@@YA?AUrender_vertex@@MMMMM@Z 000000018001cb30 f   app.obj
 0001:0001f060       AppUpdateAndRender         0000000180020060 f   app.obj
 0001:000227e0       AppGetSoundSamples         00000001800237e0 f   app.obj
 0001:000228c0       ??D@YA?AUv2@@MU0@@Z        00000001800238c0 f i app.obj
 0001:00022900       ??D@YA?AUv2@@U0@0@Z        0000000180023900 f i app.obj
 0001:00022940       ??D@YA?AUv2@@U0@M@Z        0000000180023940 f i app.obj
 0001:00022980       ??D@YA?AUv3@@MU0@@Z        0000000180023980 f i app.obj
 0001:00022a20       ??D@YA?AUv3@@U0@M@Z        0000000180023a20 f i app.obj
 0001:00022ac0       ??G@YA?AUv2@@U0@0@Z        0000000180023ac0 f i app.obj
 0001:00022b00       ??G@YA?AUv3@@U0@0@Z        0000000180023b00 f i app.obj
 0001:00022ba0       ??G@YA?AUv3@@U0@@Z         0000000180023ba0 f i app.obj
 0001:00022c30       ??H@YA?AUv2@@U0@0@Z        0000000180023c30 f i app.obj
 0001:00022c70       ??H@YA?AUv3@@U0@0@Z        0000000180023c70 f i app.obj
 0001:00022d10       ??X@YAAEAUv2@@AEAU0@M@Z    0000000180023d10 f i app.obj
 0001:00022d50       ??X@YAAEAUv3@@AEAU0@M@Z    0000000180023d50 f i app.obj
 0001:00022df0       ??Y@YAAEAUv3@@AEAU0@U0@@Z  0000000180023df0 f i app.obj
 0001:00022ea0       ??Z@YAAEAUv3@@AEAU0@U0@@Z  0000000180023ea0 f i app.obj
 0001:00022f50       ?AcquireTexture@@YA?AUloaded_texture@@PEAUapp_state@@PEAD@Z 0000000180023f50 f i app.obj
 0001:00022fe0       ?AddPlayerDelayedAttack@@YAXPEAUapp_state@@MUv2@@@Z 0000000180023fe0 f i app.obj
 0001:00023090       ?AddPlayerDelayedCast@@YAXPEAUapp_state@@MUv2@@@Z 0000000180024090 f i app.obj
 0001:00023140       ?AddPlayerDelayedMove@@YAXPEAUapp_state@@MUv2@@@Z 0000000180024140 f i app.obj
 0001:000231f0       ?AllocateSize@@YAPEAXPEAUmemory_arena@@_K1@Z 00000001800241f0 f i app.obj
 0001:000232a0       ?BeginBatch@@YAXPEAUrender_context@@IMUrender_program@@@Z 00000001800242a0 f i app.obj
 0001:00023380       ?BeginContainer@@YAXPEAUui_context@@MMMM@Z 0000000180024380 f i app.obj
 0001:00023460       ?BeginTemporaryMemory@@YA?AUtemporary_memory@@PEAUmemory_arena@@@Z 0000000180024460 f i app.obj
 0001:000234c0       ?CanCollide@@YAHPEAUapp_state@@W4entity_type@@1@Z 00000001800244c0 f i app.obj
 0001:00023500       ?CannonicalizePosition@@YA?AUcannonical_position@@Uv3@@III@Z 0000000180024500 f i app.obj
 0001:00023630       ?CeilFloatToUInt32@@YAIM@Z 0000000180024630 f i app.obj
 0001:00023660       ?CenterCamera@@YA?AUv3@@U1@MMMMII@Z 0000000180024660 f i app.obj
 0001:00023840       ?ClipRectangle@@YA?AUv4@@MMMMMMMM@Z 0000000180024840 f i app.obj
 0001:000239a0       ?DoAnimation@@YA?AUv4@@PEAUanimation_state@@IIIIMMPEAUanimation_set@@W4animation_type@@W4animation_direction@@@Z 00000001800249a0 f i app.obj
 0001:00023b60       ?DotProduct@@YAMUv3@@0@Z   0000000180024b60 f i app.obj
 0001:00023bc0       ?EndBatch@@YAXPEAUrender_context@@@Z 0000000180024bc0 f i app.obj
 0001:00023bf0       ?EndContainer@@YAXPEAUui_context@@@Z 0000000180024bf0 f i app.obj
 0001:00023c80       ?EndTemporaryMemory@@YAXUtemporary_memory@@@Z 0000000180024c80 f i app.obj
 0001:00023d30       ?GetAlignmentOffset@@YA_KPEAUmemory_arena@@_K@Z 0000000180024d30 f i app.obj
 0001:00023db0       ?GetAnimation@@YAPEAUanimation_slot@@PEAUanimation_set@@W4animation_type@@W4animation_direction@@@Z 0000000180024db0 f i app.obj
 0001:00023df0       ?GetAsset@@YAPEAUasset@@PEAUassets@@Uasset_id@@@Z 0000000180024df0 f i app.obj
 0001:00023ea0       ?GetAssetInfo@@YAPEAUzas_asset_info@@PEAUassets@@Uasset_id@@@Z 0000000180024ea0 f i app.obj
 0001:00023f40       ?GetAudio@@YAPEAUloaded_audio@@PEAUassets@@PEAUapp_state@@Uasset_id@@@Z 0000000180024f40 f i app.obj
 0001:00023fd0       ?GetChunk@@YAPEAUworld_chunk@@PEAUworld@@III@Z 0000000180024fd0 f i app.obj
 0001:00024060       ?GetChunksFromEntity@@YAXPEAUworld@@PEAUworld_entity@@PEAI22222@Z 0000000180025060 f i app.obj
 0001:00024210       ?GetController@@YAPEAUapp_controller_input@@PEAUapp_input@@H@Z 0000000180025210 f i app.obj
 0001:00024260       ?GetTexture@@YAPEAUloaded_texture@@PEAUassets@@PEAUopen_gl@@PEAUapp_state@@Uasset_id@@@Z 0000000180025260 f i app.obj
 0001:000242e0       ?GetTextureUvsFromIndex@@YA?AUv4@@IIIII@Z 00000001800252e0 f i app.obj
 0001:00024430       ?GetTotalVolume@@YA?AUentity_collision_volume@@PEAU1@I@Z 0000000180025430 f i app.obj
 0001:00024780       ?InitializeArena@@YAXPEAUmemory_arena@@PEA_K_K@Z 0000000180025780 f i app.obj
 0001:000247d0       ?IsAnimationFinished@@YAHPEAUanimation_set@@PEAUanimation_state@@W4animation_type@@W4animation_direction@@@Z 00000001800257d0 f i app.obj
 0001:00024840       ?IsMouseOnRectangle@@YAHHHMMMM@Z 0000000180025840 f i app.obj
 0001:000248c0       ?Length@@YAMUv3@@@Z        00000001800258c0 f i app.obj
 0001:00024910       ?LengthSq@@YAMUv3@@@Z      0000000180025910 f i app.obj
 0001:00024970       ?MakeSimpleGroundedCollisionVolume@@YAPEAUentity_collision_volume_group@@PEAUmemory_arena@@Uv3@@@Z 0000000180025970 f i app.obj
 0001:00024a90       ?Maximum3@@YA?AUv3@@U1@0@Z 0000000180025a90 f i app.obj
 0001:00024bb0       ?Minimum3@@YA?AUv3@@U1@0@Z 0000000180025bb0 f i app.obj
 0001:00024cd0       ?NextRandomNumberU32@@YAIPEAUrandom_series@@@Z 0000000180025cd0 f i app.obj
 0001:00024d20       ?OrthoMatrix@@YA?AUmat4@@MMMMMM@Z 0000000180025d20 f i app.obj
 0001:00024ee0       ?RandomChoice@@YAIPEAUrandom_series@@I@Z 0000000180025ee0 f i app.obj
 0001:00024f10       ?RectCenterHalfDims@@YA?AUrectangle2@@Uv2@@0@Z 0000000180025f10 f i app.obj
 0001:00024fb0       ?RectCenterHalfDims@@YA?AUrectangle3@@Uv3@@0@Z 0000000180025fb0 f i app.obj
 0001:00025100       ?RectMinMax@@YA?AUrectangle3@@Uv3@@0@Z 0000000180026100 f i app.obj
 0001:00025180       ?RectanglesIntersect@@YAHUrectangle2@@0@Z 0000000180026180 f i app.obj
 0001:00025200       ?RectanglesIntersect@@YAHUrectangle3@@0@Z 0000000180026200 f i app.obj
 0001:000252b0       ?RemoveEntity@@YAHPEAUworld@@PEAUworld_entity@@@Z 00000001800262b0 f i app.obj
 0001:00025530       ?RenderProgramUse@@YAXPEAUrender_context@@PEAUrender_program@@@Z 0000000180026530 f i app.obj
 0001:00025610       ?RenderText@@YAXPEAUrender_context@@MMMMUv4@@PEAUfont@@Urender_program@@PEADIIM@Z 0000000180026610 f i app.obj
 0001:00025800       ?RenderVertex@@YAXPEAUrender_context@@MMMI@Z 0000000180026800 f i app.obj
 0001:000258a0       ?RenderVertex@@YAXPEAUrender_context@@MMMIMM@Z 00000001800268a0 f i app.obj
 0001:00025940       ?RoundFloatToI32@@YAHM@Z   0000000180026940 f i app.obj
 0001:00025970       ?RoundFloatToU32@@YAIM@Z   0000000180026970 f i app.obj
 0001:000259a0       ?Seed@@YA?AUrandom_series@@I@Z 00000001800269a0 f i app.obj
 0001:000259d0       ?SetCollision@@YAXPEAUapp_state@@W4entity_type@@1H@Z 00000001800269d0 f i app.obj
 0001:00025a30       ?Sin@@YAMM@Z               0000000180026a30 f i app.obj
 0001:00025a60       ?Square@@YAMM@Z            0000000180026a60 f i app.obj
 0001:00025a90       ?SquareRoot@@YAMM@Z        0000000180026a90 f i app.obj
 0001:00025ac0       ?SubArena@@YAXPEAUmemory_arena@@0_K1@Z 0000000180026ac0 f i app.obj
 0001:00025b20       ?UIContextGetCurrentContainer@@YAPEAUui_container@@PEAUui_context@@@Z 0000000180026b20 f i app.obj
 0001:00025b60       ?UIContextInsertElement@@YAPEAUui_element@@PEAUui_context@@@Z 0000000180026b60 f i app.obj
 0001:00025ba0       ?UIContextInsertElement@@YAPEAUui_element@@PEAUui_context@@W4ui_element_type@@MMUv4@@PEAUui_state@@MM@Z 0000000180026ba0 f i app.obj
 0001:00025c50       ?UIEnd@@YAXPEAUui_context@@@Z 0000000180026c50 f i app.obj
 0001:00025d70       ?UploadAudio@@YAXPEAUassets@@Uloaded_audio@@Uasset_id@@@Z 0000000180026d70 f i app.obj
 0001:00025dc0       ?UploadTexture@@YAXPEAUassets@@Uloaded_texture@@Uasset_id@@@Z 0000000180026dc0 f i app.obj
 0001:00025e10       ?V2@@YA?AUv2@@II@Z         0000000180026e10 f i app.obj
 0001:00025e50       ?V2@@YA?AUv2@@M@Z          0000000180026e50 f i app.obj
 0001:00025e80       ?V2@@YA?AUv2@@MM@Z         0000000180026e80 f i app.obj
 0001:00025eb0       ?V3@@YA?AUv3@@III@Z        0000000180026eb0 f i app.obj
 0001:00025f30       ?V3@@YA?AUv3@@MMM@Z        0000000180026f30 f i app.obj
 0001:00025fb0       ?ZeroSize@@YAXPEAX_K@Z     0000000180026fb0 f i app.obj
 0001:00025fd0       __GSHandlerCheck           0000000180026fd0 f   LIBCMTD:_gshandler_.obj
 0001:00026010       __GSHandlerCheckCommon     0000000180027010 f   LIBCMTD:_gshandler_.obj
 0001:00026120       __security_check_cookie    0000000180027120 f   LIBCMTD:_amdsecgs_.obj
 0001:00026550       _DllMainCRTStartup         0000000180027550 f   LIBCMTD:dll_dllmain.obj
 0001:00026590       __raise_securityfailure    0000000180027590 f   LIBCMTD:gs_report.obj
 0001:000265d0       __report_gsfailure         00000001800275d0 f   LIBCMTD:gs_report.obj
 0001:000266b0       __report_rangecheckfailure 00000001800276b0 f   LIBCMTD:gs_report.obj
 0001:000266d0       __report_securityfailure   00000001800276d0 f   LIBCMTD:gs_report.obj
 0001:00026830       ?__crt_rotate_pointer_value@@YA_K_KH@Z 0000000180027830 f i LIBCMTD:utility.obj
 0001:000269b0       NtCurrentTeb               00000001800279b0 f i LIBCMTD:utility.obj
 0001:000269c0       __scrt_acquire_startup_lock 00000001800279c0 f   LIBCMTD:utility.obj
 0001:00026a30       __scrt_dllmain_after_initialize_c 0000000180027a30 f   LIBCMTD:utility.obj
 0001:00026a50       __scrt_dllmain_before_initialize_c 0000000180027a50 f   LIBCMTD:utility.obj
 0001:00026a70       __scrt_dllmain_crt_thread_attach 0000000180027a70 f   LIBCMTD:utility.obj
 0001:00026aa0       __scrt_dllmain_crt_thread_detach 0000000180027aa0 f   LIBCMTD:utility.obj
 0001:00026ac0       __scrt_dllmain_exception_filter 0000000180027ac0 f   LIBCMTD:utility.obj
 0001:00026b20       __scrt_dllmain_uninitialize_c 0000000180027b20 f   LIBCMTD:utility.obj
 0001:00026b50       __scrt_dllmain_uninitialize_critical 0000000180027b50 f   LIBCMTD:utility.obj
 0001:00026b70       __scrt_initialize_crt      0000000180027b70 f   LIBCMTD:utility.obj
 0001:00026bc0       __scrt_initialize_onexit_tables 0000000180027bc0 f   LIBCMTD:utility.obj
 0001:00026cc0       __scrt_is_nonwritable_in_current_image 0000000180027cc0 f   LIBCMTD:utility.obj
 0001:00026d50       __scrt_release_startup_lock 0000000180027d50 f   LIBCMTD:utility.obj
 0001:00026d80       __scrt_uninitialize_crt    0000000180027d80 f   LIBCMTD:utility.obj
 0001:00026dc0       _onexit                    0000000180027dc0 f   LIBCMTD:utility.obj
 0001:00026e50       atexit                     0000000180027e50 f   LIBCMTD:utility.obj
 0001:00026e90       __security_init_cookie     0000000180027e90 f   LIBCMTD:gs_support.obj
 0001:00026fb0       DllMain                    0000000180027fb0 f   LIBCMTD:dll_dllmain_stub.obj
 0001:00026fd0       ?__scrt_initialize_type_info@@YAXXZ 0000000180027fd0 f   LIBCMTD:tncleanup.obj
 0001:00026ff0       ?__scrt_uninitialize_type_info@@YAXXZ 0000000180027ff0 f   LIBCMTD:tncleanup.obj
 0001:00027010       __local_stdio_printf_options 0000000180028010 f i LIBCMTD:default_local_stdio_options.obj
 0001:00027020       __local_stdio_scanf_options 0000000180028020 f i LIBCMTD:default_local_stdio_options.obj
 0001:00027030       __scrt_initialize_default_local_stdio_options 0000000180028030 f   LIBCMTD:default_local_stdio_options.obj
 0001:00027080       __scrt_get_dyn_tls_init_callback 0000000180028080 f   LIBCMTD:dyn_tls_init.obj
 0001:00027090       __crt_debugger_hook        0000000180028090 f   LIBCMTD:utility_desktop.obj
 0001:000270a0       __scrt_fastfail            00000001800280a0 f   LIBCMTD:utility_desktop.obj
 0001:00027240       _RTC_Initialize            0000000180028240 f   LIBCMTD:_initsect_.obj
 0001:00027290       _RTC_Terminate             0000000180028290 f   LIBCMTD:_initsect_.obj
 0001:000272e0       _guard_check_icall         00000001800282e0 f i LIBCMTD:checkcfg.obj
 0001:00027300       __isa_available_init       0000000180028300 f   LIBCMTD:_cpu_disp_.obj
 0001:00027680       __scrt_is_ucrt_dll_in_use  0000000180028680 f   LIBCMTD:ucrt_detection.obj
 0001:000276b0       _guard_icall_checks_enforced 00000001800286b0 f i LIBCMTD:guard_support.obj
 0001:000276e0       IsProcessorFeaturePresent  00000001800286e0 f   kernel32:KERNEL32.dll
 0001:00027700       memcmp                     0000000180028700 f   libvcruntimed:memcmp.obj
 0001:00027860       EventDataDescCreate        0000000180028860 f i libvcruntimed:telemetry.obj
 0001:000278a0       HRESULT_FROM_WIN32         00000001800288a0 f i libvcruntimed:telemetry.obj
 0001:000278e0       __telemetry_main_invoke_trigger 00000001800288e0 f   libvcruntimed:telemetry.obj
 0001:00027a20       __telemetry_main_return_trigger 0000000180028a20 f   libvcruntimed:telemetry.obj
 0001:00027b60       __vcrt_initialize_telemetry_provider 0000000180028b60 f   libvcruntimed:telemetry.obj
 0001:00027b80       __vcrt_uninitialize_telemetry_provider 0000000180028b80 f   libvcruntimed:telemetry.obj
 0001:00027ba0       __C_specific_handler       0000000180028ba0 f   libvcruntimed:_chandler_.obj
 0001:00027fd0       __vcrt_initialize          0000000180028fd0 f   libvcruntimed:initialization.obj
 0001:00028020       __vcrt_thread_attach       0000000180029020 f   libvcruntimed:initialization.obj
 0001:00028040       __vcrt_thread_detach       0000000180029040 f   libvcruntimed:initialization.obj
 0001:00028060       __vcrt_uninitialize        0000000180029060 f   libvcruntimed:initialization.obj
 0001:00028090       __vcrt_uninitialize_critical 0000000180029090 f   libvcruntimed:initialization.obj
 0001:000280a0       __std_type_info_compare    00000001800290a0 f   libvcruntimed:std_type_info.obj
 0001:000280e0       __std_type_info_destroy_list 00000001800290e0 f   libvcruntimed:std_type_info.obj
 0001:00028140       ??$__crt_interlocked_compare_exchange_pointer@X$$T$$T@@YAPEAXPEDSEAX$$T1@Z 0000000180029140 f i libvcruntimed:winapi_downlevel.obj
 0001:00028140       ??$__crt_interlocked_compare_exchange_pointer@UHINSTANCE__@@$$T$$T@@YAPEAUHINSTANCE__@@PEDSEAU0@$$T1@Z 0000000180029140 f i libvcruntimed:winapi_downlevel.obj
 0001:00028180       ??$__crt_interlocked_exchange_pointer@UHINSTANCE__@@PEAX@@YAPEAUHINSTANCE__@@PEDSEAU0@QEAX@Z 0000000180029180 f i libvcruntimed:winapi_downlevel.obj
 0001:00028180       ??$__crt_interlocked_exchange_pointer@UHINSTANCE__@@PEAU1@@@YAPEAUHINSTANCE__@@PEDSEAU0@QEAU0@@Z 0000000180029180 f i libvcruntimed:winapi_downlevel.obj
 0001:00028180       ??$__crt_interlocked_exchange_pointer@XPEAX@@YAPEAXPEDSEAXQEAX@Z 0000000180029180 f i libvcruntimed:winapi_downlevel.obj
 0001:000281a0       ??$__crt_interlocked_read_pointer@X@@YAPEAXPEDSEAX@Z 00000001800291a0 f i libvcruntimed:winapi_downlevel.obj
 0001:000281a0       ??$__crt_interlocked_read_pointer@UHINSTANCE__@@@@YAPEAUHINSTANCE__@@PEDSEAU0@@Z 00000001800291a0 f i libvcruntimed:winapi_downlevel.obj
 0001:000281c0       ?__crt_fast_encode_pointer@@YA?AU__crt_fast_encoded_nullptr_t@@$$T@Z 00000001800291c0 f i libvcruntimed:winapi_downlevel.obj
 0001:000287a0       __vcrt_EventRegister       00000001800297a0 f   libvcruntimed:winapi_downlevel.obj
 0001:00028810       __vcrt_EventSetInformation 0000000180029810 f   libvcruntimed:winapi_downlevel.obj
 0001:00028870       __vcrt_EventUnregister     0000000180029870 f   libvcruntimed:winapi_downlevel.obj
 0001:000288c0       __vcrt_EventWriteTransfer  00000001800298c0 f   libvcruntimed:winapi_downlevel.obj
 0001:00028940       __vcrt_FlsAlloc            0000000180029940 f   libvcruntimed:winapi_downlevel.obj
 0001:00028990       __vcrt_FlsFree             0000000180029990 f   libvcruntimed:winapi_downlevel.obj
 0001:000289e0       __vcrt_FlsGetValue         00000001800299e0 f   libvcruntimed:winapi_downlevel.obj
 0001:00028a30       __vcrt_FlsSetValue         0000000180029a30 f   libvcruntimed:winapi_downlevel.obj
 0001:00028a90       __vcrt_InitializeCriticalSectionEx 0000000180029a90 f   libvcruntimed:winapi_downlevel.obj
 0001:00028af0       __vcrt_initialize_winapi_thunks 0000000180029af0 f   libvcruntimed:winapi_downlevel.obj
 0001:00028b70       __vcrt_uninitialize_winapi_thunks 0000000180029b70 f   libvcruntimed:winapi_downlevel.obj
 0001:00028c20       _local_unwind              0000000180029c20 f   libvcruntimed:_jmpuwind_.obj
 0001:00028c50       _NLG_Notify                0000000180029c50 f   libvcruntimed:_jmpuwind_.obj
 0001:00028c70       __NLG_Dispatch2            0000000180029c70 f   libvcruntimed:_jmpuwind_.obj
 0001:00028c80       __NLG_Return2              0000000180029c80 f   libvcruntimed:_jmpuwind_.obj
 0001:00028c90       __except_validate_context_record 0000000180029c90 f   libvcruntimed:jbcxrval.obj
 0001:00028cf0       ??1?$__crt_unique_heap_ptr@U__vcrt_ptd@@U__crt_internal_free_policy@@@@QEAA@XZ 0000000180029cf0 f i libvcruntimed:per_thread_data.obj
 0001:00028cf0       ??1?$__crt_unique_heap_ptr@DU__crt_internal_free_policy@@@@QEAA@XZ 0000000180029cf0 f i libvcruntimed:std_type_info.obj
 0001:00028d10       ?release@?$__crt_unique_heap_ptr@U__vcrt_ptd@@U__crt_internal_free_policy@@@@QEAAXXZ 0000000180029d10 f i libvcruntimed:per_thread_data.obj
 0001:00028d10       ?release@?$__crt_unique_heap_ptr@DU__crt_internal_free_policy@@@@QEAAXXZ 0000000180029d10 f i libvcruntimed:std_type_info.obj
 0001:00028d70       __vcrt_freefls             0000000180029d70 f   libvcruntimed:per_thread_data.obj
 0001:00028db0       __vcrt_freeptd             0000000180029db0 f   libvcruntimed:per_thread_data.obj
 0001:00028e10       __vcrt_getptd              0000000180029e10 f   libvcruntimed:per_thread_data.obj
 0001:00028e40       __vcrt_getptd_noexit       0000000180029e40 f   libvcruntimed:per_thread_data.obj
 0001:00028f60       __vcrt_initialize_ptd      0000000180029f60 f   libvcruntimed:per_thread_data.obj
 0001:00028fb0       __vcrt_uninitialize_ptd    0000000180029fb0 f   libvcruntimed:per_thread_data.obj
 0001:00028fe0       __vcrt_initialize_locks    0000000180029fe0 f   libvcruntimed:locks.obj
 0001:00029050       __vcrt_uninitialize_locks  000000018002a050 f   libvcruntimed:locks.obj
 0001:000290b0       __vcrt_initialize_pure_virtual_call_handler 000000018002a0b0 f   libvcruntimed:purevirt_data.obj
 0001:000290e0       _vsprintf_s_l              000000018002a0e0 f i libvcruntimed:undname.obj
 0001:00029150       sprintf_s                  000000018002a150 f i libvcruntimed:undname.obj
 0001:000291b0       free                       000000018002a1b0 f   libucrtd:free.obj
 0001:000291d0       malloc                     000000018002a1d0 f   libucrtd:malloc.obj
 0001:00029200       roundf                     000000018002a200 f   libucrtd:roundf.obj
 0001:00029290       ??$__crt_interlocked_read@J@@YAJPEDJ@Z 000000018002a290 f i libucrtd:assert.obj
 0001:000292b0       ??$__vcrt_va_start_verify_argument_type@QEB_W@@YAXXZ 000000018002a2b0 f i libucrtd:assert.obj
 0001:000292b0       ??$__vcrt_va_start_verify_argument_type@QEBD@@YAXXZ 000000018002a2b0 f i libvcruntimed:undname.obj
 0001:0002a330       ??$ftprintf@PEAU_iobuf@@PEB_WAEBQEB_WAEBQEB_WAEBI@?$__crt_char_traits@_W@@SAH$$QEAPEAU_iobuf@@$$QEAPEB_WAEBQEB_W2AEBI@Z 000000018002b330 f i libucrtd:assert.obj
 0001:0002a380       ??$get_module_file_name@AEAPEAUHINSTANCE__@@AEAY0BAF@DK@?$__crt_char_traits@D@@SAKAEAPEAUHINSTANCE__@@AEAY0BAF@D$$QEAK@Z 000000018002b380 f i libucrtd:assert.obj
 0001:0002a3c0       ??$get_module_file_name@AEAPEAUHINSTANCE__@@AEAY0BAF@_WK@?$__crt_char_traits@_W@@SAKAEAPEAUHINSTANCE__@@AEAY0BAF@_W$$QEAK@Z 000000018002b3c0 f i libucrtd:assert.obj
 0001:0002a400       ??$itot_s@AEBIQEA_W$$CB_KH@?$__crt_char_traits@_W@@SAHAEBI$$QEBQEA_W$$QEB_K$$QEAH@Z 000000018002b400 f i libucrtd:assert.obj
 0001:0002a450       ??$show_message_box@AEAY0CEA@_WPEB_WJ@?$__crt_char_traits@_W@@SAHAEAY0CEA@_W$$QEAPEB_W$$QEAJ@Z 000000018002b450 f i libucrtd:assert.obj
 0001:0002a490       ??$tcscat_s@AEBQEA_WAEB_KPEB_W@?$__crt_char_traits@_W@@SAHAEBQEA_WAEB_K$$QEAPEB_W@Z 000000018002b490 f i libucrtd:assert.obj
 0001:0002a490       ??$tcscat_s@AEBQEA_WAEB_KAEBQEB_W@?$__crt_char_traits@_W@@SAHAEBQEA_WAEB_KAEBQEB_W@Z 000000018002b490 f i libucrtd:assert.obj
 0001:0002a490       ??$tcscat_s@AEBQEA_WAEB_KAEAPEA_W@?$__crt_char_traits@_W@@SAHAEBQEA_WAEB_KAEAPEA_W@Z 000000018002b490 f i libucrtd:assert.obj
 0001:0002a4d0       ??$tcscpy_s@AEAY0BAF@D_KPEBD@?$__crt_char_traits@D@@SAHAEAY0BAF@D$$QEA_K$$QEAPEBD@Z 000000018002b4d0 f i libucrtd:assert.obj
 0001:0002a510       ??$tcscpy_s@AEAY0BAF@_W_KPEB_W@?$__crt_char_traits@_W@@SAHAEAY0BAF@_W$$QEA_K$$QEAPEB_W@Z 000000018002b510 f i libucrtd:assert.obj
 0001:0002a550       ??$tcscpy_s@AEBQEA_WAEB_KPEB_W@?$__crt_char_traits@_W@@SAHAEBQEA_WAEB_K$$QEAPEB_W@Z 000000018002b550 f i libucrtd:assert.obj
 0001:0002a590       ??$tcslen@AEAY0BAF@D@?$__crt_char_traits@D@@SA_KAEAY0BAF@D@Z 000000018002b590 f i libucrtd:assert.obj
 0001:0002a5b0       ??$tcslen@AEAY0BAF@_W@?$__crt_char_traits@_W@@SA_KAEAY0BAF@_W@Z 000000018002b5b0 f i libucrtd:assert.obj
 0001:0002a5d0       ??$tcslen@AEBQEBD@?$__crt_char_traits@D@@SA_KAEBQEBD@Z 000000018002b5d0 f i libucrtd:assert.obj
 0001:0002a5f0       ??$tcslen@AEBQEA_W@?$__crt_char_traits@_W@@SA_KAEBQEA_W@Z 000000018002b5f0 f i libucrtd:assert.obj
 0001:0002a5f0       ??$tcslen@AEBQEB_W@?$__crt_char_traits@_W@@SA_KAEBQEB_W@Z 000000018002b5f0 f i libucrtd:assert.obj
 0001:0002a610       ??$tcsncat_s@AEBQEA_WAEB_KAEBQEB_WAEB_K@?$__crt_char_traits@_W@@SAHAEBQEA_WAEB_KAEBQEB_W1@Z 000000018002b610 f i libucrtd:assert.obj
 0001:0002a610       ??$tcsncat_s@AEBQEA_WAEB_KAEAPEB_W_K@?$__crt_char_traits@_W@@SAHAEBQEA_WAEB_KAEAPEB_W$$QEA_K@Z 000000018002b610 f i libucrtd:assert.obj
 0001:0002a610       ??$tcsncat_s@AEBQEA_WAEB_KPEB_W_K@?$__crt_char_traits@_W@@SAHAEBQEA_WAEB_K$$QEAPEB_W$$QEA_K@Z 000000018002b610 f i libucrtd:assert.obj
 0001:0002a660       ?__crt_interlocked_read_32@@YAHPEDH@Z 000000018002b660 f i libucrtd:assert.obj
 0001:0002a7f0       ?get_flags@__crt_stdio_stream@@QEBAJXZ 000000018002b7f0 f i libucrtd:assert.obj
 0001:0002a880       ?has_any_buffer@__crt_stdio_stream@@QEBA_NXZ 000000018002b880 f i libucrtd:assert.obj
 0001:0002a8a0       ?has_any_of@__crt_stdio_stream@@QEBA_NJ@Z 000000018002b8a0 f i libucrtd:assert.obj
 0001:0002a8e0       _invoke_watson_if_error    000000018002b8e0 f i libucrtd:assert.obj
 0001:0002a930       _vfwprintf_l               000000018002b930 f i libucrtd:assert.obj
 0001:0002a980       _vswprintf_c_l             000000018002b980 f i libucrtd:assert.obj
 0001:0002a9f0       _wassert                   000000018002b9f0 f   libucrtd:assert.obj
 0001:0002aa30       fwprintf                   000000018002ba30 f i libucrtd:assert.obj
 0001:0002abd0       swprintf                   000000018002bbd0 f i libucrtd:assert.obj
 0001:0002ac30       acos                       000000018002bc30 f   libucrtd:acos.obj
 0001:0002b1e0       ceil                       000000018002c1e0 f   libucrtd:ceil.obj
 0001:0002b3b0       ceilf                      000000018002c3b0 f   libucrtd:ceilf.obj
 0001:0002b520       cos                        000000018002c520 f   libucrtd:cos.obj
 0001:0002baa0       floor                      000000018002caa0 f   libucrtd:floor.obj
 0001:0002bd70       fmod                       000000018002cd70 f   libucrtd:fmod.obj
 0001:0002c580       pow                        000000018002d580 f   libucrtd:pow.obj
 0001:0002dc20       sinf                       000000018002ec20 f   libucrtd:sinf.obj
 0001:0002e320       sqrt                       000000018002f320 f   libucrtd:sqrt.obj
 0001:0002e4d0       sqrtf                      000000018002f4d0 f   libucrtd:sqrtf.obj
 0001:0002e610       _initterm                  000000018002f610 f   libucrtd:initterm.obj
 0001:0002e680       _initterm_e                000000018002f680 f   libucrtd:initterm.obj
 0001:0002e770       _seh_filter_dll            000000018002f770 f   libucrtd:exception_filter.obj
 0001:0002e7a0       _seh_filter_exe            000000018002f7a0 f   libucrtd:exception_filter.obj
 0001:0002ea50       ??$__crt_get_proc_address@P6AXI@Z@@YAP6AXI@ZQEAUHINSTANCE__@@QEBD@Z 000000018002fa50 f i libucrtd:exit.obj
 0001:0002ea80       ??1?$__crt_unique_handle_t@U__crt_hmodule_traits@@@@QEAA@XZ 000000018002fa80 f i libucrtd:exit.obj
 0001:0002eac0       ?close@?$__crt_unique_handle_t@U__crt_hmodule_traits@@@@QEAAXXZ 000000018002fac0 f i libucrtd:exit.obj
 0001:0002eb00       ?close@__crt_hmodule_traits@@SA_NPEAUHINSTANCE__@@@Z 000000018002fb00 f i libucrtd:exit.obj
 0001:0002ecd0       ??C__crt_stdio_stream@@QEBAPEAU__crt_stdio_stream_data@@XZ 000000018002fcd0 f i libucrtd:output.obj
 0001:0002ecd0       ?get@?$__crt_unique_heap_ptr@U__acrt_ptd@@U__crt_internal_free_policy@@@@QEBAPEAU__acrt_ptd@@XZ 000000018002fcd0 f i libucrtd:per_thread_data.obj
 0001:0002ecd0       ?get@?$__crt_scoped_stack_ptr@_W@@QEBAPEA_WXZ 000000018002fcd0 f i libucrtd:getstringtypea.obj
 0001:0002ecd0       ?save_state@?$c_string_character_source@_W@__crt_strtox@@QEBAPEB_WXZ 000000018002fcd0 f i libucrtd:atox.obj
 0001:0002ecd0       ?save_state@?$c_string_character_source@D@__crt_strtox@@QEBAPEBDXZ 000000018002fcd0 f i libucrtd:atox.obj
 0001:0002ecd0       ?get@?$__crt_unique_heap_ptr@DU__crt_public_free_policy@@@@QEBAPEADXZ 000000018002fcd0 f i libvcruntimed:std_exception.obj
 0001:0002ecd0       ?get@?$__crt_unique_heap_ptr@U__vcrt_ptd@@U__crt_internal_free_policy@@@@QEBAPEAU__vcrt_ptd@@XZ 000000018002fcd0 f i libvcruntimed:per_thread_data.obj
 0001:0002ecd0       ?public_stream@__crt_stdio_stream@@QEBAPEAU_iobuf@@XZ 000000018002fcd0 f i libucrtd:output.obj
 0001:0002ecd0       ?get@?$__crt_unique_heap_ptr@U__crt_lowio_handle_data@@U__crt_internal_free_policy@@@@QEBAPEAU__crt_lowio_handle_data@@XZ 000000018002fcd0 f i libucrtd:osfinfo.obj
 0001:0002ecd0       ?get@?$__crt_unique_handle_t@U__crt_handle_traits@@@@QEBAPEAXXZ 000000018002fcd0 f i libucrtd:crtmbox.obj
 0001:0002ecd0       ?get@?$__crt_unique_heap_ptr@U__crt_multibyte_data@@U__crt_internal_free_policy@@@@QEBAPEAU__crt_multibyte_data@@XZ 000000018002fcd0 f i libucrtd:mbctype.obj
 0001:0002ecd0       ?get@?$__crt_unique_handle_t@U__crt_hmodule_traits@@@@QEBAPEAUHINSTANCE__@@XZ 000000018002fcd0 f i libucrtd:exit.obj
 0001:0002ecd0       ?get@?$__crt_unique_heap_ptr@DU__crt_internal_free_policy@@@@QEBAPEADXZ 000000018002fcd0 f i libvcruntimed:std_type_info.obj
 0001:0002ece0       ?dangerous_get_state_array@?$dual_state_global@PEAU__crt_locale_data@@@__crt_state_management@@QEAAPEAPEAU__crt_locale_data@@XZ 000000018002fce0 f i libucrtd:per_thread_data.obj
 0001:0002ece0       ?dangerous_get_state_array@?$dual_state_global@PEAE@__crt_state_management@@QEAAPEAPEAEXZ 000000018002fce0 f i libucrtd:mbctype.obj
 0001:0002ece0       ?get_address_of@?$__crt_unique_handle_t@U__crt_hmodule_traits@@@@QEAAPEAPEAUHINSTANCE__@@XZ 000000018002fce0 f i libucrtd:exit.obj
 0001:0002ece0       ?dangerous_get_state_array@?$dual_state_global@PEAU__crt_multibyte_data@@@__crt_state_management@@QEAAPEAPEAU__crt_multibyte_data@@XZ 000000018002fce0 f i libucrtd:mbctype.obj
 0001:0002eeb0       __acrt_initialize_thread_local_exit_callback 000000018002feb0 f   libucrtd:exit.obj
 0001:0002eed0       _cexit                     000000018002fed0 f   libucrtd:exit.obj
 0001:0002eef0       _exit                      000000018002fef0 f   libucrtd:exit.obj
 0001:0002ef10       _is_c_termination_complete 000000018002ff10 f   libucrtd:exit.obj
 0001:0002f170       ?detach@?$__crt_unique_heap_ptr@DU__crt_internal_free_policy@@@@QEAAPEADXZ 0000000180030170 f i libucrtd:environment_initialization.obj
 0001:0002f180       ?get_current_state_index@__crt_state_management@@YA_KXZ 0000000180030180 f i libucrtd:environment_initialization.obj
 0001:0002f180       ?get_invalid_value@__crt_hmodule_traits@@SAPEAUHINSTANCE__@@XZ 0000000180030180 f i libucrtd:exit.obj
 0001:0002f184       __dcrt_uninitialize_environments_nolock 0000000180030184 f   libucrtd:environment_initialization.obj
 0001:0002f1bc       _initialize_narrow_environment 00000001800301bc f   libucrtd:environment_initialization.obj
 0001:0002f1d0       ??$?BP6AXXZ@__crt_fast_encoded_nullptr_t@@QEBAPEAP6AXXZXZ 00000001800301d0 f i libucrtd:onexit.obj
 0001:0002f1d0       ??$?B$$A6AXPEAXK0@Z@__crt_fast_encoded_nullptr_t@@QEBAP6AXPEAXK0@ZXZ 00000001800301d0 f i libucrtd:exit.obj
 0001:0002f1d0       ??$?B$$A6AXH@Z@__crt_fast_encoded_nullptr_t@@QEBAP6AXH@ZXZ 00000001800301d0 f i libucrtd:signal.obj
 0001:0002f1d0       ??$?BX@__crt_fast_encoded_nullptr_t@@QEBAPEAXXZ 00000001800301d0 f i libvcruntimed:winapi_downlevel.obj
 0001:0002f1d0       ??$?B$$A6AXXZ@__crt_fast_encoded_nullptr_t@@QEBAP6AXXZXZ 00000001800301d0 f i libvcruntimed:purevirt_data.obj
 0001:0002f1f0       ??$?RU__crt_multibyte_data@@@__crt_internal_free_policy@@QEBAXQEBU__crt_multibyte_data@@@Z 00000001800301f0 f i libucrtd:mbctype.obj
 0001:0002f1f0       ??$?RPEAU__crt_stdio_stream_data@@@__crt_internal_free_policy@@QEBAXQEBQEAU__crt_stdio_stream_data@@@Z 00000001800301f0 f i libucrtd:_file.obj
 0001:0002f1f0       ??$?RU__crt_lowio_handle_data@@@__crt_internal_free_policy@@QEBAXQEBU__crt_lowio_handle_data@@@Z 00000001800301f0 f i libucrtd:osfinfo.obj
 0001:0002f1f0       ??$?RD@__crt_internal_free_policy@@QEBAXQEBD@Z 00000001800301f0 f i libvcruntimed:std_type_info.obj
 0001:0002f1f0       ??$?RU__acrt_ptd@@@__crt_internal_free_policy@@QEBAXQEBU__acrt_ptd@@@Z 00000001800301f0 f i libucrtd:per_thread_data.obj
 0001:0002f1f0       ??$?RU__vcrt_ptd@@@__crt_internal_free_policy@@QEBAXQEBU__vcrt_ptd@@@Z 00000001800301f0 f i libvcruntimed:per_thread_data.obj
 0001:0002f1f0       ??$?RP6AXXZ@__crt_internal_free_policy@@QEBAXQEBQ6AXXZ@Z 00000001800301f0 f i libucrtd:onexit.obj
 0001:0002f220       ??$?RV<lambda_b0d8f1f77f5878de4f648f281b223c15>@@AEAV<lambda_942beefa13ab35ff55f86422493ffd6a>@@V<lambda_7adb6fc9c0d6a5bd4e2d9c212ec7cdcc>@@@?$__crt_seh_guarded_call@H@@QEAAH$$QEAV<lambda_b0d8f1f77f5878de4f648f281b223c15>@@AEAV<lambda_942beefa13ab35ff55f86422493ffd6a>@@$$QEAV<lambda_7adb6fc9c0d6a5bd4e2d9c212ec7cdcc>@@@Z 0000000180030220 f i libucrtd:onexit.obj
 0001:0002f270       ??$?RV<lambda_d22e02de4d14401f49897516b29a2b7c>@@AEAV<lambda_e971338317bfa523bb8920b43d823727>@@V<lambda_b0b8599c9027f5b14541fbbd6863d1f1>@@@?$__crt_seh_guarded_call@H@@QEAAH$$QEAV<lambda_d22e02de4d14401f49897516b29a2b7c>@@AEAV<lambda_e971338317bfa523bb8920b43d823727>@@$$QEAV<lambda_b0b8599c9027f5b14541fbbd6863d1f1>@@@Z 0000000180030270 f i libucrtd:onexit.obj
 0001:0002f2c0       ??$__acrt_lock_and_call@V<lambda_942beefa13ab35ff55f86422493ffd6a>@@@@YAHW4__acrt_lock_id@@$$QEAV<lambda_942beefa13ab35ff55f86422493ffd6a>@@@Z 00000001800302c0 f i libucrtd:onexit.obj
 0001:0002f330       ??$__acrt_lock_and_call@V<lambda_e971338317bfa523bb8920b43d823727>@@@@YAHW4__acrt_lock_id@@$$QEAV<lambda_e971338317bfa523bb8920b43d823727>@@@Z 0000000180030330 f i libucrtd:onexit.obj
 0001:0002f3a0       ??$__crt_fast_encode_pointer@PEAX@@YAPEAXQEAX@Z 00000001800303a0 f i libvcruntimed:winapi_downlevel.obj
 0001:0002f3a0       ??$__crt_fast_encode_pointer@PEAP6AXXZ@@YAPEAP6AXXZQEAP6AXXZ@Z 00000001800303a0 f i LIBCMTD:utility.obj
 0001:0002f3a0       ??$__crt_fast_encode_pointer@P6AXH@Z@@YAP6AXH@ZQ6AXH@Z@Z 00000001800303a0 f i libucrtd:signal.obj
 0001:0002f3a0       ??$__crt_fast_encode_pointer@P6AHXZ@@YAP6AHXZQ6AHXZ@Z 00000001800303a0 f i libucrtd:onexit.obj
 0001:0002f3a0       ??$__crt_fast_encode_pointer@P6AXPEAXK0@Z@@YAP6AXPEAXK0@ZQ6AX0K0@Z@Z 00000001800303a0 f i libucrtd:exit.obj
 0001:0002f3a0       ??$__crt_fast_encode_pointer@P6AXXZ@@YAP6AXXZQ6AXXZ@Z 00000001800303a0 f i libvcruntimed:purevirt_data.obj
 0001:0002f3e0       ??1?$__crt_unique_heap_ptr@U__acrt_ptd@@U__crt_internal_free_policy@@@@QEAA@XZ 00000001800303e0 f i libucrtd:per_thread_data.obj
 0001:0002f3e0       ??1?$__crt_unique_heap_ptr@PEAU__crt_stdio_stream_data@@U__crt_internal_free_policy@@@@QEAA@XZ 00000001800303e0 f i libucrtd:_file.obj
 0001:0002f3e0       ??1?$__crt_unique_heap_ptr@U__crt_multibyte_data@@U__crt_internal_free_policy@@@@QEAA@XZ 00000001800303e0 f i libucrtd:mbctype.obj
 0001:0002f3e0       ??1?$__crt_unique_heap_ptr@U__crt_lowio_handle_data@@U__crt_internal_free_policy@@@@QEAA@XZ 00000001800303e0 f i libucrtd:osfinfo.obj
 0001:0002f3e0       ??1?$__crt_unique_heap_ptr@P6AXXZU__crt_internal_free_policy@@@@QEAA@XZ 00000001800303e0 f i libucrtd:onexit.obj
 0001:0002f950       ?release@?$__crt_unique_heap_ptr@U__crt_multibyte_data@@U__crt_internal_free_policy@@@@QEAAXXZ 0000000180030950 f i libucrtd:mbctype.obj
 0001:0002f950       ?release@?$__crt_unique_heap_ptr@U__crt_lowio_handle_data@@U__crt_internal_free_policy@@@@QEAAXXZ 0000000180030950 f i libucrtd:osfinfo.obj
 0001:0002f950       ?release@?$__crt_unique_heap_ptr@P6AXXZU__crt_internal_free_policy@@@@QEAAXXZ 0000000180030950 f i libucrtd:onexit.obj
 0001:0002f950       ?release@?$__crt_unique_heap_ptr@U__acrt_ptd@@U__crt_internal_free_policy@@@@QEAAXXZ 0000000180030950 f i libucrtd:per_thread_data.obj
 0001:0002f950       ?release@?$__crt_unique_heap_ptr@PEAU__crt_stdio_stream_data@@U__crt_internal_free_policy@@@@QEAAXXZ 0000000180030950 f i libucrtd:_file.obj
 0001:0002f990       _crt_atexit                0000000180030990 f   libucrtd:onexit.obj
 0001:0002f9b0       _execute_onexit_table      00000001800309b0 f   libucrtd:onexit.obj
 0001:0002f9e0       _initialize_onexit_table   00000001800309e0 f   libucrtd:onexit.obj
 0001:0002fa60       _register_onexit_function  0000000180030a60 f   libucrtd:onexit.obj
 0001:0002fb20       __acrt_uninitialize_command_line 0000000180030b20 f   libucrtd:argv_data.obj
 0001:0002fc80       ??$uninitialize@V<lambda_c3040c0a6a4a8d26c9e8356dc2fac8c5>@@@?$dual_state_global@PEAU__crt_multibyte_data@@@__crt_state_management@@QEAAX$$QEAV<lambda_c3040c0a6a4a8d26c9e8356dc2fac8c5>@@@Z 0000000180030c80 f i libucrtd:initialization.obj
 0001:0002fd30       __acrt_initialize          0000000180030d30 f   libucrtd:initialization.obj
 0001:0002fd60       __acrt_thread_attach       0000000180030d60 f   libucrtd:initialization.obj
 0001:0002fd80       __acrt_thread_detach       0000000180030d80 f   libucrtd:initialization.obj
 0001:0002fd90       __acrt_uninitialize        0000000180030d90 f   libucrtd:initialization.obj
 0001:0002fdc0       __acrt_uninitialize_critical 0000000180030dc0 f   libucrtd:initialization.obj
 0001:0002fde0       terminate                  0000000180030de0 f   libucrtd:terminate.obj
 0001:0002fe20       wcslen                     0000000180030e20 f   libucrtd:wcslen.obj
 0001:0002fe80       strlen                     0000000180030e80 f   libucrtd:strlen.obj
 0001:0002ff30       ??0_LocaleUpdate@@QEAA@QEAU__crt_locale_pointers@@@Z 0000000180030f30 f i libucrtd:debug_heap.obj
 0001:00030050       ??1_LocaleUpdate@@QEAA@XZ  0000000180031050 f i libucrtd:debug_heap.obj
 0001:00030090       ?GetLocaleT@_LocaleUpdate@@QEAAPEAU__crt_locale_pointers@@XZ 0000000180031090 f i libucrtd:debug_heap.obj
 0001:00032080       _CrtCheckMemory            0000000180033080 f   libucrtd:debug_heap.obj
 0001:00032210       _CrtDumpMemoryLeaks        0000000180033210 f   libucrtd:debug_heap.obj
 0001:000322d0       _CrtIsValidHeapPointer     00000001800332d0 f   libucrtd:debug_heap.obj
 0001:00032310       _CrtIsValidPointer         0000000180033310 f   libucrtd:debug_heap.obj
 0001:00032350       _CrtMemCheckpoint          0000000180033350 f   libucrtd:debug_heap.obj
 0001:000325d0       _CrtMemDumpAllObjectsSince 00000001800335d0 f   libucrtd:debug_heap.obj
 0001:00032630       _CrtSetDbgFlag             0000000180033630 f   libucrtd:debug_heap.obj
 0001:00032790       _CrtSetDumpClient          0000000180033790 f   libucrtd:debug_heap.obj
 0001:000327c0       __acrt_get_locale_data_prefix 00000001800337c0 f i libucrtd:debug_heap.obj
 0001:000327e0       __acrt_locale_changed      00000001800337e0 f i libucrtd:debug_heap.obj
 0001:00032810       _calloc_dbg                0000000180033810 f   libucrtd:debug_heap.obj
 0001:000328b0       _chvalidchk_l              00000001800338b0 f i libucrtd:debug_heap.obj
 0001:000328e0       _free_dbg                  00000001800338e0 f   libucrtd:debug_heap.obj
 0001:00032950       _invoke_watson_if_oneof    0000000180033950 f i libucrtd:debug_heap.obj
 0001:000329b0       _ischartype_l              00000001800339b0 f i libucrtd:debug_heap.obj
 0001:00032a10       _malloc_dbg                0000000180033a10 f   libucrtd:debug_heap.obj
 0001:00032a50       _msize_dbg                 0000000180033a50 f   libucrtd:debug_heap.obj
 0001:00032bf0       _realloc_dbg               0000000180033bf0 f   libucrtd:debug_heap.obj
 0001:00032c60       _recalloc_dbg              0000000180033c60 f   libucrtd:debug_heap.obj
 0001:00033230       strcpy_s                   0000000180034230 f   libucrtd:strcpy_s.obj
 0001:00033270       strcmp                     0000000180034270 f   libucrtd:strcmp.obj
 0001:00034080       _CrtDbgReport              0000000180035080 f   libucrtd:dbgrpt.obj
 0001:00034100       _CrtDbgReportW             0000000180035100 f   libucrtd:dbgrpt.obj
 0001:00034180       __acrt_MessageWindowA      0000000180035180 f   libucrtd:dbgrpt.obj
 0001:000341d0       __acrt_MessageWindowW      00000001800351d0 f   libucrtd:dbgrpt.obj
 0001:00034220       _snwprintf_s               0000000180035220 f i libucrtd:dbgrpt.obj
 0001:00034290       _vsnwprintf_s_l            0000000180035290 f i libucrtd:dbgrpt.obj
 0001:00034310       abort                      0000000180035310 f   libucrtd:abort.obj
 0001:00034390       ??$?0AEBV?$string_output_adapter@_W@__crt_stdio_output@@AEB_KAEBQEB_WAEBQEAU__crt_locale_pointers@@AEBQEAD@?$standard_base@_WV?$string_output_adapter@_W@__crt_stdio_output@@@__crt_stdio_output@@IEAA@AEBV?$string_output_adapter@_W@1@AEB_KAEBQEB_WAEBQEAU__crt_locale_pointers@@AEBQEAD@Z 0000000180035390 f i libucrtd:output.obj
 0001:00034390       ??$?0AEBV?$stream_output_adapter@_W@__crt_stdio_output@@AEB_KAEBQEB_WAEBQEAU__crt_locale_pointers@@AEBQEAD@?$standard_base@_WV?$stream_output_adapter@_W@__crt_stdio_output@@@__crt_stdio_output@@IEAA@AEBV?$stream_output_adapter@_W@1@AEB_KAEBQEB_WAEBQEAU__crt_locale_pointers@@AEBQEAD@Z 0000000180035390 f i libucrtd:output.obj
 0001:00034400       ??$?0AEBV?$string_output_adapter@D@__crt_stdio_output@@AEB_KAEBQEBDAEBQEAU__crt_locale_pointers@@AEBQEAD@?$format_validation_base@DV?$string_output_adapter@D@__crt_stdio_output@@@__crt_stdio_output@@IEAA@AEBV?$string_output_adapter@D@1@AEB_KAEBQEBDAEBQEAU__crt_locale_pointers@@AEBQEAD@Z 0000000180035400 f i libucrtd:output.obj
 0001:00034450       ??$?0AEBV?$string_output_adapter@D@__crt_stdio_output@@AEB_KAEBQEBDAEBQEAU__crt_locale_pointers@@AEBQEAD@?$standard_base@DV?$string_output_adapter@D@__crt_stdio_output@@@__crt_stdio_output@@IEAA@AEBV?$string_output_adapter@D@1@AEB_KAEBQEBDAEBQEAU__crt_locale_pointers@@AEBQEAD@Z 0000000180035450 f i libucrtd:output.obj
 0001:000344c0       ??$?0AEBV?$string_output_adapter@_W@__crt_stdio_output@@AEB_KAEBQEB_WAEBQEAU__crt_locale_pointers@@AEBQEAD@?$format_validation_base@_WV?$string_output_adapter@_W@__crt_stdio_output@@@__crt_stdio_output@@IEAA@AEBV?$string_output_adapter@_W@1@AEB_KAEBQEB_WAEBQEAU__crt_locale_pointers@@AEBQEAD@Z 00000001800354c0 f i libucrtd:output.obj
 0001:00034510       ??$?RV<lambda_7b91131dde12e1c3dfc74ff76b3f2eac>@@AEAV<lambda_dd75445284c072d0bd3768540cc698fa>@@V<lambda_16bc4ecb55b4718497c16bceaea2ceaf>@@@?$__crt_seh_guarded_call@H@@QEAAH$$QEAV<lambda_7b91131dde12e1c3dfc74ff76b3f2eac>@@AEAV<lambda_dd75445284c072d0bd3768540cc698fa>@@$$QEAV<lambda_16bc4ecb55b4718497c16bceaea2ceaf>@@@Z 0000000180035510 f i libucrtd:output.obj
 0001:00034560       ??$__acrt_lock_stream_and_call@V<lambda_dd75445284c072d0bd3768540cc698fa>@@@@YAHQEAU_iobuf@@$$QEAV<lambda_dd75445284c072d0bd3768540cc698fa>@@@Z 0000000180035560 f i libucrtd:output.obj
 0001:00036570       ??$count@D@formatting_buffer@__crt_stdio_output@@QEBA_KXZ 0000000180037570 f i libucrtd:output.obj
 0001:000365c0       ??$data@D@formatting_buffer@__crt_stdio_output@@QEAAPEADXZ 00000001800375c0 f i libucrtd:output.obj
 0001:000365c0       ??$data@_W@formatting_buffer@__crt_stdio_output@@QEAAPEA_WXZ 00000001800375c0 f i libucrtd:output.obj
 0001:00036610       ??$ensure_buffer_is_big_enough@D@formatting_buffer@__crt_stdio_output@@QEAA_N_K@Z 0000000180037610 f i libucrtd:output.obj
 0001:00036740       ??$extract_argument_from_va_list@C_J@?$standard_base@_WV?$stream_output_adapter@_W@__crt_stdio_output@@@__crt_stdio_output@@IEAA_NAEA_J@Z 0000000180037740 f i libucrtd:output.obj
 0001:00036740       ??$extract_argument_from_va_list@C_J@?$standard_base@_WV?$string_output_adapter@_W@__crt_stdio_output@@@__crt_stdio_output@@IEAA_NAEA_J@Z 0000000180037740 f i libucrtd:output.obj
 0001:00036740       ??$extract_argument_from_va_list@C_J@?$standard_base@DV?$string_output_adapter@D@__crt_stdio_output@@@__crt_stdio_output@@IEAA_NAEA_J@Z 0000000180037740 f i libucrtd:output.obj
 0001:00036780       ??$extract_argument_from_va_list@E_J@?$standard_base@DV?$string_output_adapter@D@__crt_stdio_output@@@__crt_stdio_output@@IEAA_NAEA_J@Z 0000000180037780 f i libucrtd:output.obj
 0001:00036780       ??$extract_argument_from_va_list@E_J@?$standard_base@_WV?$stream_output_adapter@_W@__crt_stdio_output@@@__crt_stdio_output@@IEAA_NAEA_J@Z 0000000180037780 f i libucrtd:output.obj
 0001:00036780       ??$extract_argument_from_va_list@E_J@?$standard_base@_WV?$string_output_adapter@_W@__crt_stdio_output@@@__crt_stdio_output@@IEAA_NAEA_J@Z 0000000180037780 f i libucrtd:output.obj
 0001:000367c0       ??$extract_argument_from_va_list@F_J@?$standard_base@_WV?$stream_output_adapter@_W@__crt_stdio_output@@@__crt_stdio_output@@IEAA_NAEA_J@Z 00000001800377c0 f i libucrtd:output.obj
 0001:000367c0       ??$extract_argument_from_va_list@F_J@?$standard_base@DV?$string_output_adapter@D@__crt_stdio_output@@@__crt_stdio_output@@IEAA_NAEA_J@Z 00000001800377c0 f i libucrtd:output.obj
 0001:000367c0       ??$extract_argument_from_va_list@F_J@?$standard_base@_WV?$string_output_adapter@_W@__crt_stdio_output@@@__crt_stdio_output@@IEAA_NAEA_J@Z 00000001800377c0 f i libucrtd:output.obj
 0001:00036800       ??$extract_argument_from_va_list@GD@?$standard_base@DV?$string_output_adapter@D@__crt_stdio_output@@@__crt_stdio_output@@IEAA_NAEAD@Z 0000000180037800 f i libucrtd:output.obj
 0001:00036830       ??$extract_argument_from_va_list@G_J@?$standard_base@_WV?$string_output_adapter@_W@__crt_stdio_output@@@__crt_stdio_output@@IEAA_NAEA_J@Z 0000000180037830 f i libucrtd:output.obj
 0001:00036830       ??$extract_argument_from_va_list@G_J@?$standard_base@_WV?$stream_output_adapter@_W@__crt_stdio_output@@@__crt_stdio_output@@IEAA_NAEA_J@Z 0000000180037830 f i libucrtd:output.obj
 0001:00036830       ??$extract_argument_from_va_list@G_J@?$standard_base@DV?$string_output_adapter@D@__crt_stdio_output@@@__crt_stdio_output@@IEAA_NAEA_J@Z 0000000180037830 f i libucrtd:output.obj
 0001:00036870       ??$extract_argument_from_va_list@H_J@?$standard_base@DV?$string_output_adapter@D@__crt_stdio_output@@@__crt_stdio_output@@IEAA_NAEA_J@Z 0000000180037870 f i libucrtd:output.obj
 0001:00036870       ??$extract_argument_from_va_list@H_J@?$standard_base@_WV?$stream_output_adapter@_W@__crt_stdio_output@@@__crt_stdio_output@@IEAA_NAEA_J@Z 0000000180037870 f i libucrtd:output.obj
 0001:00036870       ??$extract_argument_from_va_list@H_J@?$standard_base@_WV?$string_output_adapter@_W@__crt_stdio_output@@@__crt_stdio_output@@IEAA_NAEA_J@Z 0000000180037870 f i libucrtd:output.obj
 0001:000368a0       ??$extract_argument_from_va_list@I_J@?$standard_base@_WV?$stream_output_adapter@_W@__crt_stdio_output@@@__crt_stdio_output@@IEAA_NAEA_J@Z 00000001800378a0 f i libucrtd:output.obj
 0001:000368a0       ??$extract_argument_from_va_list@I_J@?$standard_base@DV?$string_output_adapter@D@__crt_stdio_output@@@__crt_stdio_output@@IEAA_NAEA_J@Z 00000001800378a0 f i libucrtd:output.obj
 0001:000368a0       ??$extract_argument_from_va_list@I_J@?$standard_base@_WV?$string_output_adapter@_W@__crt_stdio_output@@@__crt_stdio_output@@IEAA_NAEA_J@Z 00000001800378a0 f i libucrtd:output.obj
 0001:000368d0       ??$extract_argument_from_va_list@U_CRT_DOUBLE@@U1@@?$standard_base@_WV?$string_output_adapter@_W@__crt_stdio_output@@@__crt_stdio_output@@IEAA_NAEAU_CRT_DOUBLE@@@Z 00000001800378d0 f i libucrtd:output.obj
 0001:000368d0       ??$extract_argument_from_va_list@U_CRT_DOUBLE@@U1@@?$standard_base@_WV?$stream_output_adapter@_W@__crt_stdio_output@@@__crt_stdio_output@@IEAA_NAEAU_CRT_DOUBLE@@@Z 00000001800378d0 f i libucrtd:output.obj
 0001:000368d0       ??$extract_argument_from_va_list@U_CRT_DOUBLE@@U1@@?$standard_base@DV?$string_output_adapter@D@__crt_stdio_output@@@__crt_stdio_output@@IEAA_NAEAU_CRT_DOUBLE@@@Z 00000001800378d0 f i libucrtd:output.obj
 0001:00036920       ??$extract_argument_from_va_list@PEAXPEAX@?$standard_base@DV?$string_output_adapter@D@__crt_stdio_output@@@__crt_stdio_output@@IEAA_NAEAPEAX@Z 0000000180037920 f i libucrtd:output.obj
 0001:00036920       ??$extract_argument_from_va_list@PEAUansi_string@?1??type_case_Z@?$output_processor@DV?$string_output_adapter@D@__crt_stdio_output@@V?$format_validation_base@DV?$string_output_adapter@D@__crt_stdio_output@@@2@@__crt_stdio_output@@AEAA_NXZ@PEAU1?1??234@AEAA_NXZ@@?$standard_base@DV?$string_output_adapter@D@__crt_stdio_output@@@__crt_stdio_output@@IEAA_NAEAPEAUansi_string@?1??type_case_Z@?$output_processor@DV?$string_output_adapter@D@__crt_stdio_output@@V?$format_validation_base@DV?$string_output_adapter@D@__crt_stdio_output@@@2@@1@AEAA_NXZ@@Z 0000000180037920 f i libucrtd:output.obj
 0001:00036920       ??$extract_argument_from_va_list@_J_J@?$standard_base@DV?$string_output_adapter@D@__crt_stdio_output@@@__crt_stdio_output@@IEAA_NAEA_J@Z 0000000180037920 f i libucrtd:output.obj
 0001:00036920       ??$extract_argument_from_va_list@_K_J@?$standard_base@DV?$string_output_adapter@D@__crt_stdio_output@@@__crt_stdio_output@@IEAA_NAEA_J@Z 0000000180037920 f i libucrtd:output.obj
 0001:00036920       ??$extract_argument_from_va_list@_K_J@?$standard_base@_WV?$string_output_adapter@_W@__crt_stdio_output@@@__crt_stdio_output@@IEAA_NAEA_J@Z 0000000180037920 f i libucrtd:output.obj
 0001:00036920       ??$extract_argument_from_va_list@PEAUansi_string@?1??type_case_Z@?$output_processor@_WV?$string_output_adapter@_W@__crt_stdio_output@@V?$standard_base@_WV?$string_output_adapter@_W@__crt_stdio_output@@@2@@__crt_stdio_output@@AEAA_NXZ@PEAU1?1??234@AEAA_NXZ@@?$standard_base@_WV?$string_output_adapter@_W@__crt_stdio_output@@@__crt_stdio_output@@IEAA_NAEAPEAUansi_string@?1??type_case_Z@?$output_processor@_WV?$string_output_adapter@_W@__crt_stdio_output@@V?$standard_base@_WV?$string_output_adapter@_W@__crt_stdio_output@@@2@@1@AEAA_NXZ@@Z 0000000180037920 f i libucrtd:output.obj
 0001:00036920       ??$extract_argument_from_va_list@PEAXPEAX@?$standard_base@_WV?$stream_output_adapter@_W@__crt_stdio_output@@@__crt_stdio_output@@IEAA_NAEAPEAX@Z 0000000180037920 f i libucrtd:output.obj
 0001:00036920       ??$extract_argument_from_va_list@PEADPEAD@?$standard_base@_WV?$string_output_adapter@_W@__crt_stdio_output@@@__crt_stdio_output@@IEAA_NAEAPEAD@Z 0000000180037920 f i libucrtd:output.obj
 0001:00036920       ??$extract_argument_from_va_list@PEADPEAD@?$standard_base@_WV?$stream_output_adapter@_W@__crt_stdio_output@@@__crt_stdio_output@@IEAA_NAEAPEAD@Z 0000000180037920 f i libucrtd:output.obj
 0001:00036920       ??$extract_argument_from_va_list@PEAUansi_string@?1??type_case_Z@?$output_processor@_WV?$string_output_adapter@_W@__crt_stdio_output@@V?$format_validation_base@_WV?$string_output_adapter@_W@__crt_stdio_output@@@2@@__crt_stdio_output@@AEAA_NXZ@PEAU1?1??234@AEAA_NXZ@@?$standard_base@_WV?$string_output_adapter@_W@__crt_stdio_output@@@__crt_stdio_output@@IEAA_NAEAPEAUansi_string@?1??type_case_Z@?$output_processor@_WV?$string_output_adapter@_W@__crt_stdio_output@@V?$format_validation_base@_WV?$string_output_adapter@_W@__crt_stdio_output@@@2@@1@AEAA_NXZ@@Z 0000000180037920 f i libucrtd:output.obj
 0001:00036920       ??$extract_argument_from_va_list@PEAXPEAX@?$standard_base@_WV?$string_output_adapter@_W@__crt_stdio_output@@@__crt_stdio_output@@IEAA_NAEAPEAX@Z 0000000180037920 f i libucrtd:output.obj
 0001:00036920       ??$extract_argument_from_va_list@_J_J@?$standard_base@_WV?$string_output_adapter@_W@__crt_stdio_output@@@__crt_stdio_output@@IEAA_NAEA_J@Z 0000000180037920 f i libucrtd:output.obj
 0001:00036920       ??$extract_argument_from_va_list@_K_J@?$standard_base@_WV?$stream_output_adapter@_W@__crt_stdio_output@@@__crt_stdio_output@@IEAA_NAEA_J@Z 0000000180037920 f i libucrtd:output.obj
 0001:00036920       ??$extract_argument_from_va_list@PEADPEAD@?$standard_base@DV?$string_output_adapter@D@__crt_stdio_output@@@__crt_stdio_output@@IEAA_NAEAPEAD@Z 0000000180037920 f i libucrtd:output.obj
 0001:00036920       ??$extract_argument_from_va_list@PEAUansi_string@?1??type_case_Z@?$output_processor@_WV?$stream_output_adapter@_W@__crt_stdio_output@@V?$standard_base@_WV?$stream_output_adapter@_W@__crt_stdio_output@@@2@@__crt_stdio_output@@AEAA_NXZ@PEAU1?1??234@AEAA_NXZ@@?$standard_base@_WV?$stream_output_adapter@_W@__crt_stdio_output@@@__crt_stdio_output@@IEAA_NAEAPEAUansi_string@?1??type_case_Z@?$output_processor@_WV?$stream_output_adapter@_W@__crt_stdio_output@@V?$standard_base@_WV?$stream_output_adapter@_W@__crt_stdio_output@@@2@@1@AEAA_NXZ@@Z 0000000180037920 f i libucrtd:output.obj
 0001:00036920       ??$extract_argument_from_va_list@_J_J@?$standard_base@_WV?$stream_output_adapter@_W@__crt_stdio_output@@@__crt_stdio_output@@IEAA_NAEA_J@Z 0000000180037920 f i libucrtd:output.obj
 0001:00036950       ??$extract_argument_from_va_list@_W_W@?$standard_base@DV?$string_output_adapter@D@__crt_stdio_output@@@__crt_stdio_output@@IEAA_NAEA_W@Z 0000000180037950 f i libucrtd:output.obj
 0001:00036950       ??$extract_argument_from_va_list@_W_W@?$standard_base@_WV?$string_output_adapter@_W@__crt_stdio_output@@@__crt_stdio_output@@IEAA_NAEA_W@Z 0000000180037950 f i libucrtd:output.obj
 0001:00036950       ??$extract_argument_from_va_list@_W_W@?$standard_base@_WV?$stream_output_adapter@_W@__crt_stdio_output@@@__crt_stdio_output@@IEAA_NAEA_W@Z 0000000180037950 f i libucrtd:output.obj
 0001:00036980       ??$is_wide_character_specifier@D@__crt_stdio_output@@YA_N_KDW4length_modifier@0@@Z 0000000180037980 f i libucrtd:output.obj
 0001:00036a20       ??$is_wide_character_specifier@_W@__crt_stdio_output@@YA_N_K_WW4length_modifier@0@@Z 0000000180037a20 f i libucrtd:output.obj
 0001:00036af0       ??$puttc_nolock@AEB_WPEAU_iobuf@@@?$__crt_char_traits@_W@@SAGAEB_W$$QEAPEAU_iobuf@@@Z 0000000180037af0 f i libucrtd:output.obj
 0001:00036b20       ??$read_va_arg@E@__crt_stdio_output@@YAEAEAPEAD@Z 0000000180037b20 f i libucrtd:output.obj
 0001:00036b20       ??$read_va_arg@C@__crt_stdio_output@@YACAEAPEAD@Z 0000000180037b20 f i libucrtd:output.obj
 0001:00036b90       ??$read_va_arg@I@__crt_stdio_output@@YAIAEAPEAD@Z 0000000180037b90 f i libucrtd:output.obj
 0001:00036b90       ??$read_va_arg@H@__crt_stdio_output@@YAHAEAPEAD@Z 0000000180037b90 f i libucrtd:output.obj
 0001:00036bf0       ??$read_va_arg@PEAUansi_string@?1??type_case_Z@?$output_processor@_WV?$string_output_adapter@_W@__crt_stdio_output@@V?$format_validation_base@_WV?$string_output_adapter@_W@__crt_stdio_output@@@2@@__crt_stdio_output@@AEAA_NXZ@@__crt_stdio_output@@YAPEAUansi_string@?1??type_case_Z@?$output_processor@_WV?$string_output_adapter@_W@__crt_stdio_output@@V?$format_validation_base@_WV?$string_output_adapter@_W@__crt_stdio_output@@@2@@0@AEAA_NXZ@AEAPEAD@Z 0000000180037bf0 f i libucrtd:output.obj
 0001:00036bf0       ??$read_va_arg@PEAUansi_string@?1??type_case_Z@?$output_processor@DV?$string_output_adapter@D@__crt_stdio_output@@V?$format_validation_base@DV?$string_output_adapter@D@__crt_stdio_output@@@2@@__crt_stdio_output@@AEAA_NXZ@@__crt_stdio_output@@YAPEAUansi_string@?1??type_case_Z@?$output_processor@DV?$string_output_adapter@D@__crt_stdio_output@@V?$format_validation_base@DV?$string_output_adapter@D@__crt_stdio_output@@@2@@0@AEAA_NXZ@AEAPEAD@Z 0000000180037bf0 f i libucrtd:output.obj
 0001:00036bf0       ??$read_va_arg@PEAUansi_string@?1??type_case_Z@?$output_processor@_WV?$stream_output_adapter@_W@__crt_stdio_output@@V?$standard_base@_WV?$stream_output_adapter@_W@__crt_stdio_output@@@2@@__crt_stdio_output@@AEAA_NXZ@@__crt_stdio_output@@YAPEAUansi_string@?1??type_case_Z@?$output_processor@_WV?$stream_output_adapter@_W@__crt_stdio_output@@V?$standard_base@_WV?$stream_output_adapter@_W@__crt_stdio_output@@@2@@0@AEAA_NXZ@AEAPEAD@Z 0000000180037bf0 f i libucrtd:output.obj
 0001:00036bf0       ??$read_va_arg@_K@__crt_stdio_output@@YA_KAEAPEAD@Z 0000000180037bf0 f i libucrtd:output.obj
 0001:00036bf0       ??$read_va_arg@PEAD@__crt_stdio_output@@YAPEADAEAPEAD@Z 0000000180037bf0 f i libucrtd:output.obj
 0001:00036bf0       ??$read_va_arg@U_CRT_DOUBLE@@@__crt_stdio_output@@YA?AU_CRT_DOUBLE@@AEAPEAD@Z 0000000180037bf0 f i libucrtd:output.obj
 0001:00036bf0       ??$read_va_arg@PEAX@__crt_stdio_output@@YAPEAXAEAPEAD@Z 0000000180037bf0 f i libucrtd:output.obj
 0001:00036bf0       ??$read_va_arg@PEAUansi_string@?1??type_case_Z@?$output_processor@_WV?$string_output_adapter@_W@__crt_stdio_output@@V?$standard_base@_WV?$string_output_adapter@_W@__crt_stdio_output@@@2@@__crt_stdio_output@@AEAA_NXZ@@__crt_stdio_output@@YAPEAUansi_string@?1??type_case_Z@?$output_processor@_WV?$string_output_adapter@_W@__crt_stdio_output@@V?$standard_base@_WV?$string_output_adapter@_W@__crt_stdio_output@@@2@@0@AEAA_NXZ@AEAPEAD@Z 0000000180037bf0 f i libucrtd:output.obj
 0001:00036bf0       ??$read_va_arg@_J@__crt_stdio_output@@YA_JAEAPEAD@Z 0000000180037bf0 f i libucrtd:output.obj
 0001:00036c60       ??$read_va_arg@F@__crt_stdio_output@@YAFAEAPEAD@Z 0000000180037c60 f i libucrtd:output.obj
 0001:00036c60       ??$read_va_arg@_W@__crt_stdio_output@@YA_WAEAPEAD@Z 0000000180037c60 f i libucrtd:output.obj
 0001:00036c60       ??$read_va_arg@G@__crt_stdio_output@@YAGAEAPEAD@Z 0000000180037c60 f i libucrtd:output.obj
 0001:00036cd0       ??$scratch_count@D@formatting_buffer@__crt_stdio_output@@QEBA_KXZ 0000000180037cd0 f i libucrtd:output.obj
 0001:00036cf0       ??$scratch_data@D@formatting_buffer@__crt_stdio_output@@QEAAPEADXZ 0000000180037cf0 f i libucrtd:output.obj
 0001:00036d60       ??$tcstol@PEBDPEAPEADH@?$__crt_char_traits@D@@SAJ$$QEAPEBD$$QEAPEAPEAD$$QEAH@Z 0000000180037d60 f i libucrtd:output.obj
 0001:00036da0       ??$tcstol@PEB_WPEAPEA_WH@?$__crt_char_traits@_W@@SAJ$$QEAPEB_W$$QEAPEAPEA_W$$QEAH@Z 0000000180037da0 f i libucrtd:output.obj
 0001:00036de0       ??$type_case_integer_parse_into_buffer@I@?$output_processor@DV?$string_output_adapter@D@__crt_stdio_output@@V?$format_validation_base@DV?$string_output_adapter@D@__crt_stdio_output@@@2@@__crt_stdio_output@@AEAAXII_N@Z 0000000180037de0 f i libucrtd:output.obj
 0001:00036f00       ??$type_case_integer_parse_into_buffer@I@?$output_processor@_WV?$string_output_adapter@_W@__crt_stdio_output@@V?$standard_base@_WV?$string_output_adapter@_W@__crt_stdio_output@@@2@@__crt_stdio_output@@AEAAXII_N@Z 0000000180037f00 f i libucrtd:output.obj
 0001:00036f00       ??$type_case_integer_parse_into_buffer@I@?$output_processor@_WV?$stream_output_adapter@_W@__crt_stdio_output@@V?$standard_base@_WV?$stream_output_adapter@_W@__crt_stdio_output@@@2@@__crt_stdio_output@@AEAAXII_N@Z 0000000180037f00 f i libucrtd:output.obj
 0001:00036f00       ??$type_case_integer_parse_into_buffer@I@?$output_processor@_WV?$string_output_adapter@_W@__crt_stdio_output@@V?$format_validation_base@_WV?$string_output_adapter@_W@__crt_stdio_output@@@2@@__crt_stdio_output@@AEAAXII_N@Z 0000000180037f00 f i libucrtd:output.obj
 0001:00037030       ??$type_case_integer_parse_into_buffer@_K@?$output_processor@DV?$string_output_adapter@D@__crt_stdio_output@@V?$format_validation_base@DV?$string_output_adapter@D@__crt_stdio_output@@@2@@__crt_stdio_output@@AEAAX_KI_N@Z 0000000180038030 f i libucrtd:output.obj
 0001:00037180       ??$type_case_integer_parse_into_buffer@_K@?$output_processor@_WV?$string_output_adapter@_W@__crt_stdio_output@@V?$standard_base@_WV?$string_output_adapter@_W@__crt_stdio_output@@@2@@__crt_stdio_output@@AEAAX_KI_N@Z 0000000180038180 f i libucrtd:output.obj
 0001:00037180       ??$type_case_integer_parse_into_buffer@_K@?$output_processor@_WV?$string_output_adapter@_W@__crt_stdio_output@@V?$format_validation_base@_WV?$string_output_adapter@_W@__crt_stdio_output@@@2@@__crt_stdio_output@@AEAAX_KI_N@Z 0000000180038180 f i libucrtd:output.obj
 0001:00037180       ??$type_case_integer_parse_into_buffer@_K@?$output_processor@_WV?$stream_output_adapter@_W@__crt_stdio_output@@V?$standard_base@_WV?$stream_output_adapter@_W@__crt_stdio_output@@@2@@__crt_stdio_output@@AEAAX_KI_N@Z 0000000180038180 f i libucrtd:output.obj
 0001:000372d0       ??$write_multiple_characters@V?$stream_output_adapter@_W@__crt_stdio_output@@D@__crt_stdio_output@@YAXAEBV?$stream_output_adapter@_W@0@DHQEAH@Z 00000001800382d0 f i libucrtd:output.obj
 0001:00037330       ??$write_multiple_characters@V?$string_output_adapter@D@__crt_stdio_output@@D@__crt_stdio_output@@YAXAEBV?$string_output_adapter@D@0@DHQEAH@Z 0000000180038330 f i libucrtd:output.obj
 0001:00037390       ??$write_multiple_characters@V?$string_output_adapter@_W@__crt_stdio_output@@D@__crt_stdio_output@@YAXAEBV?$string_output_adapter@_W@0@DHQEAH@Z 0000000180038390 f i libucrtd:output.obj
 0001:00037470       ??0?$common_data@D@__crt_stdio_output@@IEAA@XZ 0000000180038470 f i libucrtd:output.obj
 0001:00037540       ??0?$common_data@_W@__crt_stdio_output@@IEAA@XZ 0000000180038540 f i libucrtd:output.obj
 0001:00037610       ??0?$output_adapter_data@DV?$string_output_adapter@D@__crt_stdio_output@@@__crt_stdio_output@@IEAA@AEBV?$string_output_adapter@D@1@_KQEBDQEAU__crt_locale_pointers@@QEAD@Z 0000000180038610 f i libucrtd:output.obj
 0001:00037690       ??0?$output_adapter_data@_WV?$string_output_adapter@_W@__crt_stdio_output@@@__crt_stdio_output@@IEAA@AEBV?$string_output_adapter@_W@1@_KQEB_WQEAU__crt_locale_pointers@@QEAD@Z 0000000180038690 f i libucrtd:output.obj
 0001:00037690       ??0?$output_adapter_data@_WV?$stream_output_adapter@_W@__crt_stdio_output@@@__crt_stdio_output@@IEAA@AEBV?$stream_output_adapter@_W@1@_KQEB_WQEAU__crt_locale_pointers@@QEAD@Z 0000000180038690 f i libucrtd:output.obj
 0001:00037710       ??0?$output_processor@DV?$string_output_adapter@D@__crt_stdio_output@@V?$format_validation_base@DV?$string_output_adapter@D@__crt_stdio_output@@@2@@__crt_stdio_output@@QEAA@AEBV?$string_output_adapter@D@1@_KQEBDQEAU__crt_locale_pointers@@QEAD@Z 0000000180038710 f i libucrtd:output.obj
 0001:00037770       ??0?$output_processor@_WV?$stream_output_adapter@_W@__crt_stdio_output@@V?$standard_base@_WV?$stream_output_adapter@_W@__crt_stdio_output@@@2@@__crt_stdio_output@@QEAA@AEBV?$stream_output_adapter@_W@1@_KQEB_WQEAU__crt_locale_pointers@@QEAD@Z 0000000180038770 f i libucrtd:output.obj
 0001:00037770       ??0?$output_processor@_WV?$string_output_adapter@_W@__crt_stdio_output@@V?$standard_base@_WV?$string_output_adapter@_W@__crt_stdio_output@@@2@@__crt_stdio_output@@QEAA@AEBV?$string_output_adapter@_W@1@_KQEB_WQEAU__crt_locale_pointers@@QEAD@Z 0000000180038770 f i libucrtd:output.obj
 0001:000377d0       ??0?$output_processor@_WV?$string_output_adapter@_W@__crt_stdio_output@@V?$format_validation_base@_WV?$string_output_adapter@_W@__crt_stdio_output@@@2@@__crt_stdio_output@@QEAA@AEBV?$string_output_adapter@_W@1@_KQEB_WQEAU__crt_locale_pointers@@QEAD@Z 00000001800387d0 f i libucrtd:output.obj
 0001:00037830       ??0?$stream_output_adapter@_W@__crt_stdio_output@@QEAA@QEAU_iobuf@@@Z 0000000180038830 f i libucrtd:output.obj
 0001:00037860       ??0__acrt_stdio_temporary_buffering_guard@@QEAA@QEAU_iobuf@@@Z 0000000180038860 f i libucrtd:output.obj
 0001:000378a0       ??0__crt_errno_guard@@QEAA@QEAH@Z 00000001800388a0 f i libucrtd:output.obj
 0001:000378e0       ??0formatting_buffer@__crt_stdio_output@@QEAA@XZ 00000001800388e0 f i libucrtd:output.obj
 0001:00037920       ??1?$common_data@D@__crt_stdio_output@@QEAA@XZ 0000000180038920 f i libucrtd:output.obj
 0001:00037920       ??1?$common_data@_W@__crt_stdio_output@@QEAA@XZ 0000000180038920 f i libucrtd:output.obj
 0001:00037940       ??1?$output_adapter_data@_WV?$string_output_adapter@_W@__crt_stdio_output@@@__crt_stdio_output@@QEAA@XZ 0000000180038940 f i libucrtd:output.obj
 0001:00037940       ??1?$output_adapter_data@DV?$string_output_adapter@D@__crt_stdio_output@@@__crt_stdio_output@@QEAA@XZ 0000000180038940 f i libucrtd:output.obj
 0001:00037940       ??1?$output_adapter_data@_WV?$stream_output_adapter@_W@__crt_stdio_output@@@__crt_stdio_output@@QEAA@XZ 0000000180038940 f i libucrtd:output.obj
 0001:00037960       ??1?$output_processor@_WV?$string_output_adapter@_W@__crt_stdio_output@@V?$standard_base@_WV?$string_output_adapter@_W@__crt_stdio_output@@@2@@__crt_stdio_output@@QEAA@XZ 0000000180038960 f i libucrtd:output.obj
 0001:00037960       ??1?$output_processor@_WV?$stream_output_adapter@_W@__crt_stdio_output@@V?$standard_base@_WV?$stream_output_adapter@_W@__crt_stdio_output@@@2@@__crt_stdio_output@@QEAA@XZ 0000000180038960 f i libucrtd:output.obj
 0001:00037960       ??1?$format_validation_base@DV?$string_output_adapter@D@__crt_stdio_output@@@__crt_stdio_output@@QEAA@XZ 0000000180038960 f i libucrtd:output.obj
 0001:00037960       ??1?$format_validation_base@_WV?$string_output_adapter@_W@__crt_stdio_output@@@__crt_stdio_output@@QEAA@XZ 0000000180038960 f i libucrtd:output.obj
 0001:00037980       ??1?$output_processor@_WV?$string_output_adapter@_W@__crt_stdio_output@@V?$format_validation_base@_WV?$string_output_adapter@_W@__crt_stdio_output@@@2@@__crt_stdio_output@@QEAA@XZ 0000000180038980 f i libucrtd:output.obj
 0001:00037980       ??1?$output_processor@DV?$string_output_adapter@D@__crt_stdio_output@@V?$format_validation_base@DV?$string_output_adapter@D@__crt_stdio_output@@@2@@__crt_stdio_output@@QEAA@XZ 0000000180038980 f i libucrtd:output.obj
 0001:000379a0       ??1?$standard_base@DV?$string_output_adapter@D@__crt_stdio_output@@@__crt_stdio_output@@QEAA@XZ 00000001800389a0 f i libucrtd:output.obj
 0001:000379a0       ??1?$standard_base@_WV?$stream_output_adapter@_W@__crt_stdio_output@@@__crt_stdio_output@@QEAA@XZ 00000001800389a0 f i libucrtd:output.obj
 0001:000379a0       ??1?$standard_base@_WV?$string_output_adapter@_W@__crt_stdio_output@@@__crt_stdio_output@@QEAA@XZ 00000001800389a0 f i libucrtd:output.obj
 0001:000379c0       ??1__acrt_stdio_temporary_buffering_guard@@QEAA@XZ 00000001800389c0 f i libucrtd:output.obj
 0001:000379f0       ??1__crt_errno_guard@@QEAA@XZ 00000001800389f0 f i libucrtd:output.obj
 0001:00037a20       ??1formatting_buffer@__crt_stdio_output@@QEAA@XZ 0000000180038a20 f i libucrtd:output.obj
 0001:00037a50       ??4?$__crt_unique_heap_ptr@DU__crt_internal_free_policy@@@@QEAAAEAV0@$$QEAV0@@Z 0000000180038a50 f i libucrtd:output.obj
 0001:00037be0       ?adjust_hexit@?$output_processor@_WV?$stream_output_adapter@_W@__crt_stdio_output@@V?$standard_base@_WV?$stream_output_adapter@_W@__crt_stdio_output@@@2@@__crt_stdio_output@@CADH_N@Z 0000000180038be0 f i libucrtd:output.obj
 0001:00037be0       ?adjust_hexit@?$output_processor@DV?$string_output_adapter@D@__crt_stdio_output@@V?$format_validation_base@DV?$string_output_adapter@D@__crt_stdio_output@@@2@@__crt_stdio_output@@CADH_N@Z 0000000180038be0 f i libucrtd:output.obj
 0001:00037be0       ?adjust_hexit@?$output_processor@_WV?$string_output_adapter@_W@__crt_stdio_output@@V?$standard_base@_WV?$string_output_adapter@_W@__crt_stdio_output@@@2@@__crt_stdio_output@@CADH_N@Z 0000000180038be0 f i libucrtd:output.obj
 0001:00037be0       ?adjust_hexit@?$output_processor@_WV?$string_output_adapter@_W@__crt_stdio_output@@V?$format_validation_base@_WV?$string_output_adapter@_W@__crt_stdio_output@@@2@@__crt_stdio_output@@CADH_N@Z 0000000180038be0 f i libucrtd:output.obj
 0001:00037c30       ?advance_to_next_pass@?$standard_base@DV?$string_output_adapter@D@__crt_stdio_output@@@__crt_stdio_output@@IEAA_NXZ 0000000180038c30 f i libucrtd:output.obj
 0001:00037c30       ?advance_to_next_pass@?$standard_base@_WV?$string_output_adapter@_W@__crt_stdio_output@@@__crt_stdio_output@@IEAA_NXZ 0000000180038c30 f i libucrtd:output.obj
 0001:00037c30       ?advance_to_next_pass@?$standard_base@_WV?$stream_output_adapter@_W@__crt_stdio_output@@@__crt_stdio_output@@IEAA_NXZ 0000000180038c30 f i libucrtd:output.obj
 0001:00037c80       ?crop_zeroes@__crt_stdio_output@@YAXPEADQEAU__crt_locale_pointers@@@Z 0000000180038c80 f i libucrtd:output.obj
 0001:00037dc0       ?find_next_state@?$output_processor@DV?$string_output_adapter@D@__crt_stdio_output@@V?$format_validation_base@DV?$string_output_adapter@D@__crt_stdio_output@@@2@@__crt_stdio_output@@AEBA?AW4state@2@DW432@@Z 0000000180038dc0 f i libucrtd:output.obj
 0001:00037e60       ?find_next_state@?$output_processor@_WV?$stream_output_adapter@_W@__crt_stdio_output@@V?$standard_base@_WV?$stream_output_adapter@_W@__crt_stdio_output@@@2@@__crt_stdio_output@@AEBA?AW4state@2@_WW432@@Z 0000000180038e60 f i libucrtd:output.obj
 0001:00037e60       ?find_next_state@?$output_processor@_WV?$string_output_adapter@_W@__crt_stdio_output@@V?$standard_base@_WV?$string_output_adapter@_W@__crt_stdio_output@@@2@@__crt_stdio_output@@AEBA?AW4state@2@_WW432@@Z 0000000180038e60 f i libucrtd:output.obj
 0001:00037f00       ?find_next_state@?$output_processor@_WV?$string_output_adapter@_W@__crt_stdio_output@@V?$format_validation_base@_WV?$string_output_adapter@_W@__crt_stdio_output@@@2@@__crt_stdio_output@@AEBA?AW4state@2@_WW432@@Z 0000000180038f00 f i libucrtd:output.obj
 0001:00037fa0       ?force_decimal_point@__crt_stdio_output@@YAXPEADQEAU__crt_locale_pointers@@@Z 0000000180038fa0 f i libucrtd:output.obj
 0001:00038080       ?has_flag@?$output_processor@_WV?$stream_output_adapter@_W@__crt_stdio_output@@V?$standard_base@_WV?$stream_output_adapter@_W@__crt_stdio_output@@@2@@__crt_stdio_output@@AEBA_NI@Z 0000000180039080 f i libucrtd:output.obj
 0001:00038080       ?has_flag@?$output_processor@_WV?$string_output_adapter@_W@__crt_stdio_output@@V?$format_validation_base@_WV?$string_output_adapter@_W@__crt_stdio_output@@@2@@__crt_stdio_output@@AEBA_NI@Z 0000000180039080 f i libucrtd:output.obj
 0001:00038080       ?has_flag@?$output_processor@DV?$string_output_adapter@D@__crt_stdio_output@@V?$format_validation_base@DV?$string_output_adapter@D@__crt_stdio_output@@@2@@__crt_stdio_output@@AEBA_NI@Z 0000000180039080 f i libucrtd:output.obj
 0001:00038080       ?has_flag@?$output_processor@_WV?$string_output_adapter@_W@__crt_stdio_output@@V?$standard_base@_WV?$string_output_adapter@_W@__crt_stdio_output@@@2@@__crt_stdio_output@@AEBA_NI@Z 0000000180039080 f i libucrtd:output.obj
 0001:000380c0       ?is_string_backed@__crt_stdio_stream@@QEBA_NXZ 00000001800390c0 f i libucrtd:output.obj
 0001:00038100       ?narrow_null_string@?$output_processor@_WV?$string_output_adapter@_W@__crt_stdio_output@@V?$format_validation_base@_WV?$string_output_adapter@_W@__crt_stdio_output@@@2@@__crt_stdio_output@@CAPEADXZ 0000000180039100 f i libucrtd:output.obj
 0001:00038100       ?narrow_null_string@?$output_processor@_WV?$stream_output_adapter@_W@__crt_stdio_output@@V?$standard_base@_WV?$stream_output_adapter@_W@__crt_stdio_output@@@2@@__crt_stdio_output@@CAPEADXZ 0000000180039100 f i libucrtd:output.obj
 0001:00038100       ?narrow_null_string@?$output_processor@DV?$string_output_adapter@D@__crt_stdio_output@@V?$format_validation_base@DV?$string_output_adapter@D@__crt_stdio_output@@@2@@__crt_stdio_output@@CAPEADXZ 0000000180039100 f i libucrtd:output.obj
 0001:00038100       ?narrow_null_string@?$output_processor@_WV?$string_output_adapter@_W@__crt_stdio_output@@V?$standard_base@_WV?$string_output_adapter@_W@__crt_stdio_output@@@2@@__crt_stdio_output@@CAPEADXZ 0000000180039100 f i libucrtd:output.obj
 0001:00038110       ?parse_int_from_format_string@?$output_processor@DV?$string_output_adapter@D@__crt_stdio_output@@V?$format_validation_base@DV?$string_output_adapter@D@__crt_stdio_output@@@2@@__crt_stdio_output@@AEAA_NQEAH@Z 0000000180039110 f i libucrtd:output.obj
 0001:000381f0       ?parse_int_from_format_string@?$output_processor@_WV?$string_output_adapter@_W@__crt_stdio_output@@V?$format_validation_base@_WV?$string_output_adapter@_W@__crt_stdio_output@@@2@@__crt_stdio_output@@AEAA_NQEAH@Z 00000001800391f0 f i libucrtd:output.obj
 0001:000381f0       ?parse_int_from_format_string@?$output_processor@_WV?$string_output_adapter@_W@__crt_stdio_output@@V?$standard_base@_WV?$string_output_adapter@_W@__crt_stdio_output@@@2@@__crt_stdio_output@@AEAA_NQEAH@Z 00000001800391f0 f i libucrtd:output.obj
 0001:000381f0       ?parse_int_from_format_string@?$output_processor@_WV?$stream_output_adapter@_W@__crt_stdio_output@@V?$standard_base@_WV?$stream_output_adapter@_W@__crt_stdio_output@@@2@@__crt_stdio_output@@AEAA_NQEAH@Z 00000001800391f0 f i libucrtd:output.obj
 0001:000382d0       ?process@?$output_processor@DV?$string_output_adapter@D@__crt_stdio_output@@V?$format_validation_base@DV?$string_output_adapter@D@__crt_stdio_output@@@2@@__crt_stdio_output@@QEAAHXZ 00000001800392d0 f i libucrtd:output.obj
 0001:00038630       ?process@?$output_processor@_WV?$stream_output_adapter@_W@__crt_stdio_output@@V?$standard_base@_WV?$stream_output_adapter@_W@__crt_stdio_output@@@2@@__crt_stdio_output@@QEAAHXZ 0000000180039630 f i libucrtd:output.obj
 0001:00038990       ?process@?$output_processor@_WV?$string_output_adapter@_W@__crt_stdio_output@@V?$format_validation_base@_WV?$string_output_adapter@_W@__crt_stdio_output@@@2@@__crt_stdio_output@@QEAAHXZ 0000000180039990 f i libucrtd:output.obj
 0001:00038cf0       ?process@?$output_processor@_WV?$string_output_adapter@_W@__crt_stdio_output@@V?$standard_base@_WV?$string_output_adapter@_W@__crt_stdio_output@@@2@@__crt_stdio_output@@QEAAHXZ 0000000180039cf0 f i libucrtd:output.obj
 0001:00039050       ?set_flag@?$output_processor@_WV?$stream_output_adapter@_W@__crt_stdio_output@@V?$standard_base@_WV?$stream_output_adapter@_W@__crt_stdio_output@@@2@@__crt_stdio_output@@AEAAXI@Z 000000018003a050 f i libucrtd:output.obj
[...]
 0004:000034a4       $pdata$__GSHandlerCheck_SEH 00000001800864a4     LIBCMTD:_gshandlerseh_.obj
 0004:000034b0       $pdata$__GSHandlerCheck_EH 00000001800864b0     LIBCMTD:gshandlereh.obj
 0004:000034bc       $pdata$??3@YAXPEAX_K@Z     00000001800864bc     LIBCMTD:delete_scalar_size.obj
 0004:000034c8       $pdata$??3@YAXPEAX@Z       00000001800864c8     LIBCMTD:delete_scalar.obj
 0004:000034ec       $pdata$strrchr             00000001800864ec     libvcruntimed:strrchr.obj
 0004:000034f8       $pdata$?_CatchTryBlock@@YAPEBU_s_TryBlockMapEntry@@PEBU_s_FuncInfo@@H@Z 00000001800864f8     libvcruntimed:trnsctrl.obj
 0004:00003504       $pdata$?_GetEstablisherFrame@@YAPEA_KPEA_KPEAU_xDISPATCHER_CONTEXT@@PEBU_s_FuncInfo@@0@Z 0000000180086504     libvcruntimed:trnsctrl.obj
 0004:00003510       $pdata$?_GetRangeOfTrysToCheck@@YAPEBU_s_TryBlockMapEntry@@PEA_KPEBU_s_FuncInfo@@HHPEAI2PEAU_xDISPATCHER_CONTEXT@@@Z 0000000180086510     libvcruntimed:trnsctrl.obj
 0004:0000351c       $pdata$?__FrameUnwindToEmptyState@@YAXPEA_KPEAU_xDISPATCHER_CONTEXT@@PEBU_s_FuncInfo@@@Z 000000018008651c     libvcruntimed:trnsctrl.obj
 0004:00003528       $pdata$?__SehTransFilter@@YAHPEAU_EXCEPTION_POINTERS@@PEAUEHExceptionRecord@@PEA_KPEAU_CONTEXT@@PEAU_xDISPATCHER_CONTEXT@@PEBU_s_FuncInfo@@PEAH@Z 0000000180086528     libvcruntimed:trnsctrl.obj
 0004:00003534       $pdata$_CallSETranslator   0000000180086534     libvcruntimed:trnsctrl.obj
 0004:00003540       $pdata$_CreateFrameInfo    0000000180086540     libvcruntimed:trnsctrl.obj
 0004:0000354c       $pdata$_FindAndUnlinkFrame 000000018008654c     libvcruntimed:trnsctrl.obj
 0004:00003558       $pdata$_GetImageBase       0000000180086558     libvcruntimed:trnsctrl.obj
 0004:00003564       $pdata$_GetThrowImageBase  0000000180086564     libvcruntimed:trnsctrl.obj
 0004:00003570       $pdata$_IsExceptionObjectToBeDestroyed 0000000180086570     libvcruntimed:trnsctrl.obj
 0004:0000357c       $pdata$_SetImageBase       000000018008657c     libvcruntimed:trnsctrl.obj
 0004:00003588       $pdata$_SetThrowImageBase  0000000180086588     libvcruntimed:trnsctrl.obj
 0004:00003594       $pdata$_UnwindNestedFrames 0000000180086594     libvcruntimed:trnsctrl.obj
 0004:000035a0       $pdata$__CxxFrameHandler3  00000001800865a0     libvcruntimed:trnsctrl.obj
 0004:000035ac       $pdata$?__GetCurrentState@@YAHPEA_KPEAU_xDISPATCHER_CONTEXT@@PEBU_s_FuncInfo@@@Z 00000001800865ac     libvcruntimed:ehstate.obj
 0004:000035b8       $pdata$?__GetUnwindTryBlock@@YAHPEA_KPEAU_xDISPATCHER_CONTEXT@@PEBU_s_FuncInfo@@@Z 00000001800865b8     libvcruntimed:ehstate.obj
 0004:000035c4       $pdata$?__SetUnwindTryBlock@@YAXPEA_KPEAU_xDISPATCHER_CONTEXT@@PEBU_s_FuncInfo@@H@Z 00000001800865c4     libvcruntimed:ehstate.obj
 0004:000035d0       $pdata$?__StateFromControlPc@@YAHPEBU_s_FuncInfo@@PEAU_xDISPATCHER_CONTEXT@@@Z 00000001800865d0     libvcruntimed:ehstate.obj
 0004:000035dc       $pdata$?__StateFromIp@@YAHPEBU_s_FuncInfo@@PEAU_xDISPATCHER_CONTEXT@@_J@Z 00000001800865dc     libvcruntimed:ehstate.obj
 0004:000035e8       $pdata$__DestructExceptionObject 00000001800865e8     libvcruntimed:frame.obj
 0004:000035f4       $pdata$??0bad_exception@std@@QEAA@AEBV01@@Z 00000001800865f4     libvcruntimed:frame.obj
 0004:00003600       $pdata$??0bad_exception@std@@QEAA@XZ 0000000180086600     libvcruntimed:frame.obj
 0004:0000360c       $pdata$??0exception@std@@QEAA@AEBV01@@Z 000000018008660c     libvcruntimed:frame.obj
 0004:00003618       $pdata$??0exception@std@@QEAA@QEBDH@Z 0000000180086618     libvcruntimed:frame.obj
 0004:00003624       $pdata$??1bad_exception@std@@UEAA@XZ 0000000180086624     libvcruntimed:frame.obj
 0004:00003630       $pdata$??1exception@std@@UEAA@XZ 0000000180086630     libvcruntimed:frame.obj
 0004:0000363c       $pdata$??8type_info@@QEBA_NAEBV0@@Z 000000018008663c     libvcruntimed:frame.obj
 0004:00003648       $pdata$??_Gbad_exception@std@@UEAAPEAXI@Z 0000000180086648     libvcruntimed:frame.obj
 0004:00003654       $pdata$??_Gexception@std@@UEAAPEAXI@Z 0000000180086654     libvcruntimed:frame.obj
 0004:00003660       $pdata$?CatchIt@@YAXPEAUEHExceptionRecord@@PEA_KPEAU_CONTEXT@@PEAU_xDISPATCHER_CONTEXT@@PEBU_s_FuncInfo@@PEBU_s_HandlerType@@PEBU_s_CatchableType@@PEBU_s_TryBlockMapEntry@@H1EE@Z 0000000180086660     libvcruntimed:frame.obj
 0004:0000366c       $pdata$?ExFilterRethrow@@YAHPEAU_EXCEPTION_POINTERS@@PEAUEHExceptionRecord@@PEAH@Z 000000018008666c     libvcruntimed:frame.obj
 0004:00003678       $pdata$?FindHandler@@YAXPEAUEHExceptionRecord@@PEA_KPEAU_CONTEXT@@PEAU_xDISPATCHER_CONTEXT@@PEBU_s_FuncInfo@@EH1@Z 0000000180086678     libvcruntimed:frame.obj
 0004:00003684       $pdata$?FindHandlerForForeignException@@YAXPEAUEHExceptionRecord@@PEA_KPEAU_CONTEXT@@PEAU_xDISPATCHER_CONTEXT@@PEBU_s_FuncInfo@@HH1@Z 0000000180086684     libvcruntimed:frame.obj
 0004:00003690       $pdata$?IsInExceptionSpec@@YAEPEAUEHExceptionRecord@@PEBU_s_ESTypeList@@@Z 0000000180086690     libvcruntimed:frame.obj
 0004:0000369c       $pdata$?Is_bad_exception_allowed@@YAEPEBU_s_ESTypeList@@@Z 000000018008669c     libvcruntimed:frame.obj
 0004:000036a8       $pdata$?_CallMemberFunction0@@YAXPEAXP6AX0@Z@Z 00000001800866a8     libvcruntimed:frame.obj
 0004:000036b4       $pdata$?_CallMemberFunction1@@YAXPEAXP6AX0@Z0@Z 00000001800866b4     libvcruntimed:frame.obj
 0004:000036c0       $pdata$?_CallMemberFunction2@@YAXPEAXP6AX0@Z0H@Z 00000001800866c0     libvcruntimed:frame.obj
 0004:000036cc       $pdata$?__RethrowException@@YAXPEAUEHExceptionRecord@@@Z 00000001800866cc     libvcruntimed:frame.obj
 0004:000036d8       $pdata$?what@exception@std@@UEBAPEBDXZ 00000001800866d8     libvcruntimed:frame.obj
 0004:000036e4       $pdata$__AdjustPointer     00000001800866e4     libvcruntimed:frame.obj
 0004:000036f0       $pdata$__BuildCatchObject  00000001800866f0     libvcruntimed:frame.obj
 0004:000036fc       $pdata$__BuildCatchObjectHelper 00000001800866fc     libvcruntimed:frame.obj
 0004:00003708       $pdata$__CxxCallCatchBlock 0000000180086708     libvcruntimed:frame.obj
 0004:00003714       $pdata$__FrameUnwindFilter 0000000180086714     libvcruntimed:frame.obj
 0004:00003720       $pdata$__FrameUnwindToState 0000000180086720     libvcruntimed:frame.obj
 0004:0000372c       $pdata$__InternalCxxFrameHandler 000000018008672c     libvcruntimed:frame.obj
 0004:00003738       $pdata$__TypeMatch         0000000180086738     libvcruntimed:frame.obj
 0004:00003750       $pdata$??$?RD@__crt_public_free_policy@@QEBAXQEBD@Z 0000000180086750     libvcruntimed:std_exception.obj
 0004:0000375c       $pdata$??1?$__crt_unique_heap_ptr@DU__crt_public_free_policy@@@@QEAA@XZ 000000018008675c     libvcruntimed:std_exception.obj
 0004:00003768       $pdata$?release@?$__crt_unique_heap_ptr@DU__crt_public_free_policy@@@@QEAAXXZ 0000000180086768     libvcruntimed:std_exception.obj
 0004:00003774       $pdata$__std_exception_copy 0000000180086774     libvcruntimed:std_exception.obj
 0004:00003780       $pdata$__std_exception_destroy 0000000180086780     libvcruntimed:std_exception.obj
 0004:0000378c       $pdata$_CxxThrowException  000000018008678c     libvcruntimed:throw.obj
 0004:000037a4       $pdata$?fin$0@?0??dllmain_crt_process_attach@@YAHQEAUHINSTANCE__@@QEAX@Z@4HA 00000001800867a4     LIBCMTD:dll_dllmain.obj
 0004:000037b0       $pdata$?fin$0@?0??dllmain_crt_process_detach@@YAH_N@Z@4HA 00000001800867b0     LIBCMTD:dll_dllmain.obj
 0004:000037bc       $pdata$?filt$0@?0??dllmain_dispatch@@YAHQEAUHINSTANCE__@@KQEAX@Z@4HA 00000001800867bc     LIBCMTD:dll_dllmain.obj
 0004:000037c8       $pdata$__scrt_is_nonwritable_in_current_image$filt$0 00000001800867c8     LIBCMTD:utility.obj
 0004:000037d4       $pdata$?filt$0@?0??common_exit@@YAXHW4_crt_exit_cleanup_mode@@W4_crt_exit_return_mode@@@Z@4HA 00000001800867d4     libucrtd:exit.obj
 0004:000037e0       $pdata$?fin$1@?0??common_exit@@YAXHW4_crt_exit_cleanup_mode@@W4_crt_exit_return_mode@@@Z@4HA 00000001800867e0     libucrtd:exit.obj
 0004:000037ec       $pdata$?fin$0@?0???$?RV<lambda_c36588078e9f5dfd39652860aa6b3aaf>@@AEAV<lambda_ec61778202f4f5fc7e7711acc23c3bca>@@V<lambda_dc9d2797ccde5d239b4a0efae8ebd7db>@@@?$__crt_seh_guarded_call@P6AXH@Z@@QEAAP6AXH@Z$$QEAV<lambda_c36588078e9f5dfd39652860aa6b3aaf>@@AEAV<lambda_ec61778202f4f5fc7e7711acc23c3bca>@@$$QEAV<lambda_dc9d2797ccde5d239b4a0efae8ebd7db>@@@Z@4HA 00000001800867ec     libucrtd:signal.obj
 0004:000037ec       $pdata$?fin$0@?0???$?RV<lambda_d22e02de4d14401f49897516b29a2b7c>@@AEAV<lambda_e971338317bfa523bb8920b43d823727>@@V<lambda_b0b8599c9027f5b14541fbbd6863d1f1>@@@?$__crt_seh_guarded_call@H@@QEAAH$$QEAV<lambda_d22e02de4d14401f49897516b29a2b7c>@@AEAV<lambda_e971338317bfa523bb8920b43d823727>@@$$QEAV<lambda_b0b8599c9027f5b14541fbbd6863d1f1>@@@Z@4HA 00000001800867ec     libucrtd:onexit.obj
 0004:000037ec       $pdata$?fin$0@?0???$?RV<lambda_b0d8f1f77f5878de4f648f281b223c15>@@AEAV<lambda_942beefa13ab35ff55f86422493ffd6a>@@V<lambda_7adb6fc9c0d6a5bd4e2d9c212ec7cdcc>@@@?$__crt_seh_guarded_call@H@@QEAAH$$QEAV<lambda_b0d8f1f77f5878de4f648f281b223c15>@@AEAV<lambda_942beefa13ab35ff55f86422493ffd6a>@@$$QEAV<lambda_7adb6fc9c0d6a5bd4e2d9c212ec7cdcc>@@@Z@4HA 00000001800867ec     libucrtd:onexit.obj
 0004:000037f8       $pdata$_CrtMemCheckpoint$fin$0 00000001800867f8     libucrtd:debug_heap.obj
 0004:000037f8       $pdata$?fin$0@?0??heap_alloc_dbg_internal@@YAPEAX_KHQEBDH@Z@4HA 00000001800867f8     libucrtd:debug_heap.obj
 0004:00003804       $pdata$__BuildCatchObject$filt$0 0000000180086804     libvcruntimed:frame.obj
 0004:00003804       $pdata$terminate$filt$0    0000000180086804     libucrtd:terminate.obj
 0004:00003804       $pdata$__BuildCatchObjectHelper$filt$0 0000000180086804     libvcruntimed:frame.obj
 0004:00003804       $pdata$?filt$0@?0??is_bad_read_pointer@@YA_NQEBX_K@Z@4HA 0000000180086804     libucrtd:debug_heap.obj
 0004:00003810       $pdata$?fin$0@?0??validate_heap_if_required_nolock@@YAXXZ@4HA 0000000180086810     libucrtd:debug_heap.obj
 0004:0000381c       $pdata$_query_new_handler$fin$0 000000018008681c     libucrtd:new_handler.obj
 0004:0000381c       $pdata$_free_dbg$fin$0     000000018008681c     libucrtd:debug_heap.obj
 0004:00003828       $pdata$_CrtCheckMemory$fin$0 0000000180086828     libucrtd:debug_heap.obj
 0004:00003828       $pdata$_CrtSetDbgFlag$fin$0 0000000180086828     libucrtd:debug_heap.obj
 0004:00003828       $pdata$_msize_dbg$fin$0    0000000180086828     libucrtd:debug_heap.obj
 0004:00003828       $pdata$_realloc_dbg$fin$0  0000000180086828     libucrtd:debug_heap.obj
 0004:00003828       $pdata$_CrtMemDumpAllObjectsSince$fin$0 0000000180086828     libucrtd:debug_heap.obj
 0004:00003834       $pdata$common_flush_all$fin$0 0000000180086834     libucrtd:fflush.obj
 0004:00003840       $pdata$common_flush_all$fin$1 0000000180086840     libucrtd:fflush.obj
 0004:0000384c       $pdata$fflush$fin$0        000000018008684c     libucrtd:fflush.obj
 0004:00003858       $pdata$?fin$0@?0???$?RV<lambda_e8c63f3eaa5b5d1d090047a93e563945>@@AEAV<lambda_108d78a972a15edee025c8b3efe121dc>@@V<lambda_d99a45a39bf155923106577f928afec0>@@@?$__crt_seh_guarded_call@H@@QEAAH$$QEAV<lambda_e8c63f3eaa5b5d1d090047a93e563945>@@AEAV<lambda_108d78a972a15edee025c8b3efe121dc>@@$$QEAV<lambda_d99a45a39bf155923106577f928afec0>@@@Z@4HA 0000000180086858     libucrtd:setvbuf.obj
 0004:00003858       $pdata$?fin$0@?0???$?RV<lambda_7b91131dde12e1c3dfc74ff76b3f2eac>@@AEAV<lambda_dd75445284c072d0bd3768540cc698fa>@@V<lambda_16bc4ecb55b4718497c16bceaea2ceaf>@@@?$__crt_seh_guarded_call@H@@QEAAH$$QEAV<lambda_7b91131dde12e1c3dfc74ff76b3f2eac>@@AEAV<lambda_dd75445284c072d0bd3768540cc698fa>@@$$QEAV<lambda_16bc4ecb55b4718497c16bceaea2ceaf>@@@Z@4HA 0000000180086858     libucrtd:output.obj
 0004:00003864       $pdata$raise$fin$0         0000000180086864     libucrtd:signal.obj
 0004:00003870       $pdata$_ctrlfp$filt$0      0000000180086870     libucrtd:fpctrl.obj
 0004:0000387c       $pdata$?fin$0@?0???$?RV<lambda_72d1df2b273a38828b1ce30cbf4cdab5>@@AEAV<lambda_876a65b173b8412d3a47c70a915b0cf4>@@V<lambda_41932305e351933ebe8f8be3ed8bb5dc>@@@?$__crt_seh_guarded_call@X@@QEAAX$$QEAV<lambda_72d1df2b273a38828b1ce30cbf4cdab5>@@AEAV<lambda_876a65b173b8412d3a47c70a915b0cf4>@@$$QEAV<lambda_41932305e351933ebe8f8be3ed8bb5dc>@@@Z@4HA 000000018008687c     libucrtd:per_thread_data.obj
 0004:0000387c       $pdata$?fin$0@?0???$?RV<lambda_9431c60049192bb82166e0947f95a2e9>@@AEAV<lambda_85fa512c59a4d94d4a89f575eefd92a6>@@V<lambda_487febba6ca58d9ce348204d67e1dba3>@@@?$__crt_seh_guarded_call@X@@QEAAX$$QEAV<lambda_9431c60049192bb82166e0947f95a2e9>@@AEAV<lambda_85fa512c59a4d94d4a89f575eefd92a6>@@$$QEAV<lambda_487febba6ca58d9ce348204d67e1dba3>@@@Z@4HA 000000018008687c     libucrtd:wsetlocale.obj
 0004:0000387c       $pdata$?fin$0@?0???$?RV<lambda_4b02a2c13f0b7bca6761cd772f269b25>@@AEAV<lambda_4193c30e38ea2c4c867ab9dfdf9a7ba1>@@V<lambda_389b4ff37004aac51a1dd957cd7254ad>@@@?$__crt_seh_guarded_call@X@@QEAAX$$QEAV<lambda_4b02a2c13f0b7bca6761cd772f269b25>@@AEAV<lambda_4193c30e38ea2c4c867ab9dfdf9a7ba1>@@$$QEAV<lambda_389b4ff37004aac51a1dd957cd7254ad>@@@Z@4HA 000000018008687c     libucrtd:mbctype.obj
 0004:0000387c       $pdata$?fin$0@?0???$?RV<lambda_fb3a7dec4e47f37f22dae91bb15c9095>@@AEAV<lambda_698284760c8add0bfb0756c19673e34b>@@V<lambda_dfb8eca1e75fef3034a8fb18dd509707>@@@?$__crt_seh_guarded_call@X@@QEAAX$$QEAV<lambda_fb3a7dec4e47f37f22dae91bb15c9095>@@AEAV<lambda_698284760c8add0bfb0756c19673e34b>@@$$QEAV<lambda_dfb8eca1e75fef3034a8fb18dd509707>@@@Z@4HA 000000018008687c     libucrtd:per_thread_data.obj
 0004:0000387c       $pdata$?fin$0@?0???$?RV<lambda_8773731b9ba2edf4362dda13ebc82854>@@AEAV<lambda_6ac21da2756cd333d25ba1adc9a0001e>@@V<lambda_2c95662d60720604e97e3009a1ee1859>@@@?$__crt_seh_guarded_call@X@@QEAAX$$QEAV<lambda_8773731b9ba2edf4362dda13ebc82854>@@AEAV<lambda_6ac21da2756cd333d25ba1adc9a0001e>@@$$QEAV<lambda_2c95662d60720604e97e3009a1ee1859>@@@Z@4HA 000000018008687c     libucrtd:per_thread_data.obj
 0004:0000387c       $pdata$?fin$0@?0???$?RV<lambda_5e887d1dcbef67a5eb4283622ba103bf>@@AEAV<lambda_4466841279450cc726390878d4a41900>@@V<lambda_341c25c0346d94847f1f3c463c57e077>@@@?$__crt_seh_guarded_call@X@@QEAAX$$QEAV<lambda_5e887d1dcbef67a5eb4283622ba103bf>@@AEAV<lambda_4466841279450cc726390878d4a41900>@@$$QEAV<lambda_341c25c0346d94847f1f3c463c57e077>@@@Z@4HA 000000018008687c     libucrtd:per_thread_data.obj
 0004:00003888       $pdata$?fin$0@?0??update_thread_multibyte_data_internal@@YAPEAU__crt_multibyte_data@@QEAU__acrt_ptd@@QEAU1@@Z@4HA 0000000180086888     libucrtd:mbctype.obj
 0004:00003894       $pdata$__acrt_initialize_lowio$fin$0 0000000180086894     libucrtd:ioinit.obj
 0004:000038a0       $pdata$_VCrtDbgReportA$fin$0 00000001800868a0     libucrtd:dbgrptt.obj
 0004:000038ac       $pdata$_VCrtDbgReportA$fin$1 00000001800868ac     libucrtd:dbgrptt.obj
 0004:000038b8       $pdata$_VCrtDbgReportW$fin$0 00000001800868b8     libucrtd:dbgrptt.obj
 0004:000038c4       $pdata$_VCrtDbgReportW$fin$1 00000001800868c4     libucrtd:dbgrptt.obj
 0004:000038d0       $pdata$?dtor$0@?0??fp_format_a@@YAHQEBNPEAD_KQEAD2H_NIQEAU__crt_locale_pointers@@@Z@4HA 00000001800868d0     libucrtd:cvt.obj
 0004:000038dc       $pdata$_fcloseall$fin$0    00000001800868dc     libucrtd:closeall.obj
 0004:000038e8       $pdata$?fin$0@?0???$?RV<lambda_2ce24b26f23dade10250ef086380d911>@@AEAV<lambda_e9ab68cc08dfd839979545c079379e6e>@@V<lambda_6262c464c96e4c69799ed44814c7c457>@@@?$__crt_seh_guarded_call@H@@QEAAH$$QEAV<lambda_2ce24b26f23dade10250ef086380d911>@@AEAV<lambda_e9ab68cc08dfd839979545c079379e6e>@@$$QEAV<lambda_6262c464c96e4c69799ed44814c7c457>@@@Z@4HA 00000001800868e8     libucrtd:commit.obj
 0004:000038e8       $pdata$?fin$0@?0???$?RV<lambda_4f1f1a84956f0d44b74de224c960ff76>@@AEAV<lambda_a8f98972ebaa5f7148d35bffe53bd70d>@@V<lambda_f6ca65dda28655a1cf758c1c4e38e52a>@@@?$__crt_seh_guarded_call@H@@QEAAH$$QEAV<lambda_4f1f1a84956f0d44b74de224c960ff76>@@AEAV<lambda_a8f98972ebaa5f7148d35bffe53bd70d>@@$$QEAV<lambda_f6ca65dda28655a1cf758c1c4e38e52a>@@@Z@4HA 00000001800868e8     libucrtd:close.obj
 0004:000038f4       $pdata$__acrt_update_thread_locale_data$fin$0 00000001800868f4     libucrtd:locale_refcounting.obj
 0004:00003900       $pdata$__acrt_lowio_ensure_fh_exists$fin$0 0000000180086900     libucrtd:osfinfo.obj
 0004:0000390c       $pdata$?dtor$0@?0??_wcstombs_l_helper@@YA_KPEADPEB_W_KPEAU__crt_locale_pointers@@@Z@4HA 000000018008690c     libucrtd:wcstombs.obj
 0004:00003918       $pdata$common_control87$filt$0 0000000180086918     libucrtd:ieee.obj
 0004:00003924       $pdata$fclose$fin$0        0000000180086924     libucrtd:fclose.obj
 0004:00003930       $pdata$_write$fin$0        0000000180086930     libucrtd:write.obj
 0004:00003930       $pdata$?fin$0@?0???$common_lseek@_J@@YA_JH_JH@Z@4HA 0000000180086930     libucrtd:lseek.obj
 0004:0000393c       $pdata$_IsNonwritableInCurrentImage$filt$0 000000018008693c     LIBCMTD:pesect.obj
 0004:00003948       $pdata$_CallSETranslator$filt$0 0000000180086948     libvcruntimed:trnsctrl.obj
 0004:00003954       $pdata$__CxxCallCatchBlock$filt$0 0000000180086954     libvcruntimed:frame.obj
 0004:00003960       $pdata$__CxxCallCatchBlock$fin$1 0000000180086960     libvcruntimed:frame.obj
 0004:0000396c       $pdata$__DestructExceptionObject$filt$0 000000018008696c     libvcruntimed:frame.obj
 0004:00003978       $pdata$__FrameUnwindToState$filt$0 0000000180086978     libvcruntimed:frame.obj
 0004:00003984       $pdata$__FrameUnwindToState$fin$1 0000000180086984     libvcruntimed:frame.obj
 0005:00000000       __guard_fids__             0000000180087000     libucrtd:initialization.obj
 0005:00000060       __guard_fids_??$common_show_message_box@_W@@YAHQEB_W0I@Z 0000000180087060     libucrtd:crtmbox.obj
 0005:00000064       __guard_fids___acrt_initialize_ptd 0000000180087064     libucrtd:per_thread_data.obj
 0005:00000068       __guard_fids__             0000000180087068     libucrtd:debug_heap_hook.obj
 0005:0000006c       __guard_fids__             000000018008706c     libucrtd:stdio_initializer.obj
 0005:00000070       __guard_fids__             0000000180087070     libucrtd:stdio_initializer.obj
 0005:00000074       __guard_fids__             0000000180087074     libucrtd:fma3_initializer.obj
 0005:00000078       __guard_fids__             0000000180087078     libucrtd:multibyte_initializer.obj
 0005:0000007c       __guard_fids__             000000018008707c     libucrtd:locale_initializer.obj
 0005:00000080       __guard_fids__             0000000180087080     libucrtd:console_output_initializer.obj
 0005:00000084       __guard_fids_?dllmain_crt_process_attach@@YAHQEAUHINSTANCE__@@QEAX@Z 0000000180087084     LIBCMTD:dll_dllmain.obj
 0005:0000008c       __guard_fids_?dllmain_dispatch@@YAHQEAUHINSTANCE__@@KQEAX@Z 000000018008708c     LIBCMTD:dll_dllmain.obj
 0005:00000090       __guard_fids__             0000000180087090     LIBCMTD:guard_support.obj
 0005:00000094       __guard_fids__guard_icall_checks_enforced 0000000180087094     LIBCMTD:guard_support.obj
 0005:00000098       __guard_fids__             0000000180087098     libvcruntimed:telemetry.obj
 0005:0000009c       __guard_fids_?TraceLoggingRegister@__vcrt_trace_logging_provider@@YAJPEBU_TlgProvider_t@1@PEBU_GUID@@P6AX1KE_K2PEAU_EVENT_FILTER_DESCRIPTOR@@PEAX@Z4@Z 000000018008709c     libvcruntimed:telemetry.obj
 0005:000000a0       __guard_fids___vcrt_initialize_ptd 00000001800870a0     libvcruntimed:per_thread_data.obj
 0005:000000a4       __guard_fids__             00000001800870a4     LIBCMTD:std_type_info_static.obj
 0005:000000a8       __guard_fids__UnwindNestedFrames 00000001800870a8     libvcruntimed:trnsctrl.obj
 0005:000000ac       __guard_fids__             00000001800870ac     libvcruntimed:frame.obj
 0005:000000b0       __guard_fids__             00000001800870b0     libvcruntimed:frame.obj
 0005:000000b8       __guard_fids__             00000001800870b8     libvcruntimed:frame.obj
