 app

 Timestamp is 6006a33b (Tue Jan 19 10:15:39 2021)

 Preferred load address is 10000000

 Start         Length     Name                   Class
 0001:00000000 000004b4H .text                   CODE
 0001:000004c0 0004fb3aH .text$mn                CODE
 0001:00050000 0000007bH .text$x                 CODE
 0002:00000000 0000014cH .idata$5                DATA
 0002:0000014c 00000004H .00cfg                  DATA
 0002:00000150 00000004H .CRT$XCA                DATA
 0002:00000154 00000004H .CRT$XCZ                DATA
 0002:00000158 00000004H .CRT$XIA                DATA
 0002:0000015c 0000000cH .CRT$XIC                DATA
 0002:00000168 00000004H .CRT$XIZ                DATA
 0002:0000016c 00000004H .CRT$XPA                DATA
 0002:00000170 00000008H .CRT$XPX                DATA
 0002:00000178 00000004H .CRT$XPXA               DATA
 0002:0000017c 00000004H .CRT$XPZ                DATA
 0002:00000180 00000004H .CRT$XTA                DATA
 0002:00000184 00000004H .CRT$XTZ                DATA
 0002:00000190 00015fb4H .rdata                  DATA
 0002:00016144 000000dcH .rdata$r                DATA
 0002:00016220 00000020H .rdata$sxdata           DATA
 0002:00016240 00000010H .rdata$zETW0            DATA
 0002:00016250 00000077H .rdata$zETW1            DATA
 0002:000162c7 0000002cH .rdata$zETW2            DATA
 0002:000162f3 00000001H .rdata$zETW9            DATA
 0002:000162f4 00000350H .rdata$zzzdbg           DATA
 0002:00016644 00000004H .rtc$IAA                DATA
 0002:00016648 00000004H .rtc$IZZ                DATA
 0002:0001664c 00000004H .rtc$TAA                DATA
 0002:00016650 00000004H .rtc$TZZ                DATA
 0002:00016658 00000750H .xdata$x                DATA
 0002:00016db0 0000006aH .edata                  DATA
 0002:00016e1c 0000003cH .idata$2                DATA
 0002:00016e58 00000014H .idata$3                DATA
 0002:00016e6c 0000014cH .idata$4                DATA
 0002:00016fb8 000005e6H .idata$6                DATA
 0003:00000000 00004810H .data                   DATA
 0003:00004810 00000054H .data$r                 DATA
 0003:00004868 00000f7cH .bss                    DATA
 0004:00000000 00000090H .gfids$x                DATA
 0004:00000090 00000044H .gfids$y                DATA

  Address         Publics by Value              Rva+Base       Lib:Object

 0000:00000000       ___guard_longjmp_count     00000000     <absolute>
 0000:00000000       ___guard_fids_count        00000000     <absolute>
 0000:00000000       __except_list              00000000     <absolute>
 0000:00000000       ___guard_longjmp_table     00000000     <absolute>
 0000:00000000       ___guard_iat_table         00000000     <absolute>
 0000:00000000       ___guard_iat_count         00000000     <absolute>
 0000:00000000       ___guard_fids_table        00000000     <absolute>
 0000:00000008       ___safe_se_handler_count   00000008     <absolute>
 0000:00000100       ___guard_flags             00000100     <absolute>
 0000:00000000       ___ImageBase               10000000     <linker-defined>
 0001:00000000       ?TraceLoggingRegister@__vcrt_trace_logging_provider@@YAJPBU_TlgProvider_t@1@PBU_GUID@@P6GX1KE_K2PAU_EVENT_FILTER_DESCRIPTOR@@PAX@Z4@Z 10001000 f i libvcruntimed:telemetry.obj
 0001:000000c0       ?TraceLoggingSetInformation@__vcrt_trace_logging_provider@@YAJPBU_TlgProvider_t@1@W4_EVENT_INFO_CLASS@@PAXK@Z 100010c0 f i libvcruntimed:telemetry.obj
 0001:00000100       ?TraceLoggingUnregister@__vcrt_trace_logging_provider@@YAXPBU_TlgProvider_t@1@@Z 10001100 f i libvcruntimed:telemetry.obj
 0001:00000130       ?_TlgCreateSz@__vcrt_trace_logging_provider@@YAXPAU_EVENT_DATA_DESCRIPTOR@@PBD@Z 10001130 f i libvcruntimed:telemetry.obj
 0001:00000180       ?_TlgCreateWsz@__vcrt_trace_logging_provider@@YAXPAU_EVENT_DATA_DESCRIPTOR@@PB_W@Z 10001180 f i libvcruntimed:telemetry.obj
 0001:000001d0       ?_TlgEnableCallback@__vcrt_trace_logging_provider@@YGXPBU_GUID@@KE_K1PAU_EVENT_FILTER_DESCRIPTOR@@PAX@Z 100011d0 f i libvcruntimed:telemetry.obj
 0001:000002a0       ?_TlgKeywordOn@__vcrt_trace_logging_provider@@YAEPBU_TlgProvider_t@1@_K@Z 100012a0 f i libvcruntimed:telemetry.obj
 0001:00000310       ?_TlgWrite@__vcrt_trace_logging_provider@@YAJPBU_TlgProvider_t@1@PBXPBU_GUID@@2IPAU_EVENT_DATA_DESCRIPTOR@@@Z 10001310 f i libvcruntimed:telemetry.obj
 0001:000004d0       _WinMain@16                100014d0 f   app.obj
 0001:00000a90       ?HashString@@YA?AUhash_string_result@@PAD@Z 10001a90 f   app.obj
 0001:000014b0       _stbtt_BakeFontBitmap      100024b0 f   app.obj
 0001:000014f0       _stbtt_GetBakedQuad        100024f0 f   app.obj
 0001:000016b0       _stbtt_GetScaledFontVMetrics 100026b0 f   app.obj
 0001:00001790       _stbtt_PackBegin           10002790 f   app.obj
 0001:000018c0       _stbtt_PackEnd             100028c0 f   app.obj
 0001:000018f0       _stbtt_PackFontRange       100028f0 f   app.obj
 0001:00001940       _stbtt_PackFontRanges      10002940 f   app.obj
 0001:00001ae0       _stbtt_PackSetOversampling 10002ae0 f   app.obj
 0001:00001b40       _stbtt_PackSetSkipMissingCodepoints 10002b40 f   app.obj
 0001:00001b50       _stbtt_GetPackedQuad       10002b50 f   app.obj
 0001:00001d50       _stbtt_PackFontRangesGatherRects 10002d50 f   app.obj
 0001:00001fc0       _stbtt_PackFontRangesPackRects 10002fc0 f   app.obj
 0001:00001fe0       _stbtt_PackFontRangesRenderIntoRects 10002fe0 f   app.obj
 0001:000025d0       _stbtt_GetNumberOfFonts    100035d0 f   app.obj
 0001:000025f0       _stbtt_GetFontOffsetForIndex 100035f0 f   app.obj
 0001:00002610       _stbtt_InitFont            10003610 f   app.obj
 0001:00002630       _stbtt_FindGlyphIndex      10003630 f   app.obj
 0001:00002a90       _stbtt_ScaleForPixelHeight 10003a90 f   app.obj
 0001:00002af0       _stbtt_ScaleForMappingEmToPixels 10003af0 f   app.obj
 0001:00002b30       _stbtt_GetFontVMetrics     10003b30 f   app.obj
 0001:00002bb0       _stbtt_GetFontVMetricsOS2  10003bb0 f   app.obj
 0001:00002c60       _stbtt_GetFontBoundingBox  10003c60 f   app.obj
 0001:00002cf0       _stbtt_GetCodepointHMetrics 10003cf0 f   app.obj
 0001:00002d20       _stbtt_GetCodepointKernAdvance 10003d20 f   app.obj
 0001:00002d70       _stbtt_GetCodepointBox     10003d70 f   app.obj
 0001:00002db0       _stbtt_GetGlyphHMetrics    10003db0 f   app.obj
 0001:00002ea0       _stbtt_GetGlyphKernAdvance 10003ea0 f   app.obj
 0001:00002f00       _stbtt_GetGlyphBox         10003f00 f   app.obj
 0001:00002ff0       _stbtt_GetKerningTableLength 10003ff0 f   app.obj
 0001:00003060       _stbtt_GetKerningTable     10004060 f   app.obj
 0001:00003170       _stbtt_IsGlyphEmpty        10004170 f   app.obj
 0001:00003210       _stbtt_GetCodepointShape   10004210 f   app.obj
 0001:00003240       _stbtt_GetGlyphShape       10004240 f   app.obj
 0001:00003280       _stbtt_FreeShape           10004280 f   app.obj
 0001:000032a0       _stbtt_GetCodepointSVG     100042a0 f   app.obj
 0001:000032d0       _stbtt_GetGlyphSVG         100042d0 f   app.obj
 0001:00003340       _stbtt_FreeBitmap          10004340 f   app.obj
 0001:00003360       _stbtt_GetCodepointBitmap  10004360 f   app.obj
 0001:000033c0       _stbtt_GetCodepointBitmapSubpixel 100043c0 f   app.obj
 0001:00003420       _stbtt_MakeCodepointBitmap 10004420 f   app.obj
 0001:00003480       _stbtt_MakeCodepointBitmapSubpixel 10004480 f   app.obj
 0001:000034e0       _stbtt_MakeCodepointBitmapSubpixelPrefilter 100044e0 f   app.obj
 0001:00003550       _stbtt_GetCodepointBitmapBox 10004550 f   app.obj
 0001:000035b0       _stbtt_GetCodepointBitmapBoxSubpixel 100045b0 f   app.obj
 0001:00003610       _stbtt_GetGlyphBitmap      10004610 f   app.obj
 0001:00003670       _stbtt_GetGlyphBitmapSubpixel 10004670 f   app.obj
 0001:00003830       _stbtt_MakeGlyphBitmap     10004830 f   app.obj
 0001:00003890       _stbtt_MakeGlyphBitmapSubpixel 10004890 f   app.obj
 0001:00003990       _stbtt_MakeGlyphBitmapSubpixelPrefilter 10004990 f   app.obj
 0001:00003a60       _stbtt_GetGlyphBitmapBox   10004a60 f   app.obj
 0001:00003ac0       _stbtt_GetGlyphBitmapBoxSubpixel 10004ac0 f   app.obj
 0001:00003c30       _stbtt_Rasterize           10004c30 f   app.obj
 0001:00003d20       _stbtt_FreeSDF             10004d20 f   app.obj
 0001:00003d40       _stbtt_GetGlyphSDF         10004d40 f   app.obj
 0001:000052d0       _stbtt_GetCodepointSDF     100062d0 f   app.obj
 0001:00005330       _stbtt_FindMatchingFont    10006330 f   app.obj
 0001:00005350       _stbtt_CompareUTF8toUTF16_bigendian 10006350 f   app.obj
 0001:00005370       _stbtt_GetFontNameString   10006370 f   app.obj
 0001:0000a500       ?stbtt_FindSVGDoc@@YAPAEPBUstbtt_fontinfo@@H@Z 1000b500 f   app.obj
 0001:00012d00       ?MakeGroundedTreeCollisionVolume@@YAPAUentity_collision_volume_group@@PAUmemory_arena@@@Z 10013d00 f   app.obj
 0001:00018fe0       _AppUpdateAndRender        10019fe0 f   app.obj
 0001:0001c530       _AppGetSoundSamples        1001d530 f   app.obj
 0001:0001c5b0       ??D@YA?AUv2@@MU0@@Z        1001d5b0 f i app.obj
 0001:0001c5e0       ??D@YA?AUv2@@U0@0@Z        1001d5e0 f i app.obj
 0001:0001c610       ??D@YA?AUv2@@U0@M@Z        1001d610 f i app.obj
 0001:0001c640       ??D@YA?AUv3@@MU0@@Z        1001d640 f i app.obj
 0001:0001c6b0       ??D@YA?AUv3@@U0@M@Z        1001d6b0 f i app.obj
 0001:0001c720       ??G@YA?AUv2@@U0@0@Z        1001d720 f i app.obj
 0001:0001c750       ??G@YA?AUv3@@U0@0@Z        1001d750 f i app.obj
 0001:0001c7c0       ??G@YA?AUv3@@U0@@Z         1001d7c0 f i app.obj
 0001:0001c830       ??H@YA?AUv2@@U0@0@Z        1001d830 f i app.obj
 0001:0001c860       ??H@YA?AUv3@@U0@0@Z        1001d860 f i app.obj
 0001:0001c8d0       ??X@YAAAUv2@@AAU0@M@Z      1001d8d0 f i app.obj
 0001:0001c910       ??X@YAAAUv3@@AAU0@M@Z      1001d910 f i app.obj
 0001:0001c990       ??Y@YAAAUv3@@AAU0@U0@@Z    1001d990 f i app.obj
 0001:0001ca10       ??Z@YAAAUv3@@AAU0@U0@@Z    1001da10 f i app.obj
 0001:0001ca90       ?AcquireTexture@@YA?AUloaded_texture@@PAUapp_state@@PAD@Z 1001da90 f i app.obj
 0001:0001caf0       ?AddPlayerDelayedAttack@@YAXPAUapp_state@@MUv2@@@Z 1001daf0 f i app.obj
 0001:0001cb70       ?AddPlayerDelayedCast@@YAXPAUapp_state@@MUv2@@@Z 1001db70 f i app.obj
 0001:0001cbf0       ?AddPlayerDelayedMove@@YAXPAUapp_state@@MUv2@@@Z 1001dbf0 f i app.obj
 0001:0001cc70       ?AllocateSize@@YAPAXPAUmemory_arena@@II@Z 1001dc70 f i app.obj
 0001:0001cce0       ?AtomicCompareExchangeU32@@YAIPCIII@Z 1001dce0 f i app.obj
 0001:0001cd00       ?BeginBatch@@YAXPAUrender_context@@IMUrender_program@@@Z 1001dd00 f i app.obj
 0001:0001cda0       ?BeginContainer@@YAXPAUui_context@@MMMM@Z 1001dda0 f i app.obj
 0001:0001ce40       ?BeginTemporaryMemory@@YA?AUtemporary_memory@@PAUmemory_arena@@@Z 1001de40 f i app.obj
 0001:0001ce70       ?CanCollide@@YAHPAUapp_state@@W4entity_type@@1@Z 1001de70 f i app.obj
 0001:0001cea0       ?CannonicalizePosition@@YA?AUcannonical_position@@Uv3@@III@Z 1001dea0 f i app.obj
 0001:0001d040       ?CeilFloatToUInt32@@YAIM@Z 1001e040 f i app.obj
 0001:0001d080       ?CenterCamera@@YA?AUv3@@U1@MMMMII@Z 1001e080 f i app.obj
 0001:0001d280       ?ClipRectangle@@YA?AUv4@@MMMMMMMM@Z 1001e280 f i app.obj
 0001:0001d390       ?DoAnimation@@YA?AUv4@@PAUanimation_state@@IIIIMMPAUanimation_set@@W4animation_type@@W4animation_direction@@@Z 1001e390 f i app.obj
 0001:0001d4d0       ?DotProduct@@YAMUv3@@0@Z   1001e4d0 f i app.obj
 0001:0001d510       ?EndBatch@@YAXPAUrender_context@@@Z 1001e510 f i app.obj
 0001:0001d540       ?EndContainer@@YAXPAUui_context@@@Z 1001e540 f i app.obj
 0001:0001d5b0       ?EndTemporaryMemory@@YAXUtemporary_memory@@@Z 1001e5b0 f i app.obj
 0001:0001d630       ?GetAlignmentOffset@@YAIPAUmemory_arena@@I@Z 1001e630 f i app.obj
 0001:0001d680       ?GetAnimation@@YAPAUanimation_slot@@PAUanimation_set@@W4animation_type@@W4animation_direction@@@Z 1001e680 f i app.obj
 0001:0001d6a0       ?GetAsset@@YAPAUasset@@PAUassets@@Uasset_id@@@Z 1001e6a0 f i app.obj
 0001:0001d710       ?GetAssetInfo@@YAPAUzas_asset_info@@PAUassets@@Uasset_id@@@Z 1001e710 f i app.obj
 0001:0001d780       ?GetAudio@@YAPAUloaded_audio@@PAUassets@@PAUapp_state@@Uasset_id@@@Z 1001e780 f i app.obj
 0001:0001d7e0       ?GetChunk@@YAPAUworld_chunk@@PAUworld@@III@Z 1001e7e0 f i app.obj
 0001:0001d840       ?GetChunksFromEntity@@YAXPAUworld@@PAUworld_entity@@PAI22222@Z 1001e840 f i app.obj
 0001:0001d990       ?GetController@@YAPAUapp_controller_input@@PAUapp_input@@H@Z 1001e990 f i app.obj
 0001:0001d9c0       ?GetTexture@@YAPAUloaded_texture@@PAUassets@@PAUapp_state@@Uasset_id@@@Z 1001e9c0 f i app.obj
 0001:0001da20       ?GetTextureUvsFromIndex@@YA?AUv4@@IIIII@Z 1001ea20 f i app.obj
 0001:0001db90       ?GetTotalVolume@@YA?AUentity_collision_volume@@PAU1@I@Z 1001eb90 f i app.obj
 0001:0001de20       ?InitializeArena@@YAXPAUmemory_arena@@PAII@Z 1001ee20 f i app.obj
 0001:0001de50       ?IsAnimationFinished@@YAHPAUanimation_set@@PAUanimation_state@@W4animation_type@@W4animation_direction@@@Z 1001ee50 f i app.obj
 0001:0001dea0       ?IsMouseOnRectangle@@YAHHHMMMM@Z 1001eea0 f i app.obj
 0001:0001df00       ?Length@@YAMUv3@@@Z        1001ef00 f i app.obj
 0001:0001df40       ?LengthSq@@YAMUv3@@@Z      1001ef40 f i app.obj
 0001:0001df90       ?MakeSimpleGroundedCollisionVolume@@YAPAUentity_collision_volume_group@@PAUmemory_arena@@Uv3@@@Z 1001ef90 f i app.obj
 0001:0001e090       ?Maximum3@@YA?AUv3@@U1@0@Z 1001f090 f i app.obj
 0001:0001e150       ?Minimum3@@YA?AUv3@@U1@0@Z 1001f150 f i app.obj
 0001:0001e210       ?NextRandomNumberU32@@YAIPAUrandom_series@@@Z 1001f210 f i app.obj
 0001:0001e250       ?OrthoMatrix@@YA?AUmat4@@MMMMMM@Z 1001f250 f i app.obj
 0001:0001e3c0       ?RandomChoice@@YAIPAUrandom_series@@I@Z 1001f3c0 f i app.obj
 0001:0001e3e0       ?RectCenterHalfDims@@YA?AUrectangle2@@Uv2@@0@Z 1001f3e0 f i app.obj
 0001:0001e470       ?RectCenterHalfDims@@YA?AUrectangle3@@Uv3@@0@Z 1001f470 f i app.obj
 0001:0001e570       ?RectMinMax@@YA?AUrectangle3@@Uv3@@0@Z 1001f570 f i app.obj
 0001:0001e5e0       ?RectanglesIntersect@@YAHUrectangle2@@0@Z 1001f5e0 f i app.obj
 0001:0001e630       ?RectanglesIntersect@@YAHUrectangle3@@0@Z 1001f630 f i app.obj
 0001:0001e6a0       ?RemoveEntity@@YAHPAUworld@@PAUworld_entity@@@Z 1001f6a0 f i app.obj
 0001:0001e8a0       ?RenderProgramUse@@YAXPAUrender_context@@PAUrender_program@@@Z 1001f8a0 f i app.obj
 0001:0001e960       ?RenderText@@YAXPAUrender_context@@MMMMUv4@@PAUfont@@Urender_program@@PADIIM@Z 1001f960 f i app.obj
 0001:0001eac0       ?RenderVertex@@YAXPAUrender_context@@MMMI@Z 1001fac0 f i app.obj
 0001:0001eb30       ?RenderVertex@@YAXPAUrender_context@@MMMIMM@Z 1001fb30 f i app.obj
 0001:0001eba0       ?RoundFloatToI32@@YAHM@Z   1001fba0 f i app.obj
 0001:0001ebd0       ?RoundFloatToU32@@YAIM@Z   1001fbd0 f i app.obj
 0001:0001ec10       ?Seed@@YA?AUrandom_series@@I@Z 1001fc10 f i app.obj
 0001:0001ec30       ?SetCollision@@YAXPAUapp_state@@W4entity_type@@1H@Z 1001fc30 f i app.obj
 0001:0001ec70       ?Sin@@YAMM@Z               1001fc70 f i app.obj
 0001:0001eca0       ?Square@@YAMM@Z            1001fca0 f i app.obj
 0001:0001ecc0       ?SquareRoot@@YAMM@Z        1001fcc0 f i app.obj
 0001:0001ecf0       ?SubArena@@YAXPAUmemory_arena@@0II@Z 1001fcf0 f i app.obj
 0001:0001ed30       ?UIContextGetCurrentContainer@@YAPAUui_container@@PAUui_context@@@Z 1001fd30 f i app.obj
 0001:0001ed60       ?UIContextInsertElement@@YAPAUui_element@@PAUui_context@@@Z 1001fd60 f i app.obj
 0001:0001ed90       ?UIContextInsertElement@@YAPAUui_element@@PAUui_context@@W4ui_element_type@@MMUv4@@PAUui_state@@MM@Z 1001fd90 f i app.obj
 0001:0001ee10       ?UIEnd@@YAXPAUui_context@@@Z 1001fe10 f i app.obj
 0001:0001ef10       ?UploadAudio@@YAXPAUassets@@Uloaded_audio@@Uasset_id@@@Z 1001ff10 f i app.obj
 0001:0001ef60       ?UploadTexture@@YAXPAUassets@@Uloaded_texture@@Uasset_id@@@Z 1001ff60 f i app.obj
 0001:0001efa0       ?V2@@YA?AUv2@@II@Z         1001ffa0 f i app.obj
 0001:0001f010       ?V2@@YA?AUv2@@MM@Z         10020010 f i app.obj
 0001:0001f040       ?V3@@YA?AUv3@@III@Z        10020040 f i app.obj
 0001:0001f0f0       ?V3@@YA?AUv3@@MMM@Z        100200f0 f i app.obj
 0001:0001f150       ?ZeroSize@@YAXPAXI@Z       10020150 f i app.obj
 0001:0001f170       _ceilf                     10020170 f i app.obj
 0001:0001f1b0       _sinf                      100201b0 f i app.obj
 0001:0001f1d0       _sqrtf                     100201d0 f i app.obj
 0001:0001f1f0       @__security_check_cookie@4 100201f0 f   LIBCMTD:_secchk_.obj
 0001:0001f210       __ftol2_sse                10020210 f   LIBCMTD:_ftol2_.obj
 0001:0001f219       __ftol2_pentium4           10020219 f   LIBCMTD:_ftol2_.obj
 0001:0001f22c       __ftol2_sse_excpt          1002022c f   LIBCMTD:_ftol2_.obj
 0001:0001f250       __ftol2                    10020250 f   LIBCMTD:_ftol2_.obj
 0001:0001f2d0       __ftoui3                   100202d0 f   LIBCMTD:_ftol3_.obj
 0001:0001f2df       __ftoul3                   100202df f   LIBCMTD:_ftol3_.obj
 0001:0001f2ee       __ftol3                    100202ee f   LIBCMTD:_ftol3_.obj
 0001:0001f2fb       __ftol3_NaN                100202fb f   LIBCMTD:_ftol3_.obj
 0001:0001f313       __ftol3_work               10020313 f   LIBCMTD:_ftol3_.obj
 0001:0001f399       __ftol3_common             10020399 f   LIBCMTD:_ftol3_.obj
 0001:0001f45b       __ftol3_arg_error          1002045b f   LIBCMTD:_ftol3_.obj
 0001:0001f46d       __ftol3_except             1002046d f   LIBCMTD:_ftol3_.obj
 0001:0001f4b1       __dtoui3                   100204b1 f   LIBCMTD:_ftol3_.obj
 0001:0001f4c0       __dtoul3                   100204c0 f   LIBCMTD:_ftol3_.obj
 0001:0001f4cf       __dtol3                    100204cf f   LIBCMTD:_ftol3_.obj
 0001:0001f4dc       __dtol3_NaN                100204dc f   LIBCMTD:_ftol3_.obj
 0001:0001f4f9       __dtol3_work               100204f9 f   LIBCMTD:_ftol3_.obj
 0001:0001f5e0       __ultod3                   100205e0 f   LIBCMTD:_ftol3_.obj
 0001:0001f620       __ltod3                    10020620 f   LIBCMTD:_ftol3_.obj
 0001:0001fb00       __DllMainCRTStartup@12     10020b00 f   LIBCMTD:dll_dllmain.obj
 0001:0001fb30       ___raise_securityfailure   10020b30 f   LIBCMTD:gs_report.obj
 0001:0001fb60       ___report_gsfailure        10020b60 f   LIBCMTD:gs_report.obj
 0001:0001fc70       ___report_rangecheckfailure 10020c70 f   LIBCMTD:gs_report.obj
 0001:0001fc80       ___report_securityfailure  10020c80 f   LIBCMTD:gs_report.obj
 0001:0001fd60       ___isa_available_init      10020d60 f   LIBCMTD:_cpu_disp_.obj
 0001:00020040       ??$__crt_fast_decode_pointer@PAP6AXXZ@@YAPAP6AXXZQAP6AXXZ@Z 10021040 f i LIBCMTD:utility.obj
 0001:00020040       ??$__crt_fast_decode_pointer@PAX@@YAPAXQAX@Z 10021040 f i libvcruntimed:winapi_downlevel.obj
 0001:00020040       ??$__crt_fast_decode_pointer@P6AXXZ@@YAP6AXXZQ6AXXZ@Z 10021040 f i libvcruntimed:purevirt.obj
 0001:00020070       ?__crt_rotate_pointer_value@@YAIIH@Z 10021070 f i LIBCMTD:utility.obj
 0001:00020180       _NtCurrentTeb              10021180 f i LIBCMTD:utility.obj
 0001:00020190       ___scrt_acquire_startup_lock 10021190 f   LIBCMTD:utility.obj
 0001:000201e0       ___scrt_dllmain_after_initialize_c 100211e0 f   LIBCMTD:utility.obj
 0001:00020200       ___scrt_dllmain_before_initialize_c 10021200 f   LIBCMTD:utility.obj
 0001:00020220       ___scrt_dllmain_crt_thread_attach 10021220 f   LIBCMTD:utility.obj
 0001:00020250       ___scrt_dllmain_crt_thread_detach 10021250 f   LIBCMTD:utility.obj
 0001:00020270       ___scrt_dllmain_exception_filter 10021270 f   LIBCMTD:utility.obj
 0001:000202c0       ___scrt_dllmain_uninitialize_c 100212c0 f   LIBCMTD:utility.obj
 0001:000202f0       ___scrt_dllmain_uninitialize_critical 100212f0 f   LIBCMTD:utility.obj
 0001:00020310       ___scrt_initialize_crt     10021310 f   LIBCMTD:utility.obj
 0001:00020360       ___scrt_initialize_onexit_tables 10021360 f   LIBCMTD:utility.obj
 0001:00020430       ___scrt_is_nonwritable_in_current_image 10021430 f   LIBCMTD:utility.obj
 0001:00020560       ___scrt_release_startup_lock 10021560 f   LIBCMTD:utility.obj
 0001:00020590       ___scrt_uninitialize_crt   10021590 f   LIBCMTD:utility.obj
 0001:000205d0       __onexit                   100215d0 f   LIBCMTD:utility.obj
 0001:00020640       _atexit                    10021640 f   LIBCMTD:utility.obj
 0001:00020670       ___security_init_cookie    10021670 f   LIBCMTD:gs_support.obj
 0001:00020750       _DllMain@12                10021750 f   LIBCMTD:dll_dllmain_stub.obj
 0001:00020760       ?__scrt_initialize_type_info@@YAXXZ 10021760 f   LIBCMTD:tncleanup.obj
 0001:00020770       ?__scrt_uninitialize_type_info@@YAXXZ 10021770 f   LIBCMTD:tncleanup.obj
 0001:00020790       ___local_stdio_printf_options 10021790 f i LIBCMTD:default_local_stdio_options.obj
 0001:000207a0       ___local_stdio_scanf_options 100217a0 f i LIBCMTD:default_local_stdio_options.obj
 0001:000207b0       ___scrt_initialize_default_local_stdio_options 100217b0 f   LIBCMTD:default_local_stdio_options.obj
 0001:000207f0       ___scrt_get_dyn_tls_init_callback 100217f0 f   LIBCMTD:dyn_tls_init.obj
 0001:00020800       ___scrt_fastfail           10021800 f   LIBCMTD:utility_desktop.obj
 0001:00020940       __crt_debugger_hook        10021940 f   LIBCMTD:utility_desktop.obj
 0001:00020950       __RTC_Initialize           10021950 f   LIBCMTD:_initsect_.obj
 0001:00020980       __RTC_Terminate            10021980 f   LIBCMTD:_initsect_.obj
 0001:000209b0       @_guard_check_icall@4      100219b0 f i LIBCMTD:checkcfg.obj
 0001:000209d0       ___scrt_is_ucrt_dll_in_use 100219d0 f   LIBCMTD:ucrt_detection.obj
 0001:00020a00       @_guard_check_icall_nop@4  10021a00 f i LIBCMTD:guard_support.obj
 0001:00020a10       __guard_icall_checks_enforced 10021a10 f i LIBCMTD:guard_support.obj
 0001:00020a38       _IsProcessorFeaturePresent@4 10021a38 f   kernel32:KERNEL32.dll
 0001:00020bf0       _memcmp                    10021bf0 f   libvcruntimed:_memcmp_.obj
 0001:000214c0       _memcpy                    100224c0 f   libvcruntimed:memcpy.obj
 0001:00021a40       _memset                    10022a40 f   libvcruntimed:memset.obj
 0001:00021c00       _EventDataDescCreate       10022c00 f i libvcruntimed:telemetry.obj
 0001:00021c30       _HRESULT_FROM_WIN32        10022c30 f i libvcruntimed:telemetry.obj
 0001:00021c70       ___telemetry_main_invoke_trigger 10022c70 f   libvcruntimed:telemetry.obj
 0001:00021db0       ___telemetry_main_return_trigger 10022db0 f   libvcruntimed:telemetry.obj
 0001:00021ef0       ___vcrt_initialize_telemetry_provider 10022ef0 f   libvcruntimed:telemetry.obj
 0001:00021f10       ___vcrt_uninitialize_telemetry_provider 10022f10 f   libvcruntimed:telemetry.obj
 0001:00021f90       __except_handler4          10022f90 f   libvcruntimed:_chandler4_.obj
 0001:00022160       ___vcrt_initialize         10023160 f   libvcruntimed:initialization.obj
 0001:000221a0       ___vcrt_thread_attach      100231a0 f   libvcruntimed:initialization.obj
 0001:000221c0       ___vcrt_thread_detach      100231c0 f   libvcruntimed:initialization.obj
 0001:000221e0       ___vcrt_uninitialize       100231e0 f   libvcruntimed:initialization.obj
 0001:00022210       ___vcrt_uninitialize_critical 10023210 f   libvcruntimed:initialization.obj
 0001:00022220       ??0?$__crt_unique_heap_ptr@DU__crt_public_free_policy@@@@QAE@QAD@Z 10023220 f i libvcruntimed:std_exception.obj
 0001:00022220       ??0?$__crt_unique_heap_ptr@U__vcrt_ptd@@U__crt_internal_free_policy@@@@QAE@QAU__vcrt_ptd@@@Z 10023220 f i libvcruntimed:per_thread_data.obj
 0001:00022220       ??0?$__crt_unique_heap_ptr@DU__crt_internal_free_policy@@@@QAE@QAD@Z 10023220 f i libvcruntimed:std_type_info.obj
 0001:00022240       ?is_valid@?$__crt_unique_heap_ptr@DU__crt_internal_free_policy@@@@QBE_NXZ 10023240 f i libvcruntimed:std_type_info.obj
 0001:00022240       ?is_valid@?$__crt_unique_heap_ptr@U__vcrt_ptd@@U__crt_internal_free_policy@@@@QBE_NXZ 10023240 f i libvcruntimed:per_thread_data.obj
 0001:00022240       ?is_valid@?$__crt_unique_heap_ptr@DU__crt_public_free_policy@@@@QBE_NXZ 10023240 f i libvcruntimed:std_exception.obj
 0001:00022270       ___std_type_info_compare   10023270 f   libvcruntimed:std_type_info.obj
 0001:000222a0       ___std_type_info_destroy_list 100232a0 f   libvcruntimed:std_type_info.obj
 0001:000222e0       ??$?BX@__crt_fast_encoded_nullptr_t@@QBEPAXXZ 100232e0 f i libvcruntimed:winapi_downlevel.obj
 0001:000222e0       ??$?B$$A6AXXZ@__crt_fast_encoded_nullptr_t@@QBEP6AXXZXZ 100232e0 f i libvcruntimed:purevirt_data.obj
 0001:00022300       ??$__crt_fast_encode_pointer@PAP6AXXZ@@YAPAP6AXXZQAP6AXXZ@Z 10023300 f i LIBCMTD:utility.obj
 0001:00022300       ??$__crt_fast_encode_pointer@P6AXXZ@@YAP6AXXZQ6AXXZ@Z 10023300 f i libvcruntimed:purevirt_data.obj
 0001:00022300       ??$__crt_fast_encode_pointer@PAX@@YAPAXQAX@Z 10023300 f i libvcruntimed:winapi_downlevel.obj
 0001:00022330       ??$__crt_interlocked_compare_exchange_pointer@UHINSTANCE__@@$$T$$T@@YAPAUHINSTANCE__@@PDSAU0@$$T1@Z 10023330 f i libvcruntimed:winapi_downlevel.obj
 0001:00022330       ??$__crt_interlocked_compare_exchange_pointer@X$$T$$T@@YAPAXPDSAX$$T1@Z 10023330 f i libvcruntimed:winapi_downlevel.obj
 0001:00022350       ??$__crt_interlocked_exchange_pointer@XPAX@@YAPAXPDSAXQAX@Z 10023350 f i libvcruntimed:winapi_downlevel.obj
 0001:00022350       ??$__crt_interlocked_exchange_pointer@UHINSTANCE__@@PAU1@@@YAPAUHINSTANCE__@@PDSAU0@QAU0@@Z 10023350 f i libvcruntimed:winapi_downlevel.obj
 0001:00022350       ??$__crt_interlocked_exchange_pointer@UHINSTANCE__@@PAX@@YAPAUHINSTANCE__@@PDSAU0@QAX@Z 10023350 f i libvcruntimed:winapi_downlevel.obj
 0001:00022360       ??$__crt_interlocked_read_pointer@X@@YAPAXPDSAX@Z 10023360 f i libvcruntimed:winapi_downlevel.obj
 0001:00022360       ??$__crt_interlocked_read_pointer@UHINSTANCE__@@@@YAPAUHINSTANCE__@@PDSAU0@@Z 10023360 f i libvcruntimed:winapi_downlevel.obj
 0001:00022380       ?__crt_fast_encode_pointer@@YA?AU__crt_fast_encoded_nullptr_t@@$$T@Z 10023380 f i libvcruntimed:winapi_downlevel.obj
 0001:000227d0       ___vcrt_EventRegister      100237d0 f   libvcruntimed:winapi_downlevel.obj
 0001:00022810       ___vcrt_EventSetInformation 10023810 f   libvcruntimed:winapi_downlevel.obj
 0001:00022860       ___vcrt_EventUnregister    10023860 f   libvcruntimed:winapi_downlevel.obj
 0001:000228a0       ___vcrt_EventWriteTransfer 100238a0 f   libvcruntimed:winapi_downlevel.obj
 0001:000228f0       ___vcrt_FlsAlloc           100238f0 f   libvcruntimed:winapi_downlevel.obj
 0001:00022930       ___vcrt_FlsFree            10023930 f   libvcruntimed:winapi_downlevel.obj
 0001:00022970       ___vcrt_FlsGetValue        10023970 f   libvcruntimed:winapi_downlevel.obj
 0001:000229b0       ___vcrt_FlsSetValue        100239b0 f   libvcruntimed:winapi_downlevel.obj
 0001:00022a00       ___vcrt_InitializeCriticalSectionEx 10023a00 f   libvcruntimed:winapi_downlevel.obj
 0001:00022a50       ___vcrt_initialize_winapi_thunks 10023a50 f   libvcruntimed:winapi_downlevel.obj
 0001:00022ab0       ___vcrt_uninitialize_winapi_thunks 10023ab0 f   libvcruntimed:winapi_downlevel.obj
 0001:00022b20       __local_unwind4            10023b20 f   libvcruntimed:_exsup4_.obj
 0001:00022bf6       __seh_longjmp_unwind4@4    10023bf6 f   libvcruntimed:_exsup4_.obj
 0001:00022c1e       @_EH4_CallFilterFunc@8     10023c1e f   libvcruntimed:_exsup4_.obj
 0001:00022c35       @_EH4_TransferToHandler@8  10023c35 f   libvcruntimed:_exsup4_.obj
 0001:00022c4e       @_EH4_GlobalUnwind2@8      10023c4e f   libvcruntimed:_exsup4_.obj
 0001:00022c67       @_EH4_LocalUnwind@16       10023c67 f   libvcruntimed:_exsup4_.obj
 0001:00022c80       ___except_validate_context_record 10023c80 f   libvcruntimed:jbcxrval.obj
 0001:00022cd0       ___except_validate_jump_buffer 10023cd0 f   libvcruntimed:jbcxrval.obj
 0001:00022d20       ??$?RU__vcrt_ptd@@@__crt_internal_free_policy@@QBEXQBU__vcrt_ptd@@@Z 10023d20 f i libvcruntimed:per_thread_data.obj
 0001:00022d20       ??$?RD@__crt_internal_free_policy@@QBEXQBD@Z 10023d20 f i libvcruntimed:std_type_info.obj
 0001:00022d40       ??1?$__crt_unique_heap_ptr@U__vcrt_ptd@@U__crt_internal_free_policy@@@@QAE@XZ 10023d40 f i libvcruntimed:per_thread_data.obj
 0001:00022d40       ??1?$__crt_unique_heap_ptr@DU__crt_internal_free_policy@@@@QAE@XZ 10023d40 f i libvcruntimed:std_type_info.obj
 0001:00022d60       ?detach@?$__crt_unique_heap_ptr@DU__crt_public_free_policy@@@@QAEPADXZ 10023d60 f i libvcruntimed:std_exception.obj
 0001:00022d60       ?detach@?$__crt_unique_heap_ptr@U__vcrt_ptd@@U__crt_internal_free_policy@@@@QAEPAU__vcrt_ptd@@XZ 10023d60 f i libvcruntimed:per_thread_data.obj
 0001:00022d90       ?get@?$__crt_unique_heap_ptr@DU__crt_public_free_policy@@@@QBEPADXZ 10023d90 f i libvcruntimed:std_exception.obj
 0001:00022d90       ?get@?$__crt_unique_heap_ptr@U__vcrt_ptd@@U__crt_internal_free_policy@@@@QBEPAU__vcrt_ptd@@XZ 10023d90 f i libvcruntimed:per_thread_data.obj
 0001:00022d90       ?get@?$__crt_unique_heap_ptr@DU__crt_internal_free_policy@@@@QBEPADXZ 10023d90 f i libvcruntimed:std_type_info.obj
 0001:00022da0       ?release@?$__crt_unique_heap_ptr@DU__crt_internal_free_policy@@@@QAEXXZ 10023da0 f i libvcruntimed:std_type_info.obj
 0001:00022da0       ?release@?$__crt_unique_heap_ptr@U__vcrt_ptd@@U__crt_internal_free_policy@@@@QAEXXZ 10023da0 f i libvcruntimed:per_thread_data.obj
 0001:00022e00       ___vcrt_freefls@4          10023e00 f   libvcruntimed:per_thread_data.obj
 0001:00022e30       ___vcrt_freeptd            10023e30 f   libvcruntimed:per_thread_data.obj
 0001:00022e90       ___vcrt_getptd             10023e90 f   libvcruntimed:per_thread_data.obj
 0001:00022eb0       ___vcrt_getptd_noexit      10023eb0 f   libvcruntimed:per_thread_data.obj
 0001:00022fa0       ___vcrt_initialize_ptd     10023fa0 f   libvcruntimed:per_thread_data.obj
 0001:00023000       ___vcrt_uninitialize_ptd   10024000 f   libvcruntimed:per_thread_data.obj
 0001:00023030       ___vcrt_initialize_locks   10024030 f   libvcruntimed:locks.obj
 0001:00023090       ___vcrt_uninitialize_locks 10024090 f   libvcruntimed:locks.obj
 0001:000230e0       ___vcrt_initialize_pure_virtual_call_handler 100240e0 f   libvcruntimed:purevirt_data.obj
 0001:00023110       ??$__vcrt_va_start_verify_argument_type@QBD@@YAXXZ 10024110 f i libvcruntimed:undname.obj
 0001:00023120       __vsprintf_s_l             10024120 f i libvcruntimed:undname.obj
 0001:00023170       _sprintf_s                 10024170 f i libvcruntimed:undname.obj
 0001:000231b0       __global_unwind2           100241b0 f   libvcruntimed:_exsup_.obj
 0001:00023215       __local_unwind2            10024215 f   libvcruntimed:_exsup_.obj
 0001:00023299       __abnormal_termination     10024299 f   libvcruntimed:_exsup_.obj
 0001:000232bc       __NLG_Notify1              100242bc f   libvcruntimed:_exsup_.obj
 0001:000232c5       __NLG_Notify               100242c5 f   libvcruntimed:_exsup_.obj
 0001:000232dc       __NLG_Dispatch             100242dc     libvcruntimed:_exsup_.obj
 0001:000232dc       __NLG_Dispatch2            100242dc     libvcruntimed:_exsup_.obj
 0001:000232e4       __NLG_Call                 100242e4 f   libvcruntimed:_exsup_.obj
 0001:000232e6       __NLG_Return2              100242e6     libvcruntimed:_exsup_.obj
 0001:000232f0       _free                      100242f0 f   libucrtd:free.obj
 0001:00023310       _malloc                    10024310 f   libucrtd:malloc.obj
 0001:00023330       _roundf                    10024330 f   libucrtd:roundf.obj
 0001:000233b0       ??$__crt_interlocked_read@J@@YAJPDJ@Z 100243b0 f i libucrtd:assert.obj
 0001:000233d0       ??$__vcrt_va_start_verify_argument_type@QB_W@@YAXXZ 100243d0 f i libucrtd:assert.obj
 0001:00024130       ??$ftprintf@PAU_iobuf@@PB_WABQB_WABQB_WABI@?$__crt_char_traits@_W@@SAH$$QAPAU_iobuf@@$$QAPB_WABQB_W2ABI@Z 10025130 f i libucrtd:assert.obj
 0001:00024160       ??$get_module_file_name@AAPAUHINSTANCE__@@AAY0BAF@DK@?$__crt_char_traits@D@@SAKAAPAUHINSTANCE__@@AAY0BAF@D$$QAK@Z 10025160 f i libucrtd:assert.obj
 0001:00024180       ??$get_module_file_name@AAPAUHINSTANCE__@@AAY0BAF@_WK@?$__crt_char_traits@_W@@SAKAAPAUHINSTANCE__@@AAY0BAF@_W$$QAK@Z 10025180 f i libucrtd:assert.obj
 0001:000241a0       ??$itot_s@ABIQA_W$$CBIH@?$__crt_char_traits@_W@@SAHABI$$QBQA_W$$QBI$$QAH@Z 100251a0 f i libucrtd:assert.obj
 0001:000241d0       ??$show_message_box@AAY0CEA@_WPB_WJ@?$__crt_char_traits@_W@@SAHAAY0CEA@_W$$QAPB_W$$QAJ@Z 100251d0 f i libucrtd:assert.obj
 0001:000241f0       ??$tcscat_s@ABQA_WABIABQB_W@?$__crt_char_traits@_W@@SAHABQA_WABIABQB_W@Z 100251f0 f i libucrtd:assert.obj
 0001:000241f0       ??$tcscat_s@ABQA_WABIAAPA_W@?$__crt_char_traits@_W@@SAHABQA_WABIAAPA_W@Z 100251f0 f i libucrtd:assert.obj
 0001:000241f0       ??$tcscat_s@ABQA_WABIPB_W@?$__crt_char_traits@_W@@SAHABQA_WABI$$QAPB_W@Z 100251f0 f i libucrtd:assert.obj
 0001:00024220       ??$tcscpy_s@AAY0BAF@DIPBD@?$__crt_char_traits@D@@SAHAAY0BAF@D$$QAI$$QAPBD@Z 10025220 f i libucrtd:assert.obj
 0001:00024240       ??$tcscpy_s@AAY0BAF@_WIPB_W@?$__crt_char_traits@_W@@SAHAAY0BAF@_W$$QAI$$QAPB_W@Z 10025240 f i libucrtd:assert.obj
 0001:00024260       ??$tcscpy_s@ABQA_WABIPB_W@?$__crt_char_traits@_W@@SAHABQA_WABI$$QAPB_W@Z 10025260 f i libucrtd:assert.obj
 0001:00024290       ??$tcslen@AAY0BAF@D@?$__crt_char_traits@D@@SAIAAY0BAF@D@Z 10025290 f i libucrtd:assert.obj
 0001:000242b0       ??$tcslen@AAY0BAF@_W@?$__crt_char_traits@_W@@SAIAAY0BAF@_W@Z 100252b0 f i libucrtd:assert.obj
 0001:000242d0       ??$tcslen@ABQB_W@?$__crt_char_traits@_W@@SAIABQB_W@Z 100252d0 f i libucrtd:assert.obj
 0001:000242d0       ??$tcslen@ABQA_W@?$__crt_char_traits@_W@@SAIABQA_W@Z 100252d0 f i libucrtd:assert.obj
 0001:000242f0       ??$tcslen@ABQBD@?$__crt_char_traits@D@@SAIABQBD@Z 100252f0 f i libucrtd:assert.obj
 0001:00024310       ??$tcsncat_s@ABQA_WABIABQB_WABI@?$__crt_char_traits@_W@@SAHABQA_WABIABQB_W1@Z 10025310 f i libucrtd:assert.obj
 0001:00024310       ??$tcsncat_s@ABQA_WABIAAPB_W$$CBI@?$__crt_char_traits@_W@@SAHABQA_WABIAAPB_W$$QBI@Z 10025310 f i libucrtd:assert.obj
 0001:00024310       ??$tcsncat_s@ABQA_WABIPB_W$$CBI@?$__crt_char_traits@_W@@SAHABQA_WABI$$QAPB_W$$QBI@Z 10025310 f i libucrtd:assert.obj
 0001:00024340       ?__crt_interlocked_read_32@@YAHPDH@Z 10025340 f i libucrtd:assert.obj
 0001:000244b0       ?get_flags@__crt_stdio_stream@@QBEJXZ 100254b0 f i libucrtd:assert.obj
 0001:00024530       ?has_any_buffer@__crt_stdio_stream@@QBE_NXZ 10025530 f i libucrtd:assert.obj
 0001:00024550       ?has_any_of@__crt_stdio_stream@@QBE_NJ@Z 10025550 f i libucrtd:assert.obj
 0001:00024590       __invoke_watson_if_error   10025590 f i libucrtd:assert.obj
 0001:000245c0       __vfwprintf_l              100255c0 f i libucrtd:assert.obj
 0001:000245f0       __vswprintf_c_l            100255f0 f i libucrtd:assert.obj
 0001:00024640       __wassert                  10025640 f   libucrtd:assert.obj
 0001:00024660       _fwprintf                  10025660 f i libucrtd:assert.obj
 0001:000246a0       _swprintf                  100256a0 f i libucrtd:assert.obj
 0001:000246e0       _fmod                      100256e0 f   libucrtd:87fmod.obj
 0001:000246ea       __CIfmod                   100256ea f   libucrtd:87fmod.obj
 0001:00024710       __libm_sse2_acos_precise   10025710 f   libucrtd:acos_sse2_precise.obj
 0001:00024c30       __libm_sse2_cos_precise    10025c30 f   libucrtd:cos_sse2_precise.obj
 0001:00024df0       __libm_sse2_pow_precise    10025df0 f   libucrtd:pow_sse2_precise.obj
 0001:00025940       __libm_sse2_sin_precise    10026940 f   libucrtd:sin_sse2_precise.obj
 0001:00025b10       __libm_sse2_sqrt_precise   10026b10 f   libucrtd:sqrt_sse2_precise.obj
 0001:00025c10       _ceil                      10026c10 f   libucrtd:ceil_pentium4.obj
 0001:00025c50       __ceil_pentium4            10026c50 f   libucrtd:ceil_pentium4.obj
 0001:00025d30       _floor                     10026d30 f   libucrtd:floor_pentium4.obj
 0001:00025d70       __floor_pentium4           10026d70 f   libucrtd:floor_pentium4.obj
 0001:00025e30       __errcode                  10026e30 f   libucrtd:fpexcept.obj
 0001:00025ea0       __except1                  10026ea0 f   libucrtd:fpexcept.obj
 0001:00025ff0       __handle_exc               10026ff0 f   libucrtd:fpexcept.obj
 0001:00026310       __raise_exc                10027310 f   libucrtd:fpexcept.obj
 0001:00026340       __raise_exc_ex             10027340 f   libucrtd:fpexcept.obj
 0001:000268c0       __set_errno_from_matherr   100278c0 f   libucrtd:fpexcept.obj
 0001:00026900       __umatherr                 10027900 f   libucrtd:fpexcept.obj
 0001:000269a0       __initterm                 100279a0 f   libucrtd:initterm.obj
 0001:00026a00       __initterm_e               10027a00 f   libucrtd:initterm.obj
 0001:00026ac0       __seh_filter_dll           10027ac0 f   libucrtd:exception_filter.obj
 0001:00026af0       __seh_filter_exe           10027af0 f   libucrtd:exception_filter.obj
 0001:00026d10       ??$__crt_get_proc_address@P6GXI@Z@@YAP6GXI@ZQAUHINSTANCE__@@QBD@Z 10027d10 f i libucrtd:exit.obj
 0001:00026d30       ??1?$__crt_unique_handle_t@U__crt_hmodule_traits@@@@QAE@XZ 10027d30 f i libucrtd:exit.obj
 0001:00026d70       ?close@?$__crt_unique_handle_t@U__crt_hmodule_traits@@@@QAEXXZ 10027d70 f i libucrtd:exit.obj
 0001:00026db0       ?close@__crt_hmodule_traits@@SA_NPAUHINSTANCE__@@@Z 10027db0 f i libucrtd:exit.obj
 0001:00026fe0       ?get_invalid_value@__crt_hmodule_traits@@SAPAUHINSTANCE__@@XZ 10027fe0 f i libucrtd:exit.obj
 0001:00027170       ___acrt_initialize_thread_local_exit_callback 10028170 f   libucrtd:exit.obj
 0001:00027180       __cexit                    10028180 f   libucrtd:exit.obj
 0001:000271a0       __exit                     100281a0 f   libucrtd:exit.obj
 0001:000271c0       __is_c_termination_complete 100281c0 f   libucrtd:exit.obj
 0001:0002736a       ??$uninitialize@A6AXAAPAPAD@Z@?$dual_state_global@PAPAD@__crt_state_management@@QAEXA6AXAAPAPAD@Z@Z 1002836a f i libucrtd:environment_initialization.obj
 0001:0002736a       ??$uninitialize@A6AXAAPAPA_W@Z@?$dual_state_global@PAPA_W@__crt_state_management@@QAEXA6AXAAPAPA_W@Z@Z 1002836a f i libucrtd:environment_initialization.obj
 0001:000273e0       ?detach@?$__crt_unique_heap_ptr@DU__crt_internal_free_policy@@@@QAEPADXZ 100283e0 f i libucrtd:environment_initialization.obj
 0001:000273e6       ?get_current_state_index@__crt_state_management@@YAIXZ 100283e6 f i libucrtd:environment_initialization.obj
 0001:000273e9       ?initialize@?$dual_state_global@PAPAD@__crt_state_management@@QAEXQAPAD@Z 100283e9 f i libucrtd:environment_initialization.obj
 0001:0002741a       ___dcrt_uninitialize_environments_nolock 1002841a f   libucrtd:environment_initialization.obj
 0001:00027451       __initialize_narrow_environment 10028451 f   libucrtd:environment_initialization.obj
 0001:00027460       ??$?BP6AXXZ@__crt_fast_encoded_nullptr_t@@QBEPAP6AXXZXZ 10028460 f i libucrtd:onexit.obj
 0001:00027480       ??$?RU__acrt_ptd@@@__crt_internal_free_policy@@QBEXQBU__acrt_ptd@@@Z 10028480 f i libucrtd:per_thread_data.obj
 0001:00027480       ??$?RP6AXXZ@__crt_internal_free_policy@@QBEXQBQ6AXXZ@Z 10028480 f i libucrtd:onexit.obj
 0001:00027480       ??$?RPAU__crt_stdio_stream_data@@@__crt_internal_free_policy@@QBEXQBQAU__crt_stdio_stream_data@@@Z 10028480 f i libucrtd:_file.obj
 0001:00027480       ??$?RU__crt_lowio_handle_data@@@__crt_internal_free_policy@@QBEXQBU__crt_lowio_handle_data@@@Z 10028480 f i libucrtd:osfinfo.obj
 0001:00027480       ??$?RU__crt_multibyte_data@@@__crt_internal_free_policy@@QBEXQBU__crt_multibyte_data@@@Z 10028480 f i libucrtd:mbctype.obj
 0001:000274a0       ??$?RV<lambda_821a00fc0e15a7fd532972332124005d>@@AAV<lambda_942beefa13ab35ff55f86422493ffd6a>@@V<lambda_3ab53bf64df1f1ff33dbc5b1929ce7a7>@@@?$__crt_seh_guarded_call@H@@QAEH$$QAV<lambda_821a00fc0e15a7fd532972332124005d>@@AAV<lambda_942beefa13ab35ff55f86422493ffd6a>@@$$QAV<lambda_3ab53bf64df1f1ff33dbc5b1929ce7a7>@@@Z 100284a0 f i libucrtd:onexit.obj
 0001:00027530       ??$?RV<lambda_a12890e7f9ac9927a62bd0bbd5044c78>@@AAV<lambda_e971338317bfa523bb8920b43d823727>@@V<lambda_e618b16d59e79e236350cab8485990d2>@@@?$__crt_seh_guarded_call@H@@QAEH$$QAV<lambda_a12890e7f9ac9927a62bd0bbd5044c78>@@AAV<lambda_e971338317bfa523bb8920b43d823727>@@$$QAV<lambda_e618b16d59e79e236350cab8485990d2>@@@Z 10028530 f i libucrtd:onexit.obj
 0001:000275c0       ??$__acrt_lock_and_call@V<lambda_942beefa13ab35ff55f86422493ffd6a>@@@@YAHW4__acrt_lock_id@@$$QAV<lambda_942beefa13ab35ff55f86422493ffd6a>@@@Z 100285c0 f i libucrtd:onexit.obj
 0001:00027600       ??$__acrt_lock_and_call@V<lambda_e971338317bfa523bb8920b43d823727>@@@@YAHW4__acrt_lock_id@@$$QAV<lambda_e971338317bfa523bb8920b43d823727>@@@Z 10028600 f i libucrtd:onexit.obj
 0001:00027640       ??$__crt_fast_encode_pointer@P6AXH@Z@@YAP6AXH@ZQ6AXH@Z@Z 10028640 f i libucrtd:signal.obj
 0001:00027640       ??$__crt_fast_encode_pointer@P6GXPAXK0@Z@@YAP6GXPAXK0@ZQ6GX0K0@Z@Z 10028640 f i libucrtd:exit.obj
 0001:00027640       ??$__crt_fast_encode_pointer@P6AHXZ@@YAP6AHXZQ6AHXZ@Z 10028640 f i libucrtd:onexit.obj
 0001:00027670       ??1?$__crt_unique_heap_ptr@U__crt_lowio_handle_data@@U__crt_internal_free_policy@@@@QAE@XZ 10028670 f i libucrtd:osfinfo.obj
 0001:00027670       ??1?$__crt_unique_heap_ptr@P6AXXZU__crt_internal_free_policy@@@@QAE@XZ 10028670 f i libucrtd:onexit.obj
 0001:00027670       ??1?$__crt_unique_heap_ptr@U__crt_multibyte_data@@U__crt_internal_free_policy@@@@QAE@XZ 10028670 f i libucrtd:mbctype.obj
 0001:00027670       ??1?$__crt_unique_heap_ptr@PAU__crt_stdio_stream_data@@U__crt_internal_free_policy@@@@QAE@XZ 10028670 f i libucrtd:_file.obj
 0001:00027670       ??1?$__crt_unique_heap_ptr@U__acrt_ptd@@U__crt_internal_free_policy@@@@QAE@XZ 10028670 f i libucrtd:per_thread_data.obj
 0001:00027a40       ?release@?$__crt_unique_heap_ptr@U__acrt_ptd@@U__crt_internal_free_policy@@@@QAEXXZ 10028a40 f i libucrtd:per_thread_data.obj
 0001:00027a40       ?release@?$__crt_unique_heap_ptr@PAU__crt_stdio_stream_data@@U__crt_internal_free_policy@@@@QAEXXZ 10028a40 f i libucrtd:_file.obj
 0001:00027a40       ?release@?$__crt_unique_heap_ptr@P6AXXZU__crt_internal_free_policy@@@@QAEXXZ 10028a40 f i libucrtd:onexit.obj
 0001:00027a40       ?release@?$__crt_unique_heap_ptr@U__crt_multibyte_data@@U__crt_internal_free_policy@@@@QAEXXZ 10028a40 f i libucrtd:mbctype.obj
 0001:00027a40       ?release@?$__crt_unique_heap_ptr@U__crt_lowio_handle_data@@U__crt_internal_free_policy@@@@QAEXXZ 10028a40 f i libucrtd:osfinfo.obj
 0001:00027a70       __crt_atexit               10028a70 f   libucrtd:onexit.obj
 0001:00027a90       __execute_onexit_table     10028a90 f   libucrtd:onexit.obj
 0001:00027ac0       __initialize_onexit_table  10028ac0 f   libucrtd:onexit.obj
 0001:00027b20       __register_onexit_function 10028b20 f   libucrtd:onexit.obj
 0001:00027ba0       ?validate_stream_is_ansi_if_required@?$__acrt_stdio_char_traits@_W@@SA_NQAU_iobuf@@@Z 10028ba0 f   libucrtd:output.obj
 0001:00027ba0       ___acrt_uninitialize_command_line 10028ba0 f   libucrtd:argv_data.obj
 0001:00027d20       ??$uninitialize@V<lambda_c3040c0a6a4a8d26c9e8356dc2fac8c5>@@@?$dual_state_global@PAU__crt_multibyte_data@@@__crt_state_management@@QAEX$$QAV<lambda_c3040c0a6a4a8d26c9e8356dc2fac8c5>@@@Z 10028d20 f i libucrtd:initialization.obj
 0001:00027db0       ___acrt_initialize         10028db0 f   libucrtd:initialization.obj
 0001:00027dd0       ___acrt_thread_attach      10028dd0 f   libucrtd:initialization.obj
 0001:00027df0       ___acrt_thread_detach      10028df0 f   libucrtd:initialization.obj
 0001:00027e00       ___acrt_uninitialize       10028e00 f   libucrtd:initialization.obj
 0001:00027e20       ___acrt_uninitialize_critical 10028e20 f   libucrtd:initialization.obj
 0001:00027e40       _terminate                 10028e40 f   libucrtd:terminate.obj
 0001:00027ee0       _wcslen                    10028ee0 f   libucrtd:wcslen.obj
 0001:00027f20       _strlen                    10028f20 f   libucrtd:strlen.obj
 0001:00027fb0       ??0_LocaleUpdate@@QAE@QAU__crt_locale_pointers@@@Z 10028fb0 f i libucrtd:debug_heap.obj
 0001:00028090       ??1_LocaleUpdate@@QAE@XZ   10029090 f i libucrtd:debug_heap.obj
 0001:000280d0       ?GetLocaleT@_LocaleUpdate@@QAEPAU__crt_locale_pointers@@XZ 100290d0 f i libucrtd:debug_heap.obj
 0001:00029990       __CrtCheckMemory           1002a990 f   libucrtd:debug_heap.obj
 0001:00029b20       __CrtDumpMemoryLeaks       1002ab20 f   libucrtd:debug_heap.obj
 0001:00029bc0       __CrtIsValidHeapPointer    1002abc0 f   libucrtd:debug_heap.obj
 0001:00029bf0       __CrtIsValidPointer        1002abf0 f   libucrtd:debug_heap.obj
 0001:00029c20       __CrtMemCheckpoint         1002ac20 f   libucrtd:debug_heap.obj
 0001:00029e50       __CrtMemDumpAllObjectsSince 1002ae50 f   libucrtd:debug_heap.obj
 0001:00029f00       __CrtSetDbgFlag            1002af00 f   libucrtd:debug_heap.obj
 0001:0002a070       __CrtSetDumpClient         1002b070 f   libucrtd:debug_heap.obj
 0001:0002a090       ___acrt_get_locale_data_prefix 1002b090 f i libucrtd:debug_heap.obj
 0001:0002a0b0       ___acrt_locale_changed     1002b0b0 f i libucrtd:debug_heap.obj
 0001:0002a0e0       __calloc_dbg               1002b0e0 f   libucrtd:debug_heap.obj
 0001:0002a150       __chvalidchk_l             1002b150 f i libucrtd:debug_heap.obj
 0001:0002a170       __free_dbg                 1002b170 f   libucrtd:debug_heap.obj
 0001:0002a220       __invoke_watson_if_oneof   1002b220 f i libucrtd:debug_heap.obj
 0001:0002a260       __ischartype_l             1002b260 f i libucrtd:debug_heap.obj
 0001:0002a2b0       __malloc_dbg               1002b2b0 f   libucrtd:debug_heap.obj
 0001:0002a2d0       __msize_dbg                1002b2d0 f   libucrtd:debug_heap.obj
 0001:0002a460       __realloc_dbg              1002b460 f   libucrtd:debug_heap.obj
 0001:0002a500       __recalloc_dbg             1002b500 f   libucrtd:debug_heap.obj
 0001:0002a8c0       _strcpy_s                  1002b8c0 f   libucrtd:strcpy_s.obj
 0001:0002a8e0       _strcmp                    1002b8e0 f   libucrtd:strcmp.obj
 0001:0002b350       __CrtDbgReport             1002c350 f   libucrtd:dbgrpt.obj
 0001:0002b3a0       __CrtDbgReportW            1002c3a0 f   libucrtd:dbgrpt.obj
 0001:0002b3f0       ___acrt_MessageWindowA     1002c3f0 f   libucrtd:dbgrpt.obj
 0001:0002b420       ___acrt_MessageWindowW     1002c420 f   libucrtd:dbgrpt.obj
 0001:0002b450       __snwprintf_s              1002c450 f i libucrtd:dbgrpt.obj
 0001:0002b4a0       __vsnwprintf_s_l           1002c4a0 f i libucrtd:dbgrpt.obj
 0001:0002b500       _abort                     1002c500 f   libucrtd:abort.obj
 0001:0002b570       ??$?0ABV?$string_output_adapter@D@__crt_stdio_output@@AB_KABQBDABQAU__crt_locale_pointers@@ABQAD@?$format_validation_base@DV?$string_output_adapter@D@__crt_stdio_output@@@__crt_stdio_output@@IAE@ABV?$string_output_adapter@D@1@AB_KABQBDABQAU__crt_locale_pointers@@ABQAD@Z 1002c570 f i libucrtd:output.obj
 0001:0002b5a0       ??$?0ABV?$string_output_adapter@D@__crt_stdio_output@@AB_KABQBDABQAU__crt_locale_pointers@@ABQAD@?$standard_base@DV?$string_output_adapter@D@__crt_stdio_output@@@__crt_stdio_output@@IAE@ABV?$string_output_adapter@D@1@AB_KABQBDABQAU__crt_locale_pointers@@ABQAD@Z 1002c5a0 f i libucrtd:output.obj
 0001:0002b5f0       ??$?0ABV?$string_output_adapter@_W@__crt_stdio_output@@AB_KABQB_WABQAU__crt_locale_pointers@@ABQAD@?$format_validation_base@_WV?$string_output_adapter@_W@__crt_stdio_output@@@__crt_stdio_output@@IAE@ABV?$string_output_adapter@_W@1@AB_KABQB_WABQAU__crt_locale_pointers@@ABQAD@Z 1002c5f0 f i libucrtd:output.obj
 0001:0002b620       ??$?0ABV?$string_output_adapter@_W@__crt_stdio_output@@AB_KABQB_WABQAU__crt_locale_pointers@@ABQAD@?$standard_base@_WV?$string_output_adapter@_W@__crt_stdio_output@@@__crt_stdio_output@@IAE@ABV?$string_output_adapter@_W@1@AB_KABQB_WABQAU__crt_locale_pointers@@ABQAD@Z 1002c620 f i libucrtd:output.obj
 0001:0002b620       ??$?0ABV?$stream_output_adapter@_W@__crt_stdio_output@@AB_KABQB_WABQAU__crt_locale_pointers@@ABQAD@?$standard_base@_WV?$stream_output_adapter@_W@__crt_stdio_output@@@__crt_stdio_output@@IAE@ABV?$stream_output_adapter@_W@1@AB_KABQB_WABQAU__crt_locale_pointers@@ABQAD@Z 1002c620 f i libucrtd:output.obj
 0001:0002b670       ??$?RV<lambda_ab9923ffb5d694ec0d78876dd103e44f>@@AAV<lambda_481dd5778c961fbcd3b60b650e9b9dc4>@@V<lambda_7923d86c9e3f319b415918ec4b39749c>@@@?$__crt_seh_guarded_call@H@@QAEH$$QAV<lambda_ab9923ffb5d694ec0d78876dd103e44f>@@AAV<lambda_481dd5778c961fbcd3b60b650e9b9dc4>@@$$QAV<lambda_7923d86c9e3f319b415918ec4b39749c>@@@Z 1002c670 f i libucrtd:output.obj
 0001:0002b700       ??$__acrt_lock_stream_and_call@V<lambda_481dd5778c961fbcd3b60b650e9b9dc4>@@@@YAHQAU_iobuf@@$$QAV<lambda_481dd5778c961fbcd3b60b650e9b9dc4>@@@Z 1002c700 f i libucrtd:output.obj
 0001:0002cf80       ??$count@D@formatting_buffer@__crt_stdio_output@@QBEIXZ 1002df80 f i libucrtd:output.obj
 0001:0002cfc0       ??$data@_W@formatting_buffer@__crt_stdio_output@@QAEPA_WXZ 1002dfc0 f i libucrtd:output.obj
 0001:0002cfc0       ??$data@D@formatting_buffer@__crt_stdio_output@@QAEPADXZ 1002dfc0 f i libucrtd:output.obj
 0001:0002d000       ??$ensure_buffer_is_big_enough@D@formatting_buffer@__crt_stdio_output@@QAE_NI@Z 1002e000 f i libucrtd:output.obj
 0001:0002d0e0       ??$extract_argument_from_va_list@C_J@?$standard_base@_WV?$string_output_adapter@_W@__crt_stdio_output@@@__crt_stdio_output@@IAE_NAA_J@Z 1002e0e0 f i libucrtd:output.obj
 0001:0002d0e0       ??$extract_argument_from_va_list@C_J@?$standard_base@_WV?$stream_output_adapter@_W@__crt_stdio_output@@@__crt_stdio_output@@IAE_NAA_J@Z 1002e0e0 f i libucrtd:output.obj
 0001:0002d0e0       ??$extract_argument_from_va_list@C_J@?$standard_base@DV?$string_output_adapter@D@__crt_stdio_output@@@__crt_stdio_output@@IAE_NAA_J@Z 1002e0e0 f i libucrtd:output.obj
 0001:0002d110       ??$extract_argument_from_va_list@E_J@?$standard_base@DV?$string_output_adapter@D@__crt_stdio_output@@@__crt_stdio_output@@IAE_NAA_J@Z 1002e110 f i libucrtd:output.obj
 0001:0002d110       ??$extract_argument_from_va_list@E_J@?$standard_base@_WV?$string_output_adapter@_W@__crt_stdio_output@@@__crt_stdio_output@@IAE_NAA_J@Z 1002e110 f i libucrtd:output.obj
 0001:0002d110       ??$extract_argument_from_va_list@E_J@?$standard_base@_WV?$stream_output_adapter@_W@__crt_stdio_output@@@__crt_stdio_output@@IAE_NAA_J@Z 1002e110 f i libucrtd:output.obj
 0001:0002d140       ??$extract_argument_from_va_list@F_J@?$standard_base@DV?$string_output_adapter@D@__crt_stdio_output@@@__crt_stdio_output@@IAE_NAA_J@Z 1002e140 f i libucrtd:output.obj
 0001:0002d140       ??$extract_argument_from_va_list@F_J@?$standard_base@_WV?$stream_output_adapter@_W@__crt_stdio_output@@@__crt_stdio_output@@IAE_NAA_J@Z 1002e140 f i libucrtd:output.obj
 0001:0002d140       ??$extract_argument_from_va_list@F_J@?$standard_base@_WV?$string_output_adapter@_W@__crt_stdio_output@@@__crt_stdio_output@@IAE_NAA_J@Z 1002e140 f i libucrtd:output.obj
 0001:0002d170       ??$extract_argument_from_va_list@GD@?$standard_base@DV?$string_output_adapter@D@__crt_stdio_output@@@__crt_stdio_output@@IAE_NAAD@Z 1002e170 f i libucrtd:output.obj
 0001:0002d1a0       ??$extract_argument_from_va_list@G_J@?$standard_base@DV?$string_output_adapter@D@__crt_stdio_output@@@__crt_stdio_output@@IAE_NAA_J@Z 1002e1a0 f i libucrtd:output.obj
 0001:0002d1a0       ??$extract_argument_from_va_list@G_J@?$standard_base@_WV?$string_output_adapter@_W@__crt_stdio_output@@@__crt_stdio_output@@IAE_NAA_J@Z 1002e1a0 f i libucrtd:output.obj
 0001:0002d1a0       ??$extract_argument_from_va_list@G_J@?$standard_base@_WV?$stream_output_adapter@_W@__crt_stdio_output@@@__crt_stdio_output@@IAE_NAA_J@Z 1002e1a0 f i libucrtd:output.obj
 0001:0002d1d0       ??$extract_argument_from_va_list@H_J@?$standard_base@_WV?$stream_output_adapter@_W@__crt_stdio_output@@@__crt_stdio_output@@IAE_NAA_J@Z 1002e1d0 f i libucrtd:output.obj
 0001:0002d1d0       ??$extract_argument_from_va_list@H_J@?$standard_base@DV?$string_output_adapter@D@__crt_stdio_output@@@__crt_stdio_output@@IAE_NAA_J@Z 1002e1d0 f i libucrtd:output.obj
 0001:0002d1d0       ??$extract_argument_from_va_list@H_J@?$standard_base@_WV?$string_output_adapter@_W@__crt_stdio_output@@@__crt_stdio_output@@IAE_NAA_J@Z 1002e1d0 f i libucrtd:output.obj
 0001:0002d200       ??$extract_argument_from_va_list@I_J@?$standard_base@_WV?$string_output_adapter@_W@__crt_stdio_output@@@__crt_stdio_output@@IAE_NAA_J@Z 1002e200 f i libucrtd:output.obj
 0001:0002d200       ??$extract_argument_from_va_list@I_J@?$standard_base@_WV?$stream_output_adapter@_W@__crt_stdio_output@@@__crt_stdio_output@@IAE_NAA_J@Z 1002e200 f i libucrtd:output.obj
 0001:0002d200       ??$extract_argument_from_va_list@I_J@?$standard_base@DV?$string_output_adapter@D@__crt_stdio_output@@@__crt_stdio_output@@IAE_NAA_J@Z 1002e200 f i libucrtd:output.obj
 0001:0002d230       ??$extract_argument_from_va_list@PADPAD@?$standard_base@_WV?$stream_output_adapter@_W@__crt_stdio_output@@@__crt_stdio_output@@IAE_NAAPAD@Z 1002e230 f i libucrtd:output.obj
 0001:0002d230       ??$extract_argument_from_va_list@PAXPAX@?$standard_base@_WV?$stream_output_adapter@_W@__crt_stdio_output@@@__crt_stdio_output@@IAE_NAAPAX@Z 1002e230 f i libucrtd:output.obj
 0001:0002d230       ??$extract_argument_from_va_list@PAUansi_string@?1??type_case_Z@?$output_processor@_WV?$stream_output_adapter@_W@__crt_stdio_output@@V?$standard_base@_WV?$stream_output_adapter@_W@__crt_stdio_output@@@2@@__crt_stdio_output@@AAE_NXZ@PAU1?1??234@AAE_NXZ@@?$standard_base@_WV?$stream_output_adapter@_W@__crt_stdio_output@@@__crt_stdio_output@@IAE_NAAPAUansi_string@?1??type_case_Z@?$output_processor@_WV?$stream_output_adapter@_W@__crt_stdio_output@@V?$standard_base@_WV?$stream_output_adapter@_W@__crt_stdio_output@@@2@@1@AAE_NXZ@@Z 1002e230 f i libucrtd:output.obj
 0001:0002d230       ??$extract_argument_from_va_list@PAUansi_string@?1??type_case_Z@?$output_processor@_WV?$string_output_adapter@_W@__crt_stdio_output@@V?$format_validation_base@_WV?$string_output_adapter@_W@__crt_stdio_output@@@2@@__crt_stdio_output@@AAE_NXZ@PAU1?1??234@AAE_NXZ@@?$standard_base@_WV?$string_output_adapter@_W@__crt_stdio_output@@@__crt_stdio_output@@IAE_NAAPAUansi_string@?1??type_case_Z@?$output_processor@_WV?$string_output_adapter@_W@__crt_stdio_output@@V?$format_validation_base@_WV?$string_output_adapter@_W@__crt_stdio_output@@@2@@1@AAE_NXZ@@Z 1002e230 f i libucrtd:output.obj
 0001:0002d230       ??$extract_argument_from_va_list@PADPAD@?$standard_base@DV?$string_output_adapter@D@__crt_stdio_output@@@__crt_stdio_output@@IAE_NAAPAD@Z 1002e230 f i libucrtd:output.obj
 0001:0002d230       ??$extract_argument_from_va_list@PAXPAX@?$standard_base@_WV?$string_output_adapter@_W@__crt_stdio_output@@@__crt_stdio_output@@IAE_NAAPAX@Z 1002e230 f i libucrtd:output.obj
 0001:0002d230       ??$extract_argument_from_va_list@PAUansi_string@?1??type_case_Z@?$output_processor@_WV?$string_output_adapter@_W@__crt_stdio_output@@V?$standard_base@_WV?$string_output_adapter@_W@__crt_stdio_output@@@2@@__crt_stdio_output@@AAE_NXZ@PAU1?1??234@AAE_NXZ@@?$standard_base@_WV?$string_output_adapter@_W@__crt_stdio_output@@@__crt_stdio_output@@IAE_NAAPAUansi_string@?1??type_case_Z@?$output_processor@_WV?$string_output_adapter@_W@__crt_stdio_output@@V?$standard_base@_WV?$string_output_adapter@_W@__crt_stdio_output@@@2@@1@AAE_NXZ@@Z 1002e230 f i libucrtd:output.obj
 0001:0002d230       ??$extract_argument_from_va_list@PAUansi_string@?1??type_case_Z@?$output_processor@DV?$string_output_adapter@D@__crt_stdio_output@@V?$format_validation_base@DV?$string_output_adapter@D@__crt_stdio_output@@@2@@__crt_stdio_output@@AAE_NXZ@PAU1?1??234@AAE_NXZ@@?$standard_base@DV?$string_output_adapter@D@__crt_stdio_output@@@__crt_stdio_output@@IAE_NAAPAUansi_string@?1??type_case_Z@?$output_processor@DV?$string_output_adapter@D@__crt_stdio_output@@V?$format_validation_base@DV?$string_output_adapter@D@__crt_stdio_output@@@2@@1@AAE_NXZ@@Z 1002e230 f i libucrtd:output.obj
 0001:0002d230       ??$extract_argument_from_va_list@PADPAD@?$standard_base@_WV?$string_output_adapter@_W@__crt_stdio_output@@@__crt_stdio_output@@IAE_NAAPAD@Z 1002e230 f i libucrtd:output.obj
 0001:0002d230       ??$extract_argument_from_va_list@PAXPAX@?$standard_base@DV?$string_output_adapter@D@__crt_stdio_output@@@__crt_stdio_output@@IAE_NAAPAX@Z 1002e230 f i libucrtd:output.obj
 0001:0002d260       ??$extract_argument_from_va_list@U_CRT_DOUBLE@@U1@@?$standard_base@DV?$string_output_adapter@D@__crt_stdio_output@@@__crt_stdio_output@@IAE_NAAU_CRT_DOUBLE@@@Z 1002e260 f i libucrtd:output.obj
 0001:0002d260       ??$extract_argument_from_va_list@U_CRT_DOUBLE@@U1@@?$standard_base@_WV?$string_output_adapter@_W@__crt_stdio_output@@@__crt_stdio_output@@IAE_NAAU_CRT_DOUBLE@@@Z 1002e260 f i libucrtd:output.obj
 0001:0002d260       ??$extract_argument_from_va_list@U_CRT_DOUBLE@@U1@@?$standard_base@_WV?$stream_output_adapter@_W@__crt_stdio_output@@@__crt_stdio_output@@IAE_NAAU_CRT_DOUBLE@@@Z 1002e260 f i libucrtd:output.obj
 0001:0002d2b0       ??$extract_argument_from_va_list@_K_J@?$standard_base@_WV?$string_output_adapter@_W@__crt_stdio_output@@@__crt_stdio_output@@IAE_NAA_J@Z 1002e2b0 f i libucrtd:output.obj
 0001:0002d2b0       ??$extract_argument_from_va_list@_J_J@?$standard_base@DV?$string_output_adapter@D@__crt_stdio_output@@@__crt_stdio_output@@IAE_NAA_J@Z 1002e2b0 f i libucrtd:output.obj
 0001:0002d2b0       ??$extract_argument_from_va_list@_J_J@?$standard_base@_WV?$stream_output_adapter@_W@__crt_stdio_output@@@__crt_stdio_output@@IAE_NAA_J@Z 1002e2b0 f i libucrtd:output.obj
 0001:0002d2b0       ??$extract_argument_from_va_list@_J_J@?$standard_base@_WV?$string_output_adapter@_W@__crt_stdio_output@@@__crt_stdio_output@@IAE_NAA_J@Z 1002e2b0 f i libucrtd:output.obj
 0001:0002d2b0       ??$extract_argument_from_va_list@_K_J@?$standard_base@DV?$string_output_adapter@D@__crt_stdio_output@@@__crt_stdio_output@@IAE_NAA_J@Z 1002e2b0 f i libucrtd:output.obj
 0001:0002d2b0       ??$extract_argument_from_va_list@_K_J@?$standard_base@_WV?$stream_output_adapter@_W@__crt_stdio_output@@@__crt_stdio_output@@IAE_NAA_J@Z 1002e2b0 f i libucrtd:output.obj
 0001:0002d2e0       ??$extract_argument_from_va_list@_W_W@?$standard_base@_WV?$string_output_adapter@_W@__crt_stdio_output@@@__crt_stdio_output@@IAE_NAA_W@Z 1002e2e0 f i libucrtd:output.obj
 0001:0002d2e0       ??$extract_argument_from_va_list@_W_W@?$standard_base@_WV?$stream_output_adapter@_W@__crt_stdio_output@@@__crt_stdio_output@@IAE_NAA_W@Z 1002e2e0 f i libucrtd:output.obj
 0001:0002d2e0       ??$extract_argument_from_va_list@_W_W@?$standard_base@DV?$string_output_adapter@D@__crt_stdio_output@@@__crt_stdio_output@@IAE_NAA_W@Z 1002e2e0 f i libucrtd:output.obj
 0001:0002d310       ??$is_wide_character_specifier@D@__crt_stdio_output@@YA_N_KDW4length_modifier@0@@Z 1002e310 f i libucrtd:output.obj
 0001:0002d390       ??$is_wide_character_specifier@_W@__crt_stdio_output@@YA_N_K_WW4length_modifier@0@@Z 1002e390 f i libucrtd:output.obj
 0001:0002d450       ??$puttc_nolock@AB_WPAU_iobuf@@@?$__crt_char_traits@_W@@SAGAB_W$$QAPAU_iobuf@@@Z 1002e450 f i libucrtd:output.obj
 0001:0002d470       ??$read_va_arg@E@__crt_stdio_output@@YAEAAPAD@Z 1002e470 f i libucrtd:output.obj
 0001:0002d470       ??$read_va_arg@C@__crt_stdio_output@@YACAAPAD@Z 1002e470 f i libucrtd:output.obj
 0001:0002d490       ??$read_va_arg@PAX@__crt_stdio_output@@YAPAXAAPAD@Z 1002e490 f i libucrtd:output.obj
 0001:0002d490       ??$read_va_arg@PAUansi_string@?1??type_case_Z@?$output_processor@_WV?$string_output_adapter@_W@__crt_stdio_output@@V?$format_validation_base@_WV?$string_output_adapter@_W@__crt_stdio_output@@@2@@__crt_stdio_output@@AAE_NXZ@@__crt_stdio_output@@YAPAUansi_string@?1??type_case_Z@?$output_processor@_WV?$string_output_adapter@_W@__crt_stdio_output@@V?$format_validation_base@_WV?$string_output_adapter@_W@__crt_stdio_output@@@2@@0@AAE_NXZ@AAPAD@Z 1002e490 f i libucrtd:output.obj
 0001:0002d490       ??$read_va_arg@H@__crt_stdio_output@@YAHAAPAD@Z 1002e490 f i libucrtd:output.obj
 0001:0002d490       ??$read_va_arg@PAUansi_string@?1??type_case_Z@?$output_processor@DV?$string_output_adapter@D@__crt_stdio_output@@V?$format_validation_base@DV?$string_output_adapter@D@__crt_stdio_output@@@2@@__crt_stdio_output@@AAE_NXZ@@__crt_stdio_output@@YAPAUansi_string@?1??type_case_Z@?$output_processor@DV?$string_output_adapter@D@__crt_stdio_output@@V?$format_validation_base@DV?$string_output_adapter@D@__crt_stdio_output@@@2@@0@AAE_NXZ@AAPAD@Z 1002e490 f i libucrtd:output.obj
 0001:0002d490       ??$read_va_arg@PAUansi_string@?1??type_case_Z@?$output_processor@_WV?$stream_output_adapter@_W@__crt_stdio_output@@V?$standard_base@_WV?$stream_output_adapter@_W@__crt_stdio_output@@@2@@__crt_stdio_output@@AAE_NXZ@@__crt_stdio_output@@YAPAUansi_string@?1??type_case_Z@?$output_processor@_WV?$stream_output_adapter@_W@__crt_stdio_output@@V?$standard_base@_WV?$stream_output_adapter@_W@__crt_stdio_output@@@2@@0@AAE_NXZ@AAPAD@Z 1002e490 f i libucrtd:output.obj
 0001:0002d490       ??$read_va_arg@I@__crt_stdio_output@@YAIAAPAD@Z 1002e490 f i libucrtd:output.obj
 0001:0002d490       ??$read_va_arg@PAUansi_string@?1??type_case_Z@?$output_processor@_WV?$string_output_adapter@_W@__crt_stdio_output@@V?$standard_base@_WV?$string_output_adapter@_W@__crt_stdio_output@@@2@@__crt_stdio_output@@AAE_NXZ@@__crt_stdio_output@@YAPAUansi_string@?1??type_case_Z@?$output_processor@_WV?$string_output_adapter@_W@__crt_stdio_output@@V?$standard_base@_WV?$string_output_adapter@_W@__crt_stdio_output@@@2@@0@AAE_NXZ@AAPAD@Z 1002e490 f i libucrtd:output.obj
 0001:0002d490       ??$read_va_arg@PAD@__crt_stdio_output@@YAPADAAPAD@Z 1002e490 f i libucrtd:output.obj
 0001:0002d4b0       ??$read_va_arg@_K@__crt_stdio_output@@YA_KAAPAD@Z 1002e4b0 f i libucrtd:output.obj
 0001:0002d4b0       ??$read_va_arg@_J@__crt_stdio_output@@YA_JAAPAD@Z 1002e4b0 f i libucrtd:output.obj
 0001:0002d4b0       ??$read_va_arg@U_CRT_DOUBLE@@@__crt_stdio_output@@YA?AU_CRT_DOUBLE@@AAPAD@Z 1002e4b0 f i libucrtd:output.obj
 0001:0002d4d0       ??$read_va_arg@F@__crt_stdio_output@@YAFAAPAD@Z 1002e4d0 f i libucrtd:output.obj
 0001:0002d4d0       ??$read_va_arg@G@__crt_stdio_output@@YAGAAPAD@Z 1002e4d0 f i libucrtd:output.obj
 0001:0002d4d0       ??$read_va_arg@_W@__crt_stdio_output@@YA_WAAPAD@Z 1002e4d0 f i libucrtd:output.obj
 0001:0002d4f0       ??$scratch_count@D@formatting_buffer@__crt_stdio_output@@QBEIXZ 1002e4f0 f i libucrtd:output.obj
 0001:0002d510       ??$scratch_data@D@formatting_buffer@__crt_stdio_output@@QAEPADXZ 1002e510 f i libucrtd:output.obj
 0001:0002d560       ??$tcstol@PBDPAPADH@?$__crt_char_traits@D@@SAJ$$QAPBD$$QAPAPAD$$QAH@Z 1002e560 f i libucrtd:output.obj
 0001:0002d590       ??$tcstol@PB_WPAPA_WH@?$__crt_char_traits@_W@@SAJ$$QAPB_W$$QAPAPA_W$$QAH@Z 1002e590 f i libucrtd:output.obj
 0001:0002d5c0       ??$type_case_integer_parse_into_buffer@I@?$output_processor@DV?$string_output_adapter@D@__crt_stdio_output@@V?$format_validation_base@DV?$string_output_adapter@D@__crt_stdio_output@@@2@@__crt_stdio_output@@AAEXII_N@Z 1002e5c0 f i libucrtd:output.obj
 0001:0002d690       ??$type_case_integer_parse_into_buffer@I@?$output_processor@_WV?$string_output_adapter@_W@__crt_stdio_output@@V?$standard_base@_WV?$string_output_adapter@_W@__crt_stdio_output@@@2@@__crt_stdio_output@@AAEXII_N@Z 1002e690 f i libucrtd:output.obj
 0001:0002d690       ??$type_case_integer_parse_into_buffer@I@?$output_processor@_WV?$string_output_adapter@_W@__crt_stdio_output@@V?$format_validation_base@_WV?$string_output_adapter@_W@__crt_stdio_output@@@2@@__crt_stdio_output@@AAEXII_N@Z 1002e690 f i libucrtd:output.obj
 0001:0002d690       ??$type_case_integer_parse_into_buffer@I@?$output_processor@_WV?$stream_output_adapter@_W@__crt_stdio_output@@V?$standard_base@_WV?$stream_output_adapter@_W@__crt_stdio_output@@@2@@__crt_stdio_output@@AAEXII_N@Z 1002e690 f i libucrtd:output.obj
 0001:0002d760       ??$type_case_integer_parse_into_buffer@_K@?$output_processor@DV?$string_output_adapter@D@__crt_stdio_output@@V?$format_validation_base@DV?$string_output_adapter@D@__crt_stdio_output@@@2@@__crt_stdio_output@@AAEX_KI_N@Z 1002e760 f i libucrtd:output.obj
 0001:0002d860       ??$type_case_integer_parse_into_buffer@_K@?$output_processor@_WV?$stream_output_adapter@_W@__crt_stdio_output@@V?$standard_base@_WV?$stream_output_adapter@_W@__crt_stdio_output@@@2@@__crt_stdio_output@@AAEX_KI_N@Z 1002e860 f i libucrtd:output.obj
 0001:0002d860       ??$type_case_integer_parse_into_buffer@_K@?$output_processor@_WV?$string_output_adapter@_W@__crt_stdio_output@@V?$format_validation_base@_WV?$string_output_adapter@_W@__crt_stdio_output@@@2@@__crt_stdio_output@@AAEX_KI_N@Z 1002e860 f i libucrtd:output.obj
 0001:0002d860       ??$type_case_integer_parse_into_buffer@_K@?$output_processor@_WV?$string_output_adapter@_W@__crt_stdio_output@@V?$standard_base@_WV?$string_output_adapter@_W@__crt_stdio_output@@@2@@__crt_stdio_output@@AAEX_KI_N@Z 1002e860 f i libucrtd:output.obj
 0001:0002d960       ??$write_multiple_characters@V?$stream_output_adapter@_W@__crt_stdio_output@@D@__crt_stdio_output@@YAXABV?$stream_output_adapter@_W@0@DHQAH@Z 1002e960 f i libucrtd:output.obj
 0001:0002d9b0       ??$write_multiple_characters@V?$string_output_adapter@D@__crt_stdio_output@@D@__crt_stdio_output@@YAXABV?$string_output_adapter@D@0@DHQAH@Z 1002e9b0 f i libucrtd:output.obj
 0001:0002da00       ??$write_multiple_characters@V?$string_output_adapter@_W@__crt_stdio_output@@D@__crt_stdio_output@@YAXABV?$string_output_adapter@_W@0@DHQAH@Z 1002ea00 f i libucrtd:output.obj
 0001:0002da90       ??0?$common_data@D@__crt_stdio_output@@IAE@XZ 1002ea90 f i libucrtd:output.obj
 0001:0002db40       ??0?$common_data@_W@__crt_stdio_output@@IAE@XZ 1002eb40 f i libucrtd:output.obj
 0001:0002dbf0       ??0?$output_adapter_data@DV?$string_output_adapter@D@__crt_stdio_output@@@__crt_stdio_output@@IAE@ABV?$string_output_adapter@D@1@_KQBDQAU__crt_locale_pointers@@QAD@Z 1002ebf0 f i libucrtd:output.obj
 0001:0002dc50       ??0?$output_adapter_data@_WV?$stream_output_adapter@_W@__crt_stdio_output@@@__crt_stdio_output@@IAE@ABV?$stream_output_adapter@_W@1@_KQB_WQAU__crt_locale_pointers@@QAD@Z 1002ec50 f i libucrtd:output.obj
 0001:0002dc50       ??0?$output_adapter_data@_WV?$string_output_adapter@_W@__crt_stdio_output@@@__crt_stdio_output@@IAE@ABV?$string_output_adapter@_W@1@_KQB_WQAU__crt_locale_pointers@@QAD@Z 1002ec50 f i libucrtd:output.obj
 0001:0002dcb0       ??0?$output_processor@DV?$string_output_adapter@D@__crt_stdio_output@@V?$format_validation_base@DV?$string_output_adapter@D@__crt_stdio_output@@@2@@__crt_stdio_output@@QAE@ABV?$string_output_adapter@D@1@_KQBDQAU__crt_locale_pointers@@QAD@Z 1002ecb0 f i libucrtd:output.obj
 0001:0002dcf0       ??0?$output_processor@_WV?$stream_output_adapter@_W@__crt_stdio_output@@V?$standard_base@_WV?$stream_output_adapter@_W@__crt_stdio_output@@@2@@__crt_stdio_output@@QAE@ABV?$stream_output_adapter@_W@1@_KQB_WQAU__crt_locale_pointers@@QAD@Z 1002ecf0 f i libucrtd:output.obj
 0001:0002dcf0       ??0?$output_processor@_WV?$string_output_adapter@_W@__crt_stdio_output@@V?$standard_base@_WV?$string_output_adapter@_W@__crt_stdio_output@@@2@@__crt_stdio_output@@QAE@ABV?$string_output_adapter@_W@1@_KQB_WQAU__crt_locale_pointers@@QAD@Z 1002ecf0 f i libucrtd:output.obj
 0001:0002dd30       ??0?$output_processor@_WV?$string_output_adapter@_W@__crt_stdio_output@@V?$format_validation_base@_WV?$string_output_adapter@_W@__crt_stdio_output@@@2@@__crt_stdio_output@@QAE@ABV?$string_output_adapter@_W@1@_KQB_WQAU__crt_locale_pointers@@QAD@Z 1002ed30 f i libucrtd:output.obj
 0001:0002dd70       ??0?$stream_output_adapter@_W@__crt_stdio_output@@QAE@QAU_iobuf@@@Z 1002ed70 f i libucrtd:output.obj
 0001:0002dd90       ??0?$__crt_unique_heap_ptr@P6AXXZU__crt_internal_free_policy@@@@QAE@QAP6AXXZ@Z 1002ed90 f i libucrtd:onexit.obj
 0001:0002dd90       ??0?$__crt_scoped_stack_ptr@_W@@QAE@U?$__crt_scoped_stack_ptr_tag@_W@@@Z 1002ed90 f i libucrtd:getstringtypea.obj
 0001:0002dd90       ??0?$__crt_unique_heap_ptr@U__crt_multibyte_data@@U__crt_internal_free_policy@@@@QAE@QAU__crt_multibyte_data@@@Z 1002ed90 f i libucrtd:mbctype.obj
 0001:0002dd90       ??0__crt_stdio_stream@@QAE@QAU__crt_stdio_stream_data@@@Z 1002ed90 f i libucrtd:fflush.obj
 0001:0002dd90       ??0?$__crt_scoped_stack_ptr_tag@_W@@QAE@QA_W@Z 1002ed90 f i libucrtd:getstringtypea.obj
 0001:0002dd90       ??0?$__crt_unique_heap_ptr@U__acrt_ptd@@U__crt_internal_free_policy@@@@QAE@QAU__acrt_ptd@@@Z 1002ed90 f i libucrtd:per_thread_data.obj
 0001:0002dd90       ??0?$__crt_unique_heap_ptr@U__crt_lowio_handle_data@@U__crt_internal_free_policy@@@@QAE@QAU__crt_lowio_handle_data@@@Z 1002ed90 f i libucrtd:osfinfo.obj
 0001:0002dd90       ??0__crt_stdio_stream@@QAE@QAU_iobuf@@@Z 1002ed90 f i libucrtd:assert.obj
 0001:0002dd90       ??0?$__crt_unique_handle_t@U__crt_handle_traits@@@@QAE@QAX@Z 1002ed90 f i libucrtd:crtmbox.obj
 0001:0002dd90       ??0?$__crt_unique_heap_ptr@PAU__crt_stdio_stream_data@@U__crt_internal_free_policy@@@@QAE@QAPAU__crt_stdio_stream_data@@@Z 1002ed90 f i libucrtd:_file.obj
 0001:0002dd90       ??0?$__crt_unique_handle_t@U__crt_hmodule_traits@@@@QAE@QAUHINSTANCE__@@@Z 1002ed90 f i libucrtd:exit.obj
 0001:0002dd90       ??0?$string_output_adapter@_W@__crt_stdio_output@@QAE@QAU?$string_output_adapter_context@_W@1@@Z 1002ed90 f i libucrtd:output.obj
 0001:0002dd90       ??0?$string_output_adapter@D@__crt_stdio_output@@QAE@QAU?$string_output_adapter_context@D@1@@Z 1002ed90 f i libucrtd:output.obj
 0001:0002ddb0       ??0__acrt_stdio_temporary_buffering_guard@@QAE@QAU_iobuf@@@Z 1002edb0 f i libucrtd:output.obj
 0001:0002dde0       ??0__crt_errno_guard@@QAE@QAH@Z 1002ede0 f i libucrtd:output.obj
 0001:0002de10       ??0formatting_buffer@__crt_stdio_output@@QAE@XZ 1002ee10 f i libucrtd:output.obj
 0001:0002de40       ??1?$common_data@D@__crt_stdio_output@@QAE@XZ 1002ee40 f i libucrtd:output.obj
 0001:0002de40       ??1?$common_data@_W@__crt_stdio_output@@QAE@XZ 1002ee40 f i libucrtd:output.obj
 0001:0002de60       ??1?$output_processor@_WV?$stream_output_adapter@_W@__crt_stdio_output@@V?$standard_base@_WV?$stream_output_adapter@_W@__crt_stdio_output@@@2@@__crt_stdio_output@@QAE@XZ 1002ee60 f i libucrtd:output.obj
 0001:0002de60       ??1?$format_validation_base@DV?$string_output_adapter@D@__crt_stdio_output@@@__crt_stdio_output@@QAE@XZ 1002ee60 f i libucrtd:output.obj
 0001:0002de60       ??1?$output_processor@_WV?$string_output_adapter@_W@__crt_stdio_output@@V?$standard_base@_WV?$string_output_adapter@_W@__crt_stdio_output@@@2@@__crt_stdio_output@@QAE@XZ 1002ee60 f i libucrtd:output.obj
 0001:0002de60       ??1?$format_validation_base@_WV?$string_output_adapter@_W@__crt_stdio_output@@@__crt_stdio_output@@QAE@XZ 1002ee60 f i libucrtd:output.obj
 0001:0002de80       ??1?$output_adapter_data@DV?$string_output_adapter@D@__crt_stdio_output@@@__crt_stdio_output@@QAE@XZ 1002ee80 f i libucrtd:output.obj
 0001:0002de80       ??1?$output_adapter_data@_WV?$string_output_adapter@_W@__crt_stdio_output@@@__crt_stdio_output@@QAE@XZ 1002ee80 f i libucrtd:output.obj
 0001:0002de80       ??1?$output_adapter_data@_WV?$stream_output_adapter@_W@__crt_stdio_output@@@__crt_stdio_output@@QAE@XZ 1002ee80 f i libucrtd:output.obj
 0001:0002dea0       ??1?$output_processor@DV?$string_output_adapter@D@__crt_stdio_output@@V?$format_validation_base@DV?$string_output_adapter@D@__crt_stdio_output@@@2@@__crt_stdio_output@@QAE@XZ 1002eea0 f i libucrtd:output.obj
 0001:0002dea0       ??1?$output_processor@_WV?$string_output_adapter@_W@__crt_stdio_output@@V?$format_validation_base@_WV?$string_output_adapter@_W@__crt_stdio_output@@@2@@__crt_stdio_output@@QAE@XZ 1002eea0 f i libucrtd:output.obj
 0001:0002dec0       ??1?$standard_base@_WV?$stream_output_adapter@_W@__crt_stdio_output@@@__crt_stdio_output@@QAE@XZ 1002eec0 f i libucrtd:output.obj
 0001:0002dec0       ??1?$standard_base@_WV?$string_output_adapter@_W@__crt_stdio_output@@@__crt_stdio_output@@QAE@XZ 1002eec0 f i libucrtd:output.obj
 0001:0002dec0       ??1?$standard_base@DV?$string_output_adapter@D@__crt_stdio_output@@@__crt_stdio_output@@QAE@XZ 1002eec0 f i libucrtd:output.obj
 0001:0002dee0       ??1__acrt_stdio_temporary_buffering_guard@@QAE@XZ 1002eee0 f i libucrtd:output.obj
 0001:0002df10       ??1__crt_errno_guard@@QAE@XZ 1002ef10 f i libucrtd:output.obj
 0001:0002df40       ??1formatting_buffer@__crt_stdio_output@@QAE@XZ 1002ef40 f i libucrtd:output.obj
 0001:0002df60       ??4?$__crt_unique_heap_ptr@DU__crt_internal_free_policy@@@@QAEAAV0@$$QAV0@@Z 1002ef60 f i libucrtd:output.obj
 0001:0002e0a0       ?adjust_hexit@?$output_processor@_WV?$string_output_adapter@_W@__crt_stdio_output@@V?$standard_base@_WV?$string_output_adapter@_W@__crt_stdio_output@@@2@@__crt_stdio_output@@CADH_N@Z 1002f0a0 f i libucrtd:output.obj
 0001:0002e0a0       ?adjust_hexit@?$output_processor@_WV?$stream_output_adapter@_W@__crt_stdio_output@@V?$standard_base@_WV?$stream_output_adapter@_W@__crt_stdio_output@@@2@@__crt_stdio_output@@CADH_N@Z 1002f0a0 f i libucrtd:output.obj
 0001:0002e0a0       ?adjust_hexit@?$output_processor@_WV?$string_output_adapter@_W@__crt_stdio_output@@V?$format_validation_base@_WV?$string_output_adapter@_W@__crt_stdio_output@@@2@@__crt_stdio_output@@CADH_N@Z 1002f0a0 f i libucrtd:output.obj
 0001:0002e0a0       ?adjust_hexit@?$output_processor@DV?$string_output_adapter@D@__crt_stdio_output@@V?$format_validation_base@DV?$string_output_adapter@D@__crt_stdio_output@@@2@@__crt_stdio_output@@CADH_N@Z 1002f0a0 f i libucrtd:output.obj
 0001:0002e0e0       ?advance_to_next_pass@?$standard_base@DV?$string_output_adapter@D@__crt_stdio_output@@@__crt_stdio_output@@IAE_NXZ 1002f0e0 f i libucrtd:output.obj
 0001:0002e0e0       ?advance_to_next_pass@?$standard_base@_WV?$string_output_adapter@_W@__crt_stdio_output@@@__crt_stdio_output@@IAE_NXZ 1002f0e0 f i libucrtd:output.obj
 0001:0002e0e0       ?advance_to_next_pass@?$standard_base@_WV?$stream_output_adapter@_W@__crt_stdio_output@@@__crt_stdio_output@@IAE_NXZ 1002f0e0 f i libucrtd:output.obj
 0001:0002e130       ?crop_zeroes@__crt_stdio_output@@YAXPADQAU__crt_locale_pointers@@@Z 1002f130 f i libucrtd:output.obj
 0001:0002e230       ?find_next_state@?$output_processor@DV?$string_output_adapter@D@__crt_stdio_output@@V?$format_validation_base@DV?$string_output_adapter@D@__crt_stdio_output@@@2@@__crt_stdio_output@@ABE?AW4state@2@DW432@@Z 1002f230 f i libucrtd:output.obj
 0001:0002e2b0       ?find_next_state@?$output_processor@_WV?$string_output_adapter@_W@__crt_stdio_output@@V?$format_validation_base@_WV?$string_output_adapter@_W@__crt_stdio_output@@@2@@__crt_stdio_output@@ABE?AW4state@2@_WW432@@Z 1002f2b0 f i libucrtd:output.obj
 0001:0002e330       ?find_next_state@?$output_processor@_WV?$string_output_adapter@_W@__crt_stdio_output@@V?$standard_base@_WV?$string_output_adapter@_W@__crt_stdio_output@@@2@@__crt_stdio_output@@ABE?AW4state@2@_WW432@@Z 1002f330 f i libucrtd:output.obj
 0001:0002e330       ?find_next_state@?$output_processor@_WV?$stream_output_adapter@_W@__crt_stdio_output@@V?$standard_base@_WV?$stream_output_adapter@_W@__crt_stdio_output@@@2@@__crt_stdio_output@@ABE?AW4state@2@_WW432@@Z 1002f330 f i libucrtd:output.obj
 0001:0002e3b0       ?force_decimal_point@__crt_stdio_output@@YAXPADQAU__crt_locale_pointers@@@Z 1002f3b0 f i libucrtd:output.obj
 0001:0002e460       ?has_flag@?$output_processor@_WV?$string_output_adapter@_W@__crt_stdio_output@@V?$format_validation_base@_WV?$string_output_adapter@_W@__crt_stdio_output@@@2@@__crt_stdio_output@@ABE_NI@Z 1002f460 f i libucrtd:output.obj
 0001:0002e460       ?has_flag@?$output_processor@DV?$string_output_adapter@D@__crt_stdio_output@@V?$format_validation_base@DV?$string_output_adapter@D@__crt_stdio_output@@@2@@__crt_stdio_output@@ABE_NI@Z 1002f460 f i libucrtd:output.obj
 0001:0002e460       ?has_flag@?$output_processor@_WV?$stream_output_adapter@_W@__crt_stdio_output@@V?$standard_base@_WV?$stream_output_adapter@_W@__crt_stdio_output@@@2@@__crt_stdio_output@@ABE_NI@Z 1002f460 f i libucrtd:output.obj
 0001:0002e460       ?has_flag@?$output_processor@_WV?$string_output_adapter@_W@__crt_stdio_output@@V?$standard_base@_WV?$string_output_adapter@_W@__crt_stdio_output@@@2@@__crt_stdio_output@@ABE_NI@Z 1002f460 f i libucrtd:output.obj
 0001:0002e490       ?is_string_backed@__crt_stdio_stream@@QBE_NXZ 1002f490 f i libucrtd:output.obj
 0001:0002e4d0       ?narrow_null_string@?$output_processor@DV?$string_output_adapter@D@__crt_stdio_output@@V?$format_validation_base@DV?$string_output_adapter@D@__crt_stdio_output@@@2@@__crt_stdio_output@@CAPADXZ 1002f4d0 f i libucrtd:output.obj
 0001:0002e4d0       ?narrow_null_string@?$output_processor@_WV?$stream_output_adapter@_W@__crt_stdio_output@@V?$standard_base@_WV?$stream_output_adapter@_W@__crt_stdio_output@@@2@@__crt_stdio_output@@CAPADXZ 1002f4d0 f i libucrtd:output.obj
 0001:0002e4d0       ?narrow_null_string@?$output_processor@_WV?$string_output_adapter@_W@__crt_stdio_output@@V?$format_validation_base@_WV?$string_output_adapter@_W@__crt_stdio_output@@@2@@__crt_stdio_output@@CAPADXZ 1002f4d0 f i libucrtd:output.obj
 0001:0002e4d0       ?narrow_null_string@?$output_processor@_WV?$string_output_adapter@_W@__crt_stdio_output@@V?$standard_base@_WV?$string_output_adapter@_W@__crt_stdio_output@@@2@@__crt_stdio_output@@CAPADXZ 1002f4d0 f i libucrtd:output.obj
 0001:0002e4e0       ?parse_int_from_format_string@?$output_processor@DV?$string_output_adapter@D@__crt_stdio_output@@V?$format_validation_base@DV?$string_output_adapter@D@__crt_stdio_output@@@2@@__crt_stdio_output@@AAE_NQAH@Z 1002f4e0 f i libucrtd:output.obj
 0001:0002e590       ?parse_int_from_format_string@?$output_processor@_WV?$string_output_adapter@_W@__crt_stdio_output@@V?$standard_base@_WV?$string_output_adapter@_W@__crt_stdio_output@@@2@@__crt_stdio_output@@AAE_NQAH@Z 1002f590 f i libucrtd:output.obj
 0001:0002e590       ?parse_int_from_format_string@?$output_processor@_WV?$string_output_adapter@_W@__crt_stdio_output@@V?$format_validation_base@_WV?$string_output_adapter@_W@__crt_stdio_output@@@2@@__crt_stdio_output@@AAE_NQAH@Z 1002f590 f i libucrtd:output.obj
 0001:0002e590       ?parse_int_from_format_string@?$output_processor@_WV?$stream_output_adapter@_W@__crt_stdio_output@@V?$standard_base@_WV?$stream_output_adapter@_W@__crt_stdio_output@@@2@@__crt_stdio_output@@AAE_NQAH@Z 1002f590 f i libucrtd:output.obj
 0001:0002e640       ?process@?$output_processor@DV?$string_output_adapter@D@__crt_stdio_output@@V?$format_validation_base@DV?$string_output_adapter@D@__crt_stdio_output@@@2@@__crt_stdio_output@@QAEHXZ 1002f640 f i libucrtd:output.obj
 0001:0002e8f0       ?process@?$output_processor@_WV?$stream_output_adapter@_W@__crt_stdio_output@@V?$standard_base@_WV?$stream_output_adapter@_W@__crt_stdio_output@@@2@@__crt_stdio_output@@QAEHXZ 1002f8f0 f i libucrtd:output.obj
 0001:0002eba0       ?process@?$output_processor@_WV?$string_output_adapter@_W@__crt_stdio_output@@V?$format_validation_base@_WV?$string_output_adapter@_W@__crt_stdio_output@@@2@@__crt_stdio_output@@QAEHXZ 1002fba0 f i libucrtd:output.obj
 0001:0002ee60       ?process@?$output_processor@_WV?$string_output_adapter@_W@__crt_stdio_output@@V?$standard_base@_WV?$string_output_adapter@_W@__crt_stdio_output@@@2@@__crt_stdio_output@@QAEHXZ 1002fe60 f i libucrtd:output.obj
 0001:0002f110       ?set_flag@?$output_processor@DV?$string_output_adapter@D@__crt_stdio_output@@V?$format_validation_base@DV?$string_output_adapter@D@__crt_stdio_output@@@2@@__crt_stdio_output@@AAEXI@Z 10030110 f i libucrtd:output.obj
[...]
 0002:00011260       ONE                        10063260     libucrtd:sin_pentium4.obj
 0002:00011498       _LcidToLocaleNameTable     10063498     libucrtd:lcidtoname_downlevel.obj
 0002:000125c0       _LocaleNameToIndexTable    100645c0     libucrtd:lcidtoname_downlevel.obj
 0002:00015510       LOG_name                   10067510     libucrtd:log10.obj
 0002:00015630       emask                      10067630     libucrtd:log10_pentium4.obj
 0002:00015640       CC                         10067640     libucrtd:log10_pentium4.obj
 0002:00015650       Magic                      10067650     libucrtd:log10_pentium4.obj
 0002:00015660       hi_mask                    10067660     libucrtd:log10_pentium4.obj
 0002:00015670       LOG10_2                    10067670     libucrtd:log10_pentium4.obj
 0002:00015680       place_L                    10067680     libucrtd:log10_pentium4.obj
 0002:000156a0       One                        100676a0     libucrtd:log10_pentium4.obj
 0002:000156b0       Zero                       100676b0     libucrtd:log10_pentium4.obj
 0002:000156c0       Two52                      100676c0     libucrtd:log10_pentium4.obj
 0002:000156d0       Infs                       100676d0     libucrtd:log10_pentium4.obj
 0002:000156e0       NaN                        100676e0     libucrtd:log10_pentium4.obj
 0002:000156f0       coeff                      100676f0     libucrtd:log10_pentium4.obj
 0002:00016064       ?ExceptionTemplate@?1??_CxxThrowException@@9@8@4UEHExceptionRecord@@B 10068064     libvcruntimed:throw.obj
 0002:00016250       ?_TlgEvent@?3??__telemetry_main_invoke_trigger@@9@4U<unnamed-type-_TlgEvent>@?3??1@YAXQAUHINSTANCE__@@@Z@B 10068250     libvcruntimed:telemetry.obj
 0002:0001628c       ?_TlgEvent@?3??__telemetry_main_return_trigger@@9@4U<unnamed-type-_TlgEvent>@?3??1@YAXQAUHINSTANCE__@@@Z@B 1006828c     libvcruntimed:telemetry.obj
 0002:000162c7       ?_Tlg_Microsoft_CRTProviderProv_Meta@@3U<unnamed-type-_Tlg_Microsoft_CRTProviderProv_Meta>@@B 100682c7     libvcruntimed:telemetry.obj
 0002:00016658       __sehtable$?dllmain_crt_process_attach@@YAHQAUHINSTANCE__@@QAX@Z 10068658     LIBCMTD:dll_dllmain.obj
 0002:00016678       __sehtable$?dllmain_crt_process_detach@@YAH_N@Z 10068678     LIBCMTD:dll_dllmain.obj
 0002:00016698       __sehtable$?dllmain_dispatch@@YAHQAUHINSTANCE__@@KQAX@Z 10068698     LIBCMTD:dll_dllmain.obj
 0002:000166b8       __sehtable$___scrt_is_nonwritable_in_current_image 100686b8     LIBCMTD:utility.obj
 0002:000166d8       __sehtable$?common_exit@@YAXHW4_crt_exit_cleanup_mode@@W4_crt_exit_return_mode@@@Z 100686d8     libucrtd:exit.obj
 0002:00016700       __sehtable$??$?RV<lambda_821a00fc0e15a7fd532972332124005d>@@AAV<lambda_942beefa13ab35ff55f86422493ffd6a>@@V<lambda_3ab53bf64df1f1ff33dbc5b1929ce7a7>@@@?$__crt_seh_guarded_call@H@@QAEH$$QAV<lambda_821a00fc0e15a7fd532972332124005d>@@AAV<lambda_942beefa13ab35ff55f86422493ffd6a>@@$$QAV<lambda_3ab53bf64df1f1ff33dbc5b1929ce7a7>@@@Z 10068700     libucrtd:onexit.obj
 0002:00016720       __sehtable$??$?RV<lambda_a12890e7f9ac9927a62bd0bbd5044c78>@@AAV<lambda_e971338317bfa523bb8920b43d823727>@@V<lambda_e618b16d59e79e236350cab8485990d2>@@@?$__crt_seh_guarded_call@H@@QAEH$$QAV<lambda_a12890e7f9ac9927a62bd0bbd5044c78>@@AAV<lambda_e971338317bfa523bb8920b43d823727>@@$$QAV<lambda_e618b16d59e79e236350cab8485990d2>@@@Z 10068720     libucrtd:onexit.obj
 0002:00016740       __sehtable$_terminate      10068740     libucrtd:terminate.obj
 0002:00016760       __sehtable$__CrtCheckMemory 10068760     libucrtd:debug_heap.obj
 0002:00016780       __sehtable$__CrtMemCheckpoint 10068780     libucrtd:debug_heap.obj
 0002:000167a0       __sehtable$__CrtMemDumpAllObjectsSince 100687a0     libucrtd:debug_heap.obj
 0002:000167c0       __sehtable$__CrtSetDbgFlag 100687c0     libucrtd:debug_heap.obj
 0002:000167e0       __sehtable$__free_dbg      100687e0     libucrtd:debug_heap.obj
 0002:00016800       __sehtable$__msize_dbg     10068800     libucrtd:debug_heap.obj
 0002:00016820       __sehtable$__realloc_dbg   10068820     libucrtd:debug_heap.obj
 0002:00016840       __sehtable$?is_bad_read_pointer@@YA_NQBXI@Z 10068840     libucrtd:debug_heap.obj
 0002:00016860       __sehtable$?validate_heap_if_required_nolock@@YAXXZ 10068860     libucrtd:debug_heap.obj
 0002:00016880       __sehtable$?heap_alloc_dbg_internal@@YAPAXIHQBDH@Z 10068880     libucrtd:debug_heap.obj
 0002:000168a0       __sehtable$??$?RV<lambda_ab9923ffb5d694ec0d78876dd103e44f>@@AAV<lambda_481dd5778c961fbcd3b60b650e9b9dc4>@@V<lambda_7923d86c9e3f319b415918ec4b39749c>@@@?$__crt_seh_guarded_call@H@@QAEH$$QAV<lambda_ab9923ffb5d694ec0d78876dd103e44f>@@AAV<lambda_481dd5778c961fbcd3b60b650e9b9dc4>@@$$QAV<lambda_7923d86c9e3f319b415918ec4b39749c>@@@Z 100688a0     libucrtd:output.obj
 0002:000168c0       __sehtable$_fflush         100688c0     libucrtd:fflush.obj
 0002:000168e0       __sehtable$_common_flush_all 100688e0     libucrtd:fflush.obj
 0002:00016908       __sehtable$??$?RV<lambda_c58464cc0393550ab06f01720b646001>@@AAV<lambda_108d78a972a15edee025c8b3efe121dc>@@V<lambda_1a39be00af773e7199199dafcba04cc5>@@@?$__crt_seh_guarded_call@H@@QAEH$$QAV<lambda_c58464cc0393550ab06f01720b646001>@@AAV<lambda_108d78a972a15edee025c8b3efe121dc>@@$$QAV<lambda_1a39be00af773e7199199dafcba04cc5>@@@Z 10068908     libucrtd:setvbuf.obj
 0002:00016928       __sehtable$_raise          10068928     libucrtd:signal.obj
 0002:00016948       __sehtable$??$?RV<lambda_a048d3beccc847880fc8490e18b82769>@@AAV<lambda_ec61778202f4f5fc7e7711acc23c3bca>@@V<lambda_f7496a158712204296dd6628a163878e>@@@?$__crt_seh_guarded_call@P6AXH@Z@@QAEP6AXH@Z$$QAV<lambda_a048d3beccc847880fc8490e18b82769>@@AAV<lambda_ec61778202f4f5fc7e7711acc23c3bca>@@$$QAV<lambda_f7496a158712204296dd6628a163878e>@@@Z 10068948     libucrtd:signal.obj
 0002:00016968       __sehtable$??$?RV<lambda_9df27f884b057bc3edfc946cb5b7cf47>@@AAV<lambda_e69574bed617af4e071282c136b37893>@@V<lambda_cc0d902bcbbeb830f749456577db4721>@@@?$__crt_seh_guarded_call@X@@QAEX$$QAV<lambda_9df27f884b057bc3edfc946cb5b7cf47>@@AAV<lambda_e69574bed617af4e071282c136b37893>@@$$QAV<lambda_cc0d902bcbbeb830f749456577db4721>@@@Z 10068968     libucrtd:per_thread_data.obj
 0002:00016988       __sehtable$??$?RV<lambda_3518db117f0e7cdb002338c5d3c47b6c>@@AAV<lambda_b2ea41f6bbb362cd97d94c6828d90b61>@@V<lambda_abdedf541bb04549bc734292b4a045d4>@@@?$__crt_seh_guarded_call@X@@QAEX$$QAV<lambda_3518db117f0e7cdb002338c5d3c47b6c>@@AAV<lambda_b2ea41f6bbb362cd97d94c6828d90b61>@@$$QAV<lambda_abdedf541bb04549bc734292b4a045d4>@@@Z 10068988     libucrtd:per_thread_data.obj
 0002:000169a8       __sehtable$??$?RV<lambda_952b238c83a62ef8e81c72265e1e9aa0>@@AAV<lambda_801f60a70ab65355beb13c41cbe335bb>@@V<lambda_84d84f98815add542a0d6e6ca338feb2>@@@?$__crt_seh_guarded_call@X@@QAEX$$QAV<lambda_952b238c83a62ef8e81c72265e1e9aa0>@@AAV<lambda_801f60a70ab65355beb13c41cbe335bb>@@$$QAV<lambda_84d84f98815add542a0d6e6ca338feb2>@@@Z 100689a8     libucrtd:per_thread_data.obj
 0002:000169c8       __sehtable$??$?RV<lambda_5b71d36f03204c0beab531769a5b5694>@@AAV<lambda_be2b3da3f62db62e9dad5dc70221a656>@@V<lambda_8f9ce462984622f9bf76b59e2aaaf805>@@@?$__crt_seh_guarded_call@X@@QAEX$$QAV<lambda_5b71d36f03204c0beab531769a5b5694>@@AAV<lambda_be2b3da3f62db62e9dad5dc70221a656>@@$$QAV<lambda_8f9ce462984622f9bf76b59e2aaaf805>@@@Z 100689c8     libucrtd:per_thread_data.obj
 0002:000169e8       __sehtable$?update_thread_multibyte_data_internal@@YAPAU__crt_multibyte_data@@QAU__acrt_ptd@@QAU1@@Z 100689e8     libucrtd:mbctype.obj
 0002:00016a08       __sehtable$??$?RV<lambda_d80abc18c428629cddc270f096dcc61b>@@AAV<lambda_3f8189bce64b4997e9cacee8178dce4a>@@V<lambda_fdb30781f88e85fcd814d1d789f55c14>@@@?$__crt_seh_guarded_call@X@@QAEX$$QAV<lambda_d80abc18c428629cddc270f096dcc61b>@@AAV<lambda_3f8189bce64b4997e9cacee8178dce4a>@@$$QAV<lambda_fdb30781f88e85fcd814d1d789f55c14>@@@Z 10068a08     libucrtd:mbctype.obj
 0002:00016a28       __sehtable$___acrt_initialize_lowio 10068a28     libucrtd:ioinit.obj
 0002:00016a48       __sehtable$__query_new_handler 10068a48     libucrtd:new_handler.obj
 0002:00016a68       __sehtable$??$?RV<lambda_4393c4b5ef78814305fd0c1b31d2e9a8>@@AAV<lambda_85fa512c59a4d94d4a89f575eefd92a6>@@V<lambda_8f70eeb8060c49130c088d3137313000>@@@?$__crt_seh_guarded_call@X@@QAEX$$QAV<lambda_4393c4b5ef78814305fd0c1b31d2e9a8>@@AAV<lambda_85fa512c59a4d94d4a89f575eefd92a6>@@$$QAV<lambda_8f70eeb8060c49130c088d3137313000>@@@Z 10068a68     libucrtd:wsetlocale.obj
 0002:00016a88       __sehtable$__VCrtDbgReportA 10068a88     libucrtd:dbgrptt.obj
 0002:00016ab0       __sehtable$__VCrtDbgReportW 10068ab0     libucrtd:dbgrptt.obj
 0002:00016ad8       __unwindtable$?fp_format_a@@YAHQBNPADIQADIH_NIQAU__crt_locale_pointers@@@Z 10068ad8     libucrtd:cvt.obj
 0002:00016ae0       __ehfuncinfo$?fp_format_a@@YAHQBNPADIQADIH_NIQAU__crt_locale_pointers@@@Z 10068ae0     libucrtd:cvt.obj
 0002:00016b08       __sehtable$__fcloseall     10068b08     libucrtd:closeall.obj
 0002:00016b28       __sehtable$??$?RV<lambda_a7d5e04a8e766f2a135287cf7b01dfe7>@@AAV<lambda_e9ab68cc08dfd839979545c079379e6e>@@V<lambda_14e08a59e78d15c51edeee53d25fb3be>@@@?$__crt_seh_guarded_call@H@@QAEH$$QAV<lambda_a7d5e04a8e766f2a135287cf7b01dfe7>@@AAV<lambda_e9ab68cc08dfd839979545c079379e6e>@@$$QAV<lambda_14e08a59e78d15c51edeee53d25fb3be>@@@Z 10068b28     libucrtd:commit.obj
 0002:00016b48       __sehtable$__write         10068b48     libucrtd:write.obj
 0002:00016b68       __sehtable$___acrt_update_thread_locale_data 10068b68     libucrtd:locale_refcounting.obj
 0002:00016b88       __sehtable$___acrt_lowio_ensure_fh_exists 10068b88     libucrtd:osfinfo.obj
 0002:00016ba4       __unwindtable$?_wcstombs_l_helper@@YAIPADPB_WIPAU__crt_locale_pointers@@@Z 10068ba4     libucrtd:wcstombs.obj
 0002:00016bac       __ehfuncinfo$?_wcstombs_l_helper@@YAIPADPB_WIPAU__crt_locale_pointers@@@Z 10068bac     libucrtd:wcstombs.obj
 0002:00016bd0       __sehtable$_fclose         10068bd0     libucrtd:fclose.obj
 0002:00016bf0       __sehtable$??$common_lseek@_J@@YA_JH_JH@Z 10068bf0     libucrtd:lseek.obj
 0002:00016c10       __sehtable$??$?RV<lambda_4d8dda1ac129e11742d77ae5e3bbda74>@@AAV<lambda_a8f98972ebaa5f7148d35bffe53bd70d>@@V<lambda_5193b64c98d743723bd5dcf162a72339>@@@?$__crt_seh_guarded_call@H@@QAEH$$QAV<lambda_4d8dda1ac129e11742d77ae5e3bbda74>@@AAV<lambda_a8f98972ebaa5f7148d35bffe53bd70d>@@$$QAV<lambda_5193b64c98d743723bd5dcf162a72339>@@@Z 10068c10     libucrtd:close.obj
 0002:00016c30       __sehtable$__IsNonwritableInCurrentImage 10068c30     LIBCMTD:pesect.obj
 0002:00016c50       __sehtable$___FrameUnwindToState 10068c50     libvcruntimed:frame.obj
 0002:00016c78       __sehtable$?CallCatchBlock@@YAPAXPAUEHExceptionRecord@@PAUEHRegistrationNode@@PAU_CONTEXT@@PBU_s_FuncInfo@@PAXHK@Z 10068c78     libvcruntimed:frame.obj
 0002:00016ca0       __sehtable$___BuildCatchObject 10068ca0     libvcruntimed:frame.obj
 0002:00016cc0       __sehtable$___DestructExceptionObject 10068cc0     libvcruntimed:frame.obj
 0002:00016cdc       __catchsym$?CallUnexpected@@YAXPBU_s_ESTypeList@@@Z$2 10068cdc     libvcruntimed:frame.obj
 0002:00016cec       __unwindtable$?CallUnexpected@@YAXPBU_s_ESTypeList@@@Z 10068cec     libvcruntimed:frame.obj
 0002:00016cfc       __tryblocktable$?CallUnexpected@@YAXPBU_s_ESTypeList@@@Z 10068cfc     libvcruntimed:frame.obj
 0002:00016d10       __ehfuncinfo$?CallUnexpected@@YAXPBU_s_ESTypeList@@@Z 10068d10     libvcruntimed:frame.obj
 0002:00016d38       __sehtable$___BuildCatchObjectHelper 10068d38     libvcruntimed:frame.obj
 0002:00016db0       .edata                     10068db0     app.exp
 0002:00016dd8       rgpv                       10068dd8     app.exp
 0002:00016de0       rgszName                   10068de0     app.exp
 0002:00016de8       rgwOrd                     10068de8     app.exp
 0002:00016dec       szName                     10068dec     app.exp
 0002:00016df4       $N00001                    10068df4     app.exp
 0002:00016e07       $N00002                    10068e07     app.exp
 0002:0001703e       .idata$6                   1006903e     OpenGL32:OPENGL32.dll
 0002:0001717a       .idata$6                   1006917a     kernel32:KERNEL32.dll
 0002:00017590       .idata$6                   10069590     advapi32:ADVAPI32.dll
 0003:00000000       ?RandomNumberTable@@3PAIA  1006a000     app.obj
 0003:00004020       ?_Tlg_Microsoft_CRTProviderProv@@3U_TlgProvider_t@__vcrt_trace_logging_provider@@A 1006e020     libvcruntimed:telemetry.obj
 0003:00004060       ?__vcrt_flsindex@@3KA      1006e060     libvcruntimed:per_thread_data.obj
 0003:00004080       ___acrt_current_request_number 1006e080     libucrtd:debug_heap.obj
 0003:00004094       _errno_no_memory           1006e094     libucrtd:errno.obj
 0003:00004098       _doserrno_no_memory        1006e098     libucrtd:errno.obj
 0003:00004150       ___acrt_flsindex           1006e150     libucrtd:per_thread_data.obj
 0003:00004158       __mbctypes                 1006e158     libucrtd:mbctype.obj
 0003:00004260       __mbcasemaps               1006e260     libucrtd:mbctype.obj
 0003:00004360       ___rgctypeflag             1006e360     libucrtd:mbctype.obj
 0003:00004368       ___rgcode_page_info        1006e368     libucrtd:mbctype.obj
 0003:00004770       ___acrt_debug_fill_threshold 1006e770     libucrtd:debug_fill_threshold.obj
 0003:00004868       ?Platform@@3Uplatform_api@@A 1006e868     app.obj
 0003:0000488c       ?__proc_attached@@3HA      1006e88c     LIBCMTD:dll_dllmain.obj
 0003:00004890       _GS_ExceptionRecord        1006e890     LIBCMTD:gs_report.obj
 0003:000048e0       _GS_ContextRecord          1006e8e0     LIBCMTD:gs_report.obj
 0003:00004bbc       ?module_local_atexit_table@@3U_onexit_table_t@@A 1006ebbc     LIBCMTD:utility.obj
 0003:00004bc8       ?module_local_at_quick_exit_table@@3U_onexit_table_t@@A 1006ebc8     LIBCMTD:utility.obj
 0003:00004bd4       ?is_initialized_as_dll@@3_NA 1006ebd4     LIBCMTD:utility.obj
 0003:00004bf4       ?module_handles@@3PAPAUHINSTANCE__@@A 1006ebf4     libvcruntimed:winapi_downlevel.obj
 0003:00004c04       ?encoded_function_pointers@@3PAPAXA 1006ec04     libvcruntimed:winapi_downlevel.obj
 0003:00004c28       ?__vcrt_startup_thread_ptd@@3U__vcrt_ptd@@A 1006ec28     libvcruntimed:per_thread_data.obj
 0003:00004c50       ___vcrt_lock_table         1006ec50     libvcruntimed:locks.obj
 0003:00004c68       ___vcrt_locks_initialized  1006ec68     libvcruntimed:locks.obj
 0003:00004c98       ?heap@@3V_HeapManager@@A   1006ec98     libvcruntimed:undname.obj
 0003:00004cac       _c_termination_complete    1006ecac     libucrtd:exit.obj
 0003:00004cb0       _thread_local_exit_callback_func 1006ecb0     libucrtd:exit.obj
 0003:00004cb4       ?c_exit_complete@?5??common_exit@@YAXHW4_crt_exit_cleanup_mode@@W4_crt_exit_return_mode@@@Z@4_NA 1006ecb4     libucrtd:exit.obj
 0003:00004ce0       ___acrt_first_block        1006ece0     libucrtd:debug_heap.obj
 0003:00004ce4       ___acrt_last_block         1006ece4     libucrtd:debug_heap.obj
 0003:00004ce8       ___acrt_total_allocations  1006ece8     libucrtd:debug_heap.obj
 0003:00004cec       ___acrt_current_allocations 1006ecec     libucrtd:debug_heap.obj
 0003:00004cf0       ___acrt_max_allocations    1006ecf0     libucrtd:debug_heap.obj
 0003:00004cf4       ___acrt_check_frequency    1006ecf4     libucrtd:debug_heap.obj
 0003:00004cf8       ___acrt_check_counter      1006ecf8     libucrtd:debug_heap.obj
 0003:00004d00       _heap_validation_pending   1006ed00     libucrtd:debug_heap.obj
 0003:00004d04       ___acrt_invalid_parameter_handler 1006ed04     libucrtd:invalid_parameter.obj
 0003:00004d08       ___acrt_app_type           1006ed08     libucrtd:report_runtime_error.obj
 0003:00004d10       ?outmsg@?9??__acrt_report_runtime_error@@9@4PA_WA 1006ed10     libucrtd:report_runtime_error.obj
 0003:00005338       ___acrt_error_mode         1006f338     libucrtd:set_error_mode.obj
 0003:00005348       _ctrlc_action              1006f348     libucrtd:signal.obj
 0003:0000534c       _ctrlbreak_action          1006f34c     libucrtd:signal.obj
 0003:00005350       _abort_action              1006f350     libucrtd:signal.obj
 0003:00005354       _term_action               1006f354     libucrtd:signal.obj
 0003:00005358       __pmatherr_set             1006f358     libucrtd:libm_error.obj
 0003:0000535c       _user_matherr              1006f35c     libucrtd:matherr.obj
 0003:00005360       ___acrt_lock_table         1006f360     libucrtd:locks.obj
 0003:00005498       ___acrt_locks_initialized  1006f498     libucrtd:locks.obj
 0003:000054a0       _module_handles            1006f4a0     libucrtd:winapi_thunks.obj
 0003:000054f0       _encoded_function_pointers 1006f4f0     libucrtd:winapi_thunks.obj
 0003:0000556c       ?state_cache@?1??__acrt_is_packaged_app@@9@4JA 1006f56c     libucrtd:winapi_thunks.obj
 0003:0000557c       _fSystemSet                1006f57c     libucrtd:mbctype.obj
 0003:00005580       ?initialized@?1??__acrt_initialize_multibyte@@9@4_NA 1006f580     libucrtd:mbctype.obj
 0003:0000579c       ___acrt_new_handler        1006f79c     libucrtd:new_handler.obj
 0003:000057ac       ___acrt_global_new_mode    1006f7ac     libucrtd:new_mode.obj
 0003:000057c0       _enable_percent_n          1006f7c0     libucrtd:printf_count_output.obj
 0004:00000000       __guard_fids____dcrt_uninitialize_environments_nolock 10070000     libucrtd:environment_initialization.obj
 0004:00000008       __guard_fids__             10070008     libucrtd:initialization.obj
 0004:00000068       __guard_fids_??$common_show_message_box@_W@@YAHQB_W0I@Z 10070068     libucrtd:crtmbox.obj
 0004:0000006c       __guard_fids____libm_error_support 1007006c     libucrtd:libm_error.obj
 0004:00000070       __guard_fids____acrt_initialize_ptd 10070070     libucrtd:per_thread_data.obj
 0004:00000074       __guard_fids__             10070074     libucrtd:debug_heap_hook.obj
 0004:00000078       __guard_fids__             10070078     libucrtd:stdio_initializer.obj
 0004:0000007c       __guard_fids__             1007007c     libucrtd:stdio_initializer.obj
 0004:00000080       __guard_fids__             10070080     libucrtd:sse2_initializer.obj
 0004:00000084       __guard_fids__             10070084     libucrtd:multibyte_initializer.obj
 0004:00000088       __guard_fids__             10070088     libucrtd:locale_initializer.obj
 0004:0000008c       __guard_fids__             1007008c     libucrtd:console_output_initializer.obj
 0004:00000090       __guard_fids_?dllmain_crt_process_attach@@YAHQAUHINSTANCE__@@QAX@Z 10070090     LIBCMTD:dll_dllmain.obj
 0004:00000098       __guard_fids_?dllmain_dispatch@@YAHQAUHINSTANCE__@@KQAX@Z 10070098     LIBCMTD:dll_dllmain.obj
 0004:0000009c       __guard_fids__             1007009c     LIBCMTD:guard_support.obj
 0004:000000a0       __guard_fids___guard_icall_checks_enforced 100700a0     LIBCMTD:guard_support.obj
 0004:000000a4       __guard_fids__             100700a4     libvcruntimed:telemetry.obj
 0004:000000a8       __guard_fids_?TraceLoggingRegister@__vcrt_trace_logging_provider@@YAJPBU_TlgProvider_t@1@PBU_GUID@@P6GX1KE_K2PAU_EVENT_FILTER_DESCRIPTOR@@PAX@Z4@Z 100700a8     libvcruntimed:telemetry.obj
 0004:000000ac       __guard_fids____vcrt_initialize_ptd 100700ac     libvcruntimed:per_thread_data.obj
 0004:000000b0       __guard_fids__             100700b0     LIBCMTD:std_type_info_static.obj
 0004:000000b4       __guard_fids__             100700b4     libvcruntimed:frame.obj
 0004:000000b8       __guard_fids__             100700b8     libvcruntimed:frame.obj
 0004:000000c0       __guard_fids__             100700c0     libvcruntimed:frame.obj
 0004:000000c8       __guard_fids__             100700c8     libvcruntimed:frame.obj
 0004:000000cc       __guard_fids__             100700cc     libvcruntimed:frame.obj
 0004:000000d0       __guard_fids__             100700d0     libvcruntimed:frame.obj
