 app

 Timestamp is 6005b900 (Mon Jan 18 17:36:16 2021)

 Preferred load address is 0000000180000000

 Start         Length     Name                   Class
 0001:00000000 00000627H .text                   CODE
 0001:00000630 000600aaH .text$mn                CODE
 0001:000606e0 00000012H .text$mn$00             CODE
 0001:00060700 00000709H .text$x                 CODE
 0002:00000000 000002b0H .idata$5                DATA
 0002:000002b0 00000010H .00cfg                  DATA
 0002:000002c0 00000008H .CRT$XCA                DATA
 0002:000002c8 00000008H .CRT$XCZ                DATA
 0002:000002d0 00000008H .CRT$XIA                DATA
 0002:000002d8 00000018H .CRT$XIC                DATA
 0002:000002f0 00000008H .CRT$XIZ                DATA
 0002:000002f8 00000008H .CRT$XPA                DATA
 0002:00000300 00000010H .CRT$XPX                DATA
 0002:00000310 00000008H .CRT$XPXA               DATA
 0002:00000318 00000008H .CRT$XPZ                DATA
 0002:00000320 00000008H .CRT$XTA                DATA
 0002:00000328 00000008H .CRT$XTZ                DATA
 0002:00000330 000160d4H .rdata                  DATA
 0002:00016408 0000016cH .rdata$r                DATA
 0002:00016578 00000010H .rdata$zETW0            DATA
 0002:00016588 00000077H .rdata$zETW1            DATA
 0002:000165ff 0000002cH .rdata$zETW2            DATA
 0002:0001662b 00000001H .rdata$zETW9            DATA
 0002:0001662c 00000374H .rdata$zzzdbg           DATA
 0002:000169a0 00000008H .rtc$IAA                DATA
 0002:000169a8 00000008H .rtc$IZZ                DATA
 0002:000169b0 00000008H .rtc$TAA                DATA
 0002:000169b8 00000008H .rtc$TZZ                DATA
 0002:000169c0 00001aa4H .xdata                  DATA
 0002:00018468 00000084H .xdata$x                DATA
 0002:000184f0 0000006aH .edata                  DATA
 0002:0001855c 0000003cH .idata$2                DATA
 0002:00018598 00000014H .idata$3                DATA
 0002:000185b0 000002b0H .idata$4                DATA
 0002:00018860 0000062eH .idata$6                DATA
 0003:00000000 000049d0H .data                   DATA
 0003:000049d0 0000006cH .data$r                 DATA
 0003:00004a40 00001778H .bss                    DATA
 0004:00000000 00003984H .pdata                  DATA
 0005:00000000 00000084H .gfids$x                DATA
 0005:00000084 0000003cH .gfids$y                DATA

  Address         Publics by Value              Rva+Base               Lib:Object

 0000:00000000       __guard_iat_table          0000000000000000     <absolute>
 0000:00000000       __guard_iat_count          0000000000000000     <absolute>
 0000:00000000       __guard_fids_count         0000000000000000     <absolute>
 0000:00000000       ___safe_se_handler_table   0000000000000000     <absolute>
 0000:00000000       __guard_longjmp_table      0000000000000000     <absolute>
 0000:00000000       __guard_longjmp_count      0000000000000000     <absolute>
 0000:00000000       ___safe_se_handler_count   0000000000000000     <absolute>
 0000:00000000       __guard_fids_table         0000000000000000     <absolute>
 0000:00000100       __guard_flags              0000000000000100     <absolute>
 0000:00000000       __ImageBase                0000000180000000     <linker-defined>
 0001:00000000       ?TraceLoggingRegister@__vcrt_trace_logging_provider@@YAJPEBU_TlgProvider_t@1@PEBU_GUID@@P6AX1KE_K2PEAU_EVENT_FILTER_DESCRIPTOR@@PEAX@Z4@Z 0000000180001000 f i libvcruntimed:telemetry.obj
 0001:000000f0       ?TraceLoggingSetInformation@__vcrt_trace_logging_provider@@YAJPEBU_TlgProvider_t@1@W4_EVENT_INFO_CLASS@@PEAXK@Z 00000001800010f0 f i libvcruntimed:telemetry.obj
 0001:00000140       ?TraceLoggingUnregister@__vcrt_trace_logging_provider@@YAXPEBU_TlgProvider_t@1@@Z 0000000180001140 f i libvcruntimed:telemetry.obj
 0001:00000170       ?_TlgCreateSz@__vcrt_trace_logging_provider@@YAXPEAU_EVENT_DATA_DESCRIPTOR@@PEBD@Z 0000000180001170 f i libvcruntimed:telemetry.obj
 0001:000001e0       ?_TlgCreateWsz@__vcrt_trace_logging_provider@@YAXPEAU_EVENT_DATA_DESCRIPTOR@@PEB_W@Z 00000001800011e0 f i libvcruntimed:telemetry.obj
 0001:00000250       ?_TlgEnableCallback@__vcrt_trace_logging_provider@@YAXPEBU_GUID@@KE_K1PEAU_EVENT_FILTER_DESCRIPTOR@@PEAX@Z 0000000180001250 f i libvcruntimed:telemetry.obj
 0001:00000370       ?_TlgKeywordOn@__vcrt_trace_logging_provider@@YAEPEBU_TlgProvider_t@1@_K@Z 0000000180001370 f i libvcruntimed:telemetry.obj
 0001:000003e0       ?_TlgWrite@__vcrt_trace_logging_provider@@YAJPEBU_TlgProvider_t@1@PEFBXPEBU_GUID@@2IPEAU_EVENT_DATA_DESCRIPTOR@@@Z 00000001800013e0 f i libvcruntimed:telemetry.obj
 0001:00000630       WinMain                    0000000180001630 f   app.obj
 0001:00000d50       ?HashString@@YA?AUhash_string_result@@PEAD@Z 0000000180001d50 f   app.obj
 0001:00001a30       stbtt_BakeFontBitmap       0000000180002a30 f   app.obj
 0001:00001ab0       stbtt_GetBakedQuad         0000000180002ab0 f   app.obj
 0001:00001ce0       stbtt_GetScaledFontVMetrics 0000000180002ce0 f   app.obj
 0001:00001df0       stbtt_PackBegin            0000000180002df0 f   app.obj
 0001:00001fa0       stbtt_PackEnd              0000000180002fa0 f   app.obj
 0001:00001fd0       stbtt_PackFontRange        0000000180002fd0 f   app.obj
 0001:00002060       stbtt_PackFontRanges       0000000180003060 f   app.obj
 0001:000022c0       stbtt_PackSetOversampling  00000001800032c0 f   app.obj
 0001:00002350       stbtt_PackSetSkipMissingCodepoints 0000000180003350 f   app.obj
 0001:00002370       stbtt_GetPackedQuad        0000000180003370 f   app.obj
 0001:000025f0       stbtt_PackFontRangesGatherRects 00000001800035f0 f   app.obj
 0001:00002940       stbtt_PackFontRangesPackRects 0000000180003940 f   app.obj
 0001:00002980       stbtt_PackFontRangesRenderIntoRects 0000000180003980 f   app.obj
 0001:00003180       stbtt_GetNumberOfFonts     0000000180004180 f   app.obj
 0001:000031a0       stbtt_GetFontOffsetForIndex 00000001800041a0 f   app.obj
 0001:000031d0       stbtt_InitFont             00000001800041d0 f   app.obj
 0001:00003210       stbtt_FindGlyphIndex       0000000180004210 f   app.obj
 0001:00003830       stbtt_ScaleForPixelHeight  0000000180004830 f   app.obj
 0001:000038b0       stbtt_ScaleForMappingEmToPixels 00000001800048b0 f   app.obj
 0001:00003910       stbtt_GetFontVMetrics      0000000180004910 f   app.obj
 0001:000039c0       stbtt_GetFontVMetricsOS2   00000001800049c0 f   app.obj
 0001:00003aa0       stbtt_GetFontBoundingBox   0000000180004aa0 f   app.obj
 0001:00003b60       stbtt_GetCodepointHMetrics 0000000180004b60 f   app.obj
 0001:00003bb0       stbtt_GetCodepointKernAdvance 0000000180004bb0 f   app.obj
 0001:00003c20       stbtt_GetCodepointBox      0000000180004c20 f   app.obj
 0001:00003c80       stbtt_GetGlyphHMetrics     0000000180004c80 f   app.obj
 0001:00003df0       stbtt_GetGlyphKernAdvance  0000000180004df0 f   app.obj
 0001:00003e70       stbtt_GetGlyphBox          0000000180004e70 f   app.obj
 0001:00003fa0       stbtt_GetKerningTableLength 0000000180004fa0 f   app.obj
 0001:00004030       stbtt_GetKerningTable      0000000180005030 f   app.obj
 0001:000041a0       stbtt_IsGlyphEmpty         00000001800051a0 f   app.obj
 0001:00004260       stbtt_GetCodepointShape    0000000180005260 f   app.obj
 0001:000042a0       stbtt_GetGlyphShape        00000001800052a0 f   app.obj
 0001:00004300       stbtt_FreeShape            0000000180005300 f   app.obj
 0001:00004330       stbtt_GetCodepointSVG      0000000180005330 f   app.obj
 0001:00004370       stbtt_GetGlyphSVG          0000000180005370 f   app.obj
 0001:00004420       stbtt_FreeBitmap           0000000180005420 f   app.obj
 0001:00004450       stbtt_GetCodepointBitmap   0000000180005450 f   app.obj
 0001:000044e0       stbtt_GetCodepointBitmapSubpixel 00000001800054e0 f   app.obj
 0001:00004580       stbtt_MakeCodepointBitmap  0000000180005580 f   app.obj
 0001:00004610       stbtt_MakeCodepointBitmapSubpixel 0000000180005610 f   app.obj
 0001:000046b0       stbtt_MakeCodepointBitmapSubpixelPrefilter 00000001800056b0 f   app.obj
 0001:00004790       stbtt_GetCodepointBitmapBox 0000000180005790 f   app.obj
 0001:00004820       stbtt_GetCodepointBitmapBoxSubpixel 0000000180005820 f   app.obj
 0001:000048c0       stbtt_GetGlyphBitmap       00000001800058c0 f   app.obj
 0001:00004950       stbtt_GetGlyphBitmapSubpixel 0000000180005950 f   app.obj
 0001:00004c10       stbtt_MakeGlyphBitmap      0000000180005c10 f   app.obj
 0001:00004ca0       stbtt_MakeGlyphBitmapSubpixel 0000000180005ca0 f   app.obj
 0001:00004e30       stbtt_MakeGlyphBitmapSubpixelPrefilter 0000000180005e30 f   app.obj
 0001:00004f70       stbtt_GetGlyphBitmapBox    0000000180005f70 f   app.obj
 0001:00005000       stbtt_GetGlyphBitmapBoxSubpixel 0000000180006000 f   app.obj
 0001:000051b0       stbtt_Rasterize            00000001800061b0 f   app.obj
 0001:00005320       stbtt_FreeSDF              0000000180006320 f   app.obj
 0001:00005350       stbtt_GetGlyphSDF          0000000180006350 f   app.obj
 0001:00006bf0       stbtt_GetCodepointSDF      0000000180007bf0 f   app.obj
 0001:00006c90       stbtt_FindMatchingFont     0000000180007c90 f   app.obj
 0001:00006cd0       stbtt_CompareUTF8toUTF16_bigendian 0000000180007cd0 f   app.obj
 0001:00006d10       stbtt_GetFontNameString    0000000180007d10 f   app.obj
 0001:0000cfc0       ?stbtt_FindSVGDoc@@YAPEAEPEBUstbtt_fontinfo@@H@Z 000000018000dfc0 f   app.obj
 0001:00017b10       ?MakeGroundedTreeCollisionVolume@@YAPEAUentity_collision_volume_group@@PEAUmemory_arena@@@Z 0000000180018b10 f   app.obj
 0001:0001ef80       AppUpdateAndRender         000000018001ff80 f   app.obj
 0001:00022610       AppGetSoundSamples         0000000180023610 f   app.obj
 0001:000226f0       ??D@YA?AUv2@@MU0@@Z        00000001800236f0 f i app.obj
 0001:00022730       ??D@YA?AUv2@@U0@0@Z        0000000180023730 f i app.obj
 0001:00022770       ??D@YA?AUv2@@U0@M@Z        0000000180023770 f i app.obj
 0001:000227b0       ??D@YA?AUv3@@MU0@@Z        00000001800237b0 f i app.obj
 0001:00022850       ??D@YA?AUv3@@U0@M@Z        0000000180023850 f i app.obj
 0001:000228f0       ??G@YA?AUv2@@U0@0@Z        00000001800238f0 f i app.obj
 0001:00022930       ??G@YA?AUv3@@U0@0@Z        0000000180023930 f i app.obj
 0001:000229d0       ??G@YA?AUv3@@U0@@Z         00000001800239d0 f i app.obj
 0001:00022a60       ??H@YA?AUv2@@U0@0@Z        0000000180023a60 f i app.obj
 0001:00022aa0       ??H@YA?AUv3@@U0@0@Z        0000000180023aa0 f i app.obj
 0001:00022b40       ??X@YAAEAUv2@@AEAU0@M@Z    0000000180023b40 f i app.obj
 0001:00022b80       ??X@YAAEAUv3@@AEAU0@M@Z    0000000180023b80 f i app.obj
 0001:00022c20       ??Y@YAAEAUv3@@AEAU0@U0@@Z  0000000180023c20 f i app.obj
 0001:00022cd0       ??Z@YAAEAUv3@@AEAU0@U0@@Z  0000000180023cd0 f i app.obj
 0001:00022d80       ?AcquireTexture@@YA?AUloaded_texture@@PEAUapp_state@@PEAD@Z 0000000180023d80 f i app.obj
 0001:00022e10       ?AddPlayerDelayedAttack@@YAXPEAUapp_state@@MUv2@@@Z 0000000180023e10 f i app.obj
 0001:00022ec0       ?AddPlayerDelayedCast@@YAXPEAUapp_state@@MUv2@@@Z 0000000180023ec0 f i app.obj
 0001:00022f70       ?AddPlayerDelayedMove@@YAXPEAUapp_state@@MUv2@@@Z 0000000180023f70 f i app.obj
 0001:00023020       ?AllocateSize@@YAPEAXPEAUmemory_arena@@_K1@Z 0000000180024020 f i app.obj
 0001:000230d0       ?AtomicCompareExchangeU32@@YAIPECIII@Z 00000001800240d0 f i app.obj
 0001:00023110       ?BeginBatch@@YAXPEAUrender_context@@IMUrender_program@@@Z 0000000180024110 f i app.obj
 0001:000231f0       ?BeginContainer@@YAXPEAUui_context@@MMMM@Z 00000001800241f0 f i app.obj
 0001:000232d0       ?BeginTemporaryMemory@@YA?AUtemporary_memory@@PEAUmemory_arena@@@Z 00000001800242d0 f i app.obj
 0001:00023330       ?CanCollide@@YAHPEAUapp_state@@W4entity_type@@1@Z 0000000180024330 f i app.obj
 0001:00023370       ?CannonicalizePosition@@YA?AUcannonical_position@@Uv3@@III@Z 0000000180024370 f i app.obj
 0001:000234a0       ?CeilFloatToUInt32@@YAIM@Z 00000001800244a0 f i app.obj
 0001:000234d0       ?CenterCamera@@YA?AUv3@@U1@MMMMII@Z 00000001800244d0 f i app.obj
 0001:000236b0       ?ClipRectangle@@YA?AUv4@@MMMMMMMM@Z 00000001800246b0 f i app.obj
 0001:00023810       ?DoAnimation@@YA?AUv4@@PEAUanimation_state@@IIIIMMPEAUanimation_set@@W4animation_type@@W4animation_direction@@@Z 0000000180024810 f i app.obj
 0001:000239d0       ?DotProduct@@YAMUv3@@0@Z   00000001800249d0 f i app.obj
 0001:00023a30       ?EndBatch@@YAXPEAUrender_context@@@Z 0000000180024a30 f i app.obj
 0001:00023a60       ?EndContainer@@YAXPEAUui_context@@@Z 0000000180024a60 f i app.obj
 0001:00023af0       ?EndTemporaryMemory@@YAXUtemporary_memory@@@Z 0000000180024af0 f i app.obj
 0001:00023ba0       ?GetAlignmentOffset@@YA_KPEAUmemory_arena@@_K@Z 0000000180024ba0 f i app.obj
 0001:00023c20       ?GetAnimation@@YAPEAUanimation_slot@@PEAUanimation_set@@W4animation_type@@W4animation_direction@@@Z 0000000180024c20 f i app.obj
 0001:00023c60       ?GetAsset@@YAPEAUasset@@PEAUassets@@Uasset_id@@@Z 0000000180024c60 f i app.obj
 0001:00023d00       ?GetAssetInfo@@YAPEAUzas_asset_info@@PEAUassets@@Uasset_id@@@Z 0000000180024d00 f i app.obj
 0001:00023da0       ?GetTexture@@YAPEAUloaded_texture@@PEAUassets@@PEAUapp_state@@Uasset_id@@@Z 0000000180024da0 f i app.obj
 0001:00023da0       ?GetAudio@@YAPEAUloaded_audio@@PEAUassets@@PEAUapp_state@@Uasset_id@@@Z 0000000180024da0 f i app.obj
 0001:00023e20       ?GetChunk@@YAPEAUworld_chunk@@PEAUworld@@III@Z 0000000180024e20 f i app.obj
 0001:00023eb0       ?GetChunksFromEntity@@YAXPEAUworld@@PEAUworld_entity@@PEAI22222@Z 0000000180024eb0 f i app.obj
 0001:00024060       ?GetController@@YAPEAUapp_controller_input@@PEAUapp_input@@H@Z 0000000180025060 f i app.obj
 0001:000240b0       ?GetTextureUvsFromIndex@@YA?AUv4@@IIIII@Z 00000001800250b0 f i app.obj
 0001:00024200       ?GetTotalVolume@@YA?AUentity_collision_volume@@PEAU1@I@Z 0000000180025200 f i app.obj
 0001:00024550       ?InitializeArena@@YAXPEAUmemory_arena@@PEA_K_K@Z 0000000180025550 f i app.obj
 0001:000245a0       ?IsAnimationFinished@@YAHPEAUanimation_set@@PEAUanimation_state@@W4animation_type@@W4animation_direction@@@Z 00000001800255a0 f i app.obj
 0001:00024610       ?IsMouseOnRectangle@@YAHHHMMMM@Z 0000000180025610 f i app.obj
 0001:00024690       ?Length@@YAMUv3@@@Z        0000000180025690 f i app.obj
 0001:000246e0       ?LengthSq@@YAMUv3@@@Z      00000001800256e0 f i app.obj
 0001:00024740       ?MakeSimpleGroundedCollisionVolume@@YAPEAUentity_collision_volume_group@@PEAUmemory_arena@@Uv3@@@Z 0000000180025740 f i app.obj
 0001:00024860       ?Maximum3@@YA?AUv3@@U1@0@Z 0000000180025860 f i app.obj
 0001:00024980       ?Minimum3@@YA?AUv3@@U1@0@Z 0000000180025980 f i app.obj
 0001:00024aa0       ?NextRandomNumberU32@@YAIPEAUrandom_series@@@Z 0000000180025aa0 f i app.obj
 0001:00024af0       ?OrthoMatrix@@YA?AUmat4@@MMMMMM@Z 0000000180025af0 f i app.obj
 0001:00024cb0       ?RandomChoice@@YAIPEAUrandom_series@@I@Z 0000000180025cb0 f i app.obj
 0001:00024ce0       ?RectCenterHalfDims@@YA?AUrectangle2@@Uv2@@0@Z 0000000180025ce0 f i app.obj
 0001:00024d80       ?RectCenterHalfDims@@YA?AUrectangle3@@Uv3@@0@Z 0000000180025d80 f i app.obj
 0001:00024ed0       ?RectMinMax@@YA?AUrectangle3@@Uv3@@0@Z 0000000180025ed0 f i app.obj
 0001:00024f50       ?RectanglesIntersect@@YAHUrectangle2@@0@Z 0000000180025f50 f i app.obj
 0001:00024fd0       ?RectanglesIntersect@@YAHUrectangle3@@0@Z 0000000180025fd0 f i app.obj
 0001:00025080       ?RemoveEntity@@YAHPEAUworld@@PEAUworld_entity@@@Z 0000000180026080 f i app.obj
 0001:00025300       ?RenderProgramUse@@YAXPEAUrender_context@@PEAUrender_program@@@Z 0000000180026300 f i app.obj
 0001:000253e0       ?RenderText@@YAXPEAUrender_context@@MMMMUv4@@PEAUfont@@Urender_program@@PEADIIM@Z 00000001800263e0 f i app.obj
 0001:000255d0       ?RenderVertex@@YAXPEAUrender_context@@MMMI@Z 00000001800265d0 f i app.obj
 0001:00025670       ?RenderVertex@@YAXPEAUrender_context@@MMMIMM@Z 0000000180026670 f i app.obj
 0001:00025710       ?RoundFloatToI32@@YAHM@Z   0000000180026710 f i app.obj
 0001:00025740       ?RoundFloatToU32@@YAIM@Z   0000000180026740 f i app.obj
 0001:00025770       ?Seed@@YA?AUrandom_series@@I@Z 0000000180026770 f i app.obj
 0001:000257a0       ?SetCollision@@YAXPEAUapp_state@@W4entity_type@@1H@Z 00000001800267a0 f i app.obj
 0001:00025800       ?Sin@@YAMM@Z               0000000180026800 f i app.obj
 0001:00025830       ?Square@@YAMM@Z            0000000180026830 f i app.obj
 0001:00025860       ?SquareRoot@@YAMM@Z        0000000180026860 f i app.obj
 0001:00025890       ?SubArena@@YAXPEAUmemory_arena@@0_K1@Z 0000000180026890 f i app.obj
 0001:000258f0       ?UIContextGetCurrentContainer@@YAPEAUui_container@@PEAUui_context@@@Z 00000001800268f0 f i app.obj
 0001:00025930       ?UIContextInsertElement@@YAPEAUui_element@@PEAUui_context@@@Z 0000000180026930 f i app.obj
 0001:00025970       ?UIContextInsertElement@@YAPEAUui_element@@PEAUui_context@@W4ui_element_type@@MMUv4@@PEAUui_state@@MM@Z 0000000180026970 f i app.obj
 0001:00025a20       ?UIEnd@@YAXPEAUui_context@@@Z 0000000180026a20 f i app.obj
 0001:00025b40       ?UploadAudio@@YAXPEAUassets@@Uloaded_audio@@Uasset_id@@@Z 0000000180026b40 f i app.obj
 0001:00025b90       ?UploadTexture@@YAXPEAUassets@@Uloaded_texture@@Uasset_id@@@Z 0000000180026b90 f i app.obj
 0001:00025be0       ?V2@@YA?AUv2@@II@Z         0000000180026be0 f i app.obj
 0001:00025c20       ?V2@@YA?AUv2@@MM@Z         0000000180026c20 f i app.obj
 0001:00025c50       ?V3@@YA?AUv3@@III@Z        0000000180026c50 f i app.obj
 0001:00025cd0       ?V3@@YA?AUv3@@MMM@Z        0000000180026cd0 f i app.obj
 0001:00025d50       ?ZeroSize@@YAXPEAX_K@Z     0000000180026d50 f i app.obj
 0001:00025d70       __GSHandlerCheck           0000000180026d70 f   LIBCMTD:_gshandler_.obj
 0001:00025db0       __GSHandlerCheckCommon     0000000180026db0 f   LIBCMTD:_gshandler_.obj
 0001:00025ec0       __security_check_cookie    0000000180026ec0 f   LIBCMTD:_amdsecgs_.obj
 0001:000262f0       _DllMainCRTStartup         00000001800272f0 f   LIBCMTD:dll_dllmain.obj
 0001:00026330       __raise_securityfailure    0000000180027330 f   LIBCMTD:gs_report.obj
 0001:00026370       __report_gsfailure         0000000180027370 f   LIBCMTD:gs_report.obj
 0001:00026450       __report_rangecheckfailure 0000000180027450 f   LIBCMTD:gs_report.obj
 0001:00026470       __report_securityfailure   0000000180027470 f   LIBCMTD:gs_report.obj
 0001:00026670       ?__crt_rotate_pointer_value@@YA_K_KH@Z 0000000180027670 f i LIBCMTD:utility.obj
 0001:000267f0       NtCurrentTeb               00000001800277f0 f i LIBCMTD:utility.obj
 0001:00026800       __scrt_acquire_startup_lock 0000000180027800 f   LIBCMTD:utility.obj
 0001:00026870       __scrt_dllmain_after_initialize_c 0000000180027870 f   LIBCMTD:utility.obj
 0001:00026890       __scrt_dllmain_before_initialize_c 0000000180027890 f   LIBCMTD:utility.obj
 0001:000268b0       __scrt_dllmain_crt_thread_attach 00000001800278b0 f   LIBCMTD:utility.obj
 0001:000268e0       __scrt_dllmain_crt_thread_detach 00000001800278e0 f   LIBCMTD:utility.obj
 0001:00026900       __scrt_dllmain_exception_filter 0000000180027900 f   LIBCMTD:utility.obj
 0001:00026960       __scrt_dllmain_uninitialize_c 0000000180027960 f   LIBCMTD:utility.obj
 0001:00026990       __scrt_dllmain_uninitialize_critical 0000000180027990 f   LIBCMTD:utility.obj
 0001:000269b0       __scrt_initialize_crt      00000001800279b0 f   LIBCMTD:utility.obj
 0001:00026a00       __scrt_initialize_onexit_tables 0000000180027a00 f   LIBCMTD:utility.obj
 0001:00026b00       __scrt_is_nonwritable_in_current_image 0000000180027b00 f   LIBCMTD:utility.obj
 0001:00026b90       __scrt_release_startup_lock 0000000180027b90 f   LIBCMTD:utility.obj
 0001:00026bc0       __scrt_uninitialize_crt    0000000180027bc0 f   LIBCMTD:utility.obj
 0001:00026c00       _onexit                    0000000180027c00 f   LIBCMTD:utility.obj
 0001:00026c90       atexit                     0000000180027c90 f   LIBCMTD:utility.obj
 0001:00026cd0       __security_init_cookie     0000000180027cd0 f   LIBCMTD:gs_support.obj
 0001:00026df0       DllMain                    0000000180027df0 f   LIBCMTD:dll_dllmain_stub.obj
 0001:00026e10       ?__scrt_initialize_type_info@@YAXXZ 0000000180027e10 f   LIBCMTD:tncleanup.obj
 0001:00026e30       ?__scrt_uninitialize_type_info@@YAXXZ 0000000180027e30 f   LIBCMTD:tncleanup.obj
 0001:00026e50       __local_stdio_printf_options 0000000180027e50 f i LIBCMTD:default_local_stdio_options.obj
 0001:00026e60       __local_stdio_scanf_options 0000000180027e60 f i LIBCMTD:default_local_stdio_options.obj
 0001:00026e70       __scrt_initialize_default_local_stdio_options 0000000180027e70 f   LIBCMTD:default_local_stdio_options.obj
 0001:00026ec0       __scrt_get_dyn_tls_init_callback 0000000180027ec0 f   LIBCMTD:dyn_tls_init.obj
 0001:00026ed0       __crt_debugger_hook        0000000180027ed0 f   LIBCMTD:utility_desktop.obj
 0001:00026ee0       __scrt_fastfail            0000000180027ee0 f   LIBCMTD:utility_desktop.obj
 0001:00027080       _RTC_Initialize            0000000180028080 f   LIBCMTD:_initsect_.obj
 0001:000270d0       _RTC_Terminate             00000001800280d0 f   LIBCMTD:_initsect_.obj
 0001:00027120       _guard_check_icall         0000000180028120 f i LIBCMTD:checkcfg.obj
 0001:00027140       __isa_available_init       0000000180028140 f   LIBCMTD:_cpu_disp_.obj
 0001:000274c0       __scrt_is_ucrt_dll_in_use  00000001800284c0 f   LIBCMTD:ucrt_detection.obj
 0001:000274f0       _guard_icall_checks_enforced 00000001800284f0 f i LIBCMTD:guard_support.obj
 0001:00027520       IsProcessorFeaturePresent  0000000180028520 f   kernel32:KERNEL32.dll
 0001:00027540       memcmp                     0000000180028540 f   libvcruntimed:memcmp.obj
 0001:000276a0       EventDataDescCreate        00000001800286a0 f i libvcruntimed:telemetry.obj
 0001:000276e0       HRESULT_FROM_WIN32         00000001800286e0 f i libvcruntimed:telemetry.obj
 0001:00027720       __telemetry_main_invoke_trigger 0000000180028720 f   libvcruntimed:telemetry.obj
 0001:00027860       __telemetry_main_return_trigger 0000000180028860 f   libvcruntimed:telemetry.obj
 0001:000279a0       __vcrt_initialize_telemetry_provider 00000001800289a0 f   libvcruntimed:telemetry.obj
 0001:000279c0       __vcrt_uninitialize_telemetry_provider 00000001800289c0 f   libvcruntimed:telemetry.obj
 0001:000279e0       __C_specific_handler       00000001800289e0 f   libvcruntimed:_chandler_.obj
 0001:00027e10       __vcrt_initialize          0000000180028e10 f   libvcruntimed:initialization.obj
 0001:00027e60       __vcrt_thread_attach       0000000180028e60 f   libvcruntimed:initialization.obj
 0001:00027e80       __vcrt_thread_detach       0000000180028e80 f   libvcruntimed:initialization.obj
 0001:00027ea0       __vcrt_uninitialize        0000000180028ea0 f   libvcruntimed:initialization.obj
 0001:00027ed0       __vcrt_uninitialize_critical 0000000180028ed0 f   libvcruntimed:initialization.obj
 0001:00027ee0       ??B?$__crt_unique_heap_ptr@U__crt_lowio_handle_data@@U__crt_internal_free_policy@@@@QEBA_NXZ 0000000180028ee0 f i libucrtd:osfinfo.obj
 0001:00027ee0       ??B?$__crt_unique_heap_ptr@U__acrt_ptd@@U__crt_internal_free_policy@@@@QEBA_NXZ 0000000180028ee0 f i libucrtd:per_thread_data.obj
 0001:00027ee0       ??B?$__crt_unique_heap_ptr@DU__crt_public_free_policy@@@@QEBA_NXZ 0000000180028ee0 f i libvcruntimed:std_exception.obj
 0001:00027ee0       ??B?$__crt_unique_heap_ptr@DU__crt_internal_free_policy@@@@QEBA_NXZ 0000000180028ee0 f i libvcruntimed:std_type_info.obj
 0001:00027ee0       ??B?$__crt_unique_heap_ptr@U__crt_multibyte_data@@U__crt_internal_free_policy@@@@QEBA_NXZ 0000000180028ee0 f i libucrtd:mbctype.obj
 0001:00027ee0       ??B?$__crt_unique_heap_ptr@U__vcrt_ptd@@U__crt_internal_free_policy@@@@QEBA_NXZ 0000000180028ee0 f i libvcruntimed:per_thread_data.obj
 0001:00027f00       __std_type_info_compare    0000000180028f00 f   libvcruntimed:std_type_info.obj
 0001:00027f40       __std_type_info_destroy_list 0000000180028f40 f   libvcruntimed:std_type_info.obj
 0001:00027fa0       ??$?B$$A6AXPEAXK0@Z@__crt_fast_encoded_nullptr_t@@QEBAP6AXPEAXK0@ZXZ 0000000180028fa0 f i libucrtd:exit.obj
 0001:00027fa0       ??$?B$$A6AXXZ@__crt_fast_encoded_nullptr_t@@QEBAP6AXXZXZ 0000000180028fa0 f i libvcruntimed:purevirt_data.obj
 0001:00027fa0       ??$?B$$A6AXH@Z@__crt_fast_encoded_nullptr_t@@QEBAP6AXH@ZXZ 0000000180028fa0 f i libucrtd:signal.obj
 0001:00027fa0       ??$?BP6AXXZ@__crt_fast_encoded_nullptr_t@@QEBAPEAP6AXXZXZ 0000000180028fa0 f i libucrtd:onexit.obj
 0001:00027fa0       ??$?BX@__crt_fast_encoded_nullptr_t@@QEBAPEAXXZ 0000000180028fa0 f i libvcruntimed:winapi_downlevel.obj
 0001:00027fc0       ??$__crt_interlocked_compare_exchange_pointer@X$$T$$T@@YAPEAXPEDSEAX$$T1@Z 0000000180028fc0 f i libvcruntimed:winapi_downlevel.obj
 0001:00027fc0       ??$__crt_interlocked_compare_exchange_pointer@UHINSTANCE__@@$$T$$T@@YAPEAUHINSTANCE__@@PEDSEAU0@$$T1@Z 0000000180028fc0 f i libvcruntimed:winapi_downlevel.obj
 0001:00028000       ??$__crt_interlocked_exchange_pointer@XPEAX@@YAPEAXPEDSEAXQEAX@Z 0000000180029000 f i libvcruntimed:winapi_downlevel.obj
 0001:00028000       ??$__crt_interlocked_exchange_pointer@UHINSTANCE__@@PEAX@@YAPEAUHINSTANCE__@@PEDSEAU0@QEAX@Z 0000000180029000 f i libvcruntimed:winapi_downlevel.obj
 0001:00028000       ??$__crt_interlocked_exchange_pointer@UHINSTANCE__@@PEAU1@@@YAPEAUHINSTANCE__@@PEDSEAU0@QEAU0@@Z 0000000180029000 f i libvcruntimed:winapi_downlevel.obj
 0001:00028020       ??$__crt_interlocked_read_pointer@X@@YAPEAXPEDSEAX@Z 0000000180029020 f i libvcruntimed:winapi_downlevel.obj
 0001:00028020       ??$__crt_interlocked_read_pointer@UHINSTANCE__@@@@YAPEAUHINSTANCE__@@PEDSEAU0@@Z 0000000180029020 f i libvcruntimed:winapi_downlevel.obj
 0001:00028040       ?__crt_fast_encode_pointer@@YA?AU__crt_fast_encoded_nullptr_t@@$$T@Z 0000000180029040 f i libvcruntimed:winapi_downlevel.obj
 0001:000285c0       __vcrt_EventRegister       00000001800295c0 f   libvcruntimed:winapi_downlevel.obj
 0001:00028630       __vcrt_EventSetInformation 0000000180029630 f   libvcruntimed:winapi_downlevel.obj
 0001:00028690       __vcrt_EventUnregister     0000000180029690 f   libvcruntimed:winapi_downlevel.obj
 0001:000286e0       __vcrt_EventWriteTransfer  00000001800296e0 f   libvcruntimed:winapi_downlevel.obj
 0001:00028760       __vcrt_FlsAlloc            0000000180029760 f   libvcruntimed:winapi_downlevel.obj
 0001:000287b0       __vcrt_FlsFree             00000001800297b0 f   libvcruntimed:winapi_downlevel.obj
 0001:00028800       __vcrt_FlsGetValue         0000000180029800 f   libvcruntimed:winapi_downlevel.obj
 0001:00028850       __vcrt_FlsSetValue         0000000180029850 f   libvcruntimed:winapi_downlevel.obj
 0001:000288b0       __vcrt_InitializeCriticalSectionEx 00000001800298b0 f   libvcruntimed:winapi_downlevel.obj
 0001:00028910       __vcrt_initialize_winapi_thunks 0000000180029910 f   libvcruntimed:winapi_downlevel.obj
 0001:00028990       __vcrt_uninitialize_winapi_thunks 0000000180029990 f   libvcruntimed:winapi_downlevel.obj
 0001:00028a40       _local_unwind              0000000180029a40 f   libvcruntimed:_jmpuwind_.obj
 0001:00028a70       _NLG_Notify                0000000180029a70 f   libvcruntimed:_jmpuwind_.obj
 0001:00028a90       __NLG_Dispatch2            0000000180029a90 f   libvcruntimed:_jmpuwind_.obj
 0001:00028aa0       __NLG_Return2              0000000180029aa0 f   libvcruntimed:_jmpuwind_.obj
 0001:00028ab0       __except_validate_context_record 0000000180029ab0 f   libvcruntimed:jbcxrval.obj
 0001:00028b10       ??$?RP6AXXZ@__crt_internal_free_policy@@QEBAXQEBQ6AXXZ@Z 0000000180029b10 f i libucrtd:onexit.obj
 0001:00028b10       ??$?RU__vcrt_ptd@@@__crt_internal_free_policy@@QEBAXQEBU__vcrt_ptd@@@Z 0000000180029b10 f i libvcruntimed:per_thread_data.obj
 0001:00028b10       ??$?RU__crt_multibyte_data@@@__crt_internal_free_policy@@QEBAXQEBU__crt_multibyte_data@@@Z 0000000180029b10 f i libucrtd:mbctype.obj
 0001:00028b10       ??$?RD@__crt_internal_free_policy@@QEBAXQEBD@Z 0000000180029b10 f i libvcruntimed:std_type_info.obj
 0001:00028b10       ??$?RU__crt_lowio_handle_data@@@__crt_internal_free_policy@@QEBAXQEBU__crt_lowio_handle_data@@@Z 0000000180029b10 f i libucrtd:osfinfo.obj
 0001:00028b10       ??$?RPEAU__crt_stdio_stream_data@@@__crt_internal_free_policy@@QEBAXQEBQEAU__crt_stdio_stream_data@@@Z 0000000180029b10 f i libucrtd:_file.obj
 0001:00028b10       ??$?RU__acrt_ptd@@@__crt_internal_free_policy@@QEBAXQEBU__acrt_ptd@@@Z 0000000180029b10 f i libucrtd:per_thread_data.obj
 0001:00028b40       ??1?$__crt_unique_heap_ptr@DU__crt_internal_free_policy@@@@QEAA@XZ 0000000180029b40 f i libvcruntimed:std_type_info.obj
 0001:00028b40       ??1?$__crt_unique_heap_ptr@U__vcrt_ptd@@U__crt_internal_free_policy@@@@QEAA@XZ 0000000180029b40 f i libvcruntimed:per_thread_data.obj
 0001:00028b60       ?release@?$__crt_unique_heap_ptr@U__vcrt_ptd@@U__crt_internal_free_policy@@@@QEAAXXZ 0000000180029b60 f i libvcruntimed:per_thread_data.obj
 0001:00028b60       ?release@?$__crt_unique_heap_ptr@DU__crt_internal_free_policy@@@@QEAAXXZ 0000000180029b60 f i libvcruntimed:std_type_info.obj
 0001:00028bc0       __vcrt_freefls             0000000180029bc0 f   libvcruntimed:per_thread_data.obj
 0001:00028c00       __vcrt_freeptd             0000000180029c00 f   libvcruntimed:per_thread_data.obj
 0001:00028c60       __vcrt_getptd              0000000180029c60 f   libvcruntimed:per_thread_data.obj
 0001:00028c90       __vcrt_getptd_noexit       0000000180029c90 f   libvcruntimed:per_thread_data.obj
 0001:00028db0       __vcrt_initialize_ptd      0000000180029db0 f   libvcruntimed:per_thread_data.obj
 0001:00028e00       __vcrt_uninitialize_ptd    0000000180029e00 f   libvcruntimed:per_thread_data.obj
 0001:00028e30       __vcrt_initialize_locks    0000000180029e30 f   libvcruntimed:locks.obj
 0001:00028ea0       __vcrt_uninitialize_locks  0000000180029ea0 f   libvcruntimed:locks.obj
 0001:00028f00       __vcrt_initialize_pure_virtual_call_handler 0000000180029f00 f   libvcruntimed:purevirt_data.obj
 0001:00028f30       ??$__vcrt_va_start_verify_argument_type@QEBD@@YAXXZ 0000000180029f30 f i libvcruntimed:undname.obj
 0001:00028f30       ??$__vcrt_va_start_verify_argument_type@QEB_W@@YAXXZ 0000000180029f30 f i libucrtd:assert.obj
 0001:00028f40       _vsprintf_s_l              0000000180029f40 f i libvcruntimed:undname.obj
 0001:00028fb0       sprintf_s                  0000000180029fb0 f i libvcruntimed:undname.obj
 0001:00029010       free                       000000018002a010 f   libucrtd:free.obj
 0001:00029030       malloc                     000000018002a030 f   libucrtd:malloc.obj
 0001:00029060       roundf                     000000018002a060 f   libucrtd:roundf.obj
 0001:000290f0       ??$__crt_interlocked_read@J@@YAJPEDJ@Z 000000018002a0f0 f i libucrtd:assert.obj
 0001:0002a180       ??$ftprintf@PEAU_iobuf@@PEB_WAEBQEB_WAEBQEB_WAEBI@?$__crt_char_traits@_W@@SAH$$QEAPEAU_iobuf@@$$QEAPEB_WAEBQEB_W2AEBI@Z 000000018002b180 f i libucrtd:assert.obj
 0001:0002a1d0       ??$get_module_file_name@AEAPEAUHINSTANCE__@@AEAY0BAF@DK@?$__crt_char_traits@D@@SAKAEAPEAUHINSTANCE__@@AEAY0BAF@D$$QEAK@Z 000000018002b1d0 f i libucrtd:assert.obj
 0001:0002a210       ??$get_module_file_name@AEAPEAUHINSTANCE__@@AEAY0BAF@_WK@?$__crt_char_traits@_W@@SAKAEAPEAUHINSTANCE__@@AEAY0BAF@_W$$QEAK@Z 000000018002b210 f i libucrtd:assert.obj
 0001:0002a250       ??$itot_s@AEBIQEA_W$$CB_KH@?$__crt_char_traits@_W@@SAHAEBI$$QEBQEA_W$$QEB_K$$QEAH@Z 000000018002b250 f i libucrtd:assert.obj
 0001:0002a2a0       ??$show_message_box@AEAY0CEA@_WPEB_WJ@?$__crt_char_traits@_W@@SAHAEAY0CEA@_W$$QEAPEB_W$$QEAJ@Z 000000018002b2a0 f i libucrtd:assert.obj
 0001:0002a2e0       ??$tcscat_s@AEBQEA_WAEB_KAEAPEA_W@?$__crt_char_traits@_W@@SAHAEBQEA_WAEB_KAEAPEA_W@Z 000000018002b2e0 f i libucrtd:assert.obj
 0001:0002a2e0       ??$tcscat_s@AEBQEA_WAEB_KAEBQEB_W@?$__crt_char_traits@_W@@SAHAEBQEA_WAEB_KAEBQEB_W@Z 000000018002b2e0 f i libucrtd:assert.obj
 0001:0002a2e0       ??$tcscat_s@AEBQEA_WAEB_KPEB_W@?$__crt_char_traits@_W@@SAHAEBQEA_WAEB_K$$QEAPEB_W@Z 000000018002b2e0 f i libucrtd:assert.obj
 0001:0002a320       ??$tcscpy_s@AEAY0BAF@D_KPEBD@?$__crt_char_traits@D@@SAHAEAY0BAF@D$$QEA_K$$QEAPEBD@Z 000000018002b320 f i libucrtd:assert.obj
 0001:0002a360       ??$tcscpy_s@AEAY0BAF@_W_KPEB_W@?$__crt_char_traits@_W@@SAHAEAY0BAF@_W$$QEA_K$$QEAPEB_W@Z 000000018002b360 f i libucrtd:assert.obj
 0001:0002a3a0       ??$tcscpy_s@AEBQEA_WAEB_KPEB_W@?$__crt_char_traits@_W@@SAHAEBQEA_WAEB_K$$QEAPEB_W@Z 000000018002b3a0 f i libucrtd:assert.obj
 0001:0002a3e0       ??$tcslen@AEAY0BAF@D@?$__crt_char_traits@D@@SA_KAEAY0BAF@D@Z 000000018002b3e0 f i libucrtd:assert.obj
 0001:0002a400       ??$tcslen@AEAY0BAF@_W@?$__crt_char_traits@_W@@SA_KAEAY0BAF@_W@Z 000000018002b400 f i libucrtd:assert.obj
 0001:0002a420       ??$tcslen@AEBQEBD@?$__crt_char_traits@D@@SA_KAEBQEBD@Z 000000018002b420 f i libucrtd:assert.obj
 0001:0002a440       ??$tcslen@AEBQEA_W@?$__crt_char_traits@_W@@SA_KAEBQEA_W@Z 000000018002b440 f i libucrtd:assert.obj
 0001:0002a440       ??$tcslen@AEBQEB_W@?$__crt_char_traits@_W@@SA_KAEBQEB_W@Z 000000018002b440 f i libucrtd:assert.obj
 0001:0002a460       ??$tcsncat_s@AEBQEA_WAEB_KAEAPEB_W_K@?$__crt_char_traits@_W@@SAHAEBQEA_WAEB_KAEAPEB_W$$QEA_K@Z 000000018002b460 f i libucrtd:assert.obj
 0001:0002a460       ??$tcsncat_s@AEBQEA_WAEB_KPEB_W_K@?$__crt_char_traits@_W@@SAHAEBQEA_WAEB_K$$QEAPEB_W$$QEA_K@Z 000000018002b460 f i libucrtd:assert.obj
 0001:0002a460       ??$tcsncat_s@AEBQEA_WAEB_KAEBQEB_WAEB_K@?$__crt_char_traits@_W@@SAHAEBQEA_WAEB_KAEBQEB_W1@Z 000000018002b460 f i libucrtd:assert.obj
 0001:0002a4b0       ?__crt_interlocked_read_32@@YAHPEDH@Z 000000018002b4b0 f i libucrtd:assert.obj
 0001:0002a640       ?get_flags@__crt_stdio_stream@@QEBAJXZ 000000018002b640 f i libucrtd:assert.obj
 0001:0002a6d0       ?has_any_buffer@__crt_stdio_stream@@QEBA_NXZ 000000018002b6d0 f i libucrtd:assert.obj
 0001:0002a6f0       ?has_any_of@__crt_stdio_stream@@QEBA_NJ@Z 000000018002b6f0 f i libucrtd:assert.obj
 0001:0002a730       _invoke_watson_if_error    000000018002b730 f i libucrtd:assert.obj
 0001:0002a780       _vfwprintf_l               000000018002b780 f i libucrtd:assert.obj
 0001:0002a7d0       _vswprintf_c_l             000000018002b7d0 f i libucrtd:assert.obj
 0001:0002a840       _wassert                   000000018002b840 f   libucrtd:assert.obj
 0001:0002a880       fwprintf                   000000018002b880 f i libucrtd:assert.obj
 0001:0002a8e0       swprintf                   000000018002b8e0 f i libucrtd:assert.obj
 0001:0002a940       acos                       000000018002b940 f   libucrtd:acos.obj
 0001:0002aef0       ceil                       000000018002bef0 f   libucrtd:ceil.obj
 0001:0002b0c0       ceilf                      000000018002c0c0 f   libucrtd:ceilf.obj
 0001:0002b230       cos                        000000018002c230 f   libucrtd:cos.obj
 0001:0002b7b0       floor                      000000018002c7b0 f   libucrtd:floor.obj
 0001:0002ba80       fmod                       000000018002ca80 f   libucrtd:fmod.obj
 0001:0002c290       pow                        000000018002d290 f   libucrtd:pow.obj
 0001:0002d930       sinf                       000000018002e930 f   libucrtd:sinf.obj
 0001:0002e030       sqrt                       000000018002f030 f   libucrtd:sqrt.obj
 0001:0002e1e0       sqrtf                      000000018002f1e0 f   libucrtd:sqrtf.obj
 0001:0002e320       _initterm                  000000018002f320 f   libucrtd:initterm.obj
 0001:0002e390       _initterm_e                000000018002f390 f   libucrtd:initterm.obj
 0001:0002e480       _seh_filter_dll            000000018002f480 f   libucrtd:exception_filter.obj
 0001:0002e4b0       _seh_filter_exe            000000018002f4b0 f   libucrtd:exception_filter.obj
 0001:0002e760       ??$__crt_get_proc_address@P6AXI@Z@@YAP6AXI@ZQEAUHINSTANCE__@@QEBD@Z 000000018002f760 f i libucrtd:exit.obj
 0001:0002e790       ??1?$__crt_unique_handle_t@U__crt_hmodule_traits@@@@QEAA@XZ 000000018002f790 f i libucrtd:exit.obj
 0001:0002e7d0       ?close@?$__crt_unique_handle_t@U__crt_hmodule_traits@@@@QEAAXXZ 000000018002f7d0 f i libucrtd:exit.obj
 0001:0002e810       ?close@__crt_hmodule_traits@@SA_NPEAUHINSTANCE__@@@Z 000000018002f810 f i libucrtd:exit.obj
 0001:0002eba0       __acrt_initialize_thread_local_exit_callback 000000018002fba0 f   libucrtd:exit.obj
 0001:0002ebc0       _cexit                     000000018002fbc0 f   libucrtd:exit.obj
 0001:0002ebe0       _exit                      000000018002fbe0 f   libucrtd:exit.obj
 0001:0002ec00       _is_c_termination_complete 000000018002fc00 f   libucrtd:exit.obj
 0001:0002ee60       ?detach@?$__crt_unique_heap_ptr@DU__crt_internal_free_policy@@@@QEAAPEADXZ 000000018002fe60 f i libucrtd:environment_initialization.obj
 0001:0002ee70       ?get_invalid_value@__crt_hmodule_traits@@SAPEAUHINSTANCE__@@XZ 000000018002fe70 f i libucrtd:exit.obj
 0001:0002ee70       ?get_current_state_index@__crt_state_management@@YA_KXZ 000000018002fe70 f i libucrtd:environment_initialization.obj
 0001:0002ee74       __dcrt_uninitialize_environments_nolock 000000018002fe74 f   libucrtd:environment_initialization.obj
 0001:0002eeac       _initialize_narrow_environment 000000018002feac f   libucrtd:environment_initialization.obj
 0001:0002eec0       ??$?RV<lambda_b0d8f1f77f5878de4f648f281b223c15>@@AEAV<lambda_942beefa13ab35ff55f86422493ffd6a>@@V<lambda_7adb6fc9c0d6a5bd4e2d9c212ec7cdcc>@@@?$__crt_seh_guarded_call@H@@QEAAH$$QEAV<lambda_b0d8f1f77f5878de4f648f281b223c15>@@AEAV<lambda_942beefa13ab35ff55f86422493ffd6a>@@$$QEAV<lambda_7adb6fc9c0d6a5bd4e2d9c212ec7cdcc>@@@Z 000000018002fec0 f i libucrtd:onexit.obj
 0001:0002ef10       ??$?RV<lambda_d22e02de4d14401f49897516b29a2b7c>@@AEAV<lambda_e971338317bfa523bb8920b43d823727>@@V<lambda_b0b8599c9027f5b14541fbbd6863d1f1>@@@?$__crt_seh_guarded_call@H@@QEAAH$$QEAV<lambda_d22e02de4d14401f49897516b29a2b7c>@@AEAV<lambda_e971338317bfa523bb8920b43d823727>@@$$QEAV<lambda_b0b8599c9027f5b14541fbbd6863d1f1>@@@Z 000000018002ff10 f i libucrtd:onexit.obj
 0001:0002ef60       ??$__acrt_lock_and_call@V<lambda_942beefa13ab35ff55f86422493ffd6a>@@@@YAHW4__acrt_lock_id@@$$QEAV<lambda_942beefa13ab35ff55f86422493ffd6a>@@@Z 000000018002ff60 f i libucrtd:onexit.obj
 0001:0002efd0       ??$__acrt_lock_and_call@V<lambda_e971338317bfa523bb8920b43d823727>@@@@YAHW4__acrt_lock_id@@$$QEAV<lambda_e971338317bfa523bb8920b43d823727>@@@Z 000000018002ffd0 f i libucrtd:onexit.obj
 0001:0002f040       ??$__crt_fast_encode_pointer@PEAX@@YAPEAXQEAX@Z 0000000180030040 f i libvcruntimed:winapi_downlevel.obj
 0001:0002f040       ??$__crt_fast_encode_pointer@P6AXXZ@@YAP6AXXZQ6AXXZ@Z 0000000180030040 f i libvcruntimed:purevirt_data.obj
 0001:0002f040       ??$__crt_fast_encode_pointer@PEAP6AXXZ@@YAPEAP6AXXZQEAP6AXXZ@Z 0000000180030040 f i LIBCMTD:utility.obj
 0001:0002f040       ??$__crt_fast_encode_pointer@P6AXPEAXK0@Z@@YAP6AXPEAXK0@ZQ6AX0K0@Z@Z 0000000180030040 f i libucrtd:exit.obj
 0001:0002f040       ??$__crt_fast_encode_pointer@P6AXH@Z@@YAP6AXH@ZQ6AXH@Z@Z 0000000180030040 f i libucrtd:signal.obj
 0001:0002f040       ??$__crt_fast_encode_pointer@P6AHXZ@@YAP6AHXZQ6AHXZ@Z 0000000180030040 f i libucrtd:onexit.obj
 0001:0002f5d0       ?detach@?$__crt_unique_heap_ptr@U__crt_lowio_handle_data@@U__crt_internal_free_policy@@@@QEAAPEAU__crt_lowio_handle_data@@XZ 00000001800305d0 f i libucrtd:osfinfo.obj
 0001:0002f5d0       ?detach@?$__crt_unique_heap_ptr@U__crt_multibyte_data@@U__crt_internal_free_policy@@@@QEAAPEAU__crt_multibyte_data@@XZ 00000001800305d0 f i libucrtd:mbctype.obj
 0001:0002f5d0       ?detach@?$__crt_unique_heap_ptr@P6AXXZU__crt_internal_free_policy@@@@QEAAPEAP6AXXZXZ 00000001800305d0 f i libucrtd:onexit.obj
 0001:0002f5d0       ?detach@?$__crt_unique_heap_ptr@U__vcrt_ptd@@U__crt_internal_free_policy@@@@QEAAPEAU__vcrt_ptd@@XZ 00000001800305d0 f i libvcruntimed:per_thread_data.obj
 0001:0002f5d0       ?detach@?$__crt_unique_heap_ptr@DU__crt_public_free_policy@@@@QEAAPEADXZ 00000001800305d0 f i libvcruntimed:std_exception.obj
 0001:0002f5d0       ?detach@?$__crt_unique_heap_ptr@PEAU__crt_stdio_stream_data@@U__crt_internal_free_policy@@@@QEAAPEAPEAU__crt_stdio_stream_data@@XZ 00000001800305d0 f i libucrtd:_file.obj
 0001:0002f5d0       ?detach@?$__crt_unique_heap_ptr@U__acrt_ptd@@U__crt_internal_free_policy@@@@QEAAPEAU__acrt_ptd@@XZ 00000001800305d0 f i libucrtd:per_thread_data.obj
 0001:0002f600       _crt_atexit                0000000180030600 f   libucrtd:onexit.obj
 0001:0002f620       _execute_onexit_table      0000000180030620 f   libucrtd:onexit.obj
 0001:0002f650       _initialize_onexit_table   0000000180030650 f   libucrtd:onexit.obj
 0001:0002f6d0       _register_onexit_function  00000001800306d0 f   libucrtd:onexit.obj
 0001:0002f7d0       __acrt_uninitialize_command_line 00000001800307d0 f   libucrtd:argv_data.obj
 0001:0002f8f0       ??$uninitialize@V<lambda_c3040c0a6a4a8d26c9e8356dc2fac8c5>@@@?$dual_state_global@PEAU__crt_multibyte_data@@@__crt_state_management@@QEAAX$$QEAV<lambda_c3040c0a6a4a8d26c9e8356dc2fac8c5>@@@Z 00000001800308f0 f i libucrtd:initialization.obj
 0001:0002f9a0       __acrt_initialize          00000001800309a0 f   libucrtd:initialization.obj
 0001:0002f9d0       __acrt_thread_attach       00000001800309d0 f   libucrtd:initialization.obj
 0001:0002f9f0       __acrt_thread_detach       00000001800309f0 f   libucrtd:initialization.obj
 0001:0002fa00       __acrt_uninitialize        0000000180030a00 f   libucrtd:initialization.obj
 0001:0002fa30       __acrt_uninitialize_critical 0000000180030a30 f   libucrtd:initialization.obj
 0001:0002fa50       terminate                  0000000180030a50 f   libucrtd:terminate.obj
 0001:0002fa90       wcslen                     0000000180030a90 f   libucrtd:wcslen.obj
 0001:0002faf0       strlen                     0000000180030af0 f   libucrtd:strlen.obj
 0001:0002fba0       ??0_LocaleUpdate@@QEAA@QEAU__crt_locale_pointers@@@Z 0000000180030ba0 f i libucrtd:debug_heap.obj
 0001:0002fcc0       ??1_LocaleUpdate@@QEAA@XZ  0000000180030cc0 f i libucrtd:debug_heap.obj
 0001:0002fd00       ?GetLocaleT@_LocaleUpdate@@QEAAPEAU__crt_locale_pointers@@XZ 0000000180030d00 f i libucrtd:debug_heap.obj
 0001:00031cf0       _CrtCheckMemory            0000000180032cf0 f   libucrtd:debug_heap.obj
 0001:00031e80       _CrtDumpMemoryLeaks        0000000180032e80 f   libucrtd:debug_heap.obj
 0001:00031f40       _CrtIsValidHeapPointer     0000000180032f40 f   libucrtd:debug_heap.obj
 0001:00031f80       _CrtIsValidPointer         0000000180032f80 f   libucrtd:debug_heap.obj
 0001:00031fc0       _CrtMemCheckpoint          0000000180032fc0 f   libucrtd:debug_heap.obj
 0001:00032240       _CrtMemDumpAllObjectsSince 0000000180033240 f   libucrtd:debug_heap.obj
 0001:000322a0       _CrtSetDbgFlag             00000001800332a0 f   libucrtd:debug_heap.obj
 0001:00032400       _CrtSetDumpClient          0000000180033400 f   libucrtd:debug_heap.obj
 0001:00032430       __acrt_get_locale_data_prefix 0000000180033430 f i libucrtd:debug_heap.obj
 0001:00032450       __acrt_locale_changed      0000000180033450 f i libucrtd:debug_heap.obj
 0001:00032480       _calloc_dbg                0000000180033480 f   libucrtd:debug_heap.obj
 0001:00032520       _chvalidchk_l              0000000180033520 f i libucrtd:debug_heap.obj
 0001:00032550       _free_dbg                  0000000180033550 f   libucrtd:debug_heap.obj
 0001:000325c0       _invoke_watson_if_oneof    00000001800335c0 f i libucrtd:debug_heap.obj
 0001:00032620       _ischartype_l              0000000180033620 f i libucrtd:debug_heap.obj
 0001:00032680       _malloc_dbg                0000000180033680 f   libucrtd:debug_heap.obj
 0001:000326c0       _msize_dbg                 00000001800336c0 f   libucrtd:debug_heap.obj
 0001:00032860       _realloc_dbg               0000000180033860 f   libucrtd:debug_heap.obj
 0001:000328d0       _recalloc_dbg              00000001800338d0 f   libucrtd:debug_heap.obj
 0001:00032ea0       strcpy_s                   0000000180033ea0 f   libucrtd:strcpy_s.obj
 0001:00032ee0       strcmp                     0000000180033ee0 f   libucrtd:strcmp.obj
 0001:00033cf0       _CrtDbgReport              0000000180034cf0 f   libucrtd:dbgrpt.obj
 0001:00033d70       _CrtDbgReportW             0000000180034d70 f   libucrtd:dbgrpt.obj
 0001:00033df0       __acrt_MessageWindowA      0000000180034df0 f   libucrtd:dbgrpt.obj
 0001:00033e40       __acrt_MessageWindowW      0000000180034e40 f   libucrtd:dbgrpt.obj
 0001:00033e90       _snwprintf_s               0000000180034e90 f i libucrtd:dbgrpt.obj
 0001:00033f00       _vsnwprintf_s_l            0000000180034f00 f i libucrtd:dbgrpt.obj
 0001:00033f80       abort                      0000000180034f80 f   libucrtd:abort.obj
 0001:00034000       ??$?0AEBV?$string_output_adapter@D@__crt_stdio_output@@AEB_KAEBQEBDAEBQEAU__crt_locale_pointers@@AEBQEAD@?$format_validation_base@DV?$string_output_adapter@D@__crt_stdio_output@@@__crt_stdio_output@@IEAA@AEBV?$string_output_adapter@D@1@AEB_KAEBQEBDAEBQEAU__crt_locale_pointers@@AEBQEAD@Z 0000000180035000 f i libucrtd:output.obj
 0001:00034050       ??$?0AEBV?$string_output_adapter@D@__crt_stdio_output@@AEB_KAEBQEBDAEBQEAU__crt_locale_pointers@@AEBQEAD@?$standard_base@DV?$string_output_adapter@D@__crt_stdio_output@@@__crt_stdio_output@@IEAA@AEBV?$string_output_adapter@D@1@AEB_KAEBQEBDAEBQEAU__crt_locale_pointers@@AEBQEAD@Z 0000000180035050 f i libucrtd:output.obj
 0001:000340c0       ??$?0AEBV?$string_output_adapter@_W@__crt_stdio_output@@AEB_KAEBQEB_WAEBQEAU__crt_locale_pointers@@AEBQEAD@?$format_validation_base@_WV?$string_output_adapter@_W@__crt_stdio_output@@@__crt_stdio_output@@IEAA@AEBV?$string_output_adapter@_W@1@AEB_KAEBQEB_WAEBQEAU__crt_locale_pointers@@AEBQEAD@Z 00000001800350c0 f i libucrtd:output.obj
 0001:00034110       ??$?0AEBV?$stream_output_adapter@_W@__crt_stdio_output@@AEB_KAEBQEB_WAEBQEAU__crt_locale_pointers@@AEBQEAD@?$standard_base@_WV?$stream_output_adapter@_W@__crt_stdio_output@@@__crt_stdio_output@@IEAA@AEBV?$stream_output_adapter@_W@1@AEB_KAEBQEB_WAEBQEAU__crt_locale_pointers@@AEBQEAD@Z 0000000180035110 f i libucrtd:output.obj
 0001:00034110       ??$?0AEBV?$string_output_adapter@_W@__crt_stdio_output@@AEB_KAEBQEB_WAEBQEAU__crt_locale_pointers@@AEBQEAD@?$standard_base@_WV?$string_output_adapter@_W@__crt_stdio_output@@@__crt_stdio_output@@IEAA@AEBV?$string_output_adapter@_W@1@AEB_KAEBQEB_WAEBQEAU__crt_locale_pointers@@AEBQEAD@Z 0000000180035110 f i libucrtd:output.obj
 0001:00034180       ??$?RV<lambda_7b91131dde12e1c3dfc74ff76b3f2eac>@@AEAV<lambda_dd75445284c072d0bd3768540cc698fa>@@V<lambda_16bc4ecb55b4718497c16bceaea2ceaf>@@@?$__crt_seh_guarded_call@H@@QEAAH$$QEAV<lambda_7b91131dde12e1c3dfc74ff76b3f2eac>@@AEAV<lambda_dd75445284c072d0bd3768540cc698fa>@@$$QEAV<lambda_16bc4ecb55b4718497c16bceaea2ceaf>@@@Z 0000000180035180 f i libucrtd:output.obj
 0001:000341d0       ??$__acrt_lock_stream_and_call@V<lambda_dd75445284c072d0bd3768540cc698fa>@@@@YAHQEAU_iobuf@@$$QEAV<lambda_dd75445284c072d0bd3768540cc698fa>@@@Z 00000001800351d0 f i libucrtd:output.obj
 0001:000361e0       ??$count@D@formatting_buffer@__crt_stdio_output@@QEBA_KXZ 00000001800371e0 f i libucrtd:output.obj
 0001:00036230       ??$data@_W@formatting_buffer@__crt_stdio_output@@QEAAPEA_WXZ 0000000180037230 f i libucrtd:output.obj
 0001:00036230       ??$data@D@formatting_buffer@__crt_stdio_output@@QEAAPEADXZ 0000000180037230 f i libucrtd:output.obj
 0001:00036280       ??$ensure_buffer_is_big_enough@D@formatting_buffer@__crt_stdio_output@@QEAA_N_K@Z 0000000180037280 f i libucrtd:output.obj
 0001:000363b0       ??$extract_argument_from_va_list@C_J@?$standard_base@DV?$string_output_adapter@D@__crt_stdio_output@@@__crt_stdio_output@@IEAA_NAEA_J@Z 00000001800373b0 f i libucrtd:output.obj
 0001:000363b0       ??$extract_argument_from_va_list@C_J@?$standard_base@_WV?$stream_output_adapter@_W@__crt_stdio_output@@@__crt_stdio_output@@IEAA_NAEA_J@Z 00000001800373b0 f i libucrtd:output.obj
 0001:000363b0       ??$extract_argument_from_va_list@C_J@?$standard_base@_WV?$string_output_adapter@_W@__crt_stdio_output@@@__crt_stdio_output@@IEAA_NAEA_J@Z 00000001800373b0 f i libucrtd:output.obj
 0001:000363f0       ??$extract_argument_from_va_list@E_J@?$standard_base@_WV?$string_output_adapter@_W@__crt_stdio_output@@@__crt_stdio_output@@IEAA_NAEA_J@Z 00000001800373f0 f i libucrtd:output.obj
 0001:000363f0       ??$extract_argument_from_va_list@E_J@?$standard_base@_WV?$stream_output_adapter@_W@__crt_stdio_output@@@__crt_stdio_output@@IEAA_NAEA_J@Z 00000001800373f0 f i libucrtd:output.obj
 0001:000363f0       ??$extract_argument_from_va_list@E_J@?$standard_base@DV?$string_output_adapter@D@__crt_stdio_output@@@__crt_stdio_output@@IEAA_NAEA_J@Z 00000001800373f0 f i libucrtd:output.obj
 0001:00036430       ??$extract_argument_from_va_list@F_J@?$standard_base@DV?$string_output_adapter@D@__crt_stdio_output@@@__crt_stdio_output@@IEAA_NAEA_J@Z 0000000180037430 f i libucrtd:output.obj
 0001:00036430       ??$extract_argument_from_va_list@F_J@?$standard_base@_WV?$stream_output_adapter@_W@__crt_stdio_output@@@__crt_stdio_output@@IEAA_NAEA_J@Z 0000000180037430 f i libucrtd:output.obj
 0001:00036430       ??$extract_argument_from_va_list@F_J@?$standard_base@_WV?$string_output_adapter@_W@__crt_stdio_output@@@__crt_stdio_output@@IEAA_NAEA_J@Z 0000000180037430 f i libucrtd:output.obj
 0001:00036470       ??$extract_argument_from_va_list@GD@?$standard_base@DV?$string_output_adapter@D@__crt_stdio_output@@@__crt_stdio_output@@IEAA_NAEAD@Z 0000000180037470 f i libucrtd:output.obj
 0001:000364a0       ??$extract_argument_from_va_list@G_J@?$standard_base@_WV?$stream_output_adapter@_W@__crt_stdio_output@@@__crt_stdio_output@@IEAA_NAEA_J@Z 00000001800374a0 f i libucrtd:output.obj
 0001:000364a0       ??$extract_argument_from_va_list@G_J@?$standard_base@DV?$string_output_adapter@D@__crt_stdio_output@@@__crt_stdio_output@@IEAA_NAEA_J@Z 00000001800374a0 f i libucrtd:output.obj
 0001:000364a0       ??$extract_argument_from_va_list@G_J@?$standard_base@_WV?$string_output_adapter@_W@__crt_stdio_output@@@__crt_stdio_output@@IEAA_NAEA_J@Z 00000001800374a0 f i libucrtd:output.obj
 0001:000364e0       ??$extract_argument_from_va_list@H_J@?$standard_base@DV?$string_output_adapter@D@__crt_stdio_output@@@__crt_stdio_output@@IEAA_NAEA_J@Z 00000001800374e0 f i libucrtd:output.obj
 0001:000364e0       ??$extract_argument_from_va_list@H_J@?$standard_base@_WV?$string_output_adapter@_W@__crt_stdio_output@@@__crt_stdio_output@@IEAA_NAEA_J@Z 00000001800374e0 f i libucrtd:output.obj
 0001:000364e0       ??$extract_argument_from_va_list@H_J@?$standard_base@_WV?$stream_output_adapter@_W@__crt_stdio_output@@@__crt_stdio_output@@IEAA_NAEA_J@Z 00000001800374e0 f i libucrtd:output.obj
 0001:00036510       ??$extract_argument_from_va_list@I_J@?$standard_base@DV?$string_output_adapter@D@__crt_stdio_output@@@__crt_stdio_output@@IEAA_NAEA_J@Z 0000000180037510 f i libucrtd:output.obj
 0001:00036510       ??$extract_argument_from_va_list@I_J@?$standard_base@_WV?$stream_output_adapter@_W@__crt_stdio_output@@@__crt_stdio_output@@IEAA_NAEA_J@Z 0000000180037510 f i libucrtd:output.obj
 0001:00036510       ??$extract_argument_from_va_list@I_J@?$standard_base@_WV?$string_output_adapter@_W@__crt_stdio_output@@@__crt_stdio_output@@IEAA_NAEA_J@Z 0000000180037510 f i libucrtd:output.obj
 0001:00036540       ??$extract_argument_from_va_list@PEAXPEAX@?$standard_base@DV?$string_output_adapter@D@__crt_stdio_output@@@__crt_stdio_output@@IEAA_NAEAPEAX@Z 0000000180037540 f i libucrtd:output.obj
 0001:00036540       ??$extract_argument_from_va_list@PEADPEAD@?$standard_base@_WV?$string_output_adapter@_W@__crt_stdio_output@@@__crt_stdio_output@@IEAA_NAEAPEAD@Z 0000000180037540 f i libucrtd:output.obj
 0001:00036540       ??$extract_argument_from_va_list@_J_J@?$standard_base@_WV?$stream_output_adapter@_W@__crt_stdio_output@@@__crt_stdio_output@@IEAA_NAEA_J@Z 0000000180037540 f i libucrtd:output.obj
 0001:00036540       ??$extract_argument_from_va_list@PEADPEAD@?$standard_base@DV?$string_output_adapter@D@__crt_stdio_output@@@__crt_stdio_output@@IEAA_NAEAPEAD@Z 0000000180037540 f i libucrtd:output.obj
 0001:00036540       ??$extract_argument_from_va_list@PEAXPEAX@?$standard_base@_WV?$stream_output_adapter@_W@__crt_stdio_output@@@__crt_stdio_output@@IEAA_NAEAPEAX@Z 0000000180037540 f i libucrtd:output.obj
 0001:00036540       ??$extract_argument_from_va_list@PEAUansi_string@?1??type_case_Z@?$output_processor@DV?$string_output_adapter@D@__crt_stdio_output@@V?$format_validation_base@DV?$string_output_adapter@D@__crt_stdio_output@@@2@@__crt_stdio_output@@AEAA_NXZ@PEAU1?1??234@AEAA_NXZ@@?$standard_base@DV?$string_output_adapter@D@__crt_stdio_output@@@__crt_stdio_output@@IEAA_NAEAPEAUansi_string@?1??type_case_Z@?$output_processor@DV?$string_output_adapter@D@__crt_stdio_output@@V?$format_validation_base@DV?$string_output_adapter@D@__crt_stdio_output@@@2@@1@AEAA_NXZ@@Z 0000000180037540 f i libucrtd:output.obj
 0001:00036540       ??$extract_argument_from_va_list@PEAUansi_string@?1??type_case_Z@?$output_processor@_WV?$string_output_adapter@_W@__crt_stdio_output@@V?$standard_base@_WV?$string_output_adapter@_W@__crt_stdio_output@@@2@@__crt_stdio_output@@AEAA_NXZ@PEAU1?1??234@AEAA_NXZ@@?$standard_base@_WV?$string_output_adapter@_W@__crt_stdio_output@@@__crt_stdio_output@@IEAA_NAEAPEAUansi_string@?1??type_case_Z@?$output_processor@_WV?$string_output_adapter@_W@__crt_stdio_output@@V?$standard_base@_WV?$string_output_adapter@_W@__crt_stdio_output@@@2@@1@AEAA_NXZ@@Z 0000000180037540 f i libucrtd:output.obj
 0001:00036540       ??$extract_argument_from_va_list@_J_J@?$standard_base@_WV?$string_output_adapter@_W@__crt_stdio_output@@@__crt_stdio_output@@IEAA_NAEA_J@Z 0000000180037540 f i libucrtd:output.obj
 0001:00036540       ??$extract_argument_from_va_list@_J_J@?$standard_base@DV?$string_output_adapter@D@__crt_stdio_output@@@__crt_stdio_output@@IEAA_NAEA_J@Z 0000000180037540 f i libucrtd:output.obj
 0001:00036540       ??$extract_argument_from_va_list@_K_J@?$standard_base@_WV?$stream_output_adapter@_W@__crt_stdio_output@@@__crt_stdio_output@@IEAA_NAEA_J@Z 0000000180037540 f i libucrtd:output.obj
 0001:00036540       ??$extract_argument_from_va_list@_K_J@?$standard_base@_WV?$string_output_adapter@_W@__crt_stdio_output@@@__crt_stdio_output@@IEAA_NAEA_J@Z 0000000180037540 f i libucrtd:output.obj
 0001:00036540       ??$extract_argument_from_va_list@PEADPEAD@?$standard_base@_WV?$stream_output_adapter@_W@__crt_stdio_output@@@__crt_stdio_output@@IEAA_NAEAPEAD@Z 0000000180037540 f i libucrtd:output.obj
 0001:00036540       ??$extract_argument_from_va_list@PEAXPEAX@?$standard_base@_WV?$string_output_adapter@_W@__crt_stdio_output@@@__crt_stdio_output@@IEAA_NAEAPEAX@Z 0000000180037540 f i libucrtd:output.obj
 0001:00036540       ??$extract_argument_from_va_list@PEAUansi_string@?1??type_case_Z@?$output_processor@_WV?$string_output_adapter@_W@__crt_stdio_output@@V?$format_validation_base@_WV?$string_output_adapter@_W@__crt_stdio_output@@@2@@__crt_stdio_output@@AEAA_NXZ@PEAU1?1??234@AEAA_NXZ@@?$standard_base@_WV?$string_output_adapter@_W@__crt_stdio_output@@@__crt_stdio_output@@IEAA_NAEAPEAUansi_string@?1??type_case_Z@?$output_processor@_WV?$string_output_adapter@_W@__crt_stdio_output@@V?$format_validation_base@_WV?$string_output_adapter@_W@__crt_stdio_output@@@2@@1@AEAA_NXZ@@Z 0000000180037540 f i libucrtd:output.obj
 0001:00036540       ??$extract_argument_from_va_list@_K_J@?$standard_base@DV?$string_output_adapter@D@__crt_stdio_output@@@__crt_stdio_output@@IEAA_NAEA_J@Z 0000000180037540 f i libucrtd:output.obj
 0001:00036540       ??$extract_argument_from_va_list@PEAUansi_string@?1??type_case_Z@?$output_processor@_WV?$stream_output_adapter@_W@__crt_stdio_output@@V?$standard_base@_WV?$stream_output_adapter@_W@__crt_stdio_output@@@2@@__crt_stdio_output@@AEAA_NXZ@PEAU1?1??234@AEAA_NXZ@@?$standard_base@_WV?$stream_output_adapter@_W@__crt_stdio_output@@@__crt_stdio_output@@IEAA_NAEAPEAUansi_string@?1??type_case_Z@?$output_processor@_WV?$stream_output_adapter@_W@__crt_stdio_output@@V?$standard_base@_WV?$stream_output_adapter@_W@__crt_stdio_output@@@2@@1@AEAA_NXZ@@Z 0000000180037540 f i libucrtd:output.obj
 0001:00036570       ??$extract_argument_from_va_list@U_CRT_DOUBLE@@U1@@?$standard_base@_WV?$string_output_adapter@_W@__crt_stdio_output@@@__crt_stdio_output@@IEAA_NAEAU_CRT_DOUBLE@@@Z 0000000180037570 f i libucrtd:output.obj
 0001:00036570       ??$extract_argument_from_va_list@U_CRT_DOUBLE@@U1@@?$standard_base@_WV?$stream_output_adapter@_W@__crt_stdio_output@@@__crt_stdio_output@@IEAA_NAEAU_CRT_DOUBLE@@@Z 0000000180037570 f i libucrtd:output.obj
 0001:00036570       ??$extract_argument_from_va_list@U_CRT_DOUBLE@@U1@@?$standard_base@DV?$string_output_adapter@D@__crt_stdio_output@@@__crt_stdio_output@@IEAA_NAEAU_CRT_DOUBLE@@@Z 0000000180037570 f i libucrtd:output.obj
 0001:000365c0       ??$extract_argument_from_va_list@_W_W@?$standard_base@_WV?$stream_output_adapter@_W@__crt_stdio_output@@@__crt_stdio_output@@IEAA_NAEA_W@Z 00000001800375c0 f i libucrtd:output.obj
 0001:000365c0       ??$extract_argument_from_va_list@_W_W@?$standard_base@_WV?$string_output_adapter@_W@__crt_stdio_output@@@__crt_stdio_output@@IEAA_NAEA_W@Z 00000001800375c0 f i libucrtd:output.obj
 0001:000365c0       ??$extract_argument_from_va_list@_W_W@?$standard_base@DV?$string_output_adapter@D@__crt_stdio_output@@@__crt_stdio_output@@IEAA_NAEA_W@Z 00000001800375c0 f i libucrtd:output.obj
 0001:000365f0       ??$is_wide_character_specifier@D@__crt_stdio_output@@YA_N_KDW4length_modifier@0@@Z 00000001800375f0 f i libucrtd:output.obj
 0001:00036690       ??$is_wide_character_specifier@_W@__crt_stdio_output@@YA_N_K_WW4length_modifier@0@@Z 0000000180037690 f i libucrtd:output.obj
 0001:00036760       ??$puttc_nolock@AEB_WPEAU_iobuf@@@?$__crt_char_traits@_W@@SAGAEB_W$$QEAPEAU_iobuf@@@Z 0000000180037760 f i libucrtd:output.obj
 0001:00036790       ??$read_va_arg@E@__crt_stdio_output@@YAEAEAPEAD@Z 0000000180037790 f i libucrtd:output.obj
 0001:00036790       ??$read_va_arg@C@__crt_stdio_output@@YACAEAPEAD@Z 0000000180037790 f i libucrtd:output.obj
 0001:00036800       ??$read_va_arg@H@__crt_stdio_output@@YAHAEAPEAD@Z 0000000180037800 f i libucrtd:output.obj
 0001:00036800       ??$read_va_arg@I@__crt_stdio_output@@YAIAEAPEAD@Z 0000000180037800 f i libucrtd:output.obj
 0001:00036860       ??$read_va_arg@PEAUansi_string@?1??type_case_Z@?$output_processor@DV?$string_output_adapter@D@__crt_stdio_output@@V?$format_validation_base@DV?$string_output_adapter@D@__crt_stdio_output@@@2@@__crt_stdio_output@@AEAA_NXZ@@__crt_stdio_output@@YAPEAUansi_string@?1??type_case_Z@?$output_processor@DV?$string_output_adapter@D@__crt_stdio_output@@V?$format_validation_base@DV?$string_output_adapter@D@__crt_stdio_output@@@2@@0@AEAA_NXZ@AEAPEAD@Z 0000000180037860 f i libucrtd:output.obj
 0001:00036860       ??$read_va_arg@PEAD@__crt_stdio_output@@YAPEADAEAPEAD@Z 0000000180037860 f i libucrtd:output.obj
 0001:00036860       ??$read_va_arg@PEAUansi_string@?1??type_case_Z@?$output_processor@_WV?$stream_output_adapter@_W@__crt_stdio_output@@V?$standard_base@_WV?$stream_output_adapter@_W@__crt_stdio_output@@@2@@__crt_stdio_output@@AEAA_NXZ@@__crt_stdio_output@@YAPEAUansi_string@?1??type_case_Z@?$output_processor@_WV?$stream_output_adapter@_W@__crt_stdio_output@@V?$standard_base@_WV?$stream_output_adapter@_W@__crt_stdio_output@@@2@@0@AEAA_NXZ@AEAPEAD@Z 0000000180037860 f i libucrtd:output.obj
 0001:00036860       ??$read_va_arg@_J@__crt_stdio_output@@YA_JAEAPEAD@Z 0000000180037860 f i libucrtd:output.obj
 0001:00036860       ??$read_va_arg@PEAUansi_string@?1??type_case_Z@?$output_processor@_WV?$string_output_adapter@_W@__crt_stdio_output@@V?$standard_base@_WV?$string_output_adapter@_W@__crt_stdio_output@@@2@@__crt_stdio_output@@AEAA_NXZ@@__crt_stdio_output@@YAPEAUansi_string@?1??type_case_Z@?$output_processor@_WV?$string_output_adapter@_W@__crt_stdio_output@@V?$standard_base@_WV?$string_output_adapter@_W@__crt_stdio_output@@@2@@0@AEAA_NXZ@AEAPEAD@Z 0000000180037860 f i libucrtd:output.obj
 0001:00036860       ??$read_va_arg@PEAUansi_string@?1??type_case_Z@?$output_processor@_WV?$string_output_adapter@_W@__crt_stdio_output@@V?$format_validation_base@_WV?$string_output_adapter@_W@__crt_stdio_output@@@2@@__crt_stdio_output@@AEAA_NXZ@@__crt_stdio_output@@YAPEAUansi_string@?1??type_case_Z@?$output_processor@_WV?$string_output_adapter@_W@__crt_stdio_output@@V?$format_validation_base@_WV?$string_output_adapter@_W@__crt_stdio_output@@@2@@0@AEAA_NXZ@AEAPEAD@Z 0000000180037860 f i libucrtd:output.obj
 0001:00036860       ??$read_va_arg@PEAX@__crt_stdio_output@@YAPEAXAEAPEAD@Z 0000000180037860 f i libucrtd:output.obj
 0001:00036860       ??$read_va_arg@U_CRT_DOUBLE@@@__crt_stdio_output@@YA?AU_CRT_DOUBLE@@AEAPEAD@Z 0000000180037860 f i libucrtd:output.obj
 0001:00036860       ??$read_va_arg@_K@__crt_stdio_output@@YA_KAEAPEAD@Z 0000000180037860 f i libucrtd:output.obj
 0001:000368d0       ??$read_va_arg@F@__crt_stdio_output@@YAFAEAPEAD@Z 00000001800378d0 f i libucrtd:output.obj
 0001:000368d0       ??$read_va_arg@G@__crt_stdio_output@@YAGAEAPEAD@Z 00000001800378d0 f i libucrtd:output.obj
 0001:000368d0       ??$read_va_arg@_W@__crt_stdio_output@@YA_WAEAPEAD@Z 00000001800378d0 f i libucrtd:output.obj
 0001:00036940       ??$scratch_count@D@formatting_buffer@__crt_stdio_output@@QEBA_KXZ 0000000180037940 f i libucrtd:output.obj
 0001:00036960       ??$scratch_data@D@formatting_buffer@__crt_stdio_output@@QEAAPEADXZ 0000000180037960 f i libucrtd:output.obj
 0001:000369d0       ??$tcstol@PEBDPEAPEADH@?$__crt_char_traits@D@@SAJ$$QEAPEBD$$QEAPEAPEAD$$QEAH@Z 00000001800379d0 f i libucrtd:output.obj
 0001:00036a10       ??$tcstol@PEB_WPEAPEA_WH@?$__crt_char_traits@_W@@SAJ$$QEAPEB_W$$QEAPEAPEA_W$$QEAH@Z 0000000180037a10 f i libucrtd:output.obj
 0001:00036a50       ??$type_case_integer_parse_into_buffer@I@?$output_processor@DV?$string_output_adapter@D@__crt_stdio_output@@V?$format_validation_base@DV?$string_output_adapter@D@__crt_stdio_output@@@2@@__crt_stdio_output@@AEAAXII_N@Z 0000000180037a50 f i libucrtd:output.obj
 0001:00036b70       ??$type_case_integer_parse_into_buffer@I@?$output_processor@_WV?$string_output_adapter@_W@__crt_stdio_output@@V?$standard_base@_WV?$string_output_adapter@_W@__crt_stdio_output@@@2@@__crt_stdio_output@@AEAAXII_N@Z 0000000180037b70 f i libucrtd:output.obj
 0001:00036b70       ??$type_case_integer_parse_into_buffer@I@?$output_processor@_WV?$stream_output_adapter@_W@__crt_stdio_output@@V?$standard_base@_WV?$stream_output_adapter@_W@__crt_stdio_output@@@2@@__crt_stdio_output@@AEAAXII_N@Z 0000000180037b70 f i libucrtd:output.obj
 0001:00036b70       ??$type_case_integer_parse_into_buffer@I@?$output_processor@_WV?$string_output_adapter@_W@__crt_stdio_output@@V?$format_validation_base@_WV?$string_output_adapter@_W@__crt_stdio_output@@@2@@__crt_stdio_output@@AEAAXII_N@Z 0000000180037b70 f i libucrtd:output.obj
 0001:00036ca0       ??$type_case_integer_parse_into_buffer@_K@?$output_processor@DV?$string_output_adapter@D@__crt_stdio_output@@V?$format_validation_base@DV?$string_output_adapter@D@__crt_stdio_output@@@2@@__crt_stdio_output@@AEAAX_KI_N@Z 0000000180037ca0 f i libucrtd:output.obj
 0001:00036df0       ??$type_case_integer_parse_into_buffer@_K@?$output_processor@_WV?$stream_output_adapter@_W@__crt_stdio_output@@V?$standard_base@_WV?$stream_output_adapter@_W@__crt_stdio_output@@@2@@__crt_stdio_output@@AEAAX_KI_N@Z 0000000180037df0 f i libucrtd:output.obj
 0001:00036df0       ??$type_case_integer_parse_into_buffer@_K@?$output_processor@_WV?$string_output_adapter@_W@__crt_stdio_output@@V?$format_validation_base@_WV?$string_output_adapter@_W@__crt_stdio_output@@@2@@__crt_stdio_output@@AEAAX_KI_N@Z 0000000180037df0 f i libucrtd:output.obj
 0001:00036df0       ??$type_case_integer_parse_into_buffer@_K@?$output_processor@_WV?$string_output_adapter@_W@__crt_stdio_output@@V?$standard_base@_WV?$string_output_adapter@_W@__crt_stdio_output@@@2@@__crt_stdio_output@@AEAAX_KI_N@Z 0000000180037df0 f i libucrtd:output.obj
 0001:00036f40       ??$write_multiple_characters@V?$stream_output_adapter@_W@__crt_stdio_output@@D@__crt_stdio_output@@YAXAEBV?$stream_output_adapter@_W@0@DHQEAH@Z 0000000180037f40 f i libucrtd:output.obj
 0001:00036fa0       ??$write_multiple_characters@V?$string_output_adapter@D@__crt_stdio_output@@D@__crt_stdio_output@@YAXAEBV?$string_output_adapter@D@0@DHQEAH@Z 0000000180037fa0 f i libucrtd:output.obj
 0001:00037000       ??$write_multiple_characters@V?$string_output_adapter@_W@__crt_stdio_output@@D@__crt_stdio_output@@YAXAEBV?$string_output_adapter@_W@0@DHQEAH@Z 0000000180038000 f i libucrtd:output.obj
 0001:000370e0       ??0?$common_data@D@__crt_stdio_output@@IEAA@XZ 00000001800380e0 f i libucrtd:output.obj
 0001:000371b0       ??0?$common_data@_W@__crt_stdio_output@@IEAA@XZ 00000001800381b0 f i libucrtd:output.obj
 0001:00037280       ??0?$output_adapter_data@DV?$string_output_adapter@D@__crt_stdio_output@@@__crt_stdio_output@@IEAA@AEBV?$string_output_adapter@D@1@_KQEBDQEAU__crt_locale_pointers@@QEAD@Z 0000000180038280 f i libucrtd:output.obj
 0001:00037300       ??0?$output_adapter_data@_WV?$stream_output_adapter@_W@__crt_stdio_output@@@__crt_stdio_output@@IEAA@AEBV?$stream_output_adapter@_W@1@_KQEB_WQEAU__crt_locale_pointers@@QEAD@Z 0000000180038300 f i libucrtd:output.obj
 0001:00037300       ??0?$output_adapter_data@_WV?$string_output_adapter@_W@__crt_stdio_output@@@__crt_stdio_output@@IEAA@AEBV?$string_output_adapter@_W@1@_KQEB_WQEAU__crt_locale_pointers@@QEAD@Z 0000000180038300 f i libucrtd:output.obj
 0001:00037380       ??0?$output_processor@DV?$string_output_adapter@D@__crt_stdio_output@@V?$format_validation_base@DV?$string_output_adapter@D@__crt_stdio_output@@@2@@__crt_stdio_output@@QEAA@AEBV?$string_output_adapter@D@1@_KQEBDQEAU__crt_locale_pointers@@QEAD@Z 0000000180038380 f i libucrtd:output.obj
 0001:000373e0       ??0?$output_processor@_WV?$string_output_adapter@_W@__crt_stdio_output@@V?$format_validation_base@_WV?$string_output_adapter@_W@__crt_stdio_output@@@2@@__crt_stdio_output@@QEAA@AEBV?$string_output_adapter@_W@1@_KQEB_WQEAU__crt_locale_pointers@@QEAD@Z 00000001800383e0 f i libucrtd:output.obj
 0001:00037440       ??0?$output_processor@_WV?$string_output_adapter@_W@__crt_stdio_output@@V?$standard_base@_WV?$string_output_adapter@_W@__crt_stdio_output@@@2@@__crt_stdio_output@@QEAA@AEBV?$string_output_adapter@_W@1@_KQEB_WQEAU__crt_locale_pointers@@QEAD@Z 0000000180038440 f i libucrtd:output.obj
 0001:00037440       ??0?$output_processor@_WV?$stream_output_adapter@_W@__crt_stdio_output@@V?$standard_base@_WV?$stream_output_adapter@_W@__crt_stdio_output@@@2@@__crt_stdio_output@@QEAA@AEBV?$stream_output_adapter@_W@1@_KQEB_WQEAU__crt_locale_pointers@@QEAD@Z 0000000180038440 f i libucrtd:output.obj
 0001:000374a0       ??0?$stream_output_adapter@_W@__crt_stdio_output@@QEAA@QEAU_iobuf@@@Z 00000001800384a0 f i libucrtd:output.obj
 0001:000374d0       ??0__acrt_stdio_temporary_buffering_guard@@QEAA@QEAU_iobuf@@@Z 00000001800384d0 f i libucrtd:output.obj
 0001:00037510       ??0__crt_errno_guard@@QEAA@QEAH@Z 0000000180038510 f i libucrtd:output.obj
 0001:00037550       ??0formatting_buffer@__crt_stdio_output@@QEAA@XZ 0000000180038550 f i libucrtd:output.obj
 0001:00037590       ??1?$common_data@D@__crt_stdio_output@@QEAA@XZ 0000000180038590 f i libucrtd:output.obj
 0001:00037590       ??1?$common_data@_W@__crt_stdio_output@@QEAA@XZ 0000000180038590 f i libucrtd:output.obj
 0001:000375b0       ??1?$output_adapter_data@_WV?$string_output_adapter@_W@__crt_stdio_output@@@__crt_stdio_output@@QEAA@XZ 00000001800385b0 f i libucrtd:output.obj
 0001:000375b0       ??1?$output_adapter_data@DV?$string_output_adapter@D@__crt_stdio_output@@@__crt_stdio_output@@QEAA@XZ 00000001800385b0 f i libucrtd:output.obj
 0001:000375b0       ??1?$output_adapter_data@_WV?$stream_output_adapter@_W@__crt_stdio_output@@@__crt_stdio_output@@QEAA@XZ 00000001800385b0 f i libucrtd:output.obj
 0001:000375d0       ??1?$output_processor@DV?$string_output_adapter@D@__crt_stdio_output@@V?$format_validation_base@DV?$string_output_adapter@D@__crt_stdio_output@@@2@@__crt_stdio_output@@QEAA@XZ 00000001800385d0 f i libucrtd:output.obj
 0001:000375d0       ??1?$output_processor@_WV?$string_output_adapter@_W@__crt_stdio_output@@V?$format_validation_base@_WV?$string_output_adapter@_W@__crt_stdio_output@@@2@@__crt_stdio_output@@QEAA@XZ 00000001800385d0 f i libucrtd:output.obj
 0001:000375f0       ??1?$output_processor@_WV?$stream_output_adapter@_W@__crt_stdio_output@@V?$standard_base@_WV?$stream_output_adapter@_W@__crt_stdio_output@@@2@@__crt_stdio_output@@QEAA@XZ 00000001800385f0 f i libucrtd:output.obj
 0001:000375f0       ??1?$format_validation_base@_WV?$string_output_adapter@_W@__crt_stdio_output@@@__crt_stdio_output@@QEAA@XZ 00000001800385f0 f i libucrtd:output.obj
 0001:000375f0       ??1?$output_processor@_WV?$string_output_adapter@_W@__crt_stdio_output@@V?$standard_base@_WV?$string_output_adapter@_W@__crt_stdio_output@@@2@@__crt_stdio_output@@QEAA@XZ 00000001800385f0 f i libucrtd:output.obj
 0001:000375f0       ??1?$format_validation_base@DV?$string_output_adapter@D@__crt_stdio_output@@@__crt_stdio_output@@QEAA@XZ 00000001800385f0 f i libucrtd:output.obj
 0001:00037610       ??1?$standard_base@_WV?$string_output_adapter@_W@__crt_stdio_output@@@__crt_stdio_output@@QEAA@XZ 0000000180038610 f i libucrtd:output.obj
 0001:00037610       ??1?$standard_base@DV?$string_output_adapter@D@__crt_stdio_output@@@__crt_stdio_output@@QEAA@XZ 0000000180038610 f i libucrtd:output.obj
 0001:00037610       ??1?$standard_base@_WV?$stream_output_adapter@_W@__crt_stdio_output@@@__crt_stdio_output@@QEAA@XZ 0000000180038610 f i libucrtd:output.obj
 0001:00037630       ??1__acrt_stdio_temporary_buffering_guard@@QEAA@XZ 0000000180038630 f i libucrtd:output.obj
 0001:00037660       ??1__crt_errno_guard@@QEAA@XZ 0000000180038660 f i libucrtd:output.obj
 0001:00037690       ??1formatting_buffer@__crt_stdio_output@@QEAA@XZ 0000000180038690 f i libucrtd:output.obj
 0001:000376c0       ??4?$__crt_unique_heap_ptr@DU__crt_internal_free_policy@@@@QEAAAEAV0@$$QEAV0@@Z 00000001800386c0 f i libucrtd:output.obj
 0001:00037830       ?adjust_hexit@?$output_processor@_WV?$string_output_adapter@_W@__crt_stdio_output@@V?$format_validation_base@_WV?$string_output_adapter@_W@__crt_stdio_output@@@2@@__crt_stdio_output@@CADH_N@Z 0000000180038830 f i libucrtd:output.obj
 0001:00037830       ?adjust_hexit@?$output_processor@_WV?$string_output_adapter@_W@__crt_stdio_output@@V?$standard_base@_WV?$string_output_adapter@_W@__crt_stdio_output@@@2@@__crt_stdio_output@@CADH_N@Z 0000000180038830 f i libucrtd:output.obj
 0001:00037830       ?adjust_hexit@?$output_processor@_WV?$stream_output_adapter@_W@__crt_stdio_output@@V?$standard_base@_WV?$stream_output_adapter@_W@__crt_stdio_output@@@2@@__crt_stdio_output@@CADH_N@Z 0000000180038830 f i libucrtd:output.obj
 0001:00037830       ?adjust_hexit@?$output_processor@DV?$string_output_adapter@D@__crt_stdio_output@@V?$format_validation_base@DV?$string_output_adapter@D@__crt_stdio_output@@@2@@__crt_stdio_output@@CADH_N@Z 0000000180038830 f i libucrtd:output.obj
 0001:00037880       ?advance_to_next_pass@?$standard_base@_WV?$stream_output_adapter@_W@__crt_stdio_output@@@__crt_stdio_output@@IEAA_NXZ 0000000180038880 f i libucrtd:output.obj
 0001:00037880       ?advance_to_next_pass@?$standard_base@DV?$string_output_adapter@D@__crt_stdio_output@@@__crt_stdio_output@@IEAA_NXZ 0000000180038880 f i libucrtd:output.obj
 0001:00037880       ?advance_to_next_pass@?$standard_base@_WV?$string_output_adapter@_W@__crt_stdio_output@@@__crt_stdio_output@@IEAA_NXZ 0000000180038880 f i libucrtd:output.obj
 0001:000378d0       ?crop_zeroes@__crt_stdio_output@@YAXPEADQEAU__crt_locale_pointers@@@Z 00000001800388d0 f i libucrtd:output.obj
 0001:00037a10       ?find_next_state@?$output_processor@DV?$string_output_adapter@D@__crt_stdio_output@@V?$format_validation_base@DV?$string_output_adapter@D@__crt_stdio_output@@@2@@__crt_stdio_output@@AEBA?AW4state@2@DW432@@Z 0000000180038a10 f i libucrtd:output.obj
 0001:00037ab0       ?find_next_state@?$output_processor@_WV?$stream_output_adapter@_W@__crt_stdio_output@@V?$standard_base@_WV?$stream_output_adapter@_W@__crt_stdio_output@@@2@@__crt_stdio_output@@AEBA?AW4state@2@_WW432@@Z 0000000180038ab0 f i libucrtd:output.obj
 0001:00037ab0       ?find_next_state@?$output_processor@_WV?$string_output_adapter@_W@__crt_stdio_output@@V?$standard_base@_WV?$string_output_adapter@_W@__crt_stdio_output@@@2@@__crt_stdio_output@@AEBA?AW4state@2@_WW432@@Z 0000000180038ab0 f i libucrtd:output.obj
 0001:00037b50       ?find_next_state@?$output_processor@_WV?$string_output_adapter@_W@__crt_stdio_output@@V?$format_validation_base@_WV?$string_output_adapter@_W@__crt_stdio_output@@@2@@__crt_stdio_output@@AEBA?AW4state@2@_WW432@@Z 0000000180038b50 f i libucrtd:output.obj
 0001:00037bf0       ?force_decimal_point@__crt_stdio_output@@YAXPEADQEAU__crt_locale_pointers@@@Z 0000000180038bf0 f i libucrtd:output.obj
 0001:00037cd0       ?has_flag@?$output_processor@DV?$string_output_adapter@D@__crt_stdio_output@@V?$format_validation_base@DV?$string_output_adapter@D@__crt_stdio_output@@@2@@__crt_stdio_output@@AEBA_NI@Z 0000000180038cd0 f i libucrtd:output.obj
 0001:00037cd0       ?has_flag@?$output_processor@_WV?$string_output_adapter@_W@__crt_stdio_output@@V?$format_validation_base@_WV?$string_output_adapter@_W@__crt_stdio_output@@@2@@__crt_stdio_output@@AEBA_NI@Z 0000000180038cd0 f i libucrtd:output.obj
 0001:00037cd0       ?has_flag@?$output_processor@_WV?$stream_output_adapter@_W@__crt_stdio_output@@V?$standard_base@_WV?$stream_output_adapter@_W@__crt_stdio_output@@@2@@__crt_stdio_output@@AEBA_NI@Z 0000000180038cd0 f i libucrtd:output.obj
 0001:00037cd0       ?has_flag@?$output_processor@_WV?$string_output_adapter@_W@__crt_stdio_output@@V?$standard_base@_WV?$string_output_adapter@_W@__crt_stdio_output@@@2@@__crt_stdio_output@@AEBA_NI@Z 0000000180038cd0 f i libucrtd:output.obj
 0001:00037d10       ?is_string_backed@__crt_stdio_stream@@QEBA_NXZ 0000000180038d10 f i libucrtd:output.obj
 0001:00037d50       ?narrow_null_string@?$output_processor@_WV?$string_output_adapter@_W@__crt_stdio_output@@V?$standard_base@_WV?$string_output_adapter@_W@__crt_stdio_output@@@2@@__crt_stdio_output@@CAPEADXZ 0000000180038d50 f i libucrtd:output.obj
 0001:00037d50       ?narrow_null_string@?$output_processor@DV?$string_output_adapter@D@__crt_stdio_output@@V?$format_validation_base@DV?$string_output_adapter@D@__crt_stdio_output@@@2@@__crt_stdio_output@@CAPEADXZ 0000000180038d50 f i libucrtd:output.obj
 0001:00037d50       ?narrow_null_string@?$output_processor@_WV?$string_output_adapter@_W@__crt_stdio_output@@V?$format_validation_base@_WV?$string_output_adapter@_W@__crt_stdio_output@@@2@@__crt_stdio_output@@CAPEADXZ 0000000180038d50 f i libucrtd:output.obj
 0001:00037d50       ?narrow_null_string@?$output_processor@_WV?$stream_output_adapter@_W@__crt_stdio_output@@V?$standard_base@_WV?$stream_output_adapter@_W@__crt_stdio_output@@@2@@__crt_stdio_output@@CAPEADXZ 0000000180038d50 f i libucrtd:output.obj
 0001:00037d60       ?parse_int_from_format_string@?$output_processor@DV?$string_output_adapter@D@__crt_stdio_output@@V?$format_validation_base@DV?$string_output_adapter@D@__crt_stdio_output@@@2@@__crt_stdio_output@@AEAA_NQEAH@Z 0000000180038d60 f i libucrtd:output.obj
 0001:00037e40       ?parse_int_from_format_string@?$output_processor@_WV?$stream_output_adapter@_W@__crt_stdio_output@@V?$standard_base@_WV?$stream_output_adapter@_W@__crt_stdio_output@@@2@@__crt_stdio_output@@AEAA_NQEAH@Z 0000000180038e40 f i libucrtd:output.obj
 0001:00037e40       ?parse_int_from_format_string@?$output_processor@_WV?$string_output_adapter@_W@__crt_stdio_output@@V?$format_validation_base@_WV?$string_output_adapter@_W@__crt_stdio_output@@@2@@__crt_stdio_output@@AEAA_NQEAH@Z 0000000180038e40 f i libucrtd:output.obj
 0001:00037e40       ?parse_int_from_format_string@?$output_processor@_WV?$string_output_adapter@_W@__crt_stdio_output@@V?$standard_base@_WV?$string_output_adapter@_W@__crt_stdio_output@@@2@@__crt_stdio_output@@AEAA_NQEAH@Z 0000000180038e40 f i libucrtd:output.obj
 0001:00037f20       ?process@?$output_processor@DV?$string_output_adapter@D@__crt_stdio_output@@V?$format_validation_base@DV?$string_output_adapter@D@__crt_stdio_output@@@2@@__crt_stdio_output@@QEAAHXZ 0000000180038f20 f i libucrtd:output.obj
 0001:00038280       ?process@?$output_processor@_WV?$stream_output_adapter@_W@__crt_stdio_output@@V?$standard_base@_WV?$stream_output_adapter@_W@__crt_stdio_output@@@2@@__crt_stdio_output@@QEAAHXZ 0000000180039280 f i libucrtd:output.obj
 0001:000385e0       ?process@?$output_processor@_WV?$string_output_adapter@_W@__crt_stdio_output@@V?$format_validation_base@_WV?$string_output_adapter@_W@__crt_stdio_output@@@2@@__crt_stdio_output@@QEAAHXZ 00000001800395e0 f i libucrtd:output.obj
 0001:00038940       ?process@?$output_processor@_WV?$string_output_adapter@_W@__crt_stdio_output@@V?$standard_base@_WV?$string_output_adapter@_W@__crt_stdio_output@@@2@@__crt_stdio_output@@QEAAHXZ 0000000180039940 f i libucrtd:output.obj
 0001:00038ca0       ?get@?$__crt_unique_heap_ptr@DU__crt_public_free_policy@@@@QEBAPEADXZ 0000000180039ca0 f i libvcruntimed:std_exception.obj
 0001:00038ca0       ?save_state@?$c_string_character_source@D@__crt_strtox@@QEBAPEBDXZ 0000000180039ca0 f i libucrtd:atox.obj
 0001:00038ca0       ?get@?$__crt_unique_heap_ptr@DU__crt_internal_free_policy@@@@QEBAPEADXZ 0000000180039ca0 f i libvcruntimed:std_type_info.obj
 0001:00038ca0       ?public_stream@__crt_stdio_stream@@QEBAPEAU_iobuf@@XZ 0000000180039ca0 f i libucrtd:output.obj
 0001:00038ca0       ?get@?$__crt_unique_heap_ptr@U__crt_multibyte_data@@U__crt_internal_free_policy@@@@QEBAPEAU__crt_multibyte_data@@XZ 0000000180039ca0 f i libucrtd:mbctype.obj
 0001:00038ca0       ??C__crt_stdio_stream@@QEBAPEAU__crt_stdio_stream_data@@XZ 0000000180039ca0 f i libucrtd:output.obj
 0001:00038ca0       ?get@?$__crt_unique_handle_t@U__crt_handle_traits@@@@QEBAPEAXXZ 0000000180039ca0 f i libucrtd:crtmbox.obj
 0001:00038ca0       ?get@?$__crt_unique_heap_ptr@U__acrt_ptd@@U__crt_internal_free_policy@@@@QEBAPEAU__acrt_ptd@@XZ 0000000180039ca0 f i libucrtd:per_thread_data.obj
 0001:00038ca0       ?get@?$__crt_unique_handle_t@U__crt_hmodule_traits@@@@QEBAPEAUHINSTANCE__@@XZ 0000000180039ca0 f i libucrtd:exit.obj
 0001:00038ca0       ?get@?$__crt_unique_heap_ptr@U__crt_lowio_handle_data@@U__crt_internal_free_policy@@@@QEBAPEAU__crt_lowio_handle_data@@XZ 0000000180039ca0 f i libucrtd:osfinfo.obj
 0001:00038ca0       ?save_state@?$c_string_character_source@_W@__crt_strtox@@QEBAPEB_WXZ 0000000180039ca0 f i libucrtd:atox.obj
 0001:00038ca0       ?get@?$__crt_unique_heap_ptr@U__vcrt_ptd@@U__crt_internal_free_policy@@@@QEBAPEAU__vcrt_ptd@@XZ 0000000180039ca0 f i libvcruntimed:per_thread_data.obj
 0001:00038ca0       ?get@?$__crt_scoped_stack_ptr@_W@@QEBAPEA_WXZ 0000000180039ca0 f i libucrtd:getstringtypea.obj
 0001:00038cb0       ?set_flag@?$output_processor@_WV?$string_output_adapter@_W@__crt_stdio_output@@V?$standard_base@_WV?$string_output_adapter@_W@__crt_stdio_output@@@2@@__crt_stdio_output@@AEAAXI@Z 0000000180039cb0 f i libucrtd:output.obj
 0001:00038cb0       ?set_flag@?$output_processor@DV?$string_output_adapter@D@__crt_stdio_output@@V?$format_validation_base@DV?$string_output_adapter@D@__crt_stdio_output@@@2@@__crt_stdio_output@@AEAAXI@Z 0000000180039cb0 f i libucrtd:output.obj
[...]
 0004:00003498       $pdata$__GSHandlerCheck_SEH 0000000180085498     LIBCMTD:_gshandlerseh_.obj
 0004:000034a4       $pdata$__GSHandlerCheck_EH 00000001800854a4     LIBCMTD:gshandlereh.obj
 0004:000034b0       $pdata$??3@YAXPEAX_K@Z     00000001800854b0     LIBCMTD:delete_scalar_size.obj
 0004:000034bc       $pdata$??3@YAXPEAX@Z       00000001800854bc     LIBCMTD:delete_scalar.obj
 0004:000034e0       $pdata$strrchr             00000001800854e0     libvcruntimed:strrchr.obj
 0004:000034ec       $pdata$?_CatchTryBlock@@YAPEBU_s_TryBlockMapEntry@@PEBU_s_FuncInfo@@H@Z 00000001800854ec     libvcruntimed:trnsctrl.obj
 0004:000034f8       $pdata$?_GetEstablisherFrame@@YAPEA_KPEA_KPEAU_xDISPATCHER_CONTEXT@@PEBU_s_FuncInfo@@0@Z 00000001800854f8     libvcruntimed:trnsctrl.obj
 0004:00003504       $pdata$?_GetRangeOfTrysToCheck@@YAPEBU_s_TryBlockMapEntry@@PEA_KPEBU_s_FuncInfo@@HHPEAI2PEAU_xDISPATCHER_CONTEXT@@@Z 0000000180085504     libvcruntimed:trnsctrl.obj
 0004:00003510       $pdata$?__FrameUnwindToEmptyState@@YAXPEA_KPEAU_xDISPATCHER_CONTEXT@@PEBU_s_FuncInfo@@@Z 0000000180085510     libvcruntimed:trnsctrl.obj
 0004:0000351c       $pdata$?__SehTransFilter@@YAHPEAU_EXCEPTION_POINTERS@@PEAUEHExceptionRecord@@PEA_KPEAU_CONTEXT@@PEAU_xDISPATCHER_CONTEXT@@PEBU_s_FuncInfo@@PEAH@Z 000000018008551c     libvcruntimed:trnsctrl.obj
 0004:00003528       $pdata$_CallSETranslator   0000000180085528     libvcruntimed:trnsctrl.obj
 0004:00003534       $pdata$_CreateFrameInfo    0000000180085534     libvcruntimed:trnsctrl.obj
 0004:00003540       $pdata$_FindAndUnlinkFrame 0000000180085540     libvcruntimed:trnsctrl.obj
 0004:0000354c       $pdata$_GetImageBase       000000018008554c     libvcruntimed:trnsctrl.obj
 0004:00003558       $pdata$_GetThrowImageBase  0000000180085558     libvcruntimed:trnsctrl.obj
 0004:00003564       $pdata$_IsExceptionObjectToBeDestroyed 0000000180085564     libvcruntimed:trnsctrl.obj
 0004:00003570       $pdata$_SetImageBase       0000000180085570     libvcruntimed:trnsctrl.obj
 0004:0000357c       $pdata$_SetThrowImageBase  000000018008557c     libvcruntimed:trnsctrl.obj
 0004:00003588       $pdata$_UnwindNestedFrames 0000000180085588     libvcruntimed:trnsctrl.obj
 0004:00003594       $pdata$__CxxFrameHandler3  0000000180085594     libvcruntimed:trnsctrl.obj
 0004:000035a0       $pdata$?__GetCurrentState@@YAHPEA_KPEAU_xDISPATCHER_CONTEXT@@PEBU_s_FuncInfo@@@Z 00000001800855a0     libvcruntimed:ehstate.obj
 0004:000035ac       $pdata$?__GetUnwindTryBlock@@YAHPEA_KPEAU_xDISPATCHER_CONTEXT@@PEBU_s_FuncInfo@@@Z 00000001800855ac     libvcruntimed:ehstate.obj
 0004:000035b8       $pdata$?__SetUnwindTryBlock@@YAXPEA_KPEAU_xDISPATCHER_CONTEXT@@PEBU_s_FuncInfo@@H@Z 00000001800855b8     libvcruntimed:ehstate.obj
 0004:000035c4       $pdata$?__StateFromControlPc@@YAHPEBU_s_FuncInfo@@PEAU_xDISPATCHER_CONTEXT@@@Z 00000001800855c4     libvcruntimed:ehstate.obj
 0004:000035d0       $pdata$?__StateFromIp@@YAHPEBU_s_FuncInfo@@PEAU_xDISPATCHER_CONTEXT@@_J@Z 00000001800855d0     libvcruntimed:ehstate.obj
 0004:000035dc       $pdata$__DestructExceptionObject 00000001800855dc     libvcruntimed:frame.obj
 0004:000035e8       $pdata$??0bad_exception@std@@QEAA@AEBV01@@Z 00000001800855e8     libvcruntimed:frame.obj
 0004:000035f4       $pdata$??0bad_exception@std@@QEAA@XZ 00000001800855f4     libvcruntimed:frame.obj
 0004:00003600       $pdata$??0exception@std@@QEAA@AEBV01@@Z 0000000180085600     libvcruntimed:frame.obj
 0004:0000360c       $pdata$??0exception@std@@QEAA@QEBDH@Z 000000018008560c     libvcruntimed:frame.obj
 0004:00003618       $pdata$??1bad_exception@std@@UEAA@XZ 0000000180085618     libvcruntimed:frame.obj
 0004:00003624       $pdata$??1exception@std@@UEAA@XZ 0000000180085624     libvcruntimed:frame.obj
 0004:00003630       $pdata$??8type_info@@QEBA_NAEBV0@@Z 0000000180085630     libvcruntimed:frame.obj
 0004:0000363c       $pdata$??_Gbad_exception@std@@UEAAPEAXI@Z 000000018008563c     libvcruntimed:frame.obj
 0004:00003648       $pdata$??_Gexception@std@@UEAAPEAXI@Z 0000000180085648     libvcruntimed:frame.obj
 0004:00003654       $pdata$?CatchIt@@YAXPEAUEHExceptionRecord@@PEA_KPEAU_CONTEXT@@PEAU_xDISPATCHER_CONTEXT@@PEBU_s_FuncInfo@@PEBU_s_HandlerType@@PEBU_s_CatchableType@@PEBU_s_TryBlockMapEntry@@H1EE@Z 0000000180085654     libvcruntimed:frame.obj
 0004:00003660       $pdata$?ExFilterRethrow@@YAHPEAU_EXCEPTION_POINTERS@@PEAUEHExceptionRecord@@PEAH@Z 0000000180085660     libvcruntimed:frame.obj
 0004:0000366c       $pdata$?FindHandler@@YAXPEAUEHExceptionRecord@@PEA_KPEAU_CONTEXT@@PEAU_xDISPATCHER_CONTEXT@@PEBU_s_FuncInfo@@EH1@Z 000000018008566c     libvcruntimed:frame.obj
 0004:00003678       $pdata$?FindHandlerForForeignException@@YAXPEAUEHExceptionRecord@@PEA_KPEAU_CONTEXT@@PEAU_xDISPATCHER_CONTEXT@@PEBU_s_FuncInfo@@HH1@Z 0000000180085678     libvcruntimed:frame.obj
 0004:00003684       $pdata$?IsInExceptionSpec@@YAEPEAUEHExceptionRecord@@PEBU_s_ESTypeList@@@Z 0000000180085684     libvcruntimed:frame.obj
 0004:00003690       $pdata$?Is_bad_exception_allowed@@YAEPEBU_s_ESTypeList@@@Z 0000000180085690     libvcruntimed:frame.obj
 0004:0000369c       $pdata$?_CallMemberFunction0@@YAXPEAXP6AX0@Z@Z 000000018008569c     libvcruntimed:frame.obj
 0004:000036a8       $pdata$?_CallMemberFunction1@@YAXPEAXP6AX0@Z0@Z 00000001800856a8     libvcruntimed:frame.obj
 0004:000036b4       $pdata$?_CallMemberFunction2@@YAXPEAXP6AX0@Z0H@Z 00000001800856b4     libvcruntimed:frame.obj
 0004:000036c0       $pdata$?__RethrowException@@YAXPEAUEHExceptionRecord@@@Z 00000001800856c0     libvcruntimed:frame.obj
 0004:000036cc       $pdata$?what@exception@std@@UEBAPEBDXZ 00000001800856cc     libvcruntimed:frame.obj
 0004:000036d8       $pdata$__AdjustPointer     00000001800856d8     libvcruntimed:frame.obj
 0004:000036e4       $pdata$__BuildCatchObject  00000001800856e4     libvcruntimed:frame.obj
 0004:000036f0       $pdata$__BuildCatchObjectHelper 00000001800856f0     libvcruntimed:frame.obj
 0004:000036fc       $pdata$__CxxCallCatchBlock 00000001800856fc     libvcruntimed:frame.obj
 0004:00003708       $pdata$__FrameUnwindFilter 0000000180085708     libvcruntimed:frame.obj
 0004:00003714       $pdata$__FrameUnwindToState 0000000180085714     libvcruntimed:frame.obj
 0004:00003720       $pdata$__InternalCxxFrameHandler 0000000180085720     libvcruntimed:frame.obj
 0004:0000372c       $pdata$__TypeMatch         000000018008572c     libvcruntimed:frame.obj
 0004:00003744       $pdata$??$?RD@__crt_public_free_policy@@QEBAXQEBD@Z 0000000180085744     libvcruntimed:std_exception.obj
 0004:00003750       $pdata$??1?$__crt_unique_heap_ptr@DU__crt_public_free_policy@@@@QEAA@XZ 0000000180085750     libvcruntimed:std_exception.obj
 0004:0000375c       $pdata$?release@?$__crt_unique_heap_ptr@DU__crt_public_free_policy@@@@QEAAXXZ 000000018008575c     libvcruntimed:std_exception.obj
 0004:00003768       $pdata$__std_exception_copy 0000000180085768     libvcruntimed:std_exception.obj
 0004:00003774       $pdata$__std_exception_destroy 0000000180085774     libvcruntimed:std_exception.obj
 0004:00003780       $pdata$_CxxThrowException  0000000180085780     libvcruntimed:throw.obj
 0004:00003798       $pdata$?fin$0@?0??dllmain_crt_process_attach@@YAHQEAUHINSTANCE__@@QEAX@Z@4HA 0000000180085798     LIBCMTD:dll_dllmain.obj
 0004:000037a4       $pdata$?fin$0@?0??dllmain_crt_process_detach@@YAH_N@Z@4HA 00000001800857a4     LIBCMTD:dll_dllmain.obj
 0004:000037b0       $pdata$?filt$0@?0??dllmain_dispatch@@YAHQEAUHINSTANCE__@@KQEAX@Z@4HA 00000001800857b0     LIBCMTD:dll_dllmain.obj
 0004:000037bc       $pdata$__scrt_is_nonwritable_in_current_image$filt$0 00000001800857bc     LIBCMTD:utility.obj
 0004:000037c8       $pdata$?filt$0@?0??common_exit@@YAXHW4_crt_exit_cleanup_mode@@W4_crt_exit_return_mode@@@Z@4HA 00000001800857c8     libucrtd:exit.obj
 0004:000037d4       $pdata$?fin$1@?0??common_exit@@YAXHW4_crt_exit_cleanup_mode@@W4_crt_exit_return_mode@@@Z@4HA 00000001800857d4     libucrtd:exit.obj
 0004:000037e0       $pdata$?fin$0@?0???$?RV<lambda_b0d8f1f77f5878de4f648f281b223c15>@@AEAV<lambda_942beefa13ab35ff55f86422493ffd6a>@@V<lambda_7adb6fc9c0d6a5bd4e2d9c212ec7cdcc>@@@?$__crt_seh_guarded_call@H@@QEAAH$$QEAV<lambda_b0d8f1f77f5878de4f648f281b223c15>@@AEAV<lambda_942beefa13ab35ff55f86422493ffd6a>@@$$QEAV<lambda_7adb6fc9c0d6a5bd4e2d9c212ec7cdcc>@@@Z@4HA 00000001800857e0     libucrtd:onexit.obj
 0004:000037e0       $pdata$?fin$0@?0???$?RV<lambda_c36588078e9f5dfd39652860aa6b3aaf>@@AEAV<lambda_ec61778202f4f5fc7e7711acc23c3bca>@@V<lambda_dc9d2797ccde5d239b4a0efae8ebd7db>@@@?$__crt_seh_guarded_call@P6AXH@Z@@QEAAP6AXH@Z$$QEAV<lambda_c36588078e9f5dfd39652860aa6b3aaf>@@AEAV<lambda_ec61778202f4f5fc7e7711acc23c3bca>@@$$QEAV<lambda_dc9d2797ccde5d239b4a0efae8ebd7db>@@@Z@4HA 00000001800857e0     libucrtd:signal.obj
 0004:000037e0       $pdata$?fin$0@?0???$?RV<lambda_d22e02de4d14401f49897516b29a2b7c>@@AEAV<lambda_e971338317bfa523bb8920b43d823727>@@V<lambda_b0b8599c9027f5b14541fbbd6863d1f1>@@@?$__crt_seh_guarded_call@H@@QEAAH$$QEAV<lambda_d22e02de4d14401f49897516b29a2b7c>@@AEAV<lambda_e971338317bfa523bb8920b43d823727>@@$$QEAV<lambda_b0b8599c9027f5b14541fbbd6863d1f1>@@@Z@4HA 00000001800857e0     libucrtd:onexit.obj
 0004:000037ec       $pdata$_CrtMemCheckpoint$fin$0 00000001800857ec     libucrtd:debug_heap.obj
 0004:000037ec       $pdata$?fin$0@?0??heap_alloc_dbg_internal@@YAPEAX_KHQEBDH@Z@4HA 00000001800857ec     libucrtd:debug_heap.obj
 0004:000037f8       $pdata$?fin$0@?0??validate_heap_if_required_nolock@@YAXXZ@4HA 00000001800857f8     libucrtd:debug_heap.obj
 0004:00003804       $pdata$_free_dbg$fin$0     0000000180085804     libucrtd:debug_heap.obj
 0004:00003804       $pdata$_query_new_handler$fin$0 0000000180085804     libucrtd:new_handler.obj
 0004:00003810       $pdata$_CrtSetDbgFlag$fin$0 0000000180085810     libucrtd:debug_heap.obj
 0004:00003810       $pdata$_CrtMemDumpAllObjectsSince$fin$0 0000000180085810     libucrtd:debug_heap.obj
 0004:00003810       $pdata$_realloc_dbg$fin$0  0000000180085810     libucrtd:debug_heap.obj
 0004:00003810       $pdata$_msize_dbg$fin$0    0000000180085810     libucrtd:debug_heap.obj
 0004:00003810       $pdata$_CrtCheckMemory$fin$0 0000000180085810     libucrtd:debug_heap.obj
 0004:0000381c       $pdata$common_flush_all$fin$0 000000018008581c     libucrtd:fflush.obj
 0004:00003828       $pdata$common_flush_all$fin$1 0000000180085828     libucrtd:fflush.obj
 0004:00003834       $pdata$fflush$fin$0        0000000180085834     libucrtd:fflush.obj
 0004:00003840       $pdata$?fin$0@?0???$?RV<lambda_7b91131dde12e1c3dfc74ff76b3f2eac>@@AEAV<lambda_dd75445284c072d0bd3768540cc698fa>@@V<lambda_16bc4ecb55b4718497c16bceaea2ceaf>@@@?$__crt_seh_guarded_call@H@@QEAAH$$QEAV<lambda_7b91131dde12e1c3dfc74ff76b3f2eac>@@AEAV<lambda_dd75445284c072d0bd3768540cc698fa>@@$$QEAV<lambda_16bc4ecb55b4718497c16bceaea2ceaf>@@@Z@4HA 0000000180085840     libucrtd:output.obj
 0004:00003840       $pdata$?fin$0@?0???$?RV<lambda_e8c63f3eaa5b5d1d090047a93e563945>@@AEAV<lambda_108d78a972a15edee025c8b3efe121dc>@@V<lambda_d99a45a39bf155923106577f928afec0>@@@?$__crt_seh_guarded_call@H@@QEAAH$$QEAV<lambda_e8c63f3eaa5b5d1d090047a93e563945>@@AEAV<lambda_108d78a972a15edee025c8b3efe121dc>@@$$QEAV<lambda_d99a45a39bf155923106577f928afec0>@@@Z@4HA 0000000180085840     libucrtd:setvbuf.obj
 0004:0000384c       $pdata$raise$fin$0         000000018008584c     libucrtd:signal.obj
 0004:00003858       $pdata$_ctrlfp$filt$0      0000000180085858     libucrtd:fpctrl.obj
 0004:00003864       $pdata$?fin$0@?0???$?RV<lambda_72d1df2b273a38828b1ce30cbf4cdab5>@@AEAV<lambda_876a65b173b8412d3a47c70a915b0cf4>@@V<lambda_41932305e351933ebe8f8be3ed8bb5dc>@@@?$__crt_seh_guarded_call@X@@QEAAX$$QEAV<lambda_72d1df2b273a38828b1ce30cbf4cdab5>@@AEAV<lambda_876a65b173b8412d3a47c70a915b0cf4>@@$$QEAV<lambda_41932305e351933ebe8f8be3ed8bb5dc>@@@Z@4HA 0000000180085864     libucrtd:per_thread_data.obj
 0004:00003864       $pdata$?fin$0@?0???$?RV<lambda_4b02a2c13f0b7bca6761cd772f269b25>@@AEAV<lambda_4193c30e38ea2c4c867ab9dfdf9a7ba1>@@V<lambda_389b4ff37004aac51a1dd957cd7254ad>@@@?$__crt_seh_guarded_call@X@@QEAAX$$QEAV<lambda_4b02a2c13f0b7bca6761cd772f269b25>@@AEAV<lambda_4193c30e38ea2c4c867ab9dfdf9a7ba1>@@$$QEAV<lambda_389b4ff37004aac51a1dd957cd7254ad>@@@Z@4HA 0000000180085864     libucrtd:mbctype.obj
 0004:00003864       $pdata$?fin$0@?0???$?RV<lambda_9431c60049192bb82166e0947f95a2e9>@@AEAV<lambda_85fa512c59a4d94d4a89f575eefd92a6>@@V<lambda_487febba6ca58d9ce348204d67e1dba3>@@@?$__crt_seh_guarded_call@X@@QEAAX$$QEAV<lambda_9431c60049192bb82166e0947f95a2e9>@@AEAV<lambda_85fa512c59a4d94d4a89f575eefd92a6>@@$$QEAV<lambda_487febba6ca58d9ce348204d67e1dba3>@@@Z@4HA 0000000180085864     libucrtd:wsetlocale.obj
 0004:00003864       $pdata$?fin$0@?0???$?RV<lambda_fb3a7dec4e47f37f22dae91bb15c9095>@@AEAV<lambda_698284760c8add0bfb0756c19673e34b>@@V<lambda_dfb8eca1e75fef3034a8fb18dd509707>@@@?$__crt_seh_guarded_call@X@@QEAAX$$QEAV<lambda_fb3a7dec4e47f37f22dae91bb15c9095>@@AEAV<lambda_698284760c8add0bfb0756c19673e34b>@@$$QEAV<lambda_dfb8eca1e75fef3034a8fb18dd509707>@@@Z@4HA 0000000180085864     libucrtd:per_thread_data.obj
 0004:00003864       $pdata$?fin$0@?0???$?RV<lambda_5e887d1dcbef67a5eb4283622ba103bf>@@AEAV<lambda_4466841279450cc726390878d4a41900>@@V<lambda_341c25c0346d94847f1f3c463c57e077>@@@?$__crt_seh_guarded_call@X@@QEAAX$$QEAV<lambda_5e887d1dcbef67a5eb4283622ba103bf>@@AEAV<lambda_4466841279450cc726390878d4a41900>@@$$QEAV<lambda_341c25c0346d94847f1f3c463c57e077>@@@Z@4HA 0000000180085864     libucrtd:per_thread_data.obj
 0004:00003864       $pdata$?fin$0@?0???$?RV<lambda_8773731b9ba2edf4362dda13ebc82854>@@AEAV<lambda_6ac21da2756cd333d25ba1adc9a0001e>@@V<lambda_2c95662d60720604e97e3009a1ee1859>@@@?$__crt_seh_guarded_call@X@@QEAAX$$QEAV<lambda_8773731b9ba2edf4362dda13ebc82854>@@AEAV<lambda_6ac21da2756cd333d25ba1adc9a0001e>@@$$QEAV<lambda_2c95662d60720604e97e3009a1ee1859>@@@Z@4HA 0000000180085864     libucrtd:per_thread_data.obj
 0004:00003870       $pdata$?fin$0@?0??update_thread_multibyte_data_internal@@YAPEAU__crt_multibyte_data@@QEAU__acrt_ptd@@QEAU1@@Z@4HA 0000000180085870     libucrtd:mbctype.obj
 0004:0000387c       $pdata$__acrt_initialize_lowio$fin$0 000000018008587c     libucrtd:ioinit.obj
 0004:00003888       $pdata$_VCrtDbgReportA$fin$0 0000000180085888     libucrtd:dbgrptt.obj
 0004:00003894       $pdata$_VCrtDbgReportA$fin$1 0000000180085894     libucrtd:dbgrptt.obj
 0004:000038a0       $pdata$_VCrtDbgReportW$fin$0 00000001800858a0     libucrtd:dbgrptt.obj
 0004:000038ac       $pdata$_VCrtDbgReportW$fin$1 00000001800858ac     libucrtd:dbgrptt.obj
 0004:000038b8       $pdata$?dtor$0@?0??fp_format_a@@YAHQEBNPEAD_KQEAD2H_NIQEAU__crt_locale_pointers@@@Z@4HA 00000001800858b8     libucrtd:cvt.obj
 0004:000038c4       $pdata$_fcloseall$fin$0    00000001800858c4     libucrtd:closeall.obj
 0004:000038d0       $pdata$?fin$0@?0???$?RV<lambda_4f1f1a84956f0d44b74de224c960ff76>@@AEAV<lambda_a8f98972ebaa5f7148d35bffe53bd70d>@@V<lambda_f6ca65dda28655a1cf758c1c4e38e52a>@@@?$__crt_seh_guarded_call@H@@QEAAH$$QEAV<lambda_4f1f1a84956f0d44b74de224c960ff76>@@AEAV<lambda_a8f98972ebaa5f7148d35bffe53bd70d>@@$$QEAV<lambda_f6ca65dda28655a1cf758c1c4e38e52a>@@@Z@4HA 00000001800858d0     libucrtd:close.obj
 0004:000038d0       $pdata$?fin$0@?0???$?RV<lambda_2ce24b26f23dade10250ef086380d911>@@AEAV<lambda_e9ab68cc08dfd839979545c079379e6e>@@V<lambda_6262c464c96e4c69799ed44814c7c457>@@@?$__crt_seh_guarded_call@H@@QEAAH$$QEAV<lambda_2ce24b26f23dade10250ef086380d911>@@AEAV<lambda_e9ab68cc08dfd839979545c079379e6e>@@$$QEAV<lambda_6262c464c96e4c69799ed44814c7c457>@@@Z@4HA 00000001800858d0     libucrtd:commit.obj
 0004:000038dc       $pdata$?fin$0@?0???$common_lseek@_J@@YA_JH_JH@Z@4HA 00000001800858dc     libucrtd:lseek.obj
 0004:000038dc       $pdata$_write$fin$0        00000001800858dc     libucrtd:write.obj
 0004:000038e8       $pdata$__acrt_update_thread_locale_data$fin$0 00000001800858e8     libucrtd:locale_refcounting.obj
 0004:000038f4       $pdata$__acrt_lowio_ensure_fh_exists$fin$0 00000001800858f4     libucrtd:osfinfo.obj
 0004:00003900       $pdata$?dtor$0@?0??_wcstombs_l_helper@@YA_KPEADPEB_W_KPEAU__crt_locale_pointers@@@Z@4HA 0000000180085900     libucrtd:wcstombs.obj
 0004:0000390c       $pdata$common_control87$filt$0 000000018008590c     libucrtd:ieee.obj
 0004:00003918       $pdata$fclose$fin$0        0000000180085918     libucrtd:fclose.obj
 0004:00003924       $pdata$_IsNonwritableInCurrentImage$filt$0 0000000180085924     LIBCMTD:pesect.obj
 0004:00003930       $pdata$_CallSETranslator$filt$0 0000000180085930     libvcruntimed:trnsctrl.obj
 0004:0000393c       $pdata$terminate$filt$0    000000018008593c     libucrtd:terminate.obj
 0004:0000393c       $pdata$?filt$0@?0??is_bad_read_pointer@@YA_NQEBX_K@Z@4HA 000000018008593c     libucrtd:debug_heap.obj
 0004:0000393c       $pdata$__BuildCatchObjectHelper$filt$0 000000018008593c     libvcruntimed:frame.obj
 0004:0000393c       $pdata$__BuildCatchObject$filt$0 000000018008593c     libvcruntimed:frame.obj
 0004:00003948       $pdata$__CxxCallCatchBlock$filt$0 0000000180085948     libvcruntimed:frame.obj
 0004:00003954       $pdata$__CxxCallCatchBlock$fin$1 0000000180085954     libvcruntimed:frame.obj
 0004:00003960       $pdata$__DestructExceptionObject$filt$0 0000000180085960     libvcruntimed:frame.obj
 0004:0000396c       $pdata$__FrameUnwindToState$filt$0 000000018008596c     libvcruntimed:frame.obj
 0004:00003978       $pdata$__FrameUnwindToState$fin$1 0000000180085978     libvcruntimed:frame.obj
 0005:00000000       __guard_fids__             0000000180086000     libucrtd:initialization.obj
 0005:00000060       __guard_fids_??$common_show_message_box@_W@@YAHQEB_W0I@Z 0000000180086060     libucrtd:crtmbox.obj
 0005:00000064       __guard_fids___acrt_initialize_ptd 0000000180086064     libucrtd:per_thread_data.obj
 0005:00000068       __guard_fids__             0000000180086068     libucrtd:debug_heap_hook.obj
 0005:0000006c       __guard_fids__             000000018008606c     libucrtd:stdio_initializer.obj
 0005:00000070       __guard_fids__             0000000180086070     libucrtd:stdio_initializer.obj
 0005:00000074       __guard_fids__             0000000180086074     libucrtd:fma3_initializer.obj
 0005:00000078       __guard_fids__             0000000180086078     libucrtd:multibyte_initializer.obj
 0005:0000007c       __guard_fids__             000000018008607c     libucrtd:locale_initializer.obj
 0005:00000080       __guard_fids__             0000000180086080     libucrtd:console_output_initializer.obj
 0005:00000084       __guard_fids_?dllmain_crt_process_attach@@YAHQEAUHINSTANCE__@@QEAX@Z 0000000180086084     LIBCMTD:dll_dllmain.obj
 0005:0000008c       __guard_fids_?dllmain_dispatch@@YAHQEAUHINSTANCE__@@KQEAX@Z 000000018008608c     LIBCMTD:dll_dllmain.obj
 0005:00000090       __guard_fids__             0000000180086090     LIBCMTD:guard_support.obj
 0005:00000094       __guard_fids__guard_icall_checks_enforced 0000000180086094     LIBCMTD:guard_support.obj
 0005:00000098       __guard_fids__             0000000180086098     libvcruntimed:telemetry.obj
 0005:0000009c       __guard_fids_?TraceLoggingRegister@__vcrt_trace_logging_provider@@YAJPEBU_TlgProvider_t@1@PEBU_GUID@@P6AX1KE_K2PEAU_EVENT_FILTER_DESCRIPTOR@@PEAX@Z4@Z 000000018008609c     libvcruntimed:telemetry.obj
 0005:000000a0       __guard_fids___vcrt_initialize_ptd 00000001800860a0     libvcruntimed:per_thread_data.obj
 0005:000000a4       __guard_fids__             00000001800860a4     LIBCMTD:std_type_info_static.obj
 0005:000000a8       __guard_fids__UnwindNestedFrames 00000001800860a8     libvcruntimed:trnsctrl.obj
 0005:000000ac       __guard_fids__             00000001800860ac     libvcruntimed:frame.obj
 0005:000000b0       __guard_fids__             00000001800860b0     libvcruntimed:frame.obj
 0005:000000b8       __guard_fids__             00000001800860b8     libvcruntimed:frame.obj
