 win32_app

 Timestamp is 6006a33c (Tue Jan 19 10:15:40 2021)

 Preferred load address is 00400000

 Start         Length     Name                   Class
 0001:00000000 000004b4H .text                   CODE
 0001:000004c0 0002dbeaH .text$mn                CODE
 0001:0002e0b0 000000abH .text$x                 CODE
 0002:00000000 00000208H .idata$5                DATA
 0002:00000208 00000004H .00cfg                  DATA
 0002:0000020c 00000004H .CRT$XCA                DATA
 0002:00000210 00000004H .CRT$XCAA               DATA
 0002:00000214 00000004H .CRT$XCZ                DATA
 0002:00000218 00000004H .CRT$XIA                DATA
 0002:0000021c 00000004H .CRT$XIAA               DATA
 0002:00000220 00000004H .CRT$XIAC               DATA
 0002:00000224 0000000cH .CRT$XIC                DATA
 0002:00000230 00000004H .CRT$XIZ                DATA
 0002:00000234 00000004H .CRT$XPA                DATA
 0002:00000238 00000008H .CRT$XPX                DATA
 0002:00000240 00000004H .CRT$XPXA               DATA
 0002:00000244 00000004H .CRT$XPZ                DATA
 0002:00000248 00000004H .CRT$XTA                DATA
 0002:0000024c 00000004H .CRT$XTZ                DATA
 0002:00000250 0000d344H .rdata                  DATA
 0002:0000d594 000000dcH .rdata$r                DATA
 0002:0000d670 00000024H .rdata$sxdata           DATA
 0002:0000d698 00000010H .rdata$zETW0            DATA
 0002:0000d6a8 00000077H .rdata$zETW1            DATA
 0002:0000d71f 0000002cH .rdata$zETW2            DATA
 0002:0000d74b 00000001H .rdata$zETW9            DATA
 0002:0000d74c 0000037cH .rdata$zzzdbg           DATA
 0002:0000dac8 00000004H .rtc$IAA                DATA
 0002:0000dacc 00000004H .rtc$IZZ                DATA
 0002:0000dad0 00000004H .rtc$TAA                DATA
 0002:0000dad4 00000004H .rtc$TZZ                DATA
 0002:0000dad8 000006e0H .xdata$x                DATA
 0002:0000e1b8 00000000H .edata                  DATA
 0002:0000e1b8 00000078H .idata$2                DATA
 0002:0000e230 00000014H .idata$3                DATA
 0002:0000e244 00000208H .idata$4                DATA
 0002:0000e44c 00000908H .idata$6                DATA
 0003:00000000 00000830H .data                   DATA
 0003:00000830 00000054H .data$r                 DATA
 0003:00000888 000010a0H .bss                    DATA
 0004:00000000 00000094H .gfids$x                DATA
 0004:00000094 00000050H .gfids$y                DATA

  Address         Publics by Value              Rva+Base       Lib:Object

 0000:00000000       ___guard_longjmp_count     00000000     <absolute>
 0000:00000000       ___guard_fids_count        00000000     <absolute>
 0000:00000000       __except_list              00000000     <absolute>
 0000:00000000       ___guard_longjmp_table     00000000     <absolute>
 0000:00000000       ___guard_iat_table         00000000     <absolute>
 0000:00000000       ___guard_iat_count         00000000     <absolute>
 0000:00000000       ___guard_fids_table        00000000     <absolute>
 0000:00000009       ___safe_se_handler_count   00000009     <absolute>
 0000:00000100       ___guard_flags             00000100     <absolute>
 0000:00000000       ___ImageBase               00400000     <linker-defined>
 0001:00000000       ?TraceLoggingRegister@__vcrt_trace_logging_provider@@YAJPBU_TlgProvider_t@1@PBU_GUID@@P6GX1KE_K2PAU_EVENT_FILTER_DESCRIPTOR@@PAX@Z4@Z 00401000 f i libvcruntimed:telemetry.obj
 0001:000000c0       ?TraceLoggingSetInformation@__vcrt_trace_logging_provider@@YAJPBU_TlgProvider_t@1@W4_EVENT_INFO_CLASS@@PAXK@Z 004010c0 f i libvcruntimed:telemetry.obj
 0001:00000100       ?TraceLoggingUnregister@__vcrt_trace_logging_provider@@YAXPBU_TlgProvider_t@1@@Z 00401100 f i libvcruntimed:telemetry.obj
 0001:00000130       ?_TlgCreateSz@__vcrt_trace_logging_provider@@YAXPAU_EVENT_DATA_DESCRIPTOR@@PBD@Z 00401130 f i libvcruntimed:telemetry.obj
 0001:00000180       ?_TlgCreateWsz@__vcrt_trace_logging_provider@@YAXPAU_EVENT_DATA_DESCRIPTOR@@PB_W@Z 00401180 f i libvcruntimed:telemetry.obj
 0001:000001d0       ?_TlgEnableCallback@__vcrt_trace_logging_provider@@YGXPBU_GUID@@KE_K1PAU_EVENT_FILTER_DESCRIPTOR@@PAX@Z 004011d0 f i libvcruntimed:telemetry.obj
 0001:000002a0       ?_TlgKeywordOn@__vcrt_trace_logging_provider@@YAEPBU_TlgProvider_t@1@_K@Z 004012a0 f i libvcruntimed:telemetry.obj
 0001:00000310       ?_TlgWrite@__vcrt_trace_logging_provider@@YAJPBU_TlgProvider_t@1@PBXPBU_GUID@@2IPAU_EVENT_DATA_DESCRIPTOR@@@Z 00401310 f i libvcruntimed:telemetry.obj
 0001:000004c0       _WinMain@16                004014c0 f   win32_app.obj
 0001:00002830       ?CatStrings@@YAXIPADI0I0@Z 00403830 f   win32_app.obj
 0001:000029b0       ?DEBUGPlatformFreeFileMemory@@YAXPAX@Z 004039b0 f   win32_app.obj
 0001:000029d0       ?DEBUGPlatformReadEntireFile@@YA?AUdebug_read_file_result@@PAD@Z 004039d0 f   win32_app.obj
 0001:00002e40       ?DEBUGPlatformWriteEntireFile@@YAHPADIPAX@Z 00403e40 f   win32_app.obj
 0001:00002ec0       ?PlatformLoadFile@@YAPAXPAD@Z 00403ec0 f   win32_app.obj
 0001:00003360       ?MainWindowCallBack@@YGJPAUHWND__@@IIJ@Z 00404360 f   win32_app.obj
 0001:00004080       ?PlatformAddWorkEntry@@YAXPAUplatform_work_queue@@P6AXPAX@Z1@Z 00405080 f   win32_app.obj
 0001:000040f0       ?ThreadProc@@YGKPAX@Z      004050f0 f   win32_app.obj
 0001:00004200       ?GetController@@YAPAUapp_controller_input@@PAUapp_input@@H@Z 00405200 f i win32_app.obj
 0001:00004230       ?PlatformNoFileErrors@@YAHPAUplatform_file_handle@@@Z 00405230 f i win32_app.obj
 0001:00004260       ?Win32AllocateSize@@YAPAXI@Z 00405260 f i win32_app.obj
 0001:00004290       ?Win32Free@@YAXPAX@Z       00405290 f i win32_app.obj
 0001:000042b0       ?Win32GetFileLastWriteTime@@YA?AU_FILETIME@@PAD@Z 004052b0 f i win32_app.obj
 0001:00004300       ?Win32GetSecondsElapsed@@YAMT_LARGE_INTEGER@@0@Z 00405300 f i win32_app.obj
 0001:00004350       ?Win32GetWallClock@@YA?AT_LARGE_INTEGER@@XZ 00405350 f i win32_app.obj
 0001:00004370       ?Win32VerifyInput@@YAHPAUapp_input@@PAUapp_button_state@@II@Z 00405370 f i win32_app.obj
 0001:00004420       ?safeTruncateU32@@YAI_K@Z  00405420 f i win32_app.obj
 0001:00004440       ___raise_securityfailure   00405440 f   LIBCMTD:gs_report.obj
 0001:00004470       ___report_gsfailure        00405470 f   LIBCMTD:gs_report.obj
 0001:00004580       ___report_rangecheckfailure 00405580 f   LIBCMTD:gs_report.obj
 0001:00004590       ___report_securityfailure  00405590 f   LIBCMTD:gs_report.obj
 0001:00004670       @__security_check_cookie@4 00405670 f   LIBCMTD:_secchk_.obj
 0001:00004690       __aullshr                  00405690 f   LIBCMTD:ullshr.obj
 0001:000046b0       __chkstk                   004056b0 f   LIBCMTD:chkstk.obj
 0001:000046b0       __alloca_probe             004056b0 f   LIBCMTD:chkstk.obj
 0001:000046e0       __ftoui3                   004056e0 f   LIBCMTD:_ftol3_.obj
 0001:000046ef       __ftoul3                   004056ef f   LIBCMTD:_ftol3_.obj
 0001:000046fe       __ftol3                    004056fe f   LIBCMTD:_ftol3_.obj
 0001:0000470b       __ftol3_NaN                0040570b f   LIBCMTD:_ftol3_.obj
 0001:00004723       __ftol3_work               00405723 f   LIBCMTD:_ftol3_.obj
 0001:000047a9       __ftol3_common             004057a9 f   LIBCMTD:_ftol3_.obj
 0001:0000486b       __ftol3_arg_error          0040586b f   LIBCMTD:_ftol3_.obj
 0001:0000487d       __ftol3_except             0040587d f   LIBCMTD:_ftol3_.obj
 0001:000048c1       __dtoui3                   004058c1 f   LIBCMTD:_ftol3_.obj
 0001:000048d0       __dtoul3                   004058d0 f   LIBCMTD:_ftol3_.obj
 0001:000048df       __dtol3                    004058df f   LIBCMTD:_ftol3_.obj
 0001:000048ec       __dtol3_NaN                004058ec f   LIBCMTD:_ftol3_.obj
 0001:00004909       __dtol3_work               00405909 f   LIBCMTD:_ftol3_.obj
 0001:000049f0       __ultod3                   004059f0 f   LIBCMTD:_ftol3_.obj
 0001:00004a30       __ltod3                    00405a30 f   LIBCMTD:_ftol3_.obj
 0001:00004d90       ?configure_argv@__scrt_narrow_argv_policy@@SAHXZ 00405d90 f i LIBCMTD:exe_winmain.obj
 0001:00004db0       ?get_app_type@__scrt_winmain_policy@@SA?AW4_crt_app_type@@XZ 00405db0 f i LIBCMTD:exe_winmain.obj
 0001:00004df0       _WinMainCRTStartup         00405df0 f   LIBCMTD:exe_winmain.obj
 0001:00004e00       ?__crt_rotate_pointer_value@@YAIIH@Z 00405e00 f i LIBCMTD:utility.obj
 0001:00004f10       _NtCurrentTeb              00405f10 f i LIBCMTD:utility.obj
 0001:00004f20       ___scrt_acquire_startup_lock 00405f20 f   LIBCMTD:utility.obj
 0001:00004f70       ___scrt_initialize_crt     00405f70 f   LIBCMTD:utility.obj
 0001:00004fc0       ___scrt_initialize_onexit_tables 00405fc0 f   LIBCMTD:utility.obj
 0001:00005090       ___scrt_is_nonwritable_in_current_image 00406090 f   LIBCMTD:utility.obj
 0001:000051c0       ___scrt_release_startup_lock 004061c0 f   LIBCMTD:utility.obj
 0001:000051f0       ___scrt_uninitialize_crt   004061f0 f   LIBCMTD:utility.obj
 0001:00005230       __onexit                   00406230 f   LIBCMTD:utility.obj
 0001:000052a0       _atexit                    004062a0 f   LIBCMTD:utility.obj
 0001:000052d0       ___security_init_cookie    004062d0 f   LIBCMTD:gs_support.obj
 0001:000053b0       __get_startup_new_mode     004063b0 f   LIBCMTD:new_mode.obj
 0001:000053b0       ___scrt_initialize_winrt   004063b0 f   LIBCMTD:utility_desktop.obj
 0001:000053b0       __matherr                  004063b0 f   LIBCMTD:matherr.obj
 0001:000053b0       __get_startup_commit_mode  004063b0 f   LIBCMTD:commit_mode.obj
 0001:000053b0       __get_startup_thread_locale_mode 004063b0 f   LIBCMTD:thread_locale.obj
 0001:000053c0       __get_startup_argv_mode    004063c0 f   LIBCMTD:argv_mode.obj
 0001:000053d0       __get_startup_file_mode    004063d0 f   LIBCMTD:file_mode.obj
 0001:000053e0       ?__scrt_initialize_type_info@@YAXXZ 004063e0 f   LIBCMTD:tncleanup.obj
 0001:000053f0       __initialize_default_precision 004063f0 f   LIBCMTD:default_precision.obj
 0001:00005420       ___local_stdio_printf_options 00406420 f i LIBCMTD:default_local_stdio_options.obj
 0001:00005430       ___local_stdio_scanf_options 00406430 f i LIBCMTD:default_local_stdio_options.obj
 0001:00005440       ___scrt_initialize_default_local_stdio_options 00406440 f   LIBCMTD:default_local_stdio_options.obj
 0001:00005480       ___scrt_is_user_matherr_present 00406480 f   LIBCMTD:matherr_detection.obj
 0001:000054b0       ___scrt_get_dyn_tls_init_callback 004064b0 f   LIBCMTD:dyn_tls_init.obj
 0001:000054c0       ___scrt_get_dyn_tls_dtor_callback 004064c0 f   LIBCMTD:dyn_tls_dtor.obj
 0001:000054d0       ___scrt_fastfail           004064d0 f   LIBCMTD:utility_desktop.obj
 0001:00005610       ___scrt_get_show_window_mode 00406610 f   LIBCMTD:utility_desktop.obj
 0001:00005650       ___scrt_is_managed_app     00406650 f   LIBCMTD:utility_desktop.obj
 0001:000056e0       ___scrt_set_unhandled_exception_filter 004066e0 f   LIBCMTD:utility_desktop.obj
 0001:000056f0       ___scrt_unhandled_exception_filter@4 004066f0 f   LIBCMTD:utility_desktop.obj
 0001:00005750       __crt_debugger_hook        00406750 f   LIBCMTD:utility_desktop.obj
 0001:00005760       __RTC_Initialize           00406760 f   LIBCMTD:_initsect_.obj
 0001:00005790       __RTC_Terminate            00406790 f   LIBCMTD:_initsect_.obj
 0001:000057c0       @_guard_check_icall@4      004067c0 f i LIBCMTD:checkcfg.obj
 0001:000057e0       ___isa_available_init      004067e0 f   LIBCMTD:_cpu_disp_.obj
 0001:00005ac0       ___scrt_is_ucrt_dll_in_use 00406ac0 f   LIBCMTD:ucrt_detection.obj
 0001:00005af0       @_guard_check_icall_nop@4  00406af0 f i LIBCMTD:guard_support.obj
 0001:00005b00       __guard_icall_checks_enforced 00406b00 f i LIBCMTD:guard_support.obj
 0001:00005b28       _IsProcessorFeaturePresent@4 00406b28 f   kernel32:KERNEL32.dll
 0001:00005b30       _memset                    00406b30 f   libvcruntimed:memset.obj
 0001:00005cf0       _EventDataDescCreate       00406cf0 f i libvcruntimed:telemetry.obj
 0001:00005d20       _HRESULT_FROM_WIN32        00406d20 f i libvcruntimed:telemetry.obj
 0001:00005d60       ___telemetry_main_invoke_trigger 00406d60 f   libvcruntimed:telemetry.obj
 0001:00005ea0       ___telemetry_main_return_trigger 00406ea0 f   libvcruntimed:telemetry.obj
 0001:00005fe0       ___vcrt_initialize_telemetry_provider 00406fe0 f   libvcruntimed:telemetry.obj
 0001:00006000       ___vcrt_uninitialize_telemetry_provider 00407000 f   libvcruntimed:telemetry.obj
 0001:00006080       __except_handler4          00407080 f   libvcruntimed:_chandler4_.obj
 0001:00006250       ___vcrt_initialize         00407250 f   libvcruntimed:initialization.obj
 0001:00006290       ___vcrt_uninitialize       00407290 f   libvcruntimed:initialization.obj
 0001:000062c0       ??0?$__crt_unique_heap_ptr@U__vcrt_ptd@@U__crt_internal_free_policy@@@@QAE@QAU__vcrt_ptd@@@Z 004072c0 f i libvcruntimed:per_thread_data.obj
 0001:000062c0       ??0?$__crt_unique_heap_ptr@DU__crt_public_free_policy@@@@QAE@QAD@Z 004072c0 f i libvcruntimed:std_exception.obj
 0001:000062c0       ??0?$__crt_unique_heap_ptr@DU__crt_internal_free_policy@@@@QAE@QAD@Z 004072c0 f i libvcruntimed:std_type_info.obj
 0001:000062e0       ___std_type_info_compare   004072e0 f   libvcruntimed:std_type_info.obj
 0001:00006310       ??$?BX@__crt_fast_encoded_nullptr_t@@QBEPAXXZ 00407310 f i libvcruntimed:winapi_downlevel.obj
 0001:00006310       ??$?B$$A6AXXZ@__crt_fast_encoded_nullptr_t@@QBEP6AXXZXZ 00407310 f i libvcruntimed:purevirt_data.obj
 0001:00006330       ??$__crt_fast_encode_pointer@PAP6AXXZ@@YAPAP6AXXZQAP6AXXZ@Z 00407330 f i LIBCMTD:utility.obj
 0001:00006330       ??$__crt_fast_encode_pointer@PAX@@YAPAXQAX@Z 00407330 f i libvcruntimed:winapi_downlevel.obj
 0001:00006330       ??$__crt_fast_encode_pointer@P6AXXZ@@YAP6AXXZQ6AXXZ@Z 00407330 f i libvcruntimed:purevirt_data.obj
 0001:00006360       ??$__crt_interlocked_compare_exchange_pointer@UHINSTANCE__@@$$T$$T@@YAPAUHINSTANCE__@@PDSAU0@$$T1@Z 00407360 f i libvcruntimed:winapi_downlevel.obj
 0001:00006360       ??$__crt_interlocked_compare_exchange_pointer@X$$T$$T@@YAPAXPDSAX$$T1@Z 00407360 f i libvcruntimed:winapi_downlevel.obj
 0001:00006380       ??$__crt_interlocked_exchange_pointer@UHINSTANCE__@@PAX@@YAPAUHINSTANCE__@@PDSAU0@QAX@Z 00407380 f i libvcruntimed:winapi_downlevel.obj
 0001:00006380       ??$__crt_interlocked_exchange_pointer@XPAX@@YAPAXPDSAXQAX@Z 00407380 f i libvcruntimed:winapi_downlevel.obj
 0001:00006380       ??$__crt_interlocked_exchange_pointer@UHINSTANCE__@@PAU1@@@YAPAUHINSTANCE__@@PDSAU0@QAU0@@Z 00407380 f i libvcruntimed:winapi_downlevel.obj
 0001:00006390       ??$__crt_interlocked_read_pointer@UHINSTANCE__@@@@YAPAUHINSTANCE__@@PDSAU0@@Z 00407390 f i libvcruntimed:winapi_downlevel.obj
 0001:00006390       ??$__crt_interlocked_read_pointer@X@@YAPAXPDSAX@Z 00407390 f i libvcruntimed:winapi_downlevel.obj
 0001:000063b0       ?__crt_fast_encode_pointer@@YA?AU__crt_fast_encoded_nullptr_t@@$$T@Z 004073b0 f i libvcruntimed:winapi_downlevel.obj
 0001:00006800       ___vcrt_EventRegister      00407800 f   libvcruntimed:winapi_downlevel.obj
 0001:00006840       ___vcrt_EventSetInformation 00407840 f   libvcruntimed:winapi_downlevel.obj
 0001:00006890       ___vcrt_EventUnregister    00407890 f   libvcruntimed:winapi_downlevel.obj
 0001:000068d0       ___vcrt_EventWriteTransfer 004078d0 f   libvcruntimed:winapi_downlevel.obj
 0001:00006920       ___vcrt_FlsAlloc           00407920 f   libvcruntimed:winapi_downlevel.obj
 0001:00006960       ___vcrt_FlsFree            00407960 f   libvcruntimed:winapi_downlevel.obj
 0001:000069a0       ___vcrt_FlsGetValue        004079a0 f   libvcruntimed:winapi_downlevel.obj
 0001:000069e0       ___vcrt_FlsSetValue        004079e0 f   libvcruntimed:winapi_downlevel.obj
 0001:00006a30       ___vcrt_InitializeCriticalSectionEx 00407a30 f   libvcruntimed:winapi_downlevel.obj
 0001:00006a80       ___vcrt_initialize_winapi_thunks 00407a80 f   libvcruntimed:winapi_downlevel.obj
 0001:00006ae0       ___vcrt_uninitialize_winapi_thunks 00407ae0 f   libvcruntimed:winapi_downlevel.obj
 0001:00006b50       __local_unwind4            00407b50 f   libvcruntimed:_exsup4_.obj
 0001:00006c26       __seh_longjmp_unwind4@4    00407c26 f   libvcruntimed:_exsup4_.obj
 0001:00006c4e       @_EH4_CallFilterFunc@8     00407c4e f   libvcruntimed:_exsup4_.obj
 0001:00006c65       @_EH4_TransferToHandler@8  00407c65 f   libvcruntimed:_exsup4_.obj
 0001:00006c7e       @_EH4_GlobalUnwind2@8      00407c7e f   libvcruntimed:_exsup4_.obj
 0001:00006c97       @_EH4_LocalUnwind@16       00407c97 f   libvcruntimed:_exsup4_.obj
 0001:00006cb0       ___except_validate_context_record 00407cb0 f   libvcruntimed:jbcxrval.obj
 0001:00006d00       ___except_validate_jump_buffer 00407d00 f   libvcruntimed:jbcxrval.obj
 0001:00006d50       ??$?RD@__crt_internal_free_policy@@QBEXQBD@Z 00407d50 f i libvcruntimed:std_type_info.obj
 0001:00006d50       ??$?RU__vcrt_ptd@@@__crt_internal_free_policy@@QBEXQBU__vcrt_ptd@@@Z 00407d50 f i libvcruntimed:per_thread_data.obj
 0001:00006d70       ??1?$__crt_unique_heap_ptr@U__vcrt_ptd@@U__crt_internal_free_policy@@@@QAE@XZ 00407d70 f i libvcruntimed:per_thread_data.obj
 0001:00006d70       ??1?$__crt_unique_heap_ptr@DU__crt_internal_free_policy@@@@QAE@XZ 00407d70 f i libvcruntimed:std_type_info.obj
 0001:00006d90       ??B?$__crt_unique_heap_ptr@U__vcrt_ptd@@U__crt_internal_free_policy@@@@QBE_NXZ 00407d90 f i libvcruntimed:per_thread_data.obj
 0001:00006d90       ??B?$__crt_unique_heap_ptr@DU__crt_public_free_policy@@@@QBE_NXZ 00407d90 f i libvcruntimed:std_exception.obj
 0001:00006d90       ??B?$__crt_unique_heap_ptr@DU__crt_internal_free_policy@@@@QBE_NXZ 00407d90 f i libvcruntimed:std_type_info.obj
 0001:00006db0       ?detach@?$__crt_unique_heap_ptr@DU__crt_public_free_policy@@@@QAEPADXZ 00407db0 f i libvcruntimed:std_exception.obj
 0001:00006db0       ?detach@?$__crt_unique_heap_ptr@U__vcrt_ptd@@U__crt_internal_free_policy@@@@QAEPAU__vcrt_ptd@@XZ 00407db0 f i libvcruntimed:per_thread_data.obj
 0001:00006de0       ?get@?$__crt_unique_heap_ptr@U__vcrt_ptd@@U__crt_internal_free_policy@@@@QBEPAU__vcrt_ptd@@XZ 00407de0 f i libvcruntimed:per_thread_data.obj
 0001:00006de0       ?get@?$__crt_unique_heap_ptr@DU__crt_public_free_policy@@@@QBEPADXZ 00407de0 f i libvcruntimed:std_exception.obj
 0001:00006de0       ?get@?$__crt_unique_heap_ptr@DU__crt_internal_free_policy@@@@QBEPADXZ 00407de0 f i libvcruntimed:std_type_info.obj
 0001:00006df0       ?is_valid@?$__crt_unique_heap_ptr@U__vcrt_ptd@@U__crt_internal_free_policy@@@@QBE_NXZ 00407df0 f i libvcruntimed:per_thread_data.obj
 0001:00006df0       ?is_valid@?$__crt_unique_heap_ptr@DU__crt_internal_free_policy@@@@QBE_NXZ 00407df0 f i libvcruntimed:std_type_info.obj
 0001:00006df0       ?is_valid@?$__crt_unique_heap_ptr@DU__crt_public_free_policy@@@@QBE_NXZ 00407df0 f i libvcruntimed:std_exception.obj
 0001:00006e20       ?release@?$__crt_unique_heap_ptr@DU__crt_internal_free_policy@@@@QAEXXZ 00407e20 f i libvcruntimed:std_type_info.obj
 0001:00006e20       ?release@?$__crt_unique_heap_ptr@U__vcrt_ptd@@U__crt_internal_free_policy@@@@QAEXXZ 00407e20 f i libvcruntimed:per_thread_data.obj
 0001:00006e80       ___vcrt_freefls@4          00407e80 f   libvcruntimed:per_thread_data.obj
 0001:00006eb0       ___vcrt_getptd             00407eb0 f   libvcruntimed:per_thread_data.obj
 0001:00006ed0       ___vcrt_getptd_noexit      00407ed0 f   libvcruntimed:per_thread_data.obj
 0001:00006fc0       ___vcrt_initialize_ptd     00407fc0 f   libvcruntimed:per_thread_data.obj
 0001:00007010       ___vcrt_uninitialize_ptd   00408010 f   libvcruntimed:per_thread_data.obj
 0001:00007040       ___vcrt_initialize_locks   00408040 f   libvcruntimed:locks.obj
 0001:000070a0       ___vcrt_uninitialize_locks 004080a0 f   libvcruntimed:locks.obj
 0001:000070f0       ___vcrt_initialize_pure_virtual_call_handler 004080f0 f   libvcruntimed:purevirt_data.obj
 0001:00007120       ??$__vcrt_va_start_verify_argument_type@QBD@@YAXXZ 00408120 f i libvcruntimed:undname.obj
 0001:00007120       __initialize_denormal_control 00408120 f i LIBCMTD:denormal_control.obj
 0001:00007120       __initialize_invalid_parameter_handler 00408120 f i LIBCMTD:invalid_parameter_handler.obj
 0001:00007130       __vsprintf_s_l             00408130 f i libvcruntimed:undname.obj
 0001:00007180       _sprintf_s                 00408180 f i libvcruntimed:undname.obj
 0001:000071c0       __global_unwind2           004081c0 f   libvcruntimed:_exsup_.obj
 0001:00007225       __local_unwind2            00408225 f   libvcruntimed:_exsup_.obj
 0001:000072a9       __abnormal_termination     004082a9 f   libvcruntimed:_exsup_.obj
 0001:000072cc       __NLG_Notify1              004082cc f   libvcruntimed:_exsup_.obj
 0001:000072d5       __NLG_Notify               004082d5 f   libvcruntimed:_exsup_.obj
 0001:000072ec       __NLG_Dispatch2            004082ec     libvcruntimed:_exsup_.obj
 0001:000072ec       __NLG_Dispatch             004082ec     libvcruntimed:_exsup_.obj
 0001:000072f4       __NLG_Call                 004082f4 f   libvcruntimed:_exsup_.obj
 0001:000072f6       __NLG_Return2              004082f6     libvcruntimed:_exsup_.obj
 0001:00007300       ??$__crt_fast_decode_pointer@PAP6AXXZ@@YAPAP6AXXZQAP6AXXZ@Z 00408300 f i LIBCMTD:utility.obj
 0001:00007300       ??$__crt_fast_decode_pointer@P6AXXZ@@YAP6AXXZQ6AXXZ@Z 00408300 f i libvcruntimed:purevirt.obj
 0001:00007300       ??$__crt_fast_decode_pointer@PAX@@YAPAXQAX@Z 00408300 f i libvcruntimed:winapi_downlevel.obj
 0001:00007330       __errcode                  00408330 f   libucrtd:fpexcept.obj
 0001:000073a0       __except1                  004083a0 f   libucrtd:fpexcept.obj
 0001:000074f0       __handle_exc               004084f0 f   libucrtd:fpexcept.obj
 0001:00007810       __raise_exc                00408810 f   libucrtd:fpexcept.obj
 0001:00007840       __raise_exc_ex             00408840 f   libucrtd:fpexcept.obj
 0001:00007dc0       __set_errno_from_matherr   00408dc0 f   libucrtd:fpexcept.obj
 0001:00007e00       __umatherr                 00408e00 f   libucrtd:fpexcept.obj
 0001:00007ef0       __seh_filter_exe           00408ef0 f   libucrtd:exception_filter.obj
 0001:000082c0       ___acrt_report_runtime_error 004092c0 f   libucrtd:report_runtime_error.obj
 0001:000084b0       __invoke_watson_if_error   004094b0 f i libucrtd:report_runtime_error.obj
 0001:000084e0       __query_app_type           004094e0 f   libucrtd:report_runtime_error.obj
 0001:000084f0       __set_app_type             004094f0 f   libucrtd:report_runtime_error.obj
 0001:00008500       ?get_invalid_value@__crt_hmodule_traits@@SAPAUHINSTANCE__@@XZ 00409500 f i libucrtd:exit.obj
 0001:00008500       ?get_current_state_index@__crt_state_management@@YAIXZ 00409500 f i libucrtd:matherr.obj
 0001:00008510       ___acrt_has_user_matherr   00409510 f   libucrtd:matherr.obj
 0001:00008550       ___acrt_initialize_user_matherr 00409550 f   libucrtd:matherr.obj
 0001:00008570       ___acrt_invoke_user_matherr 00409570 f   libucrtd:matherr.obj
 0001:000085d0       ___setusermatherr          004095d0 f   libucrtd:matherr.obj
 0001:00008890       ??$get_module_file_name@$$TAAY0BAF@DH@?$__crt_char_traits@D@@SAK$$QA$$TAAY0BAF@D$$QAH@Z 00409890 f i libucrtd:argv_parsing.obj
 0001:00008890       ??$get_module_file_name@AAPAUHINSTANCE__@@AAY0BAF@DK@?$__crt_char_traits@D@@SAKAAPAUHINSTANCE__@@AAY0BAF@D$$QAK@Z 00409890 f i libucrtd:dbgrpt.obj
 0001:00008c20       ??$set_program_name@PAD@?$__crt_char_traits@D@@SAX$$QAPAD@Z 00409c20 f i libucrtd:argv_parsing.obj
 0001:00008cc0       ?is_valid@?$__crt_unique_heap_ptr@EU__crt_internal_free_policy@@@@QBE_NXZ 00409cc0 f i libucrtd:argv_parsing.obj
 0001:00008cc0       ??B?$__crt_scoped_stack_ptr@_W@@QBE_NXZ 00409cc0 f i libucrtd:lcmapstringa.obj
 0001:00008cc0       ?is_valid@?$__crt_unique_heap_ptr@U__crt_multibyte_data@@U__crt_internal_free_policy@@@@QBE_NXZ 00409cc0 f i libucrtd:wsetlocale.obj
 0001:00008cc0       ?is_valid@?$__crt_unique_heap_ptr@U__acrt_ptd@@U__crt_internal_free_policy@@@@QBE_NXZ 00409cc0 f i libucrtd:per_thread_data.obj
 0001:00008cc0       ?is_valid@?$__crt_unique_heap_ptr@U__crt_lowio_handle_data@@U__crt_internal_free_policy@@@@QBE_NXZ 00409cc0 f i libucrtd:osfinfo.obj
 0001:00008cc0       ?valid@__crt_stdio_stream@@QBE_NXZ 00409cc0 f i libucrtd:output.obj
 0001:00008cf0       ___acrt_allocate_buffer_for_argv 00409cf0 f   libucrtd:argv_parsing.obj
 0001:00008db0       __configure_narrow_argv    00409db0 f   libucrtd:argv_parsing.obj
 0001:00008dd0       __set_pgmptr               00409dd0 f i libucrtd:argv_parsing.obj
 0001:00008f75       ??$tcslen@AAPAD@?$__crt_char_traits@D@@SAIAAPAD@Z 00409f75 f i libucrtd:environment_initialization.obj
 0001:00008f8d       ??$uninitialize@A6AXAAPAPA_W@Z@?$dual_state_global@PAPA_W@__crt_state_management@@QAEXA6AXAAPAPA_W@Z@Z 00409f8d f i libucrtd:environment_initialization.obj
 0001:00008f8d       ??$uninitialize@A6AXAAPAPAD@Z@?$dual_state_global@PAPAD@__crt_state_management@@QAEXA6AXAAPAPAD@Z@Z 00409f8d f i libucrtd:environment_initialization.obj
 0001:00009003       ??B?$__crt_unique_heap_ptr@PADU__crt_internal_free_policy@@@@QBE_NXZ 0040a003 f i libucrtd:environment_initialization.obj
 0001:0000900b       ?detach@?$__crt_unique_heap_ptr@DU__crt_internal_free_policy@@@@QAEPADXZ 0040a00b f i libucrtd:environment_initialization.obj
 0001:00009011       ?initialize@?$dual_state_global@PAPAD@__crt_state_management@@QAEXQAPAD@Z 0040a011 f i libucrtd:environment_initialization.obj
 0001:00009042       ___dcrt_uninitialize_environments_nolock 0040a042 f   libucrtd:environment_initialization.obj
 0001:00009079       __initialize_narrow_environment 0040a079 f   libucrtd:environment_initialization.obj
 0001:000091b0       __get_narrow_winmain_command_line 0040a1b0 f   libucrtd:argv_winmain.obj
 0001:000091c0       __initterm                 0040a1c0 f   libucrtd:initterm.obj
 0001:00009220       __initterm_e               0040a220 f   libucrtd:initterm.obj
 0001:00009290       ??$?B$$A6AXH@Z@__crt_fast_encoded_nullptr_t@@QBEP6AXH@ZXZ 0040a290 f i libucrtd:signal.obj
 0001:00009290       ??$?B$$A6GXPAXK0@Z@__crt_fast_encoded_nullptr_t@@QBEP6GXPAXK0@ZXZ 0040a290 f i libucrtd:exit.obj
 0001:000092b0       ??$__crt_fast_encode_pointer@P6AHXZ@@YAP6AHXZQ6AHXZ@Z 0040a2b0 f i libucrtd:onexit.obj
 0001:000092b0       ??$__crt_fast_encode_pointer@P6GXPAXK0@Z@@YAP6GXPAXK0@ZQ6GX0K0@Z@Z 0040a2b0 f i libucrtd:exit.obj
 0001:000092b0       ??$__crt_fast_encode_pointer@P6AHPAU_exception@@@Z@@YAP6AHPAU_exception@@@ZQ6AH0@Z@Z 0040a2b0 f i libucrtd:matherr.obj
 0001:000092b0       ??$__crt_fast_encode_pointer@P6AXH@Z@@YAP6AXH@ZQ6AXH@Z@Z 0040a2b0 f i libucrtd:signal.obj
 0001:000092e0       ??$__crt_get_proc_address@P6GXI@Z@@YAP6GXI@ZQAUHINSTANCE__@@QBD@Z 0040a2e0 f i libucrtd:exit.obj
 0001:00009300       ??$__crt_interlocked_read@J@@YAJPDJ@Z 0040a300 f i libucrtd:exit.obj
 0001:00009320       ??1?$__crt_unique_handle_t@U__crt_hmodule_traits@@@@QAE@XZ 0040a320 f i libucrtd:exit.obj
 0001:00009340       ?__crt_interlocked_read_32@@YAHPDH@Z 0040a340 f i libucrtd:exit.obj
 0001:00009380       ?close@?$__crt_unique_handle_t@U__crt_hmodule_traits@@@@QAEXXZ 0040a380 f i libucrtd:exit.obj
 0001:000093c0       ?close@__crt_hmodule_traits@@SA_NPAUHINSTANCE__@@@Z 0040a3c0 f i libucrtd:exit.obj
 0001:000095f0       ?dangerous_get_state_array@?$dual_state_global@PAE@__crt_state_management@@QAEPAPAEXZ 0040a5f0 f i libucrtd:mbctype.obj
 0001:000095f0       ?dangerous_get_state_array@?$dual_state_global@PAU__crt_multibyte_data@@@__crt_state_management@@QAEPAPAU__crt_multibyte_data@@XZ 0040a5f0 f i libucrtd:mbctype.obj
 0001:000095f0       ?get_address_of@?$__crt_unique_heap_ptr@PADU__crt_internal_free_policy@@@@QAEPAPAPADXZ 0040a5f0 f i libucrtd:argv_parsing.obj
 0001:000095f0       ?get_address_of@?$__crt_unique_handle_t@U__crt_hmodule_traits@@@@QAEPAPAUHINSTANCE__@@XZ 0040a5f0 f i libucrtd:exit.obj
 0001:000095f0       ?dangerous_get_state_array@?$dual_state_global@PAU__crt_locale_data@@@__crt_state_management@@QAEPAPAU__crt_locale_data@@XZ 0040a5f0 f i libucrtd:per_thread_data.obj
 0001:00009780       ___acrt_initialize_thread_local_exit_callback 0040a780 f   libucrtd:exit.obj
 0001:00009790       __c_exit                   0040a790 f   libucrtd:exit.obj
 0001:000097b0       __cexit                    0040a7b0 f   libucrtd:exit.obj
 0001:000097d0       __exit                     0040a7d0 f   libucrtd:exit.obj
 0001:000097f0       __register_thread_local_exe_atexit_callback 0040a7f0 f   libucrtd:exit.obj
 0001:00009830       _exit                      0040a830 f   libucrtd:exit.obj
 0001:00009850       ?value@?$dual_state_global@P6AXPB_W00II@Z@__crt_state_management@@QAEAAP6AXPB_W00II@ZXZ 0040a850 f i libucrtd:invalid_parameter.obj
 0001:00009850       ?value@?$dual_state_global@PAU__crt_multibyte_data@@@__crt_state_management@@QAEAAPAU__crt_multibyte_data@@XZ 0040a850 f i libucrtd:mbctype.obj
 0001:00009850       ?value@?$dual_state_global@PAE@__crt_state_management@@QAEAAPAEXZ 0040a850 f i libucrtd:mbctype.obj
 0001:00009850       ?value@?$dual_state_global@PAU__crt_locale_data@@@__crt_state_management@@QAEAAPAU__crt_locale_data@@XZ 0040a850 f i libucrtd:wsetlocale.obj
 0001:00009850       ?value@?$dual_state_global@P6AXH@Z@__crt_state_management@@QAEAAP6AXH@ZXZ 0040a850 f i libucrtd:signal.obj
 0001:00009850       ?value@?$dual_state_global@P6AHI@Z@__crt_state_management@@QAEAAP6AHI@ZXZ 0040a850 f i libucrtd:new_handler.obj
 0001:00009850       ?value@?$dual_state_global@J@__crt_state_management@@QAEAAJXZ 0040a850 f i libucrtd:new_mode.obj
 0001:00009850       ?value@?$dual_state_global@H@__crt_state_management@@QAEAAHXZ 0040a850 f i libucrtd:setmode.obj
 0001:00009850       ?value@?$dual_state_global@P6AHPAU_exception@@@Z@__crt_state_management@@QAEAAP6AHPAU_exception@@@ZXZ 0040a850 f i libucrtd:matherr.obj
 0001:00009870       __set_fmode                0040a870 f   libucrtd:setmode.obj
 0001:00009920       ??$?RV<lambda_4393c4b5ef78814305fd0c1b31d2e9a8>@@AAV<lambda_85fa512c59a4d94d4a89f575eefd92a6>@@V<lambda_8f70eeb8060c49130c088d3137313000>@@@?$__crt_seh_guarded_call@X@@QAEX$$QAV<lambda_4393c4b5ef78814305fd0c1b31d2e9a8>@@AAV<lambda_85fa512c59a4d94d4a89f575eefd92a6>@@$$QAV<lambda_8f70eeb8060c49130c088d3137313000>@@@Z 0040a920 f i libucrtd:wsetlocale.obj
 0001:000099a0       ??$__acrt_lock_and_call@V<lambda_85fa512c59a4d94d4a89f575eefd92a6>@@@@YAXW4__acrt_lock_id@@$$QAV<lambda_85fa512c59a4d94d4a89f575eefd92a6>@@@Z 0040a9a0 f i libucrtd:wsetlocale.obj
 0001:000099e0       ??$uninitialize@V<lambda_6b129e2e150a224552ea232eca9364df>@@@?$dual_state_global@PAU__crt_locale_data@@@__crt_state_management@@QAEX$$QAV<lambda_6b129e2e150a224552ea232eca9364df>@@@Z 0040a9e0 f i libucrtd:wsetlocale.obj
 0001:00009a20       ??0?$__crt_unique_heap_ptr@U__acrt_ptd@@U__crt_internal_free_policy@@@@QAE@QAU__acrt_ptd@@@Z 0040aa20 f i libucrtd:per_thread_data.obj
 0001:00009a20       ??0?$string_output_adapter@D@__crt_stdio_output@@QAE@QAU?$string_output_adapter_context@D@1@@Z 0040aa20 f i libucrtd:output.obj
 0001:00009a20       ??0?$__crt_unique_heap_ptr@U__crt_multibyte_data@@U__crt_internal_free_policy@@@@QAE@QAU__crt_multibyte_data@@@Z 0040aa20 f i libucrtd:wsetlocale.obj
 0001:00009a20       ??0?$__crt_unique_heap_ptr@EU__crt_internal_free_policy@@@@QAE@QAE@Z 0040aa20 f i libucrtd:argv_parsing.obj
 0001:00009a20       ??0?$__crt_unique_handle_t@U__crt_handle_traits@@@@QAE@QAX@Z 0040aa20 f i libucrtd:crtmbox.obj
 0001:00009a20       ??0?$__crt_unique_heap_ptr@P6AXXZU__crt_internal_free_policy@@@@QAE@QAP6AXXZ@Z 0040aa20 f i libucrtd:onexit.obj
 0001:00009a20       ??0?$__crt_unique_handle_t@U__crt_findfile_traits@@@@QAE@QAX@Z 0040aa20 f i libucrtd:argv_wildcards.obj
 0001:00009a20       ??0?$__crt_scoped_stack_ptr@_W@@QAE@U?$__crt_scoped_stack_ptr_tag@_W@@@Z 0040aa20 f i libucrtd:getstringtypea.obj
 0001:00009a20       ??0?$__crt_unique_heap_ptr@PAU__crt_stdio_stream_data@@U__crt_internal_free_policy@@@@QAE@QAPAU__crt_stdio_stream_data@@@Z 0040aa20 f i libucrtd:_file.obj
 0001:00009a20       ??0__crt_stdio_stream@@QAE@QAU__crt_stdio_stream_data@@@Z 0040aa20 f i libucrtd:fflush.obj
 0001:00009a20       ??0?$__crt_unique_heap_ptr@PADU__crt_internal_free_policy@@@@QAE@QAPAD@Z 0040aa20 f i libucrtd:argv_parsing.obj
 0001:00009a20       ??0?$__crt_unique_heap_ptr@U__crt_lowio_handle_data@@U__crt_internal_free_policy@@@@QAE@QAU__crt_lowio_handle_data@@@Z 0040aa20 f i libucrtd:osfinfo.obj
 0001:00009a20       ??0?$string_output_adapter@_W@__crt_stdio_output@@QAE@QAU?$string_output_adapter_context@_W@1@@Z 0040aa20 f i libucrtd:output.obj
 0001:00009a20       ??0?$__crt_unique_handle_t@U__crt_hmodule_traits@@@@QAE@QAUHINSTANCE__@@@Z 0040aa20 f i libucrtd:exit.obj
 0001:00009a20       ??0__crt_stdio_stream@@QAE@QAU_iobuf@@@Z 0040aa20 f i libucrtd:output.obj
 0001:00009a20       ??0?$__crt_scoped_stack_ptr_tag@_W@@QAE@QA_W@Z 0040aa20 f i libucrtd:getstringtypea.obj
 0001:00009aa0       ___acrt_set_locale_changed 0040aaa0 f   libucrtd:wsetlocale.obj
 0001:00009ac0       ___acrt_uninitialize_locale 0040aac0 f   libucrtd:wsetlocale.obj
 0001:00009ae0       __configthreadlocale       0040aae0 f   libucrtd:wsetlocale.obj
 0001:00009c10       __query_new_mode           0040ac10 f   libucrtd:new_mode.obj
 0001:00009c30       __set_new_mode             0040ac30 f   libucrtd:new_mode.obj
 0001:00009cd0       ___p__commode              0040acd0 f   libucrtd:ncommode.obj
 0001:00009ce0       ??$?BP6AXXZ@__crt_fast_encoded_nullptr_t@@QBEPAP6AXXZXZ 0040ace0 f i libucrtd:onexit.obj
 0001:00009d00       ??$?RV<lambda_821a00fc0e15a7fd532972332124005d>@@AAV<lambda_942beefa13ab35ff55f86422493ffd6a>@@V<lambda_3ab53bf64df1f1ff33dbc5b1929ce7a7>@@@?$__crt_seh_guarded_call@H@@QAEH$$QAV<lambda_821a00fc0e15a7fd532972332124005d>@@AAV<lambda_942beefa13ab35ff55f86422493ffd6a>@@$$QAV<lambda_3ab53bf64df1f1ff33dbc5b1929ce7a7>@@@Z 0040ad00 f i libucrtd:onexit.obj
 0001:00009d90       ??$?RV<lambda_a12890e7f9ac9927a62bd0bbd5044c78>@@AAV<lambda_e971338317bfa523bb8920b43d823727>@@V<lambda_e618b16d59e79e236350cab8485990d2>@@@?$__crt_seh_guarded_call@H@@QAEH$$QAV<lambda_a12890e7f9ac9927a62bd0bbd5044c78>@@AAV<lambda_e971338317bfa523bb8920b43d823727>@@$$QAV<lambda_e618b16d59e79e236350cab8485990d2>@@@Z 0040ad90 f i libucrtd:onexit.obj
 0001:00009e20       ??$__acrt_lock_and_call@V<lambda_942beefa13ab35ff55f86422493ffd6a>@@@@YAHW4__acrt_lock_id@@$$QAV<lambda_942beefa13ab35ff55f86422493ffd6a>@@@Z 0040ae20 f i libucrtd:onexit.obj
 0001:00009e60       ??$__acrt_lock_and_call@V<lambda_e971338317bfa523bb8920b43d823727>@@@@YAHW4__acrt_lock_id@@$$QAV<lambda_e971338317bfa523bb8920b43d823727>@@@Z 0040ae60 f i libucrtd:onexit.obj
 0001:0000a250       ?detach@?$__crt_unique_heap_ptr@EU__crt_internal_free_policy@@@@QAEPAEXZ 0040b250 f i libucrtd:argv_parsing.obj
 0001:0000a250       ?detach@?$__crt_unique_heap_ptr@U__crt_lowio_handle_data@@U__crt_internal_free_policy@@@@QAEPAU__crt_lowio_handle_data@@XZ 0040b250 f i libucrtd:osfinfo.obj
 0001:0000a250       ?detach@?$__crt_unique_heap_ptr@PADU__crt_internal_free_policy@@@@QAEPAPADXZ 0040b250 f i libucrtd:argv_parsing.obj
 0001:0000a250       ?detach@?$__crt_unique_heap_ptr@U__acrt_ptd@@U__crt_internal_free_policy@@@@QAEPAU__acrt_ptd@@XZ 0040b250 f i libucrtd:per_thread_data.obj
 0001:0000a250       ?detach@?$__crt_unique_heap_ptr@P6AXXZU__crt_internal_free_policy@@@@QAEPAP6AXXZXZ 0040b250 f i libucrtd:onexit.obj
 0001:0000a250       ?detach@?$__crt_unique_heap_ptr@PAU__crt_stdio_stream_data@@U__crt_internal_free_policy@@@@QAEPAPAU__crt_stdio_stream_data@@XZ 0040b250 f i libucrtd:_file.obj
 0001:0000a250       ?detach@?$__crt_unique_heap_ptr@U__crt_multibyte_data@@U__crt_internal_free_policy@@@@QAEPAU__crt_multibyte_data@@XZ 0040b250 f i libucrtd:wsetlocale.obj
 0001:0000a280       __crt_atexit               0040b280 f   libucrtd:onexit.obj
 0001:0000a2a0       __execute_onexit_table     0040b2a0 f   libucrtd:onexit.obj
 0001:0000a2d0       __initialize_onexit_table  0040b2d0 f   libucrtd:onexit.obj
 0001:0000a330       __register_onexit_function 0040b330 f   libucrtd:onexit.obj
 0001:0000a3d0       ___acrt_uninitialize_command_line 0040b3d0 f   libucrtd:argv_data.obj
 0001:0000a530       ??$uninitialize@V<lambda_c3040c0a6a4a8d26c9e8356dc2fac8c5>@@@?$dual_state_global@PAU__crt_multibyte_data@@@__crt_state_management@@QAEX$$QAV<lambda_c3040c0a6a4a8d26c9e8356dc2fac8c5>@@@Z 0040b530 f i libucrtd:initialization.obj
 0001:0000a5c0       ___acrt_initialize         0040b5c0 f   libucrtd:initialization.obj
 0001:0000a5e0       ___acrt_uninitialize       0040b5e0 f   libucrtd:initialization.obj
 0001:0000a600       __controlfp_s              0040b600 f   libucrtd:contrlfp.obj
 0001:0000a6f0       _terminate                 0040b6f0 f   libucrtd:terminate.obj
 0001:0000a790       _wcslen                    0040b790 f   libucrtd:wcslen.obj
 0001:0000a7d0       _strlen                    0040b7d0 f   libucrtd:strlen.obj
 0001:0000a860       ??0_LocaleUpdate@@QAE@QAU__crt_locale_pointers@@@Z 0040b860 f i libucrtd:debug_heap.obj
 0001:0000a940       ??1_LocaleUpdate@@QAE@XZ   0040b940 f i libucrtd:debug_heap.obj
 0001:0000a980       ?GetLocaleT@_LocaleUpdate@@QAEPAU__crt_locale_pointers@@XZ 0040b980 f i libucrtd:debug_heap.obj
 0001:0000c230       __CrtCheckMemory           0040d230 f   libucrtd:debug_heap.obj
 0001:0000c3c0       __CrtDumpMemoryLeaks       0040d3c0 f   libucrtd:debug_heap.obj
 0001:0000c460       __CrtIsValidHeapPointer    0040d460 f   libucrtd:debug_heap.obj
 0001:0000c490       __CrtIsValidPointer        0040d490 f   libucrtd:debug_heap.obj
 0001:0000c4c0       __CrtMemCheckpoint         0040d4c0 f   libucrtd:debug_heap.obj
 0001:0000c6f0       __CrtMemDumpAllObjectsSince 0040d6f0 f   libucrtd:debug_heap.obj
 0001:0000c790       __CrtSetDbgFlag            0040d790 f   libucrtd:debug_heap.obj
 0001:0000c900       __CrtSetDumpClient         0040d900 f   libucrtd:debug_heap.obj
 0001:0000c920       ___acrt_get_locale_data_prefix 0040d920 f i libucrtd:debug_heap.obj
 0001:0000c940       ___acrt_locale_changed     0040d940 f i libucrtd:debug_heap.obj
 0001:0000c970       __calloc_dbg               0040d970 f   libucrtd:debug_heap.obj
 0001:0000c9e0       __chvalidchk_l             0040d9e0 f i libucrtd:debug_heap.obj
 0001:0000ca00       __free_dbg                 0040da00 f   libucrtd:debug_heap.obj
 0001:0000cab0       __invoke_watson_if_oneof   0040dab0 f i libucrtd:debug_heap.obj
 0001:0000caf0       __ischartype_l             0040daf0 f i libucrtd:debug_heap.obj
 0001:0000cb40       __malloc_dbg               0040db40 f   libucrtd:debug_heap.obj
 0001:0000cb60       __msize_dbg                0040db60 f   libucrtd:debug_heap.obj
 0001:0000ccf0       __realloc_dbg              0040dcf0 f   libucrtd:debug_heap.obj
 0001:0000cd90       __recalloc_dbg             0040dd90 f   libucrtd:debug_heap.obj
 0001:0000d150       _strcpy_s                  0040e150 f   libucrtd:strcpy_s.obj
 0001:0000d170       _strcmp                    0040e170 f   libucrtd:strcmp.obj
 0001:0000d200       ??$__vcrt_va_start_verify_argument_type@QB_W@@YAXXZ 0040e200 f i libucrtd:dbgrpt.obj
 0001:0000dbc0       ??$get_module_file_name@AAPAUHINSTANCE__@@AAY0BAF@_WK@?$__crt_char_traits@_W@@SAKAAPAUHINSTANCE__@@AAY0BAF@_W$$QAK@Z 0040ebc0 f i libucrtd:dbgrpt.obj
 0001:0000dbe0       ??$tcscpy_s@AAY0BAF@DIPBD@?$__crt_char_traits@D@@SAHAAY0BAF@D$$QAI$$QAPBD@Z 0040ebe0 f i libucrtd:dbgrpt.obj
 0001:0000dc00       ??$tcscpy_s@AAY0BAF@_WIPB_W@?$__crt_char_traits@_W@@SAHAAY0BAF@_W$$QAI$$QAPB_W@Z 0040ec00 f i libucrtd:dbgrpt.obj
 0001:0000dc20       ??$tcslen@AAY0BAF@D@?$__crt_char_traits@D@@SAIAAY0BAF@D@Z 0040ec20 f i libucrtd:dbgrpt.obj
 0001:0000dc40       ??$tcslen@AAY0BAF@_W@?$__crt_char_traits@_W@@SAIAAY0BAF@_W@Z 0040ec40 f i libucrtd:dbgrpt.obj
 0001:0000dc60       ??$tcslen@ABQBD@?$__crt_char_traits@D@@SAIABQBD@Z 0040ec60 f i libucrtd:dbgrpt.obj
 0001:0000dc80       ??$tcslen@ABQB_W@?$__crt_char_traits@_W@@SAIABQB_W@Z 0040ec80 f i libucrtd:dbgrpt.obj
 0001:0000dce0       __CrtDbgReport             0040ece0 f   libucrtd:dbgrpt.obj
 0001:0000dd30       __CrtDbgReportW            0040ed30 f   libucrtd:dbgrpt.obj
 0001:0000dd80       ___acrt_MessageWindowA     0040ed80 f   libucrtd:dbgrpt.obj
 0001:0000ddb0       ___acrt_MessageWindowW     0040edb0 f   libucrtd:dbgrpt.obj
 0001:0000dde0       __snwprintf_s              0040ede0 f i libucrtd:dbgrpt.obj
 0001:0000de30       __vsnwprintf_s_l           0040ee30 f i libucrtd:dbgrpt.obj
 0001:0000de90       _abort                     0040ee90 f   libucrtd:abort.obj
 0001:0000df00       ??$?0ABV?$string_output_adapter@D@__crt_stdio_output@@AB_KABQBDABQAU__crt_locale_pointers@@ABQAD@?$format_validation_base@DV?$string_output_adapter@D@__crt_stdio_output@@@__crt_stdio_output@@IAE@ABV?$string_output_adapter@D@1@AB_KABQBDABQAU__crt_locale_pointers@@ABQAD@Z 0040ef00 f i libucrtd:output.obj
 0001:0000df30       ??$?0ABV?$string_output_adapter@D@__crt_stdio_output@@AB_KABQBDABQAU__crt_locale_pointers@@ABQAD@?$standard_base@DV?$string_output_adapter@D@__crt_stdio_output@@@__crt_stdio_output@@IAE@ABV?$string_output_adapter@D@1@AB_KABQBDABQAU__crt_locale_pointers@@ABQAD@Z 0040ef30 f i libucrtd:output.obj
 0001:0000df80       ??$?0ABV?$string_output_adapter@_W@__crt_stdio_output@@AB_KABQB_WABQAU__crt_locale_pointers@@ABQAD@?$format_validation_base@_WV?$string_output_adapter@_W@__crt_stdio_output@@@__crt_stdio_output@@IAE@ABV?$string_output_adapter@_W@1@AB_KABQB_WABQAU__crt_locale_pointers@@ABQAD@Z 0040ef80 f i libucrtd:output.obj
 0001:0000dfb0       ??$?0ABV?$string_output_adapter@_W@__crt_stdio_output@@AB_KABQB_WABQAU__crt_locale_pointers@@ABQAD@?$standard_base@_WV?$string_output_adapter@_W@__crt_stdio_output@@@__crt_stdio_output@@IAE@ABV?$string_output_adapter@_W@1@AB_KABQB_WABQAU__crt_locale_pointers@@ABQAD@Z 0040efb0 f i libucrtd:output.obj
 0001:0000f2c0       ??$count@D@formatting_buffer@__crt_stdio_output@@QBEIXZ 004102c0 f i libucrtd:output.obj
 0001:0000f300       ??$data@D@formatting_buffer@__crt_stdio_output@@QAEPADXZ 00410300 f i libucrtd:output.obj
 0001:0000f300       ??$data@_W@formatting_buffer@__crt_stdio_output@@QAEPA_WXZ 00410300 f i libucrtd:output.obj
 0001:0000f340       ??$ensure_buffer_is_big_enough@D@formatting_buffer@__crt_stdio_output@@QAE_NI@Z 00410340 f i libucrtd:output.obj
 0001:0000f420       ??$extract_argument_from_va_list@C_J@?$standard_base@_WV?$string_output_adapter@_W@__crt_stdio_output@@@__crt_stdio_output@@IAE_NAA_J@Z 00410420 f i libucrtd:output.obj
 0001:0000f420       ??$extract_argument_from_va_list@C_J@?$standard_base@DV?$string_output_adapter@D@__crt_stdio_output@@@__crt_stdio_output@@IAE_NAA_J@Z 00410420 f i libucrtd:output.obj
 0001:0000f450       ??$extract_argument_from_va_list@E_J@?$standard_base@_WV?$string_output_adapter@_W@__crt_stdio_output@@@__crt_stdio_output@@IAE_NAA_J@Z 00410450 f i libucrtd:output.obj
 0001:0000f450       ??$extract_argument_from_va_list@E_J@?$standard_base@DV?$string_output_adapter@D@__crt_stdio_output@@@__crt_stdio_output@@IAE_NAA_J@Z 00410450 f i libucrtd:output.obj
 0001:0000f480       ??$extract_argument_from_va_list@F_J@?$standard_base@DV?$string_output_adapter@D@__crt_stdio_output@@@__crt_stdio_output@@IAE_NAA_J@Z 00410480 f i libucrtd:output.obj
 0001:0000f480       ??$extract_argument_from_va_list@F_J@?$standard_base@_WV?$string_output_adapter@_W@__crt_stdio_output@@@__crt_stdio_output@@IAE_NAA_J@Z 00410480 f i libucrtd:output.obj
 0001:0000f4b0       ??$extract_argument_from_va_list@GD@?$standard_base@DV?$string_output_adapter@D@__crt_stdio_output@@@__crt_stdio_output@@IAE_NAAD@Z 004104b0 f i libucrtd:output.obj
 0001:0000f4e0       ??$extract_argument_from_va_list@G_J@?$standard_base@DV?$string_output_adapter@D@__crt_stdio_output@@@__crt_stdio_output@@IAE_NAA_J@Z 004104e0 f i libucrtd:output.obj
 0001:0000f4e0       ??$extract_argument_from_va_list@G_J@?$standard_base@_WV?$string_output_adapter@_W@__crt_stdio_output@@@__crt_stdio_output@@IAE_NAA_J@Z 004104e0 f i libucrtd:output.obj
 0001:0000f510       ??$extract_argument_from_va_list@H_J@?$standard_base@_WV?$string_output_adapter@_W@__crt_stdio_output@@@__crt_stdio_output@@IAE_NAA_J@Z 00410510 f i libucrtd:output.obj
 0001:0000f510       ??$extract_argument_from_va_list@H_J@?$standard_base@DV?$string_output_adapter@D@__crt_stdio_output@@@__crt_stdio_output@@IAE_NAA_J@Z 00410510 f i libucrtd:output.obj
 0001:0000f540       ??$extract_argument_from_va_list@I_J@?$standard_base@_WV?$string_output_adapter@_W@__crt_stdio_output@@@__crt_stdio_output@@IAE_NAA_J@Z 00410540 f i libucrtd:output.obj
 0001:0000f540       ??$extract_argument_from_va_list@I_J@?$standard_base@DV?$string_output_adapter@D@__crt_stdio_output@@@__crt_stdio_output@@IAE_NAA_J@Z 00410540 f i libucrtd:output.obj
 0001:0000f570       ??$extract_argument_from_va_list@PADPAD@?$standard_base@_WV?$string_output_adapter@_W@__crt_stdio_output@@@__crt_stdio_output@@IAE_NAAPAD@Z 00410570 f i libucrtd:output.obj
 0001:0000f570       ??$extract_argument_from_va_list@PAUansi_string@?1??type_case_Z@?$output_processor@_WV?$string_output_adapter@_W@__crt_stdio_output@@V?$format_validation_base@_WV?$string_output_adapter@_W@__crt_stdio_output@@@2@@__crt_stdio_output@@AAE_NXZ@PAU1?1??234@AAE_NXZ@@?$standard_base@_WV?$string_output_adapter@_W@__crt_stdio_output@@@__crt_stdio_output@@IAE_NAAPAUansi_string@?1??type_case_Z@?$output_processor@_WV?$string_output_adapter@_W@__crt_stdio_output@@V?$format_validation_base@_WV?$string_output_adapter@_W@__crt_stdio_output@@@2@@1@AAE_NXZ@@Z 00410570 f i libucrtd:output.obj
 0001:0000f570       ??$extract_argument_from_va_list@PADPAD@?$standard_base@DV?$string_output_adapter@D@__crt_stdio_output@@@__crt_stdio_output@@IAE_NAAPAD@Z 00410570 f i libucrtd:output.obj
 0001:0000f570       ??$extract_argument_from_va_list@PAUansi_string@?1??type_case_Z@?$output_processor@DV?$string_output_adapter@D@__crt_stdio_output@@V?$format_validation_base@DV?$string_output_adapter@D@__crt_stdio_output@@@2@@__crt_stdio_output@@AAE_NXZ@PAU1?1??234@AAE_NXZ@@?$standard_base@DV?$string_output_adapter@D@__crt_stdio_output@@@__crt_stdio_output@@IAE_NAAPAUansi_string@?1??type_case_Z@?$output_processor@DV?$string_output_adapter@D@__crt_stdio_output@@V?$format_validation_base@DV?$string_output_adapter@D@__crt_stdio_output@@@2@@1@AAE_NXZ@@Z 00410570 f i libucrtd:output.obj
 0001:0000f570       ??$extract_argument_from_va_list@PAXPAX@?$standard_base@DV?$string_output_adapter@D@__crt_stdio_output@@@__crt_stdio_output@@IAE_NAAPAX@Z 00410570 f i libucrtd:output.obj
 0001:0000f570       ??$extract_argument_from_va_list@PAXPAX@?$standard_base@_WV?$string_output_adapter@_W@__crt_stdio_output@@@__crt_stdio_output@@IAE_NAAPAX@Z 00410570 f i libucrtd:output.obj
 0001:0000f5a0       ??$extract_argument_from_va_list@U_CRT_DOUBLE@@U1@@?$standard_base@DV?$string_output_adapter@D@__crt_stdio_output@@@__crt_stdio_output@@IAE_NAAU_CRT_DOUBLE@@@Z 004105a0 f i libucrtd:output.obj
 0001:0000f5a0       ??$extract_argument_from_va_list@U_CRT_DOUBLE@@U1@@?$standard_base@_WV?$string_output_adapter@_W@__crt_stdio_output@@@__crt_stdio_output@@IAE_NAAU_CRT_DOUBLE@@@Z 004105a0 f i libucrtd:output.obj
 0001:0000f5f0       ??$extract_argument_from_va_list@_K_J@?$standard_base@_WV?$string_output_adapter@_W@__crt_stdio_output@@@__crt_stdio_output@@IAE_NAA_J@Z 004105f0 f i libucrtd:output.obj
 0001:0000f5f0       ??$extract_argument_from_va_list@_J_J@?$standard_base@DV?$string_output_adapter@D@__crt_stdio_output@@@__crt_stdio_output@@IAE_NAA_J@Z 004105f0 f i libucrtd:output.obj
 0001:0000f5f0       ??$extract_argument_from_va_list@_J_J@?$standard_base@_WV?$string_output_adapter@_W@__crt_stdio_output@@@__crt_stdio_output@@IAE_NAA_J@Z 004105f0 f i libucrtd:output.obj
 0001:0000f5f0       ??$extract_argument_from_va_list@_K_J@?$standard_base@DV?$string_output_adapter@D@__crt_stdio_output@@@__crt_stdio_output@@IAE_NAA_J@Z 004105f0 f i libucrtd:output.obj
 0001:0000f620       ??$extract_argument_from_va_list@_W_W@?$standard_base@_WV?$string_output_adapter@_W@__crt_stdio_output@@@__crt_stdio_output@@IAE_NAA_W@Z 00410620 f i libucrtd:output.obj
 0001:0000f620       ??$extract_argument_from_va_list@_W_W@?$standard_base@DV?$string_output_adapter@D@__crt_stdio_output@@@__crt_stdio_output@@IAE_NAA_W@Z 00410620 f i libucrtd:output.obj
 0001:0000f650       ??$is_wide_character_specifier@D@__crt_stdio_output@@YA_N_KDW4length_modifier@0@@Z 00410650 f i libucrtd:output.obj
 0001:0000f6d0       ??$is_wide_character_specifier@_W@__crt_stdio_output@@YA_N_K_WW4length_modifier@0@@Z 004106d0 f i libucrtd:output.obj
 0001:0000f790       ??$read_va_arg@E@__crt_stdio_output@@YAEAAPAD@Z 00410790 f i libucrtd:output.obj
 0001:0000f790       ??$read_va_arg@C@__crt_stdio_output@@YACAAPAD@Z 00410790 f i libucrtd:output.obj
 0001:0000f7b0       ??$read_va_arg@PAUansi_string@?1??type_case_Z@?$output_processor@_WV?$string_output_adapter@_W@__crt_stdio_output@@V?$format_validation_base@_WV?$string_output_adapter@_W@__crt_stdio_output@@@2@@__crt_stdio_output@@AAE_NXZ@@__crt_stdio_output@@YAPAUansi_string@?1??type_case_Z@?$output_processor@_WV?$string_output_adapter@_W@__crt_stdio_output@@V?$format_validation_base@_WV?$string_output_adapter@_W@__crt_stdio_output@@@2@@0@AAE_NXZ@AAPAD@Z 004107b0 f i libucrtd:output.obj
 0001:0000f7b0       ??$read_va_arg@PAD@__crt_stdio_output@@YAPADAAPAD@Z 004107b0 f i libucrtd:output.obj
 0001:0000f7b0       ??$read_va_arg@I@__crt_stdio_output@@YAIAAPAD@Z 004107b0 f i libucrtd:output.obj
 0001:0000f7b0       ??$read_va_arg@PAX@__crt_stdio_output@@YAPAXAAPAD@Z 004107b0 f i libucrtd:output.obj
 0001:0000f7b0       ??$read_va_arg@H@__crt_stdio_output@@YAHAAPAD@Z 004107b0 f i libucrtd:output.obj
 0001:0000f7b0       ??$read_va_arg@PAUansi_string@?1??type_case_Z@?$output_processor@DV?$string_output_adapter@D@__crt_stdio_output@@V?$format_validation_base@DV?$string_output_adapter@D@__crt_stdio_output@@@2@@__crt_stdio_output@@AAE_NXZ@@__crt_stdio_output@@YAPAUansi_string@?1??type_case_Z@?$output_processor@DV?$string_output_adapter@D@__crt_stdio_output@@V?$format_validation_base@DV?$string_output_adapter@D@__crt_stdio_output@@@2@@0@AAE_NXZ@AAPAD@Z 004107b0 f i libucrtd:output.obj
 0001:0000f7d0       ??$read_va_arg@_K@__crt_stdio_output@@YA_KAAPAD@Z 004107d0 f i libucrtd:output.obj
 0001:0000f7d0       ??$read_va_arg@_J@__crt_stdio_output@@YA_JAAPAD@Z 004107d0 f i libucrtd:output.obj
 0001:0000f7d0       ??$read_va_arg@U_CRT_DOUBLE@@@__crt_stdio_output@@YA?AU_CRT_DOUBLE@@AAPAD@Z 004107d0 f i libucrtd:output.obj
 0001:0000f7f0       ??$read_va_arg@_W@__crt_stdio_output@@YA_WAAPAD@Z 004107f0 f i libucrtd:output.obj
 0001:0000f7f0       ??$read_va_arg@G@__crt_stdio_output@@YAGAAPAD@Z 004107f0 f i libucrtd:output.obj
 0001:0000f7f0       ??$read_va_arg@F@__crt_stdio_output@@YAFAAPAD@Z 004107f0 f i libucrtd:output.obj
 0001:0000f810       ??$scratch_count@D@formatting_buffer@__crt_stdio_output@@QBEIXZ 00410810 f i libucrtd:output.obj
 0001:0000f830       ??$scratch_data@D@formatting_buffer@__crt_stdio_output@@QAEPADXZ 00410830 f i libucrtd:output.obj
 0001:0000f880       ??$tcstol@PBDPAPADH@?$__crt_char_traits@D@@SAJ$$QAPBD$$QAPAPAD$$QAH@Z 00410880 f i libucrtd:output.obj
 0001:0000f8b0       ??$tcstol@PB_WPAPA_WH@?$__crt_char_traits@_W@@SAJ$$QAPB_W$$QAPAPA_W$$QAH@Z 004108b0 f i libucrtd:output.obj
 0001:0000f8e0       ??$type_case_integer_parse_into_buffer@I@?$output_processor@DV?$string_output_adapter@D@__crt_stdio_output@@V?$format_validation_base@DV?$string_output_adapter@D@__crt_stdio_output@@@2@@__crt_stdio_output@@AAEXII_N@Z 004108e0 f i libucrtd:output.obj
 0001:0000f9b0       ??$type_case_integer_parse_into_buffer@I@?$output_processor@_WV?$string_output_adapter@_W@__crt_stdio_output@@V?$format_validation_base@_WV?$string_output_adapter@_W@__crt_stdio_output@@@2@@__crt_stdio_output@@AAEXII_N@Z 004109b0 f i libucrtd:output.obj
 0001:0000fa80       ??$type_case_integer_parse_into_buffer@_K@?$output_processor@DV?$string_output_adapter@D@__crt_stdio_output@@V?$format_validation_base@DV?$string_output_adapter@D@__crt_stdio_output@@@2@@__crt_stdio_output@@AAEX_KI_N@Z 00410a80 f i libucrtd:output.obj
 0001:0000fb80       ??$type_case_integer_parse_into_buffer@_K@?$output_processor@_WV?$string_output_adapter@_W@__crt_stdio_output@@V?$format_validation_base@_WV?$string_output_adapter@_W@__crt_stdio_output@@@2@@__crt_stdio_output@@AAEX_KI_N@Z 00410b80 f i libucrtd:output.obj
 0001:0000fc80       ??$write_multiple_characters@V?$string_output_adapter@D@__crt_stdio_output@@D@__crt_stdio_output@@YAXABV?$string_output_adapter@D@0@DHQAH@Z 00410c80 f i libucrtd:output.obj
 0001:0000fcd0       ??$write_multiple_characters@V?$string_output_adapter@_W@__crt_stdio_output@@D@__crt_stdio_output@@YAXABV?$string_output_adapter@_W@0@DHQAH@Z 00410cd0 f i libucrtd:output.obj
 0001:0000fd20       ??0?$common_data@D@__crt_stdio_output@@IAE@XZ 00410d20 f i libucrtd:output.obj
 0001:0000fdd0       ??0?$common_data@_W@__crt_stdio_output@@IAE@XZ 00410dd0 f i libucrtd:output.obj
 0001:0000fe80       ??0?$output_adapter_data@DV?$string_output_adapter@D@__crt_stdio_output@@@__crt_stdio_output@@IAE@ABV?$string_output_adapter@D@1@_KQBDQAU__crt_locale_pointers@@QAD@Z 00410e80 f i libucrtd:output.obj
 0001:0000fee0       ??0?$output_adapter_data@_WV?$string_output_adapter@_W@__crt_stdio_output@@@__crt_stdio_output@@IAE@ABV?$string_output_adapter@_W@1@_KQB_WQAU__crt_locale_pointers@@QAD@Z 00410ee0 f i libucrtd:output.obj
 0001:0000ff40       ??0?$output_processor@DV?$string_output_adapter@D@__crt_stdio_output@@V?$format_validation_base@DV?$string_output_adapter@D@__crt_stdio_output@@@2@@__crt_stdio_output@@QAE@ABV?$string_output_adapter@D@1@_KQBDQAU__crt_locale_pointers@@QAD@Z 00410f40 f i libucrtd:output.obj
 0001:0000ff80       ??0?$output_processor@_WV?$string_output_adapter@_W@__crt_stdio_output@@V?$format_validation_base@_WV?$string_output_adapter@_W@__crt_stdio_output@@@2@@__crt_stdio_output@@QAE@ABV?$string_output_adapter@_W@1@_KQB_WQAU__crt_locale_pointers@@QAD@Z 00410f80 f i libucrtd:output.obj
 0001:0000ffc0       ??0__crt_errno_guard@@QAE@QAH@Z 00410fc0 f i libucrtd:output.obj
 0001:0000fff0       ??0formatting_buffer@__crt_stdio_output@@QAE@XZ 00410ff0 f i libucrtd:output.obj
 0001:00010020       ??1?$common_data@_W@__crt_stdio_output@@QAE@XZ 00411020 f i libucrtd:output.obj
 0001:00010020       ??1?$common_data@D@__crt_stdio_output@@QAE@XZ 00411020 f i libucrtd:output.obj
 0001:00010040       ??1?$format_validation_base@_WV?$string_output_adapter@_W@__crt_stdio_output@@@__crt_stdio_output@@QAE@XZ 00411040 f i libucrtd:output.obj
 0001:00010040       ??1?$format_validation_base@DV?$string_output_adapter@D@__crt_stdio_output@@@__crt_stdio_output@@QAE@XZ 00411040 f i libucrtd:output.obj
 0001:00010060       ??1?$output_adapter_data@DV?$string_output_adapter@D@__crt_stdio_output@@@__crt_stdio_output@@QAE@XZ 00411060 f i libucrtd:output.obj
 0001:00010060       ??1?$output_adapter_data@_WV?$string_output_adapter@_W@__crt_stdio_output@@@__crt_stdio_output@@QAE@XZ 00411060 f i libucrtd:output.obj
 0001:00010080       ??1?$output_processor@DV?$string_output_adapter@D@__crt_stdio_output@@V?$format_validation_base@DV?$string_output_adapter@D@__crt_stdio_output@@@2@@__crt_stdio_output@@QAE@XZ 00411080 f i libucrtd:output.obj
 0001:00010080       ??1?$output_processor@_WV?$string_output_adapter@_W@__crt_stdio_output@@V?$format_validation_base@_WV?$string_output_adapter@_W@__crt_stdio_output@@@2@@__crt_stdio_output@@QAE@XZ 00411080 f i libucrtd:output.obj
 0001:000100a0       ??1?$standard_base@DV?$string_output_adapter@D@__crt_stdio_output@@@__crt_stdio_output@@QAE@XZ 004110a0 f i libucrtd:output.obj
 0001:000100a0       ??1?$standard_base@_WV?$string_output_adapter@_W@__crt_stdio_output@@@__crt_stdio_output@@QAE@XZ 004110a0 f i libucrtd:output.obj
 0001:000100c0       ??1__crt_errno_guard@@QAE@XZ 004110c0 f i libucrtd:output.obj
 0001:000100f0       ??1formatting_buffer@__crt_stdio_output@@QAE@XZ 004110f0 f i libucrtd:output.obj
 0001:00010110       ??4?$__crt_unique_heap_ptr@DU__crt_internal_free_policy@@@@QAEAAV0@$$QAV0@@Z 00411110 f i libucrtd:output.obj
 0001:00010140       ?adjust_hexit@?$output_processor@_WV?$string_output_adapter@_W@__crt_stdio_output@@V?$format_validation_base@_WV?$string_output_adapter@_W@__crt_stdio_output@@@2@@__crt_stdio_output@@CADH_N@Z 00411140 f i libucrtd:output.obj
 0001:00010140       ?adjust_hexit@?$output_processor@DV?$string_output_adapter@D@__crt_stdio_output@@V?$format_validation_base@DV?$string_output_adapter@D@__crt_stdio_output@@@2@@__crt_stdio_output@@CADH_N@Z 00411140 f i libucrtd:output.obj
 0001:00010180       ?advance_to_next_pass@?$standard_base@_WV?$string_output_adapter@_W@__crt_stdio_output@@@__crt_stdio_output@@IAE_NXZ 00411180 f i libucrtd:output.obj
 0001:00010180       ?advance_to_next_pass@?$standard_base@DV?$string_output_adapter@D@__crt_stdio_output@@@__crt_stdio_output@@IAE_NXZ 00411180 f i libucrtd:output.obj
 0001:000101d0       ?crop_zeroes@__crt_stdio_output@@YAXPADQAU__crt_locale_pointers@@@Z 004111d0 f i libucrtd:output.obj
 0001:000102d0       ?find_next_state@?$output_processor@DV?$string_output_adapter@D@__crt_stdio_output@@V?$format_validation_base@DV?$string_output_adapter@D@__crt_stdio_output@@@2@@__crt_stdio_output@@ABE?AW4state@2@DW432@@Z 004112d0 f i libucrtd:output.obj
 0001:00010350       ?find_next_state@?$output_processor@_WV?$string_output_adapter@_W@__crt_stdio_output@@V?$format_validation_base@_WV?$string_output_adapter@_W@__crt_stdio_output@@@2@@__crt_stdio_output@@ABE?AW4state@2@_WW432@@Z 00411350 f i libucrtd:output.obj
 0001:000103d0       ?force_decimal_point@__crt_stdio_output@@YAXPADQAU__crt_locale_pointers@@@Z 004113d0 f i libucrtd:output.obj
 0001:00010480       ?get_flags@__crt_stdio_stream@@QBEJXZ 00411480 f i libucrtd:output.obj
 0001:000104a0       ?has_flag@?$output_processor@_WV?$string_output_adapter@_W@__crt_stdio_output@@V?$format_validation_base@_WV?$string_output_adapter@_W@__crt_stdio_output@@@2@@__crt_stdio_output@@ABE_NI@Z 004114a0 f i libucrtd:output.obj
 0001:000104a0       ?has_flag@?$output_processor@DV?$string_output_adapter@D@__crt_stdio_output@@V?$format_validation_base@DV?$string_output_adapter@D@__crt_stdio_output@@@2@@__crt_stdio_output@@ABE_NI@Z 004114a0 f i libucrtd:output.obj
 0001:000104d0       ?is_string_backed@__crt_stdio_stream@@QBE_NXZ 004114d0 f i libucrtd:output.obj
 0001:00010510       ?narrow_null_string@?$output_processor@DV?$string_output_adapter@D@__crt_stdio_output@@V?$format_validation_base@DV?$string_output_adapter@D@__crt_stdio_output@@@2@@__crt_stdio_output@@CAPADXZ 00411510 f i libucrtd:output.obj
 0001:00010510       ?narrow_null_string@?$output_processor@_WV?$string_output_adapter@_W@__crt_stdio_output@@V?$format_validation_base@_WV?$string_output_adapter@_W@__crt_stdio_output@@@2@@__crt_stdio_output@@CAPADXZ 00411510 f i libucrtd:output.obj
 0001:00010520       ?parse_int_from_format_string@?$output_processor@DV?$string_output_adapter@D@__crt_stdio_output@@V?$format_validation_base@DV?$string_output_adapter@D@__crt_stdio_output@@@2@@__crt_stdio_output@@AAE_NQAH@Z 00411520 f i libucrtd:output.obj
 0001:000105d0       ?parse_int_from_format_string@?$output_processor@_WV?$string_output_adapter@_W@__crt_stdio_output@@V?$format_validation_base@_WV?$string_output_adapter@_W@__crt_stdio_output@@@2@@__crt_stdio_output@@AAE_NQAH@Z 004115d0 f i libucrtd:output.obj
 0001:00010680       ?process@?$output_processor@DV?$string_output_adapter@D@__crt_stdio_output@@V?$format_validation_base@DV?$string_output_adapter@D@__crt_stdio_output@@@2@@__crt_stdio_output@@QAEHXZ 00411680 f i libucrtd:output.obj
 0001:00010930       ?process@?$output_processor@_WV?$string_output_adapter@_W@__crt_stdio_output@@V?$format_validation_base@_WV?$string_output_adapter@_W@__crt_stdio_output@@@2@@__crt_stdio_output@@QAEHXZ 00411930 f i libucrtd:output.obj
 0001:00010be0       ?get@?$__crt_unique_handle_t@U__crt_findfile_traits@@@@QBEPAXXZ 00411be0 f i libucrtd:argv_wildcards.obj
 0001:00010be0       ?get@?$__crt_unique_heap_ptr@PADU__crt_internal_free_policy@@@@QBEPAPADXZ 00411be0 f i libucrtd:argv_parsing.obj
 0001:00010be0       ?get@?$__crt_unique_heap_ptr@U__crt_lowio_handle_data@@U__crt_internal_free_policy@@@@QBEPAU__crt_lowio_handle_data@@XZ 00411be0 f i libucrtd:osfinfo.obj
 0001:00010be0       ?get@?$__crt_unique_handle_t@U__crt_hmodule_traits@@@@QBEPAUHINSTANCE__@@XZ 00411be0 f i libucrtd:exit.obj
 0001:00010be0       ?save_state@?$c_string_character_source@D@__crt_strtox@@QBEPBDXZ 00411be0 f i libucrtd:atox.obj
 0001:00010be0       ?save_state@?$c_string_character_source@_W@__crt_strtox@@QBEPB_WXZ 00411be0 f i libucrtd:atox.obj
 0001:00010be0       ?get@?$__crt_unique_heap_ptr@U__crt_multibyte_data@@U__crt_internal_free_policy@@@@QBEPAU__crt_multibyte_data@@XZ 00411be0 f i libucrtd:wsetlocale.obj
 0001:00010be0       ?get@?$__crt_unique_handle_t@U__crt_handle_traits@@@@QBEPAXXZ 00411be0 f i libucrtd:crtmbox.obj
 0001:00010be0       ??C__crt_stdio_stream@@QBEPAU__crt_stdio_stream_data@@XZ 00411be0 f i libucrtd:output.obj
 0001:00010be0       ?begin@?$argument_list@D@?A0x5f5c8891@@QBEPAPADXZ 00411be0 f i libucrtd:argv_wildcards.obj
 0001:00010be0       ?get@?$__crt_scoped_stack_ptr@_W@@QBEPA_WXZ 00411be0 f i libucrtd:getstringtypea.obj
 0001:00010be0       ?get@?$__crt_unique_heap_ptr@EU__crt_internal_free_policy@@@@QBEPAEXZ 00411be0 f i libucrtd:argv_parsing.obj
 0001:00010be0       ?public_stream@__crt_stdio_stream@@QBEPAU_iobuf@@XZ 00411be0 f i libucrtd:output.obj
 0001:00010be0       ?get@?$__crt_unique_heap_ptr@U__acrt_ptd@@U__crt_internal_free_policy@@@@QBEPAU__acrt_ptd@@XZ 00411be0 f i libucrtd:per_thread_data.obj
 0001:00010c00       ?set_flag@?$output_processor@DV?$string_output_adapter@D@__crt_stdio_output@@V?$format_validation_base@DV?$string_output_adapter@D@__crt_stdio_output@@@2@@__crt_stdio_output@@AAEXI@Z 00411c00 f i libucrtd:output.obj
 0001:00010c00       ?set_flag@?$output_processor@_WV?$string_output_adapter@_W@__crt_stdio_output@@V?$format_validation_base@_WV?$string_output_adapter@_W@__crt_stdio_output@@@2@@__crt_stdio_output@@AAEXI@Z 00411c00 f i libucrtd:output.obj
 0001:00010c20       ?validate_state_for_type_case_a@?$standard_base@DV?$string_output_adapter@D@__crt_stdio_output@@@__crt_stdio_output@@IBE_NXZ 00411c20 f i libucrtd:output.obj
 0001:00010c20       ?should_format@?$standard_base@_WV?$string_output_adapter@_W@__crt_stdio_output@@@__crt_stdio_output@@IAE_NXZ 00411c20 f i libucrtd:output.obj
 0001:00010c20       ?validate_and_update_state_at_beginning_of_format_character@?$standard_base@DV?$string_output_adapter@D@__crt_stdio_output@@@__crt_stdio_output@@IAE_NXZ 00411c20 f i libucrtd:output.obj
 0001:00010c20       ?should_format@?$standard_base@DV?$string_output_adapter@D@__crt_stdio_output@@@__crt_stdio_output@@IAE_NXZ 00411c20 f i libucrtd:output.obj
 0001:00010c20       ?validate_and_update_state_at_beginning_of_format_character@?$standard_base@_WV?$string_output_adapter@_W@__crt_stdio_output@@@__crt_stdio_output@@IAE_NXZ 00411c20 f i libucrtd:output.obj
 0001:00010c20       ?validate_state_for_type_case_a@?$standard_base@_WV?$string_output_adapter@_W@__crt_stdio_output@@@__crt_stdio_output@@IBE_NXZ 00411c20 f i libucrtd:output.obj
 0001:00010c30       ?should_skip_type_state_output@?$standard_base@_WV?$string_output_adapter@_W@__crt_stdio_output@@@__crt_stdio_output@@IBE_NXZ 00411c30 f i libucrtd:output.obj
 0001:00010c30       ?should_skip_normal_state_processing@?$standard_base@_WV?$string_output_adapter@_W@__crt_stdio_output@@@__crt_stdio_output@@IAE_NXZ 00411c30 f i libucrtd:output.obj
 0001:00010c30       ?should_skip_type_state_output@?$standard_base@DV?$string_output_adapter@D@__crt_stdio_output@@@__crt_stdio_output@@IBE_NXZ 00411c30 f i libucrtd:output.obj
 0001:00010c30       ?should_skip_normal_state_processing@?$standard_base@DV?$string_output_adapter@D@__crt_stdio_output@@@__crt_stdio_output@@IAE_NXZ 00411c30 f i libucrtd:output.obj
 0001:00010c40       ?state_case_dot@?$output_processor@DV?$string_output_adapter@D@__crt_stdio_output@@V?$format_validation_base@DV?$string_output_adapter@D@__crt_stdio_output@@@2@@__crt_stdio_output@@AAE_NXZ 00411c40 f i libucrtd:output.obj
 0001:00010c40       ?state_case_dot@?$output_processor@_WV?$string_output_adapter@_W@__crt_stdio_output@@V?$format_validation_base@_WV?$string_output_adapter@_W@__crt_stdio_output@@@2@@__crt_stdio_output@@AAE_NXZ 00411c40 f i libucrtd:output.obj
 0001:00010c60       ?state_case_flag@?$output_processor@DV?$string_output_adapter@D@__crt_stdio_output@@V?$format_validation_base@DV?$string_output_adapter@D@__crt_stdio_output@@@2@@__crt_stdio_output@@AAE_NXZ 00411c60 f i libucrtd:output.obj
 0001:00010d10       ?state_case_flag@?$output_processor@_WV?$string_output_adapter@_W@__crt_stdio_output@@V?$format_validation_base@_WV?$string_output_adapter@_W@__crt_stdio_output@@@2@@__crt_stdio_output@@AAE_NXZ 00411d10 f i libucrtd:output.obj
 0001:00010dc0       ?state_case_normal@?$output_processor@DV?$string_output_adapter@D@__crt_stdio_output@@V?$format_validation_base@DV?$string_output_adapter@D@__crt_stdio_output@@@2@@__crt_stdio_output@@AAE_NXZ 00411dc0 f i libucrtd:output.obj
 0001:00010e70       ?state_case_normal@?$output_processor@_WV?$string_output_adapter@_W@__crt_stdio_output@@V?$format_validation_base@_WV?$string_output_adapter@_W@__crt_stdio_output@@@2@@__crt_stdio_output@@AAE_NXZ 00411e70 f i libucrtd:output.obj
 0001:00010f20       ?state_case_normal_common@?$output_processor@DV?$string_output_adapter@D@__crt_stdio_output@@V?$format_validation_base@DV?$string_output_adapter@D@__crt_stdio_output@@@2@@__crt_stdio_output@@AAE_NXZ 00411f20 f i libucrtd:output.obj
 0001:00010f70       ?state_case_normal_common@?$output_processor@_WV?$string_output_adapter@_W@__crt_stdio_output@@V?$format_validation_base@_WV?$string_output_adapter@_W@__crt_stdio_output@@@2@@__crt_stdio_output@@AAE_NXZ 00411f70 f i libucrtd:output.obj
 0001:00010fc0       ?state_case_normal_tchar@?$output_processor@DV?$string_output_adapter@D@__crt_stdio_output@@V?$format_validation_base@DV?$string_output_adapter@D@__crt_stdio_output@@@2@@__crt_stdio_output@@AAE_ND@Z 00411fc0 f i libucrtd:output.obj
 0001:000110c0       ?state_case_normal_tchar@?$output_processor@_WV?$string_output_adapter@_W@__crt_stdio_output@@V?$format_validation_base@_WV?$string_output_adapter@_W@__crt_stdio_output@@@2@@__crt_stdio_output@@AAE_N_W@Z 004120c0 f i libucrtd:output.obj
 0001:000110e0       ?state_case_percent@?$output_processor@DV?$string_output_adapter@D@__crt_stdio_output@@V?$format_validation_base@DV?$string_output_adapter@D@__crt_stdio_output@@@2@@__crt_stdio_output@@AAE_NXZ 004120e0 f i libucrtd:output.obj
 0001:000110e0       ?state_case_percent@?$output_processor@_WV?$string_output_adapter@_W@__crt_stdio_output@@V?$format_validation_base@_WV?$string_output_adapter@_W@__crt_stdio_output@@@2@@__crt_stdio_output@@AAE_NXZ 004120e0 f i libucrtd:output.obj
 0001:00011130       ?state_case_precision@?$output_processor@DV?$string_output_adapter@D@__crt_stdio_output@@V?$format_validation_base@DV?$string_output_adapter@D@__crt_stdio_output@@@2@@__crt_stdio_output@@AAE_NXZ 00412130 f i libucrtd:output.obj
 0001:000111a0       ?state_case_precision@?$output_processor@_WV?$string_output_adapter@_W@__crt_stdio_output@@V?$format_validation_base@_WV?$string_output_adapter@_W@__crt_stdio_output@@@2@@__crt_stdio_output@@AAE_NXZ 004121a0 f i libucrtd:output.obj
 0001:00011210       ?state_case_size@?$output_processor@DV?$string_output_adapter@D@__crt_stdio_output@@V?$format_validation_base@DV?$string_output_adapter@D@__crt_stdio_output@@@2@@__crt_stdio_output@@AAE_NXZ 00412210 f i libucrtd:output.obj
 0001:000115e0       ?state_case_size@?$output_processor@_WV?$string_output_adapter@_W@__crt_stdio_output@@V?$format_validation_base@_WV?$string_output_adapter@_W@__crt_stdio_output@@@2@@__crt_stdio_output@@AAE_NXZ 004125e0 f i libucrtd:output.obj
 0001:000119b0       ?state_case_type@?$output_processor@DV?$string_output_adapter@D@__crt_stdio_output@@V?$format_validation_base@DV?$string_output_adapter@D@__crt_stdio_output@@@2@@__crt_stdio_output@@AAE_NXZ 004129b0 f i libucrtd:output.obj
 0001:00011d60       ?state_case_type@?$output_processor@_WV?$string_output_adapter@_W@__crt_stdio_output@@V?$format_validation_base@_WV?$string_output_adapter@_W@__crt_stdio_output@@@2@@__crt_stdio_output@@AAE_NXZ 00412d60 f i libucrtd:output.obj
 0001:00012140       ?state_case_width@?$output_processor@DV?$string_output_adapter@D@__crt_stdio_output@@V?$format_validation_base@DV?$string_output_adapter@D@__crt_stdio_output@@@2@@__crt_stdio_output@@AAE_NXZ 00413140 f i libucrtd:output.obj
 0001:000121c0       ?state_case_width@?$output_processor@_WV?$string_output_adapter@_W@__crt_stdio_output@@V?$format_validation_base@_WV?$string_output_adapter@_W@__crt_stdio_output@@@2@@__crt_stdio_output@@AAE_NXZ 004131c0 f i libucrtd:output.obj
 0001:00012240       ?state_count@?$format_validation_base@_WV?$string_output_adapter@_W@__crt_stdio_output@@@__crt_stdio_output@@KAIXZ 00413240 f i libucrtd:output.obj
 0001:00012240       ?state_count@?$format_validation_base@DV?$string_output_adapter@D@__crt_stdio_output@@@__crt_stdio_output@@KAIXZ 00413240 f i libucrtd:output.obj
 0001:00012250       ?state_transition_table@?$format_validation_base@_WV?$string_output_adapter@_W@__crt_stdio_output@@@__crt_stdio_output@@KAPBEXZ 00413250 f i libucrtd:output.obj
 0001:00012250       ?state_transition_table@?$format_validation_base@DV?$string_output_adapter@D@__crt_stdio_output@@@__crt_stdio_output@@KAPBEXZ 00413250 f i libucrtd:output.obj
 0001:00012260       ?to_integer_size@__crt_stdio_output@@YAIW4length_modifier@1@@Z 00413260 f i libucrtd:output.obj
 0001:00012300       ?type_case_X@?$output_processor@DV?$string_output_adapter@D@__crt_stdio_output@@V?$format_validation_base@DV?$string_output_adapter@D@__crt_stdio_output@@@2@@__crt_stdio_output@@AAE_NXZ 00413300 f i libucrtd:output.obj
 0001:00012320       ?type_case_X@?$output_processor@_WV?$string_output_adapter@_W@__crt_stdio_output@@V?$format_validation_base@_WV?$string_output_adapter@_W@__crt_stdio_output@@@2@@__crt_stdio_output@@AAE_NXZ 00413320 f i libucrtd:output.obj
 0001:00012340       ?type_case_Z@?$output_processor@DV?$string_output_adapter@D@__crt_stdio_output@@V?$format_validation_base@DV?$string_output_adapter@D@__crt_stdio_output@@@2@@__crt_stdio_output@@AAE_NXZ 00413340 f i libucrtd:output.obj
 0001:00012430       ?type_case_Z@?$output_processor@_WV?$string_output_adapter@_W@__crt_stdio_output@@V?$format_validation_base@_WV?$string_output_adapter@_W@__crt_stdio_output@@@2@@__crt_stdio_output@@AAE_NXZ 00413430 f i libucrtd:output.obj
 0001:00012520       ?type_case_a@?$output_processor@DV?$string_output_adapter@D@__crt_stdio_output@@V?$format_validation_base@DV?$string_output_adapter@D@__crt_stdio_output@@@2@@__crt_stdio_output@@AAE_NXZ 00413520 f i libucrtd:output.obj
 0001:00012780       ?type_case_a@?$output_processor@_WV?$string_output_adapter@_W@__crt_stdio_output@@V?$format_validation_base@_WV?$string_output_adapter@_W@__crt_stdio_output@@@2@@__crt_stdio_output@@AAE_NXZ 00413780 f i libucrtd:output.obj
 0001:000129e0       ?type_case_c@?$output_processor@DV?$string_output_adapter@D@__crt_stdio_output@@V?$format_validation_base@DV?$string_output_adapter@D@__crt_stdio_output@@@2@@__crt_stdio_output@@AAE_NXZ 004139e0 f i libucrtd:output.obj
 0001:00012a00       ?type_case_c@?$output_processor@_WV?$string_output_adapter@_W@__crt_stdio_output@@V?$format_validation_base@_WV?$string_output_adapter@_W@__crt_stdio_output@@@2@@__crt_stdio_output@@AAE_NXZ 00413a00 f i libucrtd:output.obj
 0001:00012a20       ?type_case_c_tchar@?$output_processor@DV?$string_output_adapter@D@__crt_stdio_output@@V?$format_validation_base@DV?$string_output_adapter@D@__crt_stdio_output@@@2@@__crt_stdio_output@@AAE_ND@Z 00413a20 f i libucrtd:output.obj
 0001:00012b30       ?type_case_c_tchar@?$output_processor@_WV?$string_output_adapter@_W@__crt_stdio_output@@V?$format_validation_base@_WV?$string_output_adapter@_W@__crt_stdio_output@@@2@@__crt_stdio_output@@AAE_N_W@Z 00413b30 f i libucrtd:output.obj
 0001:00012c30       ?type_case_d@?$output_processor@DV?$string_output_adapter@D@__crt_stdio_output@@V?$format_validation_base@DV?$string_output_adapter@D@__crt_stdio_output@@@2@@__crt_stdio_output@@AAE_NXZ 00413c30 f i libucrtd:output.obj
 0001:00012c60       ?type_case_d@?$output_processor@_WV?$string_output_adapter@_W@__crt_stdio_output@@V?$format_validation_base@_WV?$string_output_adapter@_W@__crt_stdio_output@@@2@@__crt_stdio_output@@AAE_NXZ 00413c60 f i libucrtd:output.obj
 0001:00012c90       ?type_case_integer@?$output_processor@DV?$string_output_adapter@D@__crt_stdio_output@@V?$format_validation_base@DV?$string_output_adapter@D@__crt_stdio_output@@@2@@__crt_stdio_output@@AAE_NI_N@Z 00413c90 f i libucrtd:output.obj
 0001:00012fd0       ?type_case_integer@?$output_processor@_WV?$string_output_adapter@_W@__crt_stdio_output@@V?$format_validation_base@_WV?$string_output_adapter@_W@__crt_stdio_output@@@2@@__crt_stdio_output@@AAE_NI_N@Z 00413fd0 f i libucrtd:output.obj
 0001:00013310       ?type_case_n@?$output_processor@DV?$string_output_adapter@D@__crt_stdio_output@@V?$format_validation_base@DV?$string_output_adapter@D@__crt_stdio_output@@@2@@__crt_stdio_output@@AAE_NXZ 00414310 f i libucrtd:output.obj
 0001:00013500       ?type_case_n@?$output_processor@_WV?$string_output_adapter@_W@__crt_stdio_output@@V?$format_validation_base@_WV?$string_output_adapter@_W@__crt_stdio_output@@@2@@__crt_stdio_output@@AAE_NXZ 00414500 f i libucrtd:output.obj
 0001:000136f0       ?type_case_o@?$output_processor@DV?$string_output_adapter@D@__crt_stdio_output@@V?$format_validation_base@DV?$string_output_adapter@D@__crt_stdio_output@@@2@@__crt_stdio_output@@AAE_NXZ 004146f0 f i libucrtd:output.obj
 0001:00013730       ?type_case_o@?$output_processor@_WV?$string_output_adapter@_W@__crt_stdio_output@@V?$format_validation_base@_WV?$string_output_adapter@_W@__crt_stdio_output@@@2@@__crt_stdio_output@@AAE_NXZ 00414730 f i libucrtd:output.obj
 0001:00013770       ?type_case_p@?$output_processor@DV?$string_output_adapter@D@__crt_stdio_output@@V?$format_validation_base@DV?$string_output_adapter@D@__crt_stdio_output@@@2@@__crt_stdio_output@@AAE_NXZ 00414770 f i libucrtd:output.obj
 0001:000137a0       ?type_case_p@?$output_processor@_WV?$string_output_adapter@_W@__crt_stdio_output@@V?$format_validation_base@_WV?$string_output_adapter@_W@__crt_stdio_output@@@2@@__crt_stdio_output@@AAE_NXZ 004147a0 f i libucrtd:output.obj
 0001:000137d0       ?type_case_s@?$output_processor@DV?$string_output_adapter@D@__crt_stdio_output@@V?$format_validation_base@DV?$string_output_adapter@D@__crt_stdio_output@@@2@@__crt_stdio_output@@AAE_NXZ 004147d0 f i libucrtd:output.obj
 0001:000138c0       ?type_case_s@?$output_processor@_WV?$string_output_adapter@_W@__crt_stdio_output@@V?$format_validation_base@_WV?$string_output_adapter@_W@__crt_stdio_output@@@2@@__crt_stdio_output@@AAE_NXZ 004148c0 f i libucrtd:output.obj
 0001:000139b0       ?type_case_s_compute_narrow_string_length@?$output_processor@DV?$string_output_adapter@D@__crt_stdio_output@@V?$format_validation_base@DV?$string_output_adapter@D@__crt_stdio_output@@@2@@__crt_stdio_output@@ABEHHD@Z 004149b0 f i libucrtd:output.obj
 0001:000139e0       ?type_case_s_compute_narrow_string_length@?$output_processor@_WV?$string_output_adapter@_W@__crt_stdio_output@@V?$format_validation_base@_WV?$string_output_adapter@_W@__crt_stdio_output@@@2@@__crt_stdio_output@@ABEHH_W@Z 004149e0 f i libucrtd:output.obj
 0001:00013a50       ?type_case_u@?$output_processor@DV?$string_output_adapter@D@__crt_stdio_output@@V?$format_validation_base@DV?$string_output_adapter@D@__crt_stdio_output@@@2@@__crt_stdio_output@@AAE_NXZ 00414a50 f i libucrtd:output.obj
 0001:00013a70       ?type_case_u@?$output_processor@_WV?$string_output_adapter@_W@__crt_stdio_output@@V?$format_validation_base@_WV?$string_output_adapter@_W@__crt_stdio_output@@@2@@__crt_stdio_output@@AAE_NXZ 00414a70 f i libucrtd:output.obj
 0001:00013a90       ?type_case_x@?$output_processor@DV?$string_output_adapter@D@__crt_stdio_output@@V?$format_validation_base@DV?$string_output_adapter@D@__crt_stdio_output@@@2@@__crt_stdio_output@@AAE_NXZ 00414a90 f i libucrtd:output.obj
 0001:00013ab0       ?type_case_x@?$output_processor@_WV?$string_output_adapter@_W@__crt_stdio_output@@V?$format_validation_base@_WV?$string_output_adapter@_W@__crt_stdio_output@@@2@@__crt_stdio_output@@AAE_NXZ 00414ab0 f i libucrtd:output.obj
 0001:00013ad0       ?unset_flag@?$output_processor@DV?$string_output_adapter@D@__crt_stdio_output@@V?$format_validation_base@DV?$string_output_adapter@D@__crt_stdio_output@@@2@@__crt_stdio_output@@AAEXI@Z 00414ad0 f i libucrtd:output.obj
 0001:00013ad0       ?unset_flag@?$output_processor@_WV?$string_output_adapter@_W@__crt_stdio_output@@V?$format_validation_base@_WV?$string_output_adapter@_W@__crt_stdio_output@@@2@@__crt_stdio_output@@AAEXI@Z 00414ad0 f i libucrtd:output.obj
 0001:00013af0       ?update_field_width@?$standard_base@_WV?$string_output_adapter@_W@__crt_stdio_output@@@__crt_stdio_output@@IAE_NXZ 00414af0 f i libucrtd:output.obj
 0001:00013af0       ?update_field_width@?$standard_base@DV?$string_output_adapter@D@__crt_stdio_output@@@__crt_stdio_output@@IAE_NXZ 00414af0 f i libucrtd:output.obj
 0001:00013b20       ?update_precision@?$standard_base@_WV?$string_output_adapter@_W@__crt_stdio_output@@@__crt_stdio_output@@IAE_NXZ 00414b20 f i libucrtd:output.obj
 0001:00013b20       ?update_precision@?$standard_base@DV?$string_output_adapter@D@__crt_stdio_output@@@__crt_stdio_output@@IAE_NXZ 00414b20 f i libucrtd:output.obj
 0001:00013b50       ?validate@?$string_output_adapter@D@__crt_stdio_output@@QBE_NXZ 00414b50 f i libucrtd:output.obj
 0001:00013be0       ?validate@?$string_output_adapter@_W@__crt_stdio_output@@QBE_NXZ 00414be0 f i libucrtd:output.obj
 0001:00013c70       ?validate_and_update_state_at_end_of_format_string@?$format_validation_base@DV?$string_output_adapter@D@__crt_stdio_output@@@__crt_stdio_output@@IBE_NXZ 00414c70 f i libucrtd:output.obj
 0001:00013d10       ?validate_and_update_state_at_end_of_format_string@?$format_validation_base@_WV?$string_output_adapter@_W@__crt_stdio_output@@@__crt_stdio_output@@IBE_NXZ 00414d10 f i libucrtd:output.obj
 0001:00013db0       ?wide_null_string@?$output_processor@DV?$string_output_adapter@D@__crt_stdio_output@@V?$format_validation_base@DV?$string_output_adapter@D@__crt_stdio_output@@@2@@__crt_stdio_output@@CAPA_WXZ 00414db0 f i libucrtd:output.obj
 0001:00013db0       ?wide_null_string@?$output_processor@_WV?$string_output_adapter@_W@__crt_stdio_output@@V?$format_validation_base@_WV?$string_output_adapter@_W@__crt_stdio_output@@@2@@__crt_stdio_output@@CAPA_WXZ 00414db0 f i libucrtd:output.obj
 0001:00013dc0       ?write_character@?$string_output_adapter@D@__crt_stdio_output@@QBE_NDQAH@Z 00414dc0 f i libucrtd:output.obj
 0001:00013e50       ?write_character@?$string_output_adapter@_W@__crt_stdio_output@@QBE_N_WQAH@Z 00414e50 f i libucrtd:output.obj
 0001:00013ef0       ?write_stored_string_tchar@?$output_processor@DV?$string_output_adapter@D@__crt_stdio_output@@V?$format_validation_base@DV?$string_output_adapter@D@__crt_stdio_output@@@2@@__crt_stdio_output@@AAE_ND@Z 00414ef0 f i libucrtd:output.obj
 0001:00014000       ?write_stored_string_tchar@?$output_processor@_WV?$string_output_adapter@_W@__crt_stdio_output@@V?$format_validation_base@_WV?$string_output_adapter@_W@__crt_stdio_output@@@2@@__crt_stdio_output@@AAE_N_W@Z 00415000 f i libucrtd:output.obj
[...]
 0002:0000ca28       _smallarg                  0043ca28     libucrtd:87tran.obj
 0002:0000ca32       _half                      0043ca32     libucrtd:87tran.obj
 0002:0000ca7e       One                        0043ca7e     libucrtd:87disp.obj
 0002:0000ca86       Three                      0043ca86     libucrtd:87disp.obj
 0002:0000ca8e       XAMtoTagTab                0043ca8e     libucrtd:87disp.obj
 0002:0000caa0       One                        0043caa0     libucrtd:common.obj
 0002:0000cab4       DblMax                     0043cab4     libucrtd:common.obj
 0002:0000cabc       DblMin                     0043cabc     libucrtd:common.obj
 0002:0000cac4       IeeeAdjO                   0043cac4     libucrtd:common.obj
 0002:0000cacc       IeeeAdjU                   0043cacc     libucrtd:common.obj
 0002:0000cad4       _infinity                  0043cad4     libucrtd:common.obj
 0002:0000cadc       _zero                      0043cadc     libucrtd:common.obj
 0002:0000caf0       _newcw                     0043caf0     libucrtd:ceil.obj
 0002:0000d4bc       ?ExceptionTemplate@?1??_CxxThrowException@@9@8@4UEHExceptionRecord@@B 0043d4bc     libvcruntimed:throw.obj
 0002:0000d6a8       ?_TlgEvent@?3??__telemetry_main_invoke_trigger@@9@4U<unnamed-type-_TlgEvent>@?3??1@YAXQAUHINSTANCE__@@@Z@B 0043d6a8     libvcruntimed:telemetry.obj
 0002:0000d6e4       ?_TlgEvent@?3??__telemetry_main_return_trigger@@9@4U<unnamed-type-_TlgEvent>@?3??1@YAXQAUHINSTANCE__@@@Z@B 0043d6e4     libvcruntimed:telemetry.obj
 0002:0000d71f       ?_Tlg_Microsoft_CRTProviderProv_Meta@@3U<unnamed-type-_Tlg_Microsoft_CRTProviderProv_Meta>@@B 0043d71f     libvcruntimed:telemetry.obj
 0002:0000dad8       __sehtable$?__scrt_common_main_seh@@YAHXZ 0043dad8     LIBCMTD:exe_winmain.obj
 0002:0000daf8       __sehtable$___scrt_is_nonwritable_in_current_image 0043daf8     LIBCMTD:utility.obj
 0002:0000db18       __sehtable$?common_exit@@YAXHW4_crt_exit_cleanup_mode@@W4_crt_exit_return_mode@@@Z 0043db18     libucrtd:exit.obj
 0002:0000db40       __sehtable$??$?RV<lambda_4393c4b5ef78814305fd0c1b31d2e9a8>@@AAV<lambda_85fa512c59a4d94d4a89f575eefd92a6>@@V<lambda_8f70eeb8060c49130c088d3137313000>@@@?$__crt_seh_guarded_call@X@@QAEX$$QAV<lambda_4393c4b5ef78814305fd0c1b31d2e9a8>@@AAV<lambda_85fa512c59a4d94d4a89f575eefd92a6>@@$$QAV<lambda_8f70eeb8060c49130c088d3137313000>@@@Z 0043db40     libucrtd:wsetlocale.obj
 0002:0000db60       __sehtable$??$?RV<lambda_821a00fc0e15a7fd532972332124005d>@@AAV<lambda_942beefa13ab35ff55f86422493ffd6a>@@V<lambda_3ab53bf64df1f1ff33dbc5b1929ce7a7>@@@?$__crt_seh_guarded_call@H@@QAEH$$QAV<lambda_821a00fc0e15a7fd532972332124005d>@@AAV<lambda_942beefa13ab35ff55f86422493ffd6a>@@$$QAV<lambda_3ab53bf64df1f1ff33dbc5b1929ce7a7>@@@Z 0043db60     libucrtd:onexit.obj
 0002:0000db80       __sehtable$??$?RV<lambda_a12890e7f9ac9927a62bd0bbd5044c78>@@AAV<lambda_e971338317bfa523bb8920b43d823727>@@V<lambda_e618b16d59e79e236350cab8485990d2>@@@?$__crt_seh_guarded_call@H@@QAEH$$QAV<lambda_a12890e7f9ac9927a62bd0bbd5044c78>@@AAV<lambda_e971338317bfa523bb8920b43d823727>@@$$QAV<lambda_e618b16d59e79e236350cab8485990d2>@@@Z 0043db80     libucrtd:onexit.obj
 0002:0000dba0       __sehtable$_terminate      0043dba0     libucrtd:terminate.obj
 0002:0000dbc0       __sehtable$__CrtCheckMemory 0043dbc0     libucrtd:debug_heap.obj
 0002:0000dbe0       __sehtable$__CrtMemCheckpoint 0043dbe0     libucrtd:debug_heap.obj
 0002:0000dc00       __sehtable$__CrtMemDumpAllObjectsSince 0043dc00     libucrtd:debug_heap.obj
 0002:0000dc20       __sehtable$__CrtSetDbgFlag 0043dc20     libucrtd:debug_heap.obj
 0002:0000dc40       __sehtable$__free_dbg      0043dc40     libucrtd:debug_heap.obj
 0002:0000dc60       __sehtable$__msize_dbg     0043dc60     libucrtd:debug_heap.obj
 0002:0000dc80       __sehtable$__realloc_dbg   0043dc80     libucrtd:debug_heap.obj
 0002:0000dca0       __sehtable$?is_bad_read_pointer@@YA_NQBXI@Z 0043dca0     libucrtd:debug_heap.obj
 0002:0000dcc0       __sehtable$?validate_heap_if_required_nolock@@YAXXZ 0043dcc0     libucrtd:debug_heap.obj
 0002:0000dce0       __sehtable$?heap_alloc_dbg_internal@@YAPAXIHQBDH@Z 0043dce0     libucrtd:debug_heap.obj
 0002:0000dd00       __sehtable$___set_fpsr_sse2 0043dd00     libucrtd:fpctrl.obj
 0002:0000dd20       __sehtable$??$?RV<lambda_9df27f884b057bc3edfc946cb5b7cf47>@@AAV<lambda_e69574bed617af4e071282c136b37893>@@V<lambda_cc0d902bcbbeb830f749456577db4721>@@@?$__crt_seh_guarded_call@X@@QAEX$$QAV<lambda_9df27f884b057bc3edfc946cb5b7cf47>@@AAV<lambda_e69574bed617af4e071282c136b37893>@@$$QAV<lambda_cc0d902bcbbeb830f749456577db4721>@@@Z 0043dd20     libucrtd:per_thread_data.obj
 0002:0000dd40       __sehtable$??$?RV<lambda_3518db117f0e7cdb002338c5d3c47b6c>@@AAV<lambda_b2ea41f6bbb362cd97d94c6828d90b61>@@V<lambda_abdedf541bb04549bc734292b4a045d4>@@@?$__crt_seh_guarded_call@X@@QAEX$$QAV<lambda_3518db117f0e7cdb002338c5d3c47b6c>@@AAV<lambda_b2ea41f6bbb362cd97d94c6828d90b61>@@$$QAV<lambda_abdedf541bb04549bc734292b4a045d4>@@@Z 0043dd40     libucrtd:per_thread_data.obj
 0002:0000dd60       __sehtable$??$?RV<lambda_952b238c83a62ef8e81c72265e1e9aa0>@@AAV<lambda_801f60a70ab65355beb13c41cbe335bb>@@V<lambda_84d84f98815add542a0d6e6ca338feb2>@@@?$__crt_seh_guarded_call@X@@QAEX$$QAV<lambda_952b238c83a62ef8e81c72265e1e9aa0>@@AAV<lambda_801f60a70ab65355beb13c41cbe335bb>@@$$QAV<lambda_84d84f98815add542a0d6e6ca338feb2>@@@Z 0043dd60     libucrtd:per_thread_data.obj
 0002:0000dd80       __sehtable$??$?RV<lambda_5b71d36f03204c0beab531769a5b5694>@@AAV<lambda_be2b3da3f62db62e9dad5dc70221a656>@@V<lambda_8f9ce462984622f9bf76b59e2aaaf805>@@@?$__crt_seh_guarded_call@X@@QAEX$$QAV<lambda_5b71d36f03204c0beab531769a5b5694>@@AAV<lambda_be2b3da3f62db62e9dad5dc70221a656>@@$$QAV<lambda_8f9ce462984622f9bf76b59e2aaaf805>@@@Z 0043dd80     libucrtd:per_thread_data.obj
 0002:0000dda0       __sehtable$?update_thread_multibyte_data_internal@@YAPAU__crt_multibyte_data@@QAU__acrt_ptd@@QAU1@@Z 0043dda0     libucrtd:mbctype.obj
 0002:0000ddc0       __sehtable$??$?RV<lambda_d80abc18c428629cddc270f096dcc61b>@@AAV<lambda_3f8189bce64b4997e9cacee8178dce4a>@@V<lambda_fdb30781f88e85fcd814d1d789f55c14>@@@?$__crt_seh_guarded_call@X@@QAEX$$QAV<lambda_d80abc18c428629cddc270f096dcc61b>@@AAV<lambda_3f8189bce64b4997e9cacee8178dce4a>@@$$QAV<lambda_fdb30781f88e85fcd814d1d789f55c14>@@@Z 0043ddc0     libucrtd:mbctype.obj
 0002:0000dde0       __sehtable$___acrt_lowio_ensure_fh_exists 0043dde0     libucrtd:osfinfo.obj
 0002:0000de00       __sehtable$___acrt_initialize_lowio 0043de00     libucrtd:ioinit.obj
 0002:0000de20       __sehtable$___acrt_update_thread_locale_data 0043de20     libucrtd:locale_refcounting.obj
 0002:0000de40       __sehtable$__query_new_handler 0043de40     libucrtd:new_handler.obj
 0002:0000de60       __sehtable$_raise          0043de60     libucrtd:signal.obj
 0002:0000de80       __sehtable$??$?RV<lambda_a048d3beccc847880fc8490e18b82769>@@AAV<lambda_ec61778202f4f5fc7e7711acc23c3bca>@@V<lambda_f7496a158712204296dd6628a163878e>@@@?$__crt_seh_guarded_call@P6AXH@Z@@QAEP6AXH@Z$$QAV<lambda_a048d3beccc847880fc8490e18b82769>@@AAV<lambda_ec61778202f4f5fc7e7711acc23c3bca>@@$$QAV<lambda_f7496a158712204296dd6628a163878e>@@@Z 0043de80     libucrtd:signal.obj
 0002:0000dea0       __sehtable$__VCrtDbgReportA 0043dea0     libucrtd:dbgrptt.obj
 0002:0000dec8       __sehtable$__VCrtDbgReportW 0043dec8     libucrtd:dbgrptt.obj
 0002:0000def0       __unwindtable$?fp_format_a@@YAHQBNPADIQADIH_NIQAU__crt_locale_pointers@@@Z 0043def0     libucrtd:cvt.obj
 0002:0000def8       __ehfuncinfo$?fp_format_a@@YAHQBNPADIQADIH_NIQAU__crt_locale_pointers@@@Z 0043def8     libucrtd:cvt.obj
 0002:0000df1c       __unwindtable$?shortsort@@YAXPAD0IP6AHPBX1@Z@Z 0043df1c     libucrtd:qsort.obj
 0002:0000df24       __ehfuncinfo$?shortsort@@YAXPAD0IP6AHPBX1@Z@Z 0043df24     libucrtd:qsort.obj
 0002:0000df48       __sehtable$_common_flush_all 0043df48     libucrtd:fflush.obj
 0002:0000df70       __unwindtable$?_wcstombs_l_helper@@YAIPADPB_WIPAU__crt_locale_pointers@@@Z 0043df70     libucrtd:wcstombs.obj
 0002:0000df78       __ehfuncinfo$?_wcstombs_l_helper@@YAIPADPB_WIPAU__crt_locale_pointers@@@Z 0043df78     libucrtd:wcstombs.obj
 0002:0000dfa0       __sehtable$__fcloseall     0043dfa0     libucrtd:closeall.obj
 0002:0000dfc0       __sehtable$??$?RV<lambda_a7d5e04a8e766f2a135287cf7b01dfe7>@@AAV<lambda_e9ab68cc08dfd839979545c079379e6e>@@V<lambda_14e08a59e78d15c51edeee53d25fb3be>@@@?$__crt_seh_guarded_call@H@@QAEH$$QAV<lambda_a7d5e04a8e766f2a135287cf7b01dfe7>@@AAV<lambda_e9ab68cc08dfd839979545c079379e6e>@@$$QAV<lambda_14e08a59e78d15c51edeee53d25fb3be>@@@Z 0043dfc0     libucrtd:commit.obj
 0002:0000dfe0       __sehtable$__write         0043dfe0     libucrtd:write.obj
 0002:0000e000       __sehtable$_fclose         0043e000     libucrtd:fclose.obj
 0002:0000e020       __sehtable$??$?RV<lambda_4d8dda1ac129e11742d77ae5e3bbda74>@@AAV<lambda_a8f98972ebaa5f7148d35bffe53bd70d>@@V<lambda_5193b64c98d743723bd5dcf162a72339>@@@?$__crt_seh_guarded_call@H@@QAEH$$QAV<lambda_4d8dda1ac129e11742d77ae5e3bbda74>@@AAV<lambda_a8f98972ebaa5f7148d35bffe53bd70d>@@$$QAV<lambda_5193b64c98d743723bd5dcf162a72339>@@@Z 0043e020     libucrtd:close.obj
 0002:0000e040       __sehtable$__IsNonwritableInCurrentImage 0043e040     LIBCMTD:pesect.obj
 0002:0000e060       __sehtable$___FrameUnwindToState 0043e060     libvcruntimed:frame.obj
 0002:0000e088       __sehtable$?CallCatchBlock@@YAPAXPAUEHExceptionRecord@@PAUEHRegistrationNode@@PAU_CONTEXT@@PBU_s_FuncInfo@@PAXHK@Z 0043e088     libvcruntimed:frame.obj
 0002:0000e0b0       __sehtable$___BuildCatchObject 0043e0b0     libvcruntimed:frame.obj
 0002:0000e0d0       __sehtable$___DestructExceptionObject 0043e0d0     libvcruntimed:frame.obj
 0002:0000e0ec       __catchsym$?CallUnexpected@@YAXPBU_s_ESTypeList@@@Z$2 0043e0ec     libvcruntimed:frame.obj
 0002:0000e0fc       __unwindtable$?CallUnexpected@@YAXPBU_s_ESTypeList@@@Z 0043e0fc     libvcruntimed:frame.obj
 0002:0000e10c       __tryblocktable$?CallUnexpected@@YAXPBU_s_ESTypeList@@@Z 0043e10c     libvcruntimed:frame.obj
 0002:0000e120       __ehfuncinfo$?CallUnexpected@@YAXPBU_s_ESTypeList@@@Z 0043e120     libvcruntimed:frame.obj
 0002:0000e148       __sehtable$___BuildCatchObjectHelper 0043e148     libvcruntimed:frame.obj
 0002:0000e5f2       .idata$6                   0043e5f2     user32:USER32.dll
 0002:0000e658       .idata$6                   0043e658     Gdi32:GDI32.dll
 0002:0000e674       .idata$6                   0043e674     Winmm:WINMM.dll
 0002:0000e6da       .idata$6                   0043e6da     OpenGL32:OPENGL32.dll
 0002:0000e9d2       .idata$6                   0043e9d2     kernel32:KERNEL32.dll
 0002:0000ed46       .idata$6                   0043ed46     advapi32:ADVAPI32.dll
 0003:00000000       ?Win32OpenGLAttribs@@3PAHA 0043f000     win32_app.obj
 0003:00000024       ?GlobalWindowPosition@@3UtagWINDOWPLACEMENT@@A 0043f024     win32_app.obj
 0003:00000050       ?XInputGetState_@@3P6GKKPAU_XINPUT_STATE@@@ZA 0043f050     win32_app.obj
 0003:00000054       ?XInputSetState_@@3P6GKKPAU_XINPUT_VIBRATION@@@ZA 0043f054     win32_app.obj
 0003:00000080       ?_Tlg_Microsoft_CRTProviderProv@@3U_TlgProvider_t@__vcrt_trace_logging_provider@@A 0043f080     libvcruntimed:telemetry.obj
 0003:000000c0       ?__vcrt_flsindex@@3KA      0043f0c0     libvcruntimed:per_thread_data.obj
 0003:000000e0       ___acrt_current_request_number 0043f0e0     libucrtd:debug_heap.obj
 0003:000000f4       _errno_no_memory           0043f0f4     libucrtd:errno.obj
 0003:000000f8       _doserrno_no_memory        0043f0f8     libucrtd:errno.obj
 0003:000000fc       ?__DAZ_ENABLED@?1??__set_fpsr_sse2@@9@9 0043f0fc     libucrtd:fpctrl.obj
 0003:00000100       ___acrt_flsindex           0043f100     libucrtd:per_thread_data.obj
 0003:00000108       __mbctypes                 0043f108     libucrtd:mbctype.obj
 0003:00000210       __mbcasemaps               0043f210     libucrtd:mbctype.obj
 0003:00000310       ___rgctypeflag             0043f310     libucrtd:mbctype.obj
 0003:00000318       ___rgcode_page_info        0043f318     libucrtd:mbctype.obj
 0003:00000758       ___acrt_debug_fill_threshold 0043f758     libucrtd:debug_fill_threshold.obj
 0003:00000888       ?wglCreateContextAttribsARB@@3P6GPAUHGLRC__@@PAUHDC__@@PAU1@PBH@ZA 0043f888     win32_app.obj
 0003:0000088c       ?wglChoosePixelFormatARB@@3P6GHPAUHDC__@@PBHPBMIPAHPAI@ZA 0043f88c     win32_app.obj
 0003:00000890       ?wglGetExtensionsStringEXT@@3P6GPBDXZA 0043f890     win32_app.obj
 0003:00000894       ?Running@@3_NA             0043f894     win32_app.obj
 0003:00000898       ?GlobalPause@@3HA          0043f898     win32_app.obj
 0003:0000089c       ?GlobalInactiveApp@@3HA    0043f89c     win32_app.obj
 0003:000008a0       ?GlobalSecondaryBuffer@@3PAUIDirectSoundBuffer@@A 0043f8a0     win32_app.obj
 0003:000008a8       ?GlobalPerCounterFrequency@@3_JA 0043f8a8     win32_app.obj
 0003:000008b0       _GS_ExceptionRecord        0043f8b0     LIBCMTD:gs_report.obj
 0003:00000900       _GS_ContextRecord          0043f900     LIBCMTD:gs_report.obj
 0003:00000bd4       ?module_local_atexit_table@@3U_onexit_table_t@@A 0043fbd4     LIBCMTD:utility.obj
 0003:00000be0       ?module_local_at_quick_exit_table@@3U_onexit_table_t@@A 0043fbe0     LIBCMTD:utility.obj
 0003:00000bec       ?is_initialized_as_dll@@3_NA 0043fbec     LIBCMTD:utility.obj
 0003:00000c14       ?module_handles@@3PAPAUHINSTANCE__@@A 0043fc14     libvcruntimed:winapi_downlevel.obj
 0003:00000c24       ?encoded_function_pointers@@3PAPAXA 0043fc24     libvcruntimed:winapi_downlevel.obj
 0003:00000c48       ?__vcrt_startup_thread_ptd@@3U__vcrt_ptd@@A 0043fc48     libvcruntimed:per_thread_data.obj
 0003:00000c70       ___vcrt_lock_table         0043fc70     libvcruntimed:locks.obj
 0003:00000c88       ___vcrt_locks_initialized  0043fc88     libvcruntimed:locks.obj
 0003:00000cb8       ?heap@@3V_HeapManager@@A   0043fcb8     libvcruntimed:undname.obj
 0003:00000ccc       ___acrt_app_type           0043fccc     libucrtd:report_runtime_error.obj
 0003:00000cd0       ?outmsg@?9??__acrt_report_runtime_error@@9@4PA_WA 0043fcd0     libucrtd:report_runtime_error.obj
 0003:000012f8       _user_matherr              004402f8     libucrtd:matherr.obj
 0003:00001300       ?program_name@?5???$common_configure_argv@D@@YAHW4_crt_argv_mode@@@Z@4PADA 00440300     libucrtd:argv_parsing.obj
 0003:00001418       ?empty_string@?1???$common_wincmdln@D@@YAPADXZ@4PADA 00440418     libucrtd:argv_winmain.obj
 0003:0000141c       _c_termination_complete    0044041c     libucrtd:exit.obj
 0003:00001420       _thread_local_exit_callback_func 00440420     libucrtd:exit.obj
 0003:00001424       ?c_exit_complete@?5??common_exit@@YAXHW4_crt_exit_cleanup_mode@@W4_crt_exit_return_mode@@@Z@4_NA 00440424     libucrtd:exit.obj
 0003:0000142c       ___acrt_global_new_mode    0044042c     libucrtd:new_mode.obj
 0003:0000144c       ___acrt_first_block        0044044c     libucrtd:debug_heap.obj
 0003:00001450       ___acrt_last_block         00440450     libucrtd:debug_heap.obj
 0003:00001454       ___acrt_total_allocations  00440454     libucrtd:debug_heap.obj
 0003:00001458       ___acrt_current_allocations 00440458     libucrtd:debug_heap.obj
 0003:0000145c       ___acrt_max_allocations    0044045c     libucrtd:debug_heap.obj
 0003:00001460       ___acrt_check_frequency    00440460     libucrtd:debug_heap.obj
 0003:00001464       ___acrt_check_counter      00440464     libucrtd:debug_heap.obj
 0003:0000146c       _heap_validation_pending   0044046c     libucrtd:debug_heap.obj
 0003:00001470       ___acrt_invalid_parameter_handler 00440470     libucrtd:invalid_parameter.obj
 0003:00001474       ___acrt_error_mode         00440474     libucrtd:set_error_mode.obj
 0003:00001484       _fSystemSet                00440484     libucrtd:mbctype.obj
 0003:00001488       ?initialized@?1??__acrt_initialize_multibyte@@9@4_NA 00440488     libucrtd:mbctype.obj
 0003:000014a8       ___acrt_lock_table         004404a8     libucrtd:locks.obj
 0003:000015e0       ___acrt_locks_initialized  004405e0     libucrtd:locks.obj
 0003:000015e8       _module_handles            004405e8     libucrtd:winapi_thunks.obj
 0003:00001638       _encoded_function_pointers 00440638     libucrtd:winapi_thunks.obj
 0003:000016b4       ?state_cache@?1??__acrt_is_packaged_app@@9@4JA 004406b4     libucrtd:winapi_thunks.obj
 0003:000018d4       ___acrt_new_handler        004408d4     libucrtd:new_handler.obj
 0003:000018d8       _ctrlc_action              004408d8     libucrtd:signal.obj
 0003:000018dc       _ctrlbreak_action          004408dc     libucrtd:signal.obj
 0003:000018e0       _abort_action              004408e0     libucrtd:signal.obj
 0003:000018e4       _term_action               004408e4     libucrtd:signal.obj
 0003:00001904       _enable_percent_n          00440904     libucrtd:printf_count_output.obj
 0003:0000190c       __pmatherr_set             0044090c     libucrtd:libm_error.obj
 0004:00000000       __guard_fids____dcrt_uninitialize_environments_nolock 00441000     libucrtd:environment_initialization.obj
 0004:00000008       __guard_fids__             00441008     libucrtd:initialization.obj
 0004:00000068       __guard_fids____acrt_initialize_ptd 00441068     libucrtd:per_thread_data.obj
 0004:0000006c       __guard_fids_??$common_show_message_box@_W@@YAHQB_W0I@Z 0044106c     libucrtd:crtmbox.obj
 0004:00000070       __guard_fids_??B<lambda_b68abde6228dcb3e21f999edca8a512a>@@QBEP6AHPBX0@ZXZ 00441070     libucrtd:argv_wildcards.obj
 0004:00000074       __guard_fids__             00441074     libucrtd:locale_initializer.obj
 0004:00000078       __guard_fids__             00441078     libucrtd:debug_heap_hook.obj
 0004:0000007c       __guard_fids__             0044107c     libucrtd:multibyte_initializer.obj
 0004:00000080       __guard_fids__             00441080     libucrtd:stdio_initializer.obj
 0004:00000084       __guard_fids__             00441084     libucrtd:stdio_initializer.obj
 0004:00000088       __guard_fids____libm_error_support 00441088     libucrtd:libm_error.obj
 0004:0000008c       __guard_fids__             0044108c     libucrtd:sse2_initializer.obj
 0004:00000090       __guard_fids__             00441090     libucrtd:console_output_initializer.obj
 0004:00000094       __guard_fids__             00441094     LIBCMTD:exe_winmain.obj
 0004:00000098       __guard_fids__             00441098     LIBCMTD:exe_winmain.obj
 0004:0000009c       __guard_fids__             0044109c     LIBCMTD:exe_winmain.obj
 0004:000000a0       __guard_fids_?pre_c_initialization@@YAHXZ 004410a0     LIBCMTD:exe_winmain.obj
 0004:000000a8       __guard_fids____scrt_set_unhandled_exception_filter 004410a8     LIBCMTD:utility_desktop.obj
 0004:000000ac       __guard_fids__             004410ac     LIBCMTD:guard_support.obj
 0004:000000b0       __guard_fids___guard_icall_checks_enforced 004410b0     LIBCMTD:guard_support.obj
 0004:000000b4       __guard_fids__             004410b4     libvcruntimed:telemetry.obj
 0004:000000b8       __guard_fids_?TraceLoggingRegister@__vcrt_trace_logging_provider@@YAJPBU_TlgProvider_t@1@PBU_GUID@@P6GX1KE_K2PAU_EVENT_FILTER_DESCRIPTOR@@PAX@Z4@Z 004410b8     libvcruntimed:telemetry.obj
 0004:000000bc       __guard_fids____vcrt_initialize_ptd 004410bc     libvcruntimed:per_thread_data.obj
 0004:000000c0       __guard_fids__             004410c0     LIBCMTD:std_type_info_static.obj
 0004:000000c4       __guard_fids__             004410c4     libvcruntimed:frame.obj
 0004:000000c8       __guard_fids__             004410c8     libvcruntimed:frame.obj
 0004:000000d0       __guard_fids__             004410d0     libvcruntimed:frame.obj
 0004:000000d8       __guard_fids__             004410d8     libvcruntimed:frame.obj
 0004:000000dc       __guard_fids__             004410dc     libvcruntimed:frame.obj
 0004:000000e0       __guard_fids__             004410e0     libvcruntimed:frame.obj
