 win32_app

 Timestamp is 60107400 (Tue Jan 26 20:56:48 2021)

 Preferred load address is 0000000140000000

 Start         Length     Name                   Class
 0001:00000000 00000627H .text                   CODE
 0001:00000630 0003683aH .text$mn                CODE
 0001:00036e70 00000012H .text$mn$00             CODE
 0001:00036e90 00000689H .text$x                 CODE
 0002:00000000 00000420H .idata$5                DATA
 0002:00000420 00000010H .00cfg                  DATA
 0002:00000430 00000008H .CRT$XCA                DATA
 0002:00000438 00000008H .CRT$XCAA               DATA
 0002:00000440 00000008H .CRT$XCZ                DATA
 0002:00000448 00000008H .CRT$XIA                DATA
 0002:00000450 00000008H .CRT$XIAA               DATA
 0002:00000458 00000008H .CRT$XIAC               DATA
 0002:00000460 00000018H .CRT$XIC                DATA
 0002:00000478 00000008H .CRT$XIZ                DATA
 0002:00000480 00000008H .CRT$XPA                DATA
 0002:00000488 00000010H .CRT$XPX                DATA
 0002:00000498 00000008H .CRT$XPXA               DATA
 0002:000004a0 00000008H .CRT$XPZ                DATA
 0002:000004a8 00000008H .CRT$XTA                DATA
 0002:000004b0 00000008H .CRT$XTZ                DATA
 0002:000004c0 0000ff94H .rdata                  DATA
 0002:00010458 0000016cH .rdata$r                DATA
 0002:000105c8 00000010H .rdata$zETW0            DATA
 0002:000105d8 00000077H .rdata$zETW1            DATA
 0002:0001064f 0000002cH .rdata$zETW2            DATA
 0002:0001067b 00000001H .rdata$zETW9            DATA
 0002:0001067c 00000398H .rdata$zzzdbg           DATA
 0002:00010a18 00000008H .rtc$IAA                DATA
 0002:00010a20 00000008H .rtc$IZZ                DATA
 0002:00010a28 00000008H .rtc$TAA                DATA
 0002:00010a30 00000008H .rtc$TZZ                DATA
 0002:00010a40 000010c4H .xdata                  DATA
 0002:00011b08 00000084H .xdata$x                DATA
 0002:00011b8c 00000000H .edata                  DATA
 0002:00011b8c 00000078H .idata$2                DATA
 0002:00011c04 00000014H .idata$3                DATA
 0002:00011c18 00000420H .idata$4                DATA
 0002:00012038 00000942H .idata$6                DATA
 0003:00000000 00000a00H .data                   DATA
 0003:00000a00 0000006cH .data$r                 DATA
 0003:00000a70 00001880H .bss                    DATA
 0004:00000000 00002af0H .pdata                  DATA
 0005:00000000 00000088H .gfids$x                DATA
 0005:00000088 00000048H .gfids$y                DATA

  Address         Publics by Value              Rva+Base               Lib:Object

 0000:00000000       __guard_iat_table          0000000000000000     <absolute>
 0000:00000000       __guard_iat_count          0000000000000000     <absolute>
 0000:00000000       __guard_fids_count         0000000000000000     <absolute>
 0000:00000000       __guard_longjmp_table      0000000000000000     <absolute>
 0000:00000000       ___safe_se_handler_table   0000000000000000     <absolute>
 0000:00000000       __guard_longjmp_count      0000000000000000     <absolute>
 0000:00000000       ___safe_se_handler_count   0000000000000000     <absolute>
 0000:00000000       __guard_fids_table         0000000000000000     <absolute>
 0000:00000100       __guard_flags              0000000000000100     <absolute>
 0000:00000000       __ImageBase                0000000140000000     <linker-defined>
 0001:00000000       ?TraceLoggingRegister@__vcrt_trace_logging_provider@@YAJPEBU_TlgProvider_t@1@PEBU_GUID@@P6AX1KE_K2PEAU_EVENT_FILTER_DESCRIPTOR@@PEAX@Z4@Z 0000000140001000 f i libvcruntimed:telemetry.obj
 0001:000000f0       ?TraceLoggingSetInformation@__vcrt_trace_logging_provider@@YAJPEBU_TlgProvider_t@1@W4_EVENT_INFO_CLASS@@PEAXK@Z 00000001400010f0 f i libvcruntimed:telemetry.obj
 0001:00000140       ?TraceLoggingUnregister@__vcrt_trace_logging_provider@@YAXPEBU_TlgProvider_t@1@@Z 0000000140001140 f i libvcruntimed:telemetry.obj
 0001:00000170       ?_TlgCreateSz@__vcrt_trace_logging_provider@@YAXPEAU_EVENT_DATA_DESCRIPTOR@@PEBD@Z 0000000140001170 f i libvcruntimed:telemetry.obj
 0001:000001e0       ?_TlgCreateWsz@__vcrt_trace_logging_provider@@YAXPEAU_EVENT_DATA_DESCRIPTOR@@PEB_W@Z 00000001400011e0 f i libvcruntimed:telemetry.obj
 0001:00000250       ?_TlgEnableCallback@__vcrt_trace_logging_provider@@YAXPEBU_GUID@@KE_K1PEAU_EVENT_FILTER_DESCRIPTOR@@PEAX@Z 0000000140001250 f i libvcruntimed:telemetry.obj
 0001:00000370       ?_TlgKeywordOn@__vcrt_trace_logging_provider@@YAEPEBU_TlgProvider_t@1@_K@Z 0000000140001370 f i libvcruntimed:telemetry.obj
 0001:000003e0       ?_TlgWrite@__vcrt_trace_logging_provider@@YAJPEBU_TlgProvider_t@1@PEFBXPEBU_GUID@@2IPEAU_EVENT_DATA_DESCRIPTOR@@@Z 00000001400013e0 f i libvcruntimed:telemetry.obj
 0001:00000630       WinMain                    0000000140001630 f   win32_app.obj
 0001:00002e80       ?CatStrings@@YAX_KPEAD0101@Z 0000000140003e80 f   win32_app.obj
 0001:000030c0       ?DEBUGPlatformFreeFileMemory@@YAXPEAX@Z 00000001400040c0 f   win32_app.obj
 0001:000030f0       ?DEBUGPlatformReadEntireFile@@YA?AUdebug_read_file_result@@PEAD@Z 00000001400040f0 f   win32_app.obj
 0001:000036b0       ?DEBUGPlatformWriteEntireFile@@YAHPEADIPEAX@Z 00000001400046b0 f   win32_app.obj
 0001:00003780       ?PlatformLoadFile@@YAPEAXPEAD@Z 0000000140004780 f   win32_app.obj
 0001:00003dc0       ?MainWindowCallBack@@YA_JPEAUHWND__@@I_K_J@Z 0000000140004dc0 f   win32_app.obj
 0001:00004d20       ?PlatformAddWorkEntry@@YAXPEAUplatform_work_queue@@P6AXPEAX@Z1@Z 0000000140005d20 f   win32_app.obj
 0001:00004dc0       ?ThreadProc@@YAKPEAX@Z     0000000140005dc0 f   win32_app.obj
 0001:00004f40       ?GetController@@YAPEAUapp_controller_input@@PEAUapp_input@@H@Z 0000000140005f40 f i win32_app.obj
 0001:00004f90       ?PlatformNoFileErrors@@YAHPEAUplatform_file_handle@@@Z 0000000140005f90 f i win32_app.obj
 0001:00004fd0       ?Win32AllocateSize@@YAPEAXI@Z 0000000140005fd0 f i win32_app.obj
 0001:00005010       ?Win32Free@@YAXPEAX@Z      0000000140006010 f i win32_app.obj
 0001:00005040       ?Win32GetFileLastWriteTime@@YA?AU_FILETIME@@PEAD@Z 0000000140006040 f i win32_app.obj
 0001:000050b0       ?Win32GetSecondsElapsed@@YAMT_LARGE_INTEGER@@0@Z 00000001400060b0 f i win32_app.obj
 0001:000050f0       ?Win32GetWallClock@@YA?AT_LARGE_INTEGER@@XZ 00000001400060f0 f i win32_app.obj
 0001:00005110       ?Win32VerifyInput@@YAHPEAUapp_input@@PEAUapp_button_state@@II@Z 0000000140006110 f i win32_app.obj
 0001:000051f0       ?safeTruncateU32@@YAI_K@Z  00000001400061f0 f i win32_app.obj
 0001:00005220       __raise_securityfailure    0000000140006220 f   LIBCMTD:gs_report.obj
 0001:00005260       __report_gsfailure         0000000140006260 f   LIBCMTD:gs_report.obj
 0001:00005340       __report_rangecheckfailure 0000000140006340 f   LIBCMTD:gs_report.obj
 0001:00005360       __report_securityfailure   0000000140006360 f   LIBCMTD:gs_report.obj
 0001:000054c0       __GSHandlerCheck           00000001400064c0 f   LIBCMTD:_gshandler_.obj
 0001:00005500       __GSHandlerCheckCommon     0000000140006500 f   LIBCMTD:_gshandler_.obj
 0001:00005610       __chkstk                   0000000140006610 f   LIBCMTD:_chkstk_.obj
 0001:00005610       _alloca_probe              0000000140006610 f   LIBCMTD:_chkstk_.obj
 0001:00005680       __security_check_cookie    0000000140006680 f   LIBCMTD:_amdsecgs_.obj
 0001:00005960       ?configure_argv@__scrt_narrow_argv_policy@@SAHXZ 0000000140006960 f i LIBCMTD:exe_winmain.obj
 0001:00005980       ?get_app_type@__scrt_winmain_policy@@SA?AW4_crt_app_type@@XZ 0000000140006980 f i LIBCMTD:exe_winmain.obj
 0001:000059e0       WinMainCRTStartup          00000001400069e0 f   LIBCMTD:exe_winmain.obj
 0001:000059f0       ?__crt_rotate_pointer_value@@YA_K_KH@Z 00000001400069f0 f i LIBCMTD:utility.obj
 0001:00005b70       NtCurrentTeb               0000000140006b70 f i LIBCMTD:utility.obj
 0001:00005b80       __scrt_acquire_startup_lock 0000000140006b80 f   LIBCMTD:utility.obj
 0001:00005bf0       __scrt_initialize_crt      0000000140006bf0 f   LIBCMTD:utility.obj
 0001:00005c40       __scrt_initialize_onexit_tables 0000000140006c40 f   LIBCMTD:utility.obj
 0001:00005d40       __scrt_is_nonwritable_in_current_image 0000000140006d40 f   LIBCMTD:utility.obj
 0001:00005dd0       __scrt_release_startup_lock 0000000140006dd0 f   LIBCMTD:utility.obj
 0001:00005e00       __scrt_uninitialize_crt    0000000140006e00 f   LIBCMTD:utility.obj
 0001:00005e40       _onexit                    0000000140006e40 f   LIBCMTD:utility.obj
 0001:00005ed0       atexit                     0000000140006ed0 f   LIBCMTD:utility.obj
 0001:00005f10       __security_init_cookie     0000000140006f10 f   LIBCMTD:gs_support.obj
 0001:00006030       _matherr                   0000000140007030 f   LIBCMTD:matherr.obj
 0001:00006040       _get_startup_argv_mode     0000000140007040 f   LIBCMTD:argv_mode.obj
 0001:00006050       _get_startup_file_mode     0000000140007050 f   LIBCMTD:file_mode.obj
 0001:00006060       __scrt_initialize_winrt    0000000140007060 f   LIBCMTD:utility_desktop.obj
 0001:00006060       ?get_invalid_value@__crt_hmodule_traits@@SAPEAUHINSTANCE__@@XZ 0000000140007060 f   libucrtd:exit.obj
 0001:00006060       _get_startup_new_mode      0000000140007060 f   LIBCMTD:new_mode.obj
 0001:00006060       _get_startup_commit_mode   0000000140007060 f   LIBCMTD:commit_mode.obj
 0001:00006060       ?get_current_state_index@__crt_state_management@@YA_KXZ 0000000140007060 f   libucrtd:matherr.obj
 0001:00006060       _get_startup_thread_locale_mode 0000000140007060 f   LIBCMTD:thread_locale.obj
 0001:00006070       ?__scrt_initialize_type_info@@YAXXZ 0000000140007070 f   LIBCMTD:tncleanup.obj
 0001:00006090       __local_stdio_printf_options 0000000140007090 f i LIBCMTD:default_local_stdio_options.obj
 0001:000060a0       __local_stdio_scanf_options 00000001400070a0 f i LIBCMTD:default_local_stdio_options.obj
 0001:000060b0       __scrt_initialize_default_local_stdio_options 00000001400070b0 f   LIBCMTD:default_local_stdio_options.obj
 0001:00006100       __scrt_is_user_matherr_present 0000000140007100 f   LIBCMTD:matherr_detection.obj
 0001:00006130       __scrt_get_dyn_tls_init_callback 0000000140007130 f   LIBCMTD:dyn_tls_init.obj
 0001:00006140       __scrt_get_dyn_tls_dtor_callback 0000000140007140 f   LIBCMTD:dyn_tls_dtor.obj
 0001:00006150       __crt_debugger_hook        0000000140007150 f   LIBCMTD:utility_desktop.obj
 0001:00006160       __scrt_fastfail            0000000140007160 f   LIBCMTD:utility_desktop.obj
 0001:00006300       __scrt_get_show_window_mode 0000000140007300 f   LIBCMTD:utility_desktop.obj
 0001:00006360       __scrt_is_managed_app      0000000140007360 f   LIBCMTD:utility_desktop.obj
 0001:00006410       __scrt_set_unhandled_exception_filter 0000000140007410 f   LIBCMTD:utility_desktop.obj
 0001:00006430       __scrt_unhandled_exception_filter 0000000140007430 f   LIBCMTD:utility_desktop.obj
 0001:000064b0       _RTC_Initialize            00000001400074b0 f   LIBCMTD:_initsect_.obj
 0001:00006500       _RTC_Terminate             0000000140007500 f   LIBCMTD:_initsect_.obj
 0001:00006550       _guard_check_icall         0000000140007550 f i LIBCMTD:checkcfg.obj
 0001:00006570       __isa_available_init       0000000140007570 f   LIBCMTD:_cpu_disp_.obj
 0001:000068f0       __scrt_is_ucrt_dll_in_use  00000001400078f0 f   LIBCMTD:ucrt_detection.obj
 0001:00006920       _guard_icall_checks_enforced 0000000140007920 f i LIBCMTD:guard_support.obj
 0001:00006950       IsProcessorFeaturePresent  0000000140007950 f   kernel32:KERNEL32.dll
 0001:000069f0       EventDataDescCreate        00000001400079f0 f i libvcruntimed:telemetry.obj
 0001:00006a30       HRESULT_FROM_WIN32         0000000140007a30 f i libvcruntimed:telemetry.obj
 0001:00006a70       __telemetry_main_invoke_trigger 0000000140007a70 f   libvcruntimed:telemetry.obj
 0001:00006bb0       __telemetry_main_return_trigger 0000000140007bb0 f   libvcruntimed:telemetry.obj
 0001:00006cf0       __vcrt_initialize_telemetry_provider 0000000140007cf0 f   libvcruntimed:telemetry.obj
 0001:00006d10       __vcrt_uninitialize_telemetry_provider 0000000140007d10 f   libvcruntimed:telemetry.obj
 0001:00006d30       __C_specific_handler       0000000140007d30 f   libvcruntimed:_chandler_.obj
 0001:00007160       __vcrt_initialize          0000000140008160 f   libvcruntimed:initialization.obj
 0001:000071b0       __vcrt_uninitialize        00000001400081b0 f   libvcruntimed:initialization.obj
 0001:000071e0       __std_type_info_compare    00000001400081e0 f   libvcruntimed:std_type_info.obj
 0001:00007220       ??$__crt_interlocked_compare_exchange_pointer@UHINSTANCE__@@$$T$$T@@YAPEAUHINSTANCE__@@PEDSEAU0@$$T1@Z 0000000140008220 f i libvcruntimed:winapi_downlevel.obj
 0001:00007220       ??$__crt_interlocked_compare_exchange_pointer@X$$T$$T@@YAPEAXPEDSEAX$$T1@Z 0000000140008220 f i libvcruntimed:winapi_downlevel.obj
 0001:00007260       ??$__crt_interlocked_exchange_pointer@XPEAX@@YAPEAXPEDSEAXQEAX@Z 0000000140008260 f i libvcruntimed:winapi_downlevel.obj
 0001:00007260       ??$__crt_interlocked_exchange_pointer@UHINSTANCE__@@PEAU1@@@YAPEAUHINSTANCE__@@PEDSEAU0@QEAU0@@Z 0000000140008260 f i libvcruntimed:winapi_downlevel.obj
 0001:00007260       ??$__crt_interlocked_exchange_pointer@UHINSTANCE__@@PEAX@@YAPEAUHINSTANCE__@@PEDSEAU0@QEAX@Z 0000000140008260 f i libvcruntimed:winapi_downlevel.obj
 0001:00007280       ??$__crt_interlocked_read_pointer@UHINSTANCE__@@@@YAPEAUHINSTANCE__@@PEDSEAU0@@Z 0000000140008280 f i libvcruntimed:winapi_downlevel.obj
 0001:00007280       ??$__crt_interlocked_read_pointer@X@@YAPEAXPEDSEAX@Z 0000000140008280 f i libvcruntimed:winapi_downlevel.obj
 0001:000072a0       ?__crt_fast_encode_pointer@@YA?AU__crt_fast_encoded_nullptr_t@@$$T@Z 00000001400082a0 f i libvcruntimed:winapi_downlevel.obj
 0001:00007880       __vcrt_EventRegister       0000000140008880 f   libvcruntimed:winapi_downlevel.obj
 0001:000078f0       __vcrt_EventSetInformation 00000001400088f0 f   libvcruntimed:winapi_downlevel.obj
 0001:00007950       __vcrt_EventUnregister     0000000140008950 f   libvcruntimed:winapi_downlevel.obj
 0001:000079a0       __vcrt_EventWriteTransfer  00000001400089a0 f   libvcruntimed:winapi_downlevel.obj
 0001:00007a20       __vcrt_FlsAlloc            0000000140008a20 f   libvcruntimed:winapi_downlevel.obj
 0001:00007a70       __vcrt_FlsFree             0000000140008a70 f   libvcruntimed:winapi_downlevel.obj
 0001:00007ac0       __vcrt_FlsGetValue         0000000140008ac0 f   libvcruntimed:winapi_downlevel.obj
 0001:00007b10       __vcrt_FlsSetValue         0000000140008b10 f   libvcruntimed:winapi_downlevel.obj
 0001:00007b70       __vcrt_InitializeCriticalSectionEx 0000000140008b70 f   libvcruntimed:winapi_downlevel.obj
 0001:00007bd0       __vcrt_initialize_winapi_thunks 0000000140008bd0 f   libvcruntimed:winapi_downlevel.obj
 0001:00007c50       __vcrt_uninitialize_winapi_thunks 0000000140008c50 f   libvcruntimed:winapi_downlevel.obj
 0001:00007d00       _local_unwind              0000000140008d00 f   libvcruntimed:_jmpuwind_.obj
 0001:00007d30       _NLG_Notify                0000000140008d30 f   libvcruntimed:_jmpuwind_.obj
 0001:00007d50       __NLG_Dispatch2            0000000140008d50 f   libvcruntimed:_jmpuwind_.obj
 0001:00007d60       __NLG_Return2              0000000140008d60 f   libvcruntimed:_jmpuwind_.obj
 0001:00007d70       __except_validate_context_record 0000000140008d70 f   libvcruntimed:jbcxrval.obj
 0001:00007dd0       ??$?RD@__crt_internal_free_policy@@QEBAXQEBD@Z 0000000140008dd0 f i libvcruntimed:std_type_info.obj
 0001:00007dd0       ??$?RPEAU__crt_stdio_stream_data@@@__crt_internal_free_policy@@QEBAXQEBQEAU__crt_stdio_stream_data@@@Z 0000000140008dd0 f i libucrtd:_file.obj
 0001:00007dd0       ??$?RU__crt_multibyte_data@@@__crt_internal_free_policy@@QEBAXQEBU__crt_multibyte_data@@@Z 0000000140008dd0 f i libucrtd:wsetlocale.obj
 0001:00007dd0       ??$?RU__crt_lowio_handle_data@@@__crt_internal_free_policy@@QEBAXQEBU__crt_lowio_handle_data@@@Z 0000000140008dd0 f i libucrtd:osfinfo.obj
 0001:00007dd0       ??$?RP6AXXZ@__crt_internal_free_policy@@QEBAXQEBQ6AXXZ@Z 0000000140008dd0 f i libucrtd:onexit.obj
 0001:00007dd0       ??$?RU__acrt_ptd@@@__crt_internal_free_policy@@QEBAXQEBU__acrt_ptd@@@Z 0000000140008dd0 f i libucrtd:per_thread_data.obj
 0001:00007dd0       ??$?RU__vcrt_ptd@@@__crt_internal_free_policy@@QEBAXQEBU__vcrt_ptd@@@Z 0000000140008dd0 f i libvcruntimed:per_thread_data.obj
 0001:00007dd0       ??$?RPEAD@__crt_internal_free_policy@@QEBAXQEBQEAD@Z 0000000140008dd0 f i libucrtd:argv_parsing.obj
 0001:00007dd0       ??$?RE@__crt_internal_free_policy@@QEBAXQEBE@Z 0000000140008dd0 f i libucrtd:argv_parsing.obj
 0001:00007e00       ??1?$__crt_unique_heap_ptr@U__vcrt_ptd@@U__crt_internal_free_policy@@@@QEAA@XZ 0000000140008e00 f i libvcruntimed:per_thread_data.obj
 0001:00007e00       ??1?$__crt_unique_heap_ptr@DU__crt_internal_free_policy@@@@QEAA@XZ 0000000140008e00 f i libvcruntimed:std_type_info.obj
 0001:00007e20       ?release@?$__crt_unique_heap_ptr@U__vcrt_ptd@@U__crt_internal_free_policy@@@@QEAAXXZ 0000000140008e20 f i libvcruntimed:per_thread_data.obj
 0001:00007e20       ?release@?$__crt_unique_heap_ptr@DU__crt_internal_free_policy@@@@QEAAXXZ 0000000140008e20 f i libvcruntimed:std_type_info.obj
 0001:00007e80       __vcrt_freefls             0000000140008e80 f   libvcruntimed:per_thread_data.obj
 0001:00007ec0       __vcrt_getptd              0000000140008ec0 f   libvcruntimed:per_thread_data.obj
 0001:00007ef0       __vcrt_getptd_noexit       0000000140008ef0 f   libvcruntimed:per_thread_data.obj
 0001:00008010       __vcrt_initialize_ptd      0000000140009010 f   libvcruntimed:per_thread_data.obj
 0001:00008060       __vcrt_uninitialize_ptd    0000000140009060 f   libvcruntimed:per_thread_data.obj
 0001:00008090       __vcrt_initialize_locks    0000000140009090 f   libvcruntimed:locks.obj
 0001:00008100       __vcrt_uninitialize_locks  0000000140009100 f   libvcruntimed:locks.obj
 0001:00008160       ??$?BP6AXXZ@__crt_fast_encoded_nullptr_t@@QEBAPEAP6AXXZXZ 0000000140009160 f i libucrtd:onexit.obj
 0001:00008160       ??$?B$$A6AXPEAXK0@Z@__crt_fast_encoded_nullptr_t@@QEBAP6AXPEAXK0@ZXZ 0000000140009160 f i libucrtd:exit.obj
 0001:00008160       ??$?BX@__crt_fast_encoded_nullptr_t@@QEBAPEAXXZ 0000000140009160 f i libvcruntimed:winapi_downlevel.obj
 0001:00008160       ??$?B$$A6AXH@Z@__crt_fast_encoded_nullptr_t@@QEBAP6AXH@ZXZ 0000000140009160 f i libucrtd:signal.obj
 0001:00008160       ??$?B$$A6AXXZ@__crt_fast_encoded_nullptr_t@@QEBAP6AXXZXZ 0000000140009160 f i libvcruntimed:purevirt_data.obj
 0001:00008180       ??$__crt_fast_encode_pointer@P6AXPEAXK0@Z@@YAP6AXPEAXK0@ZQ6AX0K0@Z@Z 0000000140009180 f i libucrtd:exit.obj
 0001:00008180       ??$__crt_fast_encode_pointer@P6AXH@Z@@YAP6AXH@ZQ6AXH@Z@Z 0000000140009180 f i libucrtd:signal.obj
 0001:00008180       ??$__crt_fast_encode_pointer@PEAX@@YAPEAXQEAX@Z 0000000140009180 f i libvcruntimed:winapi_downlevel.obj
 0001:00008180       ??$__crt_fast_encode_pointer@PEAP6AXXZ@@YAPEAP6AXXZQEAP6AXXZ@Z 0000000140009180 f i LIBCMTD:utility.obj
 0001:00008180       ??$__crt_fast_encode_pointer@P6AXXZ@@YAP6AXXZQ6AXXZ@Z 0000000140009180 f i libvcruntimed:purevirt_data.obj
 0001:00008180       ??$__crt_fast_encode_pointer@P6AHPEAU_exception@@@Z@@YAP6AHPEAU_exception@@@ZQ6AH0@Z@Z 0000000140009180 f i libucrtd:matherr.obj
 0001:00008180       ??$__crt_fast_encode_pointer@P6AHXZ@@YAP6AHXZQ6AHXZ@Z 0000000140009180 f i libucrtd:onexit.obj
 0001:000081c0       __vcrt_initialize_pure_virtual_call_handler 00000001400091c0 f   libvcruntimed:purevirt_data.obj
 0001:000081f0       _vsprintf_s_l              00000001400091f0 f i libvcruntimed:undname.obj
 0001:00008260       sprintf_s                  0000000140009260 f i libvcruntimed:undname.obj
 0001:00008330       _seh_filter_exe            0000000140009330 f   libucrtd:exception_filter.obj
 0001:000087b0       __acrt_report_runtime_error 00000001400097b0 f   libucrtd:report_runtime_error.obj
 0001:00008a30       _invoke_watson_if_error    0000000140009a30 f i libucrtd:report_runtime_error.obj
 0001:00008a80       _query_app_type            0000000140009a80 f   libucrtd:report_runtime_error.obj
 0001:00008a90       _set_app_type              0000000140009a90 f   libucrtd:report_runtime_error.obj
 0001:00008aa0       __acrt_has_user_matherr    0000000140009aa0 f   libucrtd:matherr.obj
 0001:00008ae0       __acrt_initialize_user_matherr 0000000140009ae0 f   libucrtd:matherr.obj
 0001:00008b00       __acrt_invoke_user_matherr 0000000140009b00 f   libucrtd:matherr.obj
 0001:00008b60       __setusermatherr           0000000140009b60 f   libucrtd:matherr.obj
 0001:00008f20       ??$get_module_file_name@$$TAEAY0BAF@DH@?$__crt_char_traits@D@@SAK$$QEA$$TAEAY0BAF@D$$QEAH@Z 0000000140009f20 f i libucrtd:argv_parsing.obj
 0001:00008f20       ??$get_module_file_name@AEAPEAUHINSTANCE__@@AEAY0BAF@DK@?$__crt_char_traits@D@@SAKAEAPEAUHINSTANCE__@@AEAY0BAF@D$$QEAK@Z 0000000140009f20 f i libucrtd:dbgrpt.obj
 0001:000093f0       ??$set_program_name@PEAD@?$__crt_char_traits@D@@SAX$$QEAPEAD@Z 000000014000a3f0 f i libucrtd:argv_parsing.obj
 0001:000094d0       __acrt_allocate_buffer_for_argv 000000014000a4d0 f   libucrtd:argv_parsing.obj
 0001:000095f0       _configure_narrow_argv     000000014000a5f0 f   libucrtd:argv_parsing.obj
 0001:00009610       _set_pgmptr                000000014000a610 f i libucrtd:argv_parsing.obj
 0001:00009834       ??$tcslen@AEAPEAD@?$__crt_char_traits@D@@SA_KAEAPEAD@Z 000000014000a834 f i libucrtd:environment_initialization.obj
 0001:00009880       ??B?$__crt_unique_heap_ptr@PEADU__crt_internal_free_policy@@@@QEBA_NXZ 000000014000a880 f i libucrtd:environment_initialization.obj
 0001:0000988c       ?detach@?$__crt_unique_heap_ptr@DU__crt_internal_free_policy@@@@QEAAPEADXZ 000000014000a88c f i libucrtd:environment_initialization.obj
 0001:00009894       __dcrt_uninitialize_environments_nolock 000000014000a894 f   libucrtd:environment_initialization.obj
 0001:000098cc       _initialize_narrow_environment 000000014000a8cc f   libucrtd:environment_initialization.obj
 0001:00009a30       _get_narrow_winmain_command_line 000000014000aa30 f   libucrtd:argv_winmain.obj
 0001:00009a40       _initterm                  000000014000aa40 f   libucrtd:initterm.obj
 0001:00009ab0       _initterm_e                000000014000aab0 f   libucrtd:initterm.obj
 0001:00009b30       ??$__crt_get_proc_address@P6AXI@Z@@YAP6AXI@ZQEAUHINSTANCE__@@QEBD@Z 000000014000ab30 f i libucrtd:exit.obj
 0001:00009b60       ??$__crt_interlocked_read@J@@YAJPEDJ@Z 000000014000ab60 f i libucrtd:exit.obj
 0001:00009b80       ??1?$__crt_unique_handle_t@U__crt_hmodule_traits@@@@QEAA@XZ 000000014000ab80 f i libucrtd:exit.obj
 0001:00009ba0       ?__crt_interlocked_read_32@@YAHPEDH@Z 000000014000aba0 f i libucrtd:exit.obj
 0001:00009be0       ?close@?$__crt_unique_handle_t@U__crt_hmodule_traits@@@@QEAAXXZ 000000014000abe0 f i libucrtd:exit.obj
 0001:00009c20       ?close@__crt_hmodule_traits@@SA_NPEAUHINSTANCE__@@@Z 000000014000ac20 f i libucrtd:exit.obj
 0001:00009fb0       __acrt_initialize_thread_local_exit_callback 000000014000afb0 f   libucrtd:exit.obj
 0001:00009fd0       _c_exit                    000000014000afd0 f   libucrtd:exit.obj
 0001:00009ff0       _cexit                     000000014000aff0 f   libucrtd:exit.obj
 0001:0000a010       _exit                      000000014000b010 f   libucrtd:exit.obj
 0001:0000a030       _register_thread_local_exe_atexit_callback 000000014000b030 f   libucrtd:exit.obj
 0001:0000a080       exit                       000000014000b080 f   libucrtd:exit.obj
 0001:0000a0a0       _set_fmode                 000000014000b0a0 f   libucrtd:setmode.obj
 0001:0000a180       ??$?RV<lambda_9431c60049192bb82166e0947f95a2e9>@@AEAV<lambda_85fa512c59a4d94d4a89f575eefd92a6>@@V<lambda_487febba6ca58d9ce348204d67e1dba3>@@@?$__crt_seh_guarded_call@X@@QEAAX$$QEAV<lambda_9431c60049192bb82166e0947f95a2e9>@@AEAV<lambda_85fa512c59a4d94d4a89f575eefd92a6>@@$$QEAV<lambda_487febba6ca58d9ce348204d67e1dba3>@@@Z 000000014000b180 f i libucrtd:wsetlocale.obj
 0001:0000a1c0       ??$__acrt_lock_and_call@V<lambda_85fa512c59a4d94d4a89f575eefd92a6>@@@@YAXW4__acrt_lock_id@@$$QEAV<lambda_85fa512c59a4d94d4a89f575eefd92a6>@@@Z 000000014000b1c0 f i libucrtd:wsetlocale.obj
 0001:0000a230       ??$uninitialize@V<lambda_8a46c6dfc91710ae7f59bbc0ddf32a88>@@@?$dual_state_global@PEAU__crt_locale_data@@@__crt_state_management@@QEAAX$$QEAV<lambda_8a46c6dfc91710ae7f59bbc0ddf32a88>@@@Z 000000014000b230 f i libucrtd:wsetlocale.obj
 0001:0000a280       ??1?$__crt_unique_heap_ptr@U__crt_lowio_handle_data@@U__crt_internal_free_policy@@@@QEAA@XZ 000000014000b280 f i libucrtd:osfinfo.obj
 0001:0000a280       ??1?$__crt_unique_heap_ptr@U__crt_multibyte_data@@U__crt_internal_free_policy@@@@QEAA@XZ 000000014000b280 f i libucrtd:wsetlocale.obj
 0001:0000a280       ??1?$__crt_unique_heap_ptr@EU__crt_internal_free_policy@@@@QEAA@XZ 000000014000b280 f i libucrtd:argv_parsing.obj
 0001:0000a280       ??1?$__crt_unique_heap_ptr@P6AXXZU__crt_internal_free_policy@@@@QEAA@XZ 000000014000b280 f i libucrtd:onexit.obj
 0001:0000a280       ??1?$__crt_unique_heap_ptr@U__acrt_ptd@@U__crt_internal_free_policy@@@@QEAA@XZ 000000014000b280 f i libucrtd:per_thread_data.obj
 0001:0000a280       ??1?$__crt_unique_heap_ptr@PEAU__crt_stdio_stream_data@@U__crt_internal_free_policy@@@@QEAA@XZ 000000014000b280 f i libucrtd:_file.obj
 0001:0000a280       ??1?$__crt_unique_heap_ptr@PEADU__crt_internal_free_policy@@@@QEAA@XZ 000000014000b280 f i libucrtd:argv_parsing.obj
 0001:0000a320       ?release@?$__crt_unique_heap_ptr@P6AXXZU__crt_internal_free_policy@@@@QEAAXXZ 000000014000b320 f i libucrtd:onexit.obj
 0001:0000a320       ?release@?$__crt_unique_heap_ptr@PEADU__crt_internal_free_policy@@@@QEAAXXZ 000000014000b320 f i libucrtd:argv_parsing.obj
 0001:0000a320       ?release@?$__crt_unique_heap_ptr@PEAU__crt_stdio_stream_data@@U__crt_internal_free_policy@@@@QEAAXXZ 000000014000b320 f i libucrtd:_file.obj
 0001:0000a320       ?release@?$__crt_unique_heap_ptr@U__crt_lowio_handle_data@@U__crt_internal_free_policy@@@@QEAAXXZ 000000014000b320 f i libucrtd:osfinfo.obj
 0001:0000a320       ?release@?$__crt_unique_heap_ptr@U__acrt_ptd@@U__crt_internal_free_policy@@@@QEAAXXZ 000000014000b320 f i libucrtd:per_thread_data.obj
 0001:0000a320       ?release@?$__crt_unique_heap_ptr@EU__crt_internal_free_policy@@@@QEAAXXZ 000000014000b320 f i libucrtd:argv_parsing.obj
 0001:0000a320       ?release@?$__crt_unique_heap_ptr@U__crt_multibyte_data@@U__crt_internal_free_policy@@@@QEAAXXZ 000000014000b320 f i libucrtd:wsetlocale.obj
 0001:0000a360       __acrt_set_locale_changed  000000014000b360 f   libucrtd:wsetlocale.obj
 0001:0000a370       __acrt_uninitialize_locale 000000014000b370 f   libucrtd:wsetlocale.obj
 0001:0000a390       _configthreadlocale        000000014000b390 f   libucrtd:wsetlocale.obj
 0001:0000a4f0       ?value@?$dual_state_global@J@__crt_state_management@@QEAAAEAJXZ 000000014000b4f0 f i libucrtd:new_mode.obj
 0001:0000a4f0       ?value@?$dual_state_global@H@__crt_state_management@@QEAAAEAHXZ 000000014000b4f0 f i libucrtd:setmode.obj
 0001:0000a510       _query_new_mode            000000014000b510 f   libucrtd:new_mode.obj
 0001:0000a530       _set_new_mode              000000014000b530 f   libucrtd:new_mode.obj
 0001:0000a600       __p__commode               000000014000b600 f   libucrtd:ncommode.obj
 0001:0000a610       ??$?RV<lambda_b0d8f1f77f5878de4f648f281b223c15>@@AEAV<lambda_942beefa13ab35ff55f86422493ffd6a>@@V<lambda_7adb6fc9c0d6a5bd4e2d9c212ec7cdcc>@@@?$__crt_seh_guarded_call@H@@QEAAH$$QEAV<lambda_b0d8f1f77f5878de4f648f281b223c15>@@AEAV<lambda_942beefa13ab35ff55f86422493ffd6a>@@$$QEAV<lambda_7adb6fc9c0d6a5bd4e2d9c212ec7cdcc>@@@Z 000000014000b610 f i libucrtd:onexit.obj
 0001:0000a660       ??$?RV<lambda_d22e02de4d14401f49897516b29a2b7c>@@AEAV<lambda_e971338317bfa523bb8920b43d823727>@@V<lambda_b0b8599c9027f5b14541fbbd6863d1f1>@@@?$__crt_seh_guarded_call@H@@QEAAH$$QEAV<lambda_d22e02de4d14401f49897516b29a2b7c>@@AEAV<lambda_e971338317bfa523bb8920b43d823727>@@$$QEAV<lambda_b0b8599c9027f5b14541fbbd6863d1f1>@@@Z 000000014000b660 f i libucrtd:onexit.obj
 0001:0000a6b0       ??$__acrt_lock_and_call@V<lambda_942beefa13ab35ff55f86422493ffd6a>@@@@YAHW4__acrt_lock_id@@$$QEAV<lambda_942beefa13ab35ff55f86422493ffd6a>@@@Z 000000014000b6b0 f i libucrtd:onexit.obj
 0001:0000a720       ??$__acrt_lock_and_call@V<lambda_e971338317bfa523bb8920b43d823727>@@@@YAHW4__acrt_lock_id@@$$QEAV<lambda_e971338317bfa523bb8920b43d823727>@@@Z 000000014000b720 f i libucrtd:onexit.obj
 0001:0000acc0       _crt_atexit                000000014000bcc0 f   libucrtd:onexit.obj
 0001:0000ace0       _execute_onexit_table      000000014000bce0 f   libucrtd:onexit.obj
 0001:0000ad10       _initialize_onexit_table   000000014000bd10 f   libucrtd:onexit.obj
 0001:0000ad90       _register_onexit_function  000000014000bd90 f   libucrtd:onexit.obj
 0001:0000afa0       ??$uninitialize@V<lambda_c3040c0a6a4a8d26c9e8356dc2fac8c5>@@@?$dual_state_global@PEAU__crt_multibyte_data@@@__crt_state_management@@QEAAX$$QEAV<lambda_c3040c0a6a4a8d26c9e8356dc2fac8c5>@@@Z 000000014000bfa0 f i libucrtd:initialization.obj
 0001:0000b050       __acrt_initialize          000000014000c050 f   libucrtd:initialization.obj
 0001:0000b080       __acrt_uninitialize        000000014000c080 f   libucrtd:initialization.obj
 0001:0000b0b0       terminate                  000000014000c0b0 f   libucrtd:terminate.obj
 0001:0000b0f0       wcslen                     000000014000c0f0 f   libucrtd:wcslen.obj
 0001:0000b150       strlen                     000000014000c150 f   libucrtd:strlen.obj
 0001:0000b200       ??0_LocaleUpdate@@QEAA@QEAU__crt_locale_pointers@@@Z 000000014000c200 f i libucrtd:debug_heap.obj
 0001:0000b320       ??1_LocaleUpdate@@QEAA@XZ  000000014000c320 f i libucrtd:debug_heap.obj
 0001:0000b360       ?GetLocaleT@_LocaleUpdate@@QEAAPEAU__crt_locale_pointers@@XZ 000000014000c360 f i libucrtd:debug_heap.obj
 0001:0000d350       _CrtCheckMemory            000000014000e350 f   libucrtd:debug_heap.obj
 0001:0000d4e0       _CrtDumpMemoryLeaks        000000014000e4e0 f   libucrtd:debug_heap.obj
 0001:0000d5a0       _CrtIsValidHeapPointer     000000014000e5a0 f   libucrtd:debug_heap.obj
 0001:0000d5e0       _CrtIsValidPointer         000000014000e5e0 f   libucrtd:debug_heap.obj
 0001:0000d620       _CrtMemCheckpoint          000000014000e620 f   libucrtd:debug_heap.obj
 0001:0000d8a0       _CrtMemDumpAllObjectsSince 000000014000e8a0 f   libucrtd:debug_heap.obj
 0001:0000d900       _CrtSetDbgFlag             000000014000e900 f   libucrtd:debug_heap.obj
 0001:0000da60       _CrtSetDumpClient          000000014000ea60 f   libucrtd:debug_heap.obj
 0001:0000da90       __acrt_get_locale_data_prefix 000000014000ea90 f i libucrtd:debug_heap.obj
 0001:0000dab0       __acrt_locale_changed      000000014000eab0 f i libucrtd:debug_heap.obj
 0001:0000dae0       _calloc_dbg                000000014000eae0 f   libucrtd:debug_heap.obj
 0001:0000db80       _chvalidchk_l              000000014000eb80 f i libucrtd:debug_heap.obj
 0001:0000dbb0       _free_dbg                  000000014000ebb0 f   libucrtd:debug_heap.obj
 0001:0000dc20       _invoke_watson_if_oneof    000000014000ec20 f i libucrtd:debug_heap.obj
 0001:0000dc80       _ischartype_l              000000014000ec80 f i libucrtd:debug_heap.obj
 0001:0000dce0       _malloc_dbg                000000014000ece0 f   libucrtd:debug_heap.obj
 0001:0000dd20       _msize_dbg                 000000014000ed20 f   libucrtd:debug_heap.obj
 0001:0000dec0       _realloc_dbg               000000014000eec0 f   libucrtd:debug_heap.obj
 0001:0000df30       _recalloc_dbg              000000014000ef30 f   libucrtd:debug_heap.obj
 0001:0000e500       strcpy_s                   000000014000f500 f   libucrtd:strcpy_s.obj
 0001:0000e540       strcmp                     000000014000f540 f   libucrtd:strcmp.obj
 0001:0000e5b0       _initialize_denormal_control 000000014000f5b0 f i LIBCMTD:denormal_control.obj
 0001:0000e5b0       ??$__vcrt_va_start_verify_argument_type@QEBD@@YAXXZ 000000014000f5b0 f i libvcruntimed:undname.obj
 0001:0000e5b0       _initialize_invalid_parameter_handler 000000014000f5b0 f i LIBCMTD:invalid_parameter_handler.obj
 0001:0000e5b0       ??$__vcrt_va_start_verify_argument_type@QEB_W@@YAXXZ 000000014000f5b0 f i libucrtd:dbgrpt.obj
 0001:0000f330       ??$get_module_file_name@AEAPEAUHINSTANCE__@@AEAY0BAF@_WK@?$__crt_char_traits@_W@@SAKAEAPEAUHINSTANCE__@@AEAY0BAF@_W$$QEAK@Z 0000000140010330 f i libucrtd:dbgrpt.obj
 0001:0000f370       ??$tcscpy_s@AEAY0BAF@D_KPEBD@?$__crt_char_traits@D@@SAHAEAY0BAF@D$$QEA_K$$QEAPEBD@Z 0000000140010370 f i libucrtd:dbgrpt.obj
 0001:0000f3b0       ??$tcscpy_s@AEAY0BAF@_W_KPEB_W@?$__crt_char_traits@_W@@SAHAEAY0BAF@_W$$QEA_K$$QEAPEB_W@Z 00000001400103b0 f i libucrtd:dbgrpt.obj
 0001:0000f3f0       ??$tcslen@AEAY0BAF@D@?$__crt_char_traits@D@@SA_KAEAY0BAF@D@Z 00000001400103f0 f i libucrtd:dbgrpt.obj
 0001:0000f410       ??$tcslen@AEAY0BAF@_W@?$__crt_char_traits@_W@@SA_KAEAY0BAF@_W@Z 0000000140010410 f i libucrtd:dbgrpt.obj
 0001:0000f430       ??$tcslen@AEBQEBD@?$__crt_char_traits@D@@SA_KAEBQEBD@Z 0000000140010430 f i libucrtd:dbgrpt.obj
 0001:0000f450       ??$tcslen@AEBQEB_W@?$__crt_char_traits@_W@@SA_KAEBQEB_W@Z 0000000140010450 f i libucrtd:dbgrpt.obj
 0001:0000f4b0       _CrtDbgReport              00000001400104b0 f   libucrtd:dbgrpt.obj
 0001:0000f530       _CrtDbgReportW             0000000140010530 f   libucrtd:dbgrpt.obj
 0001:0000f5b0       __acrt_MessageWindowA      00000001400105b0 f   libucrtd:dbgrpt.obj
 0001:0000f600       __acrt_MessageWindowW      0000000140010600 f   libucrtd:dbgrpt.obj
 0001:0000f650       _snwprintf_s               0000000140010650 f i libucrtd:dbgrpt.obj
 0001:0000f6c0       _vsnwprintf_s_l            00000001400106c0 f i libucrtd:dbgrpt.obj
 0001:0000f740       abort                      0000000140010740 f   libucrtd:abort.obj
 0001:0000f7c0       ??$?0AEBV?$string_output_adapter@D@__crt_stdio_output@@AEB_KAEBQEBDAEBQEAU__crt_locale_pointers@@AEBQEAD@?$format_validation_base@DV?$string_output_adapter@D@__crt_stdio_output@@@__crt_stdio_output@@IEAA@AEBV?$string_output_adapter@D@1@AEB_KAEBQEBDAEBQEAU__crt_locale_pointers@@AEBQEAD@Z 00000001400107c0 f i libucrtd:output.obj
 0001:0000f810       ??$?0AEBV?$string_output_adapter@D@__crt_stdio_output@@AEB_KAEBQEBDAEBQEAU__crt_locale_pointers@@AEBQEAD@?$standard_base@DV?$string_output_adapter@D@__crt_stdio_output@@@__crt_stdio_output@@IEAA@AEBV?$string_output_adapter@D@1@AEB_KAEBQEBDAEBQEAU__crt_locale_pointers@@AEBQEAD@Z 0000000140010810 f i libucrtd:output.obj
 0001:0000f880       ??$?0AEBV?$string_output_adapter@_W@__crt_stdio_output@@AEB_KAEBQEB_WAEBQEAU__crt_locale_pointers@@AEBQEAD@?$format_validation_base@_WV?$string_output_adapter@_W@__crt_stdio_output@@@__crt_stdio_output@@IEAA@AEBV?$string_output_adapter@_W@1@AEB_KAEBQEB_WAEBQEAU__crt_locale_pointers@@AEBQEAD@Z 0000000140010880 f i libucrtd:output.obj
 0001:0000f8d0       ??$?0AEBV?$string_output_adapter@_W@__crt_stdio_output@@AEB_KAEBQEB_WAEBQEAU__crt_locale_pointers@@AEBQEAD@?$standard_base@_WV?$string_output_adapter@_W@__crt_stdio_output@@@__crt_stdio_output@@IEAA@AEBV?$string_output_adapter@_W@1@AEB_KAEBQEB_WAEBQEAU__crt_locale_pointers@@AEBQEAD@Z 00000001400108d0 f i libucrtd:output.obj
 0001:00011250       ??$count@D@formatting_buffer@__crt_stdio_output@@QEBA_KXZ 0000000140012250 f i libucrtd:output.obj
 0001:000112a0       ??$data@D@formatting_buffer@__crt_stdio_output@@QEAAPEADXZ 00000001400122a0 f i libucrtd:output.obj
 0001:000112a0       ??$data@_W@formatting_buffer@__crt_stdio_output@@QEAAPEA_WXZ 00000001400122a0 f i libucrtd:output.obj
 0001:000112f0       ??$ensure_buffer_is_big_enough@D@formatting_buffer@__crt_stdio_output@@QEAA_N_K@Z 00000001400122f0 f i libucrtd:output.obj
 0001:00011420       ??$extract_argument_from_va_list@C_J@?$standard_base@_WV?$string_output_adapter@_W@__crt_stdio_output@@@__crt_stdio_output@@IEAA_NAEA_J@Z 0000000140012420 f i libucrtd:output.obj
 0001:00011420       ??$extract_argument_from_va_list@C_J@?$standard_base@DV?$string_output_adapter@D@__crt_stdio_output@@@__crt_stdio_output@@IEAA_NAEA_J@Z 0000000140012420 f i libucrtd:output.obj
 0001:00011460       ??$extract_argument_from_va_list@E_J@?$standard_base@_WV?$string_output_adapter@_W@__crt_stdio_output@@@__crt_stdio_output@@IEAA_NAEA_J@Z 0000000140012460 f i libucrtd:output.obj
 0001:00011460       ??$extract_argument_from_va_list@E_J@?$standard_base@DV?$string_output_adapter@D@__crt_stdio_output@@@__crt_stdio_output@@IEAA_NAEA_J@Z 0000000140012460 f i libucrtd:output.obj
 0001:000114a0       ??$extract_argument_from_va_list@F_J@?$standard_base@_WV?$string_output_adapter@_W@__crt_stdio_output@@@__crt_stdio_output@@IEAA_NAEA_J@Z 00000001400124a0 f i libucrtd:output.obj
 0001:000114a0       ??$extract_argument_from_va_list@F_J@?$standard_base@DV?$string_output_adapter@D@__crt_stdio_output@@@__crt_stdio_output@@IEAA_NAEA_J@Z 00000001400124a0 f i libucrtd:output.obj
 0001:000114e0       ??$extract_argument_from_va_list@GD@?$standard_base@DV?$string_output_adapter@D@__crt_stdio_output@@@__crt_stdio_output@@IEAA_NAEAD@Z 00000001400124e0 f i libucrtd:output.obj
 0001:00011510       ??$extract_argument_from_va_list@G_J@?$standard_base@DV?$string_output_adapter@D@__crt_stdio_output@@@__crt_stdio_output@@IEAA_NAEA_J@Z 0000000140012510 f i libucrtd:output.obj
 0001:00011510       ??$extract_argument_from_va_list@G_J@?$standard_base@_WV?$string_output_adapter@_W@__crt_stdio_output@@@__crt_stdio_output@@IEAA_NAEA_J@Z 0000000140012510 f i libucrtd:output.obj
 0001:00011550       ??$extract_argument_from_va_list@H_J@?$standard_base@_WV?$string_output_adapter@_W@__crt_stdio_output@@@__crt_stdio_output@@IEAA_NAEA_J@Z 0000000140012550 f i libucrtd:output.obj
 0001:00011550       ??$extract_argument_from_va_list@H_J@?$standard_base@DV?$string_output_adapter@D@__crt_stdio_output@@@__crt_stdio_output@@IEAA_NAEA_J@Z 0000000140012550 f i libucrtd:output.obj
 0001:00011580       ??$extract_argument_from_va_list@I_J@?$standard_base@_WV?$string_output_adapter@_W@__crt_stdio_output@@@__crt_stdio_output@@IEAA_NAEA_J@Z 0000000140012580 f i libucrtd:output.obj
 0001:00011580       ??$extract_argument_from_va_list@I_J@?$standard_base@DV?$string_output_adapter@D@__crt_stdio_output@@@__crt_stdio_output@@IEAA_NAEA_J@Z 0000000140012580 f i libucrtd:output.obj
 0001:000115b0       ??$extract_argument_from_va_list@U_CRT_DOUBLE@@U1@@?$standard_base@_WV?$string_output_adapter@_W@__crt_stdio_output@@@__crt_stdio_output@@IEAA_NAEAU_CRT_DOUBLE@@@Z 00000001400125b0 f i libucrtd:output.obj
 0001:000115b0       ??$extract_argument_from_va_list@U_CRT_DOUBLE@@U1@@?$standard_base@DV?$string_output_adapter@D@__crt_stdio_output@@@__crt_stdio_output@@IEAA_NAEAU_CRT_DOUBLE@@@Z 00000001400125b0 f i libucrtd:output.obj
 0001:00011600       ??$extract_argument_from_va_list@_K_J@?$standard_base@DV?$string_output_adapter@D@__crt_stdio_output@@@__crt_stdio_output@@IEAA_NAEA_J@Z 0000000140012600 f i libucrtd:output.obj
 0001:00011600       ??$extract_argument_from_va_list@PEAUansi_string@?1??type_case_Z@?$output_processor@_WV?$string_output_adapter@_W@__crt_stdio_output@@V?$format_validation_base@_WV?$string_output_adapter@_W@__crt_stdio_output@@@2@@__crt_stdio_output@@AEAA_NXZ@PEAU1?1??234@AEAA_NXZ@@?$standard_base@_WV?$string_output_adapter@_W@__crt_stdio_output@@@__crt_stdio_output@@IEAA_NAEAPEAUansi_string@?1??type_case_Z@?$output_processor@_WV?$string_output_adapter@_W@__crt_stdio_output@@V?$format_validation_base@_WV?$string_output_adapter@_W@__crt_stdio_output@@@2@@1@AEAA_NXZ@@Z 0000000140012600 f i libucrtd:output.obj
 0001:00011600       ??$extract_argument_from_va_list@PEAUansi_string@?1??type_case_Z@?$output_processor@DV?$string_output_adapter@D@__crt_stdio_output@@V?$format_validation_base@DV?$string_output_adapter@D@__crt_stdio_output@@@2@@__crt_stdio_output@@AEAA_NXZ@PEAU1?1??234@AEAA_NXZ@@?$standard_base@DV?$string_output_adapter@D@__crt_stdio_output@@@__crt_stdio_output@@IEAA_NAEAPEAUansi_string@?1??type_case_Z@?$output_processor@DV?$string_output_adapter@D@__crt_stdio_output@@V?$format_validation_base@DV?$string_output_adapter@D@__crt_stdio_output@@@2@@1@AEAA_NXZ@@Z 0000000140012600 f i libucrtd:output.obj
 0001:00011600       ??$extract_argument_from_va_list@_J_J@?$standard_base@DV?$string_output_adapter@D@__crt_stdio_output@@@__crt_stdio_output@@IEAA_NAEA_J@Z 0000000140012600 f i libucrtd:output.obj
 0001:00011600       ??$extract_argument_from_va_list@PEADPEAD@?$standard_base@DV?$string_output_adapter@D@__crt_stdio_output@@@__crt_stdio_output@@IEAA_NAEAPEAD@Z 0000000140012600 f i libucrtd:output.obj
 0001:00011600       ??$extract_argument_from_va_list@_J_J@?$standard_base@_WV?$string_output_adapter@_W@__crt_stdio_output@@@__crt_stdio_output@@IEAA_NAEA_J@Z 0000000140012600 f i libucrtd:output.obj
 0001:00011600       ??$extract_argument_from_va_list@_K_J@?$standard_base@_WV?$string_output_adapter@_W@__crt_stdio_output@@@__crt_stdio_output@@IEAA_NAEA_J@Z 0000000140012600 f i libucrtd:output.obj
 0001:00011600       ??$extract_argument_from_va_list@PEAXPEAX@?$standard_base@DV?$string_output_adapter@D@__crt_stdio_output@@@__crt_stdio_output@@IEAA_NAEAPEAX@Z 0000000140012600 f i libucrtd:output.obj
 0001:00011600       ??$extract_argument_from_va_list@PEADPEAD@?$standard_base@_WV?$string_output_adapter@_W@__crt_stdio_output@@@__crt_stdio_output@@IEAA_NAEAPEAD@Z 0000000140012600 f i libucrtd:output.obj
 0001:00011600       ??$extract_argument_from_va_list@PEAXPEAX@?$standard_base@_WV?$string_output_adapter@_W@__crt_stdio_output@@@__crt_stdio_output@@IEAA_NAEAPEAX@Z 0000000140012600 f i libucrtd:output.obj
 0001:00011630       ??$extract_argument_from_va_list@_W_W@?$standard_base@DV?$string_output_adapter@D@__crt_stdio_output@@@__crt_stdio_output@@IEAA_NAEA_W@Z 0000000140012630 f i libucrtd:output.obj
 0001:00011630       ??$extract_argument_from_va_list@_W_W@?$standard_base@_WV?$string_output_adapter@_W@__crt_stdio_output@@@__crt_stdio_output@@IEAA_NAEA_W@Z 0000000140012630 f i libucrtd:output.obj
 0001:00011660       ??$is_wide_character_specifier@D@__crt_stdio_output@@YA_N_KDW4length_modifier@0@@Z 0000000140012660 f i libucrtd:output.obj
 0001:00011700       ??$is_wide_character_specifier@_W@__crt_stdio_output@@YA_N_K_WW4length_modifier@0@@Z 0000000140012700 f i libucrtd:output.obj
 0001:000117d0       ??$read_va_arg@E@__crt_stdio_output@@YAEAEAPEAD@Z 00000001400127d0 f i libucrtd:output.obj
 0001:000117d0       ??$read_va_arg@C@__crt_stdio_output@@YACAEAPEAD@Z 00000001400127d0 f i libucrtd:output.obj
 0001:00011840       ??$read_va_arg@I@__crt_stdio_output@@YAIAEAPEAD@Z 0000000140012840 f i libucrtd:output.obj
 0001:00011840       ??$read_va_arg@H@__crt_stdio_output@@YAHAEAPEAD@Z 0000000140012840 f i libucrtd:output.obj
 0001:000118a0       ??$read_va_arg@PEAX@__crt_stdio_output@@YAPEAXAEAPEAD@Z 00000001400128a0 f i libucrtd:output.obj
 0001:000118a0       ??$read_va_arg@U_CRT_DOUBLE@@@__crt_stdio_output@@YA?AU_CRT_DOUBLE@@AEAPEAD@Z 00000001400128a0 f i libucrtd:output.obj
 0001:000118a0       ??$read_va_arg@PEAUansi_string@?1??type_case_Z@?$output_processor@DV?$string_output_adapter@D@__crt_stdio_output@@V?$format_validation_base@DV?$string_output_adapter@D@__crt_stdio_output@@@2@@__crt_stdio_output@@AEAA_NXZ@@__crt_stdio_output@@YAPEAUansi_string@?1??type_case_Z@?$output_processor@DV?$string_output_adapter@D@__crt_stdio_output@@V?$format_validation_base@DV?$string_output_adapter@D@__crt_stdio_output@@@2@@0@AEAA_NXZ@AEAPEAD@Z 00000001400128a0 f i libucrtd:output.obj
 0001:000118a0       ??$read_va_arg@_J@__crt_stdio_output@@YA_JAEAPEAD@Z 00000001400128a0 f i libucrtd:output.obj
 0001:000118a0       ??$read_va_arg@PEAD@__crt_stdio_output@@YAPEADAEAPEAD@Z 00000001400128a0 f i libucrtd:output.obj
 0001:000118a0       ??$read_va_arg@_K@__crt_stdio_output@@YA_KAEAPEAD@Z 00000001400128a0 f i libucrtd:output.obj
 0001:000118a0       ??$read_va_arg@PEAUansi_string@?1??type_case_Z@?$output_processor@_WV?$string_output_adapter@_W@__crt_stdio_output@@V?$format_validation_base@_WV?$string_output_adapter@_W@__crt_stdio_output@@@2@@__crt_stdio_output@@AEAA_NXZ@@__crt_stdio_output@@YAPEAUansi_string@?1??type_case_Z@?$output_processor@_WV?$string_output_adapter@_W@__crt_stdio_output@@V?$format_validation_base@_WV?$string_output_adapter@_W@__crt_stdio_output@@@2@@0@AEAA_NXZ@AEAPEAD@Z 00000001400128a0 f i libucrtd:output.obj
 0001:00011910       ??$read_va_arg@_W@__crt_stdio_output@@YA_WAEAPEAD@Z 0000000140012910 f i libucrtd:output.obj
 0001:00011910       ??$read_va_arg@F@__crt_stdio_output@@YAFAEAPEAD@Z 0000000140012910 f i libucrtd:output.obj
 0001:00011910       ??$read_va_arg@G@__crt_stdio_output@@YAGAEAPEAD@Z 0000000140012910 f i libucrtd:output.obj
 0001:00011980       ??$scratch_count@D@formatting_buffer@__crt_stdio_output@@QEBA_KXZ 0000000140012980 f i libucrtd:output.obj
 0001:000119a0       ??$scratch_data@D@formatting_buffer@__crt_stdio_output@@QEAAPEADXZ 00000001400129a0 f i libucrtd:output.obj
 0001:00011a10       ??$tcstol@PEBDPEAPEADH@?$__crt_char_traits@D@@SAJ$$QEAPEBD$$QEAPEAPEAD$$QEAH@Z 0000000140012a10 f i libucrtd:output.obj
 0001:00011a50       ??$tcstol@PEB_WPEAPEA_WH@?$__crt_char_traits@_W@@SAJ$$QEAPEB_W$$QEAPEAPEA_W$$QEAH@Z 0000000140012a50 f i libucrtd:output.obj
 0001:00011a90       ??$type_case_integer_parse_into_buffer@I@?$output_processor@DV?$string_output_adapter@D@__crt_stdio_output@@V?$format_validation_base@DV?$string_output_adapter@D@__crt_stdio_output@@@2@@__crt_stdio_output@@AEAAXII_N@Z 0000000140012a90 f i libucrtd:output.obj
 0001:00011bb0       ??$type_case_integer_parse_into_buffer@I@?$output_processor@_WV?$string_output_adapter@_W@__crt_stdio_output@@V?$format_validation_base@_WV?$string_output_adapter@_W@__crt_stdio_output@@@2@@__crt_stdio_output@@AEAAXII_N@Z 0000000140012bb0 f i libucrtd:output.obj
 0001:00011ce0       ??$type_case_integer_parse_into_buffer@_K@?$output_processor@DV?$string_output_adapter@D@__crt_stdio_output@@V?$format_validation_base@DV?$string_output_adapter@D@__crt_stdio_output@@@2@@__crt_stdio_output@@AEAAX_KI_N@Z 0000000140012ce0 f i libucrtd:output.obj
 0001:00011e30       ??$type_case_integer_parse_into_buffer@_K@?$output_processor@_WV?$string_output_adapter@_W@__crt_stdio_output@@V?$format_validation_base@_WV?$string_output_adapter@_W@__crt_stdio_output@@@2@@__crt_stdio_output@@AEAAX_KI_N@Z 0000000140012e30 f i libucrtd:output.obj
 0001:00011f80       ??$write_multiple_characters@V?$string_output_adapter@D@__crt_stdio_output@@D@__crt_stdio_output@@YAXAEBV?$string_output_adapter@D@0@DHQEAH@Z 0000000140012f80 f i libucrtd:output.obj
 0001:00011fe0       ??$write_multiple_characters@V?$string_output_adapter@_W@__crt_stdio_output@@D@__crt_stdio_output@@YAXAEBV?$string_output_adapter@_W@0@DHQEAH@Z 0000000140012fe0 f i libucrtd:output.obj
 0001:00012040       ??0?$common_data@D@__crt_stdio_output@@IEAA@XZ 0000000140013040 f i libucrtd:output.obj
 0001:00012110       ??0?$common_data@_W@__crt_stdio_output@@IEAA@XZ 0000000140013110 f i libucrtd:output.obj
 0001:000121e0       ??0?$output_adapter_data@DV?$string_output_adapter@D@__crt_stdio_output@@@__crt_stdio_output@@IEAA@AEBV?$string_output_adapter@D@1@_KQEBDQEAU__crt_locale_pointers@@QEAD@Z 00000001400131e0 f i libucrtd:output.obj
 0001:00012260       ??0?$output_adapter_data@_WV?$string_output_adapter@_W@__crt_stdio_output@@@__crt_stdio_output@@IEAA@AEBV?$string_output_adapter@_W@1@_KQEB_WQEAU__crt_locale_pointers@@QEAD@Z 0000000140013260 f i libucrtd:output.obj
 0001:000122e0       ??0?$output_processor@DV?$string_output_adapter@D@__crt_stdio_output@@V?$format_validation_base@DV?$string_output_adapter@D@__crt_stdio_output@@@2@@__crt_stdio_output@@QEAA@AEBV?$string_output_adapter@D@1@_KQEBDQEAU__crt_locale_pointers@@QEAD@Z 00000001400132e0 f i libucrtd:output.obj
 0001:00012340       ??0?$output_processor@_WV?$string_output_adapter@_W@__crt_stdio_output@@V?$format_validation_base@_WV?$string_output_adapter@_W@__crt_stdio_output@@@2@@__crt_stdio_output@@QEAA@AEBV?$string_output_adapter@_W@1@_KQEB_WQEAU__crt_locale_pointers@@QEAD@Z 0000000140013340 f i libucrtd:output.obj
 0001:000123a0       ??0__crt_errno_guard@@QEAA@QEAH@Z 00000001400133a0 f i libucrtd:output.obj
 0001:000123e0       ??0formatting_buffer@__crt_stdio_output@@QEAA@XZ 00000001400133e0 f i libucrtd:output.obj
 0001:00012420       ??1?$common_data@_W@__crt_stdio_output@@QEAA@XZ 0000000140013420 f i libucrtd:output.obj
 0001:00012420       ??1?$common_data@D@__crt_stdio_output@@QEAA@XZ 0000000140013420 f i libucrtd:output.obj
 0001:00012440       ??1?$format_validation_base@_WV?$string_output_adapter@_W@__crt_stdio_output@@@__crt_stdio_output@@QEAA@XZ 0000000140013440 f i libucrtd:output.obj
 0001:00012440       ??1?$format_validation_base@DV?$string_output_adapter@D@__crt_stdio_output@@@__crt_stdio_output@@QEAA@XZ 0000000140013440 f i libucrtd:output.obj
 0001:00012460       ??1?$output_adapter_data@_WV?$string_output_adapter@_W@__crt_stdio_output@@@__crt_stdio_output@@QEAA@XZ 0000000140013460 f i libucrtd:output.obj
 0001:00012460       ??1?$output_adapter_data@DV?$string_output_adapter@D@__crt_stdio_output@@@__crt_stdio_output@@QEAA@XZ 0000000140013460 f i libucrtd:output.obj
 0001:00012480       ??1?$output_processor@_WV?$string_output_adapter@_W@__crt_stdio_output@@V?$format_validation_base@_WV?$string_output_adapter@_W@__crt_stdio_output@@@2@@__crt_stdio_output@@QEAA@XZ 0000000140013480 f i libucrtd:output.obj
 0001:00012480       ??1?$output_processor@DV?$string_output_adapter@D@__crt_stdio_output@@V?$format_validation_base@DV?$string_output_adapter@D@__crt_stdio_output@@@2@@__crt_stdio_output@@QEAA@XZ 0000000140013480 f i libucrtd:output.obj
 0001:000124a0       ??1?$standard_base@DV?$string_output_adapter@D@__crt_stdio_output@@@__crt_stdio_output@@QEAA@XZ 00000001400134a0 f i libucrtd:output.obj
 0001:000124a0       ??1?$standard_base@_WV?$string_output_adapter@_W@__crt_stdio_output@@@__crt_stdio_output@@QEAA@XZ 00000001400134a0 f i libucrtd:output.obj
 0001:000124c0       ??1__crt_errno_guard@@QEAA@XZ 00000001400134c0 f i libucrtd:output.obj
 0001:000124f0       ??1formatting_buffer@__crt_stdio_output@@QEAA@XZ 00000001400134f0 f i libucrtd:output.obj
 0001:00012520       ??4?$__crt_unique_heap_ptr@DU__crt_internal_free_policy@@@@QEAAAEAV0@$$QEAV0@@Z 0000000140013520 f i libucrtd:output.obj
 0001:00012560       ?adjust_hexit@?$output_processor@_WV?$string_output_adapter@_W@__crt_stdio_output@@V?$format_validation_base@_WV?$string_output_adapter@_W@__crt_stdio_output@@@2@@__crt_stdio_output@@CADH_N@Z 0000000140013560 f i libucrtd:output.obj
 0001:00012560       ?adjust_hexit@?$output_processor@DV?$string_output_adapter@D@__crt_stdio_output@@V?$format_validation_base@DV?$string_output_adapter@D@__crt_stdio_output@@@2@@__crt_stdio_output@@CADH_N@Z 0000000140013560 f i libucrtd:output.obj
 0001:000125b0       ?advance_to_next_pass@?$standard_base@_WV?$string_output_adapter@_W@__crt_stdio_output@@@__crt_stdio_output@@IEAA_NXZ 00000001400135b0 f i libucrtd:output.obj
 0001:000125b0       ?advance_to_next_pass@?$standard_base@DV?$string_output_adapter@D@__crt_stdio_output@@@__crt_stdio_output@@IEAA_NXZ 00000001400135b0 f i libucrtd:output.obj
 0001:00012600       ?crop_zeroes@__crt_stdio_output@@YAXPEADQEAU__crt_locale_pointers@@@Z 0000000140013600 f i libucrtd:output.obj
 0001:00012740       ?find_next_state@?$output_processor@DV?$string_output_adapter@D@__crt_stdio_output@@V?$format_validation_base@DV?$string_output_adapter@D@__crt_stdio_output@@@2@@__crt_stdio_output@@AEBA?AW4state@2@DW432@@Z 0000000140013740 f i libucrtd:output.obj
 0001:000127e0       ?find_next_state@?$output_processor@_WV?$string_output_adapter@_W@__crt_stdio_output@@V?$format_validation_base@_WV?$string_output_adapter@_W@__crt_stdio_output@@@2@@__crt_stdio_output@@AEBA?AW4state@2@_WW432@@Z 00000001400137e0 f i libucrtd:output.obj
 0001:00012880       ?force_decimal_point@__crt_stdio_output@@YAXPEADQEAU__crt_locale_pointers@@@Z 0000000140013880 f i libucrtd:output.obj
 0001:00012960       ?get_flags@__crt_stdio_stream@@QEBAJXZ 0000000140013960 f i libucrtd:output.obj
 0001:00012990       ?has_flag@?$output_processor@_WV?$string_output_adapter@_W@__crt_stdio_output@@V?$format_validation_base@_WV?$string_output_adapter@_W@__crt_stdio_output@@@2@@__crt_stdio_output@@AEBA_NI@Z 0000000140013990 f i libucrtd:output.obj
 0001:00012990       ?has_flag@?$output_processor@DV?$string_output_adapter@D@__crt_stdio_output@@V?$format_validation_base@DV?$string_output_adapter@D@__crt_stdio_output@@@2@@__crt_stdio_output@@AEBA_NI@Z 0000000140013990 f i libucrtd:output.obj
 0001:000129d0       ?is_string_backed@__crt_stdio_stream@@QEBA_NXZ 00000001400139d0 f i libucrtd:output.obj
 0001:00012a10       ?narrow_null_string@?$output_processor@_WV?$string_output_adapter@_W@__crt_stdio_output@@V?$format_validation_base@_WV?$string_output_adapter@_W@__crt_stdio_output@@@2@@__crt_stdio_output@@CAPEADXZ 0000000140013a10 f i libucrtd:output.obj
 0001:00012a10       ?narrow_null_string@?$output_processor@DV?$string_output_adapter@D@__crt_stdio_output@@V?$format_validation_base@DV?$string_output_adapter@D@__crt_stdio_output@@@2@@__crt_stdio_output@@CAPEADXZ 0000000140013a10 f i libucrtd:output.obj
 0001:00012a20       ?parse_int_from_format_string@?$output_processor@DV?$string_output_adapter@D@__crt_stdio_output@@V?$format_validation_base@DV?$string_output_adapter@D@__crt_stdio_output@@@2@@__crt_stdio_output@@AEAA_NQEAH@Z 0000000140013a20 f i libucrtd:output.obj
 0001:00012b00       ?parse_int_from_format_string@?$output_processor@_WV?$string_output_adapter@_W@__crt_stdio_output@@V?$format_validation_base@_WV?$string_output_adapter@_W@__crt_stdio_output@@@2@@__crt_stdio_output@@AEAA_NQEAH@Z 0000000140013b00 f i libucrtd:output.obj
 0001:00012be0       ?process@?$output_processor@DV?$string_output_adapter@D@__crt_stdio_output@@V?$format_validation_base@DV?$string_output_adapter@D@__crt_stdio_output@@@2@@__crt_stdio_output@@QEAAHXZ 0000000140013be0 f i libucrtd:output.obj
 0001:00012f40       ?process@?$output_processor@_WV?$string_output_adapter@_W@__crt_stdio_output@@V?$format_validation_base@_WV?$string_output_adapter@_W@__crt_stdio_output@@@2@@__crt_stdio_output@@QEAAHXZ 0000000140013f40 f i libucrtd:output.obj
 0001:000132a0       ?set_flag@?$output_processor@_WV?$string_output_adapter@_W@__crt_stdio_output@@V?$format_validation_base@_WV?$string_output_adapter@_W@__crt_stdio_output@@@2@@__crt_stdio_output@@AEAAXI@Z 00000001400142a0 f i libucrtd:output.obj
 0001:000132a0       ?set_flag@?$output_processor@DV?$string_output_adapter@D@__crt_stdio_output@@V?$format_validation_base@DV?$string_output_adapter@D@__crt_stdio_output@@@2@@__crt_stdio_output@@AEAAXI@Z 00000001400142a0 f i libucrtd:output.obj
 0001:000132c0       ?should_skip_type_state_output@?$standard_base@_WV?$string_output_adapter@_W@__crt_stdio_output@@@__crt_stdio_output@@IEBA_NXZ 00000001400142c0 f i libucrtd:output.obj
 0001:000132c0       ?should_skip_type_state_output@?$standard_base@DV?$string_output_adapter@D@__crt_stdio_output@@@__crt_stdio_output@@IEBA_NXZ 00000001400142c0 f i libucrtd:output.obj
 0001:000132c0       ?should_skip_normal_state_processing@?$standard_base@_WV?$string_output_adapter@_W@__crt_stdio_output@@@__crt_stdio_output@@IEAA_NXZ 00000001400142c0 f i libucrtd:output.obj
 0001:000132c0       ?should_skip_normal_state_processing@?$standard_base@DV?$string_output_adapter@D@__crt_stdio_output@@@__crt_stdio_output@@IEAA_NXZ 00000001400142c0 f i libucrtd:output.obj
 0001:000132d0       ?state_case_dot@?$output_processor@_WV?$string_output_adapter@_W@__crt_stdio_output@@V?$format_validation_base@_WV?$string_output_adapter@_W@__crt_stdio_output@@@2@@__crt_stdio_output@@AEAA_NXZ 00000001400142d0 f i libucrtd:output.obj
 0001:000132d0       ?state_case_dot@?$output_processor@DV?$string_output_adapter@D@__crt_stdio_output@@V?$format_validation_base@DV?$string_output_adapter@D@__crt_stdio_output@@@2@@__crt_stdio_output@@AEAA_NXZ 00000001400142d0 f i libucrtd:output.obj
 0001:000132f0       ?state_case_flag@?$output_processor@DV?$string_output_adapter@D@__crt_stdio_output@@V?$format_validation_base@DV?$string_output_adapter@D@__crt_stdio_output@@@2@@__crt_stdio_output@@AEAA_NXZ 00000001400142f0 f i libucrtd:output.obj
 0001:00013390       ?state_case_flag@?$output_processor@_WV?$string_output_adapter@_W@__crt_stdio_output@@V?$format_validation_base@_WV?$string_output_adapter@_W@__crt_stdio_output@@@2@@__crt_stdio_output@@AEAA_NXZ 0000000140014390 f i libucrtd:output.obj
 0001:00013430       ?state_case_normal@?$output_processor@DV?$string_output_adapter@D@__crt_stdio_output@@V?$format_validation_base@DV?$string_output_adapter@D@__crt_stdio_output@@@2@@__crt_stdio_output@@AEAA_NXZ 0000000140014430 f i libucrtd:output.obj
 0001:00013510       ?state_case_normal@?$output_processor@_WV?$string_output_adapter@_W@__crt_stdio_output@@V?$format_validation_base@_WV?$string_output_adapter@_W@__crt_stdio_output@@@2@@__crt_stdio_output@@AEAA_NXZ 0000000140014510 f i libucrtd:output.obj
 0001:000135f0       ?state_case_normal_common@?$output_processor@DV?$string_output_adapter@D@__crt_stdio_output@@V?$format_validation_base@DV?$string_output_adapter@D@__crt_stdio_output@@@2@@__crt_stdio_output@@AEAA_NXZ 00000001400145f0 f i libucrtd:output.obj
 0001:00013640       ?state_case_normal_common@?$output_processor@_WV?$string_output_adapter@_W@__crt_stdio_output@@V?$format_validation_base@_WV?$string_output_adapter@_W@__crt_stdio_output@@@2@@__crt_stdio_output@@AEAA_NXZ 0000000140014640 f i libucrtd:output.obj
 0001:00013690       ?state_case_normal_tchar@?$output_processor@DV?$string_output_adapter@D@__crt_stdio_output@@V?$format_validation_base@DV?$string_output_adapter@D@__crt_stdio_output@@@2@@__crt_stdio_output@@AEAA_ND@Z 0000000140014690 f i libucrtd:output.obj
 0001:000137d0       ?state_case_normal_tchar@?$output_processor@_WV?$string_output_adapter@_W@__crt_stdio_output@@V?$format_validation_base@_WV?$string_output_adapter@_W@__crt_stdio_output@@@2@@__crt_stdio_output@@AEAA_N_W@Z 00000001400147d0 f i libucrtd:output.obj
 0001:000137f0       ?state_case_percent@?$output_processor@DV?$string_output_adapter@D@__crt_stdio_output@@V?$format_validation_base@DV?$string_output_adapter@D@__crt_stdio_output@@@2@@__crt_stdio_output@@AEAA_NXZ 00000001400147f0 f i libucrtd:output.obj
 0001:000137f0       ?state_case_percent@?$output_processor@_WV?$string_output_adapter@_W@__crt_stdio_output@@V?$format_validation_base@_WV?$string_output_adapter@_W@__crt_stdio_output@@@2@@__crt_stdio_output@@AEAA_NXZ 00000001400147f0 f i libucrtd:output.obj
 0001:00013840       ?state_case_precision@?$output_processor@DV?$string_output_adapter@D@__crt_stdio_output@@V?$format_validation_base@DV?$string_output_adapter@D@__crt_stdio_output@@@2@@__crt_stdio_output@@AEAA_NXZ 0000000140014840 f i libucrtd:output.obj
 0001:000138c0       ?state_case_precision@?$output_processor@_WV?$string_output_adapter@_W@__crt_stdio_output@@V?$format_validation_base@_WV?$string_output_adapter@_W@__crt_stdio_output@@@2@@__crt_stdio_output@@AEAA_NXZ 00000001400148c0 f i libucrtd:output.obj
 0001:00013940       ?state_case_size@?$output_processor@DV?$string_output_adapter@D@__crt_stdio_output@@V?$format_validation_base@DV?$string_output_adapter@D@__crt_stdio_output@@@2@@__crt_stdio_output@@AEAA_NXZ 0000000140014940 f i libucrtd:output.obj
 0001:00013dc0       ?state_case_size@?$output_processor@_WV?$string_output_adapter@_W@__crt_stdio_output@@V?$format_validation_base@_WV?$string_output_adapter@_W@__crt_stdio_output@@@2@@__crt_stdio_output@@AEAA_NXZ 0000000140014dc0 f i libucrtd:output.obj
 0001:00014240       ?state_case_type@?$output_processor@DV?$string_output_adapter@D@__crt_stdio_output@@V?$format_validation_base@DV?$string_output_adapter@D@__crt_stdio_output@@@2@@__crt_stdio_output@@AEAA_NXZ 0000000140015240 f i libucrtd:output.obj
 0001:000146d0       ?state_case_type@?$output_processor@_WV?$string_output_adapter@_W@__crt_stdio_output@@V?$format_validation_base@_WV?$string_output_adapter@_W@__crt_stdio_output@@@2@@__crt_stdio_output@@AEAA_NXZ 00000001400156d0 f i libucrtd:output.obj
 0001:00014ba0       ?state_case_width@?$output_processor@DV?$string_output_adapter@D@__crt_stdio_output@@V?$format_validation_base@DV?$string_output_adapter@D@__crt_stdio_output@@@2@@__crt_stdio_output@@AEAA_NXZ 0000000140015ba0 f i libucrtd:output.obj
 0001:00014c30       ?state_case_width@?$output_processor@_WV?$string_output_adapter@_W@__crt_stdio_output@@V?$format_validation_base@_WV?$string_output_adapter@_W@__crt_stdio_output@@@2@@__crt_stdio_output@@AEAA_NXZ 0000000140015c30 f i libucrtd:output.obj
 0001:00014cc0       ?state_count@?$format_validation_base@_WV?$string_output_adapter@_W@__crt_stdio_output@@@__crt_stdio_output@@KAIXZ 0000000140015cc0 f i libucrtd:output.obj
 0001:00014cc0       ?state_count@?$format_validation_base@DV?$string_output_adapter@D@__crt_stdio_output@@@__crt_stdio_output@@KAIXZ 0000000140015cc0 f i libucrtd:output.obj
 0001:00014cd0       ?state_transition_table@?$format_validation_base@_WV?$string_output_adapter@_W@__crt_stdio_output@@@__crt_stdio_output@@KAPEBEXZ 0000000140015cd0 f i libucrtd:output.obj
 0001:00014cd0       ?state_transition_table@?$format_validation_base@DV?$string_output_adapter@D@__crt_stdio_output@@@__crt_stdio_output@@KAPEBEXZ 0000000140015cd0 f i libucrtd:output.obj
 0001:00014ce0       ?to_integer_size@__crt_stdio_output@@YA_KW4length_modifier@1@@Z 0000000140015ce0 f i libucrtd:output.obj
 0001:00014d90       ?type_case_X@?$output_processor@DV?$string_output_adapter@D@__crt_stdio_output@@V?$format_validation_base@DV?$string_output_adapter@D@__crt_stdio_output@@@2@@__crt_stdio_output@@AEAA_NXZ 0000000140015d90 f i libucrtd:output.obj
 0001:00014db0       ?type_case_X@?$output_processor@_WV?$string_output_adapter@_W@__crt_stdio_output@@V?$format_validation_base@_WV?$string_output_adapter@_W@__crt_stdio_output@@@2@@__crt_stdio_output@@AEAA_NXZ 0000000140015db0 f i libucrtd:output.obj
 0001:00014dd0       ?type_case_Z@?$output_processor@DV?$string_output_adapter@D@__crt_stdio_output@@V?$format_validation_base@DV?$string_output_adapter@D@__crt_stdio_output@@@2@@__crt_stdio_output@@AEAA_NXZ 0000000140015dd0 f i libucrtd:output.obj
 0001:00014ef0       ?type_case_Z@?$output_processor@_WV?$string_output_adapter@_W@__crt_stdio_output@@V?$format_validation_base@_WV?$string_output_adapter@_W@__crt_stdio_output@@@2@@__crt_stdio_output@@AEAA_NXZ 0000000140015ef0 f i libucrtd:output.obj
 0001:00015010       ?type_case_a@?$output_processor@DV?$string_output_adapter@D@__crt_stdio_output@@V?$format_validation_base@DV?$string_output_adapter@D@__crt_stdio_output@@@2@@__crt_stdio_output@@AEAA_NXZ 0000000140016010 f i libucrtd:output.obj
 0001:000153c0       ?type_case_a@?$output_processor@_WV?$string_output_adapter@_W@__crt_stdio_output@@V?$format_validation_base@_WV?$string_output_adapter@_W@__crt_stdio_output@@@2@@__crt_stdio_output@@AEAA_NXZ 00000001400163c0 f i libucrtd:output.obj
 0001:00015770       ?type_case_c@?$output_processor@DV?$string_output_adapter@D@__crt_stdio_output@@V?$format_validation_base@DV?$string_output_adapter@D@__crt_stdio_output@@@2@@__crt_stdio_output@@AEAA_NXZ 0000000140016770 f i libucrtd:output.obj
 0001:00015790       ?type_case_c@?$output_processor@_WV?$string_output_adapter@_W@__crt_stdio_output@@V?$format_validation_base@_WV?$string_output_adapter@_W@__crt_stdio_output@@@2@@__crt_stdio_output@@AEAA_NXZ 0000000140016790 f i libucrtd:output.obj
 0001:000157b0       ?type_case_c_tchar@?$output_processor@DV?$string_output_adapter@D@__crt_stdio_output@@V?$format_validation_base@DV?$string_output_adapter@D@__crt_stdio_output@@@2@@__crt_stdio_output@@AEAA_ND@Z 00000001400167b0 f i libucrtd:output.obj
 0001:00015900       ?type_case_c_tchar@?$output_processor@_WV?$string_output_adapter@_W@__crt_stdio_output@@V?$format_validation_base@_WV?$string_output_adapter@_W@__crt_stdio_output@@@2@@__crt_stdio_output@@AEAA_N_W@Z 0000000140016900 f i libucrtd:output.obj
 0001:00015a30       ?type_case_d@?$output_processor@DV?$string_output_adapter@D@__crt_stdio_output@@V?$format_validation_base@DV?$string_output_adapter@D@__crt_stdio_output@@@2@@__crt_stdio_output@@AEAA_NXZ 0000000140016a30 f i libucrtd:output.obj
 0001:00015a60       ?type_case_d@?$output_processor@_WV?$string_output_adapter@_W@__crt_stdio_output@@V?$format_validation_base@_WV?$string_output_adapter@_W@__crt_stdio_output@@@2@@__crt_stdio_output@@AEAA_NXZ 0000000140016a60 f i libucrtd:output.obj
 0001:00015a90       ?type_case_integer@?$output_processor@DV?$string_output_adapter@D@__crt_stdio_output@@V?$format_validation_base@DV?$string_output_adapter@D@__crt_stdio_output@@@2@@__crt_stdio_output@@AEAA_NI_N@Z 0000000140016a90 f i libucrtd:output.obj
 0001:00015ec0       ?type_case_integer@?$output_processor@_WV?$string_output_adapter@_W@__crt_stdio_output@@V?$format_validation_base@_WV?$string_output_adapter@_W@__crt_stdio_output@@@2@@__crt_stdio_output@@AEAA_NI_N@Z 0000000140016ec0 f i libucrtd:output.obj
 0001:000162f0       ?type_case_n@?$output_processor@DV?$string_output_adapter@D@__crt_stdio_output@@V?$format_validation_base@DV?$string_output_adapter@D@__crt_stdio_output@@@2@@__crt_stdio_output@@AEAA_NXZ 00000001400172f0 f i libucrtd:output.obj
 0001:00016530       ?type_case_n@?$output_processor@_WV?$string_output_adapter@_W@__crt_stdio_output@@V?$format_validation_base@_WV?$string_output_adapter@_W@__crt_stdio_output@@@2@@__crt_stdio_output@@AEAA_NXZ 0000000140017530 f i libucrtd:output.obj
 0001:00016770       ?type_case_o@?$output_processor@DV?$string_output_adapter@D@__crt_stdio_output@@V?$format_validation_base@DV?$string_output_adapter@D@__crt_stdio_output@@@2@@__crt_stdio_output@@AEAA_NXZ 0000000140017770 f i libucrtd:output.obj
 0001:000167c0       ?type_case_o@?$output_processor@_WV?$string_output_adapter@_W@__crt_stdio_output@@V?$format_validation_base@_WV?$string_output_adapter@_W@__crt_stdio_output@@@2@@__crt_stdio_output@@AEAA_NXZ 00000001400177c0 f i libucrtd:output.obj
 0001:00016810       ?type_case_p@?$output_processor@DV?$string_output_adapter@D@__crt_stdio_output@@V?$format_validation_base@DV?$string_output_adapter@D@__crt_stdio_output@@@2@@__crt_stdio_output@@AEAA_NXZ 0000000140017810 f i libucrtd:output.obj
 0001:00016850       ?type_case_p@?$output_processor@_WV?$string_output_adapter@_W@__crt_stdio_output@@V?$format_validation_base@_WV?$string_output_adapter@_W@__crt_stdio_output@@@2@@__crt_stdio_output@@AEAA_NXZ 0000000140017850 f i libucrtd:output.obj
 0001:00016890       ?type_case_s@?$output_processor@DV?$string_output_adapter@D@__crt_stdio_output@@V?$format_validation_base@DV?$string_output_adapter@D@__crt_stdio_output@@@2@@__crt_stdio_output@@AEAA_NXZ 0000000140017890 f i libucrtd:output.obj
 0001:000169b0       ?type_case_s@?$output_processor@_WV?$string_output_adapter@_W@__crt_stdio_output@@V?$format_validation_base@_WV?$string_output_adapter@_W@__crt_stdio_output@@@2@@__crt_stdio_output@@AEAA_NXZ 00000001400179b0 f i libucrtd:output.obj
 0001:00016ad0       ?type_case_s_compute_narrow_string_length@?$output_processor@DV?$string_output_adapter@D@__crt_stdio_output@@V?$format_validation_base@DV?$string_output_adapter@D@__crt_stdio_output@@@2@@__crt_stdio_output@@AEBAHHD@Z 0000000140017ad0 f i libucrtd:output.obj
 0001:00016b00       ?type_case_s_compute_narrow_string_length@?$output_processor@_WV?$string_output_adapter@_W@__crt_stdio_output@@V?$format_validation_base@_WV?$string_output_adapter@_W@__crt_stdio_output@@@2@@__crt_stdio_output@@AEBAHH_W@Z 0000000140017b00 f i libucrtd:output.obj
 0001:00016b90       ?type_case_u@?$output_processor@DV?$string_output_adapter@D@__crt_stdio_output@@V?$format_validation_base@DV?$string_output_adapter@D@__crt_stdio_output@@@2@@__crt_stdio_output@@AEAA_NXZ 0000000140017b90 f i libucrtd:output.obj
 0001:00016bb0       ?type_case_u@?$output_processor@_WV?$string_output_adapter@_W@__crt_stdio_output@@V?$format_validation_base@_WV?$string_output_adapter@_W@__crt_stdio_output@@@2@@__crt_stdio_output@@AEAA_NXZ 0000000140017bb0 f i libucrtd:output.obj
 0001:00016bd0       ?type_case_x@?$output_processor@DV?$string_output_adapter@D@__crt_stdio_output@@V?$format_validation_base@DV?$string_output_adapter@D@__crt_stdio_output@@@2@@__crt_stdio_output@@AEAA_NXZ 0000000140017bd0 f i libucrtd:output.obj
 0001:00016bf0       ?type_case_x@?$output_processor@_WV?$string_output_adapter@_W@__crt_stdio_output@@V?$format_validation_base@_WV?$string_output_adapter@_W@__crt_stdio_output@@@2@@__crt_stdio_output@@AEAA_NXZ 0000000140017bf0 f i libucrtd:output.obj
 0001:00016c10       ?unset_flag@?$output_processor@DV?$string_output_adapter@D@__crt_stdio_output@@V?$format_validation_base@DV?$string_output_adapter@D@__crt_stdio_output@@@2@@__crt_stdio_output@@AEAAXI@Z 0000000140017c10 f i libucrtd:output.obj
 0001:00016c10       ?unset_flag@?$output_processor@_WV?$string_output_adapter@_W@__crt_stdio_output@@V?$format_validation_base@_WV?$string_output_adapter@_W@__crt_stdio_output@@@2@@__crt_stdio_output@@AEAAXI@Z 0000000140017c10 f i libucrtd:output.obj
 0001:00016c40       ?update_field_width@?$standard_base@DV?$string_output_adapter@D@__crt_stdio_output@@@__crt_stdio_output@@IEAA_NXZ 0000000140017c40 f i libucrtd:output.obj
 0001:00016c40       ?update_field_width@?$standard_base@_WV?$string_output_adapter@_W@__crt_stdio_output@@@__crt_stdio_output@@IEAA_NXZ 0000000140017c40 f i libucrtd:output.obj
 0001:00016c70       ?update_precision@?$standard_base@DV?$string_output_adapter@D@__crt_stdio_output@@@__crt_stdio_output@@IEAA_NXZ 0000000140017c70 f i libucrtd:output.obj
 0001:00016c70       ?update_precision@?$standard_base@_WV?$string_output_adapter@_W@__crt_stdio_output@@@__crt_stdio_output@@IEAA_NXZ 0000000140017c70 f i libucrtd:output.obj
 0001:00016ca0       ?validate@?$string_output_adapter@D@__crt_stdio_output@@QEBA_NXZ 0000000140017ca0 f i libucrtd:output.obj
 0001:00016d60       ?validate@?$string_output_adapter@_W@__crt_stdio_output@@QEBA_NXZ 0000000140017d60 f i libucrtd:output.obj
 0001:00016e20       ?should_format@?$standard_base@_WV?$string_output_adapter@_W@__crt_stdio_output@@@__crt_stdio_output@@IEAA_NXZ 0000000140017e20 f i libucrtd:output.obj
 0001:00016e20       ?validate_and_update_state_at_beginning_of_format_character@?$standard_base@_WV?$string_output_adapter@_W@__crt_stdio_output@@@__crt_stdio_output@@IEAA_NXZ 0000000140017e20 f i libucrtd:output.obj
 0001:00016e20       ?validate_state_for_type_case_a@?$standard_base@_WV?$string_output_adapter@_W@__crt_stdio_output@@@__crt_stdio_output@@IEBA_NXZ 0000000140017e20 f i libucrtd:output.obj
 0001:00016e20       ?should_format@?$standard_base@DV?$string_output_adapter@D@__crt_stdio_output@@@__crt_stdio_output@@IEAA_NXZ 0000000140017e20 f i libucrtd:output.obj
 0001:00016e20       ?validate_state_for_type_case_a@?$standard_base@DV?$string_output_adapter@D@__crt_stdio_output@@@__crt_stdio_output@@IEBA_NXZ 0000000140017e20 f i libucrtd:output.obj
 0001:00016e20       ?validate_and_update_state_at_beginning_of_format_character@?$standard_base@DV?$string_output_adapter@D@__crt_stdio_output@@@__crt_stdio_output@@IEAA_NXZ 0000000140017e20 f i libucrtd:output.obj
 0001:00016e30       ?validate_and_update_state_at_end_of_format_string@?$format_validation_base@DV?$string_output_adapter@D@__crt_stdio_output@@@__crt_stdio_output@@IEBA_NXZ 0000000140017e30 f i libucrtd:output.obj
 0001:00016ef0       ?validate_and_update_state_at_end_of_format_string@?$format_validation_base@_WV?$string_output_adapter@_W@__crt_stdio_output@@@__crt_stdio_output@@IEBA_NXZ 0000000140017ef0 f i libucrtd:output.obj
 0001:00016fb0       ?wide_null_string@?$output_processor@DV?$string_output_adapter@D@__crt_stdio_output@@V?$format_validation_base@DV?$string_output_adapter@D@__crt_stdio_output@@@2@@__crt_stdio_output@@CAPEA_WXZ 0000000140017fb0 f i libucrtd:output.obj
 0001:00016fb0       ?wide_null_string@?$output_processor@_WV?$string_output_adapter@_W@__crt_stdio_output@@V?$format_validation_base@_WV?$string_output_adapter@_W@__crt_stdio_output@@@2@@__crt_stdio_output@@CAPEA_WXZ 0000000140017fb0 f i libucrtd:output.obj
 0001:00016fc0       ?write_character@?$string_output_adapter@D@__crt_stdio_output@@QEBA_NDQEAH@Z 0000000140017fc0 f i libucrtd:output.obj
 0001:00017080       ?write_character@?$string_output_adapter@_W@__crt_stdio_output@@QEBA_N_WQEAH@Z 0000000140018080 f i libucrtd:output.obj
 0001:00017140       ?write_stored_string_tchar@?$output_processor@DV?$string_output_adapter@D@__crt_stdio_output@@V?$format_validation_base@DV?$string_output_adapter@D@__crt_stdio_output@@@2@@__crt_stdio_output@@AEAA_ND@Z 0000000140018140 f i libucrtd:output.obj
 0001:000172a0       ?write_stored_string_tchar@?$output_processor@_WV?$string_output_adapter@_W@__crt_stdio_output@@V?$format_validation_base@_WV?$string_output_adapter@_W@__crt_stdio_output@@@2@@__crt_stdio_output@@AEAA_N_W@Z 00000001400182a0 f i libucrtd:output.obj
 0001:000173e0       ?write_string@?$string_output_adapter@D@__crt_stdio_output@@QEBAXQEBDHQEAH1@Z 00000001400183e0 f i libucrtd:output.obj
 0001:00017560       ?write_string@?$string_output_adapter@_W@__crt_stdio_output@@QEBAXQEB_WHQEAH1@Z 0000000140018560 f i libucrtd:output.obj
 0001:000176f0       __acrt_isleadbyte_l_noupdate 00000001400186f0 f i libucrtd:output.obj
 0001:00017720       __stdio_common_vsnprintf_s 0000000140018720 f   libucrtd:output.obj
 0001:00017780       __stdio_common_vsnwprintf_s 0000000140018780 f   libucrtd:output.obj
 0001:000177e0       __stdio_common_vsprintf_s  00000001400187e0 f   libucrtd:output.obj
 0001:00017830       ??$is_overflow_condition@K@__crt_strtox@@YA_NIK@Z 0000000140018830 f i libucrtd:atox.obj
 0001:000178a0       ??$parse_integer@KV?$c_string_character_source@D@__crt_strtox@@@__crt_strtox@@YAKQEAU__crt_locale_pointers@@V?$c_string_character_source@D@0@H_N@Z 00000001400188a0 f i libucrtd:atox.obj
 0001:00017d30       ??$parse_integer@KV?$c_string_character_source@_W@__crt_strtox@@@__crt_strtox@@YAKQEAU__crt_locale_pointers@@V?$c_string_character_source@_W@0@H_N@Z 0000000140018d30 f i libucrtd:atox.obj
 0001:000181e0       ??0?$c_string_character_source@D@__crt_strtox@@QEAA@QEBDQEAPEBD@Z 00000001400191e0 f i libucrtd:atox.obj
 0001:000181e0       ??0?$c_string_character_source@_W@__crt_strtox@@QEAA@QEB_WQEAPEB_W@Z 00000001400191e0 f i libucrtd:atox.obj
 0001:00018230       ??1?$c_string_character_source@D@__crt_strtox@@QEAA@XZ 0000000140019230 f i libucrtd:atox.obj
 0001:00018230       ??1?$c_string_character_source@_W@__crt_strtox@@QEAA@XZ 0000000140019230 f i libucrtd:atox.obj
 0001:00018260       ?get@?$c_string_character_source@D@__crt_strtox@@QEAADXZ 0000000140019260 f i libucrtd:atox.obj
 0001:000182a0       ?get@?$c_string_character_source@_W@__crt_strtox@@QEAA_WXZ 00000001400192a0 f i libucrtd:atox.obj
 0001:000182e0       ?is_space@__crt_strtox@@YA_NDQEAU__crt_locale_pointers@@@Z 00000001400192e0 f i libucrtd:atox.obj
 0001:00018330       ?is_space@__crt_strtox@@YA_N_WPEAU__crt_locale_pointers@@@Z 0000000140019330 f i libucrtd:atox.obj
 0001:00018370       ?maximum_signed_value@__crt_strtox@@YAJK@Z 0000000140019370 f i libucrtd:atox.obj
 0001:00018380       ?minimum_signed_value@__crt_strtox@@YAJK@Z 0000000140019380 f i libucrtd:atox.obj
 0001:00018390       ?parse_digit@__crt_strtox@@YAID@Z 0000000140019390 f i libucrtd:atox.obj
 0001:00018400       ?parse_digit@__crt_strtox@@YAI_W@Z 0000000140019400 f i libucrtd:atox.obj
 0001:00018490       ?restore_state@?$c_string_character_source@D@__crt_strtox@@QEAA_NQEBD@Z 0000000140019490 f i libucrtd:atox.obj
 0001:00018490       ?restore_state@?$c_string_character_source@_W@__crt_strtox@@QEAA_NQEB_W@Z 0000000140019490 f i libucrtd:atox.obj
 0001:000184b0       ??C__crt_stdio_stream@@QEBAPEAU__crt_stdio_stream_data@@XZ 00000001400194b0 f i libucrtd:output.obj
 0001:000184b0       ?save_state@?$c_string_character_source@D@__crt_strtox@@QEBAPEBDXZ 00000001400194b0 f i libucrtd:atox.obj
 0001:000184b0       ?get@?$__crt_unique_heap_ptr@U__crt_lowio_handle_data@@U__crt_internal_free_policy@@@@QEBAPEAU__crt_lowio_handle_data@@XZ 00000001400194b0 f i libucrtd:osfinfo.obj
 0001:000184b0       ?get@?$__crt_scoped_stack_ptr@_W@@QEBAPEA_WXZ 00000001400194b0 f i libucrtd:getstringtypea.obj
 0001:000184b0       ?get@?$__crt_unique_handle_t@U__crt_findfile_traits@@@@QEBAPEAXXZ 00000001400194b0 f i libucrtd:argv_wildcards.obj
 0001:000184b0       ?public_stream@__crt_stdio_stream@@QEBAPEAU_iobuf@@XZ 00000001400194b0 f i libucrtd:output.obj
 0001:000184b0       ?begin@?$argument_list@D@?A0x5f5c8891@@QEBAPEAPEADXZ 00000001400194b0 f i libucrtd:argv_wildcards.obj
 0001:000184b0       ?get@?$__crt_unique_handle_t@U__crt_hmodule_traits@@@@QEBAPEAUHINSTANCE__@@XZ 00000001400194b0 f i libucrtd:exit.obj
 0001:000184b0       ?get@?$__crt_unique_heap_ptr@PEADU__crt_internal_free_policy@@@@QEBAPEAPEADXZ 00000001400194b0 f i libucrtd:argv_parsing.obj
 0001:000184b0       ?get@?$__crt_unique_handle_t@U__crt_handle_traits@@@@QEBAPEAXXZ 00000001400194b0 f i libucrtd:crtmbox.obj
 0001:000184b0       ?get@?$__crt_unique_heap_ptr@U__crt_multibyte_data@@U__crt_internal_free_policy@@@@QEBAPEAU__crt_multibyte_data@@XZ 00000001400194b0 f i libucrtd:wsetlocale.obj
 0001:000184b0       ?get@?$__crt_unique_heap_ptr@U__vcrt_ptd@@U__crt_internal_free_policy@@@@QEBAPEAU__vcrt_ptd@@XZ 00000001400194b0 f i libvcruntimed:per_thread_data.obj
 0001:000184b0       ?get@?$__crt_unique_heap_ptr@DU__crt_internal_free_policy@@@@QEBAPEADXZ 00000001400194b0 f i libvcruntimed:std_type_info.obj
 0001:000184b0       ?save_state@?$c_string_character_source@_W@__crt_strtox@@QEBAPEB_WXZ 00000001400194b0 f i libucrtd:atox.obj
 0001:000184b0       ?get@?$__crt_unique_heap_ptr@DU__crt_public_free_policy@@@@QEBAPEADXZ 00000001400194b0 f i libvcruntimed:std_exception.obj
 0001:000184b0       ?get@?$__crt_unique_heap_ptr@U__acrt_ptd@@U__crt_internal_free_policy@@@@QEBAPEAU__acrt_ptd@@XZ 00000001400194b0 f i libucrtd:per_thread_data.obj
 0001:000184b0       ?get@?$__crt_unique_heap_ptr@EU__crt_internal_free_policy@@@@QEBAPEAEXZ 00000001400194b0 f i libucrtd:argv_parsing.obj
 0001:000184c0       ?unget@?$c_string_character_source@D@__crt_strtox@@QEAAXD@Z 00000001400194c0 f i libucrtd:atox.obj
 0001:000185a0       ?unget@?$c_string_character_source@_W@__crt_strtox@@QEAAX_W@Z 00000001400195a0 f i libucrtd:atox.obj
 0001:00018680       ?validate@?$c_string_character_source@D@__crt_strtox@@QEBA_NXZ 0000000140019680 f i libucrtd:atox.obj
 0001:00018740       ?validate@?$c_string_character_source@_W@__crt_strtox@@QEBA_NXZ 0000000140019740 f i libucrtd:atox.obj
 0001:00018800       ?wide_character_to_digit@__crt_strtox@@YAH_W@Z 0000000140019800 f i libucrtd:atox.obj
 0001:00018b70       ??$?RV<lambda_5e887d1dcbef67a5eb4283622ba103bf>@@AEAV<lambda_4466841279450cc726390878d4a41900>@@V<lambda_341c25c0346d94847f1f3c463c57e077>@@@?$__crt_seh_guarded_call@X@@QEAAX$$QEAV<lambda_5e887d1dcbef67a5eb4283622ba103bf>@@AEAV<lambda_4466841279450cc726390878d4a41900>@@$$QEAV<lambda_341c25c0346d94847f1f3c463c57e077>@@@Z 0000000140019b70 f i libucrtd:per_thread_data.obj
[...]
 0004:00002634       $pdata$??3@YAXPEAX@Z       0000000140051634     LIBCMTD:delete_scalar.obj
 0004:00002664       $pdata$strrchr             0000000140051664     libvcruntimed:strrchr.obj
 0004:00002670       $pdata$?_CatchTryBlock@@YAPEBU_s_TryBlockMapEntry@@PEBU_s_FuncInfo@@H@Z 0000000140051670     libvcruntimed:trnsctrl.obj
 0004:0000267c       $pdata$?_GetEstablisherFrame@@YAPEA_KPEA_KPEAU_xDISPATCHER_CONTEXT@@PEBU_s_FuncInfo@@0@Z 000000014005167c     libvcruntimed:trnsctrl.obj
 0004:00002688       $pdata$?_GetRangeOfTrysToCheck@@YAPEBU_s_TryBlockMapEntry@@PEA_KPEBU_s_FuncInfo@@HHPEAI2PEAU_xDISPATCHER_CONTEXT@@@Z 0000000140051688     libvcruntimed:trnsctrl.obj
 0004:00002694       $pdata$?__FrameUnwindToEmptyState@@YAXPEA_KPEAU_xDISPATCHER_CONTEXT@@PEBU_s_FuncInfo@@@Z 0000000140051694     libvcruntimed:trnsctrl.obj
 0004:000026a0       $pdata$?__SehTransFilter@@YAHPEAU_EXCEPTION_POINTERS@@PEAUEHExceptionRecord@@PEA_KPEAU_CONTEXT@@PEAU_xDISPATCHER_CONTEXT@@PEBU_s_FuncInfo@@PEAH@Z 00000001400516a0     libvcruntimed:trnsctrl.obj
 0004:000026ac       $pdata$_CallSETranslator   00000001400516ac     libvcruntimed:trnsctrl.obj
 0004:000026b8       $pdata$_CreateFrameInfo    00000001400516b8     libvcruntimed:trnsctrl.obj
 0004:000026c4       $pdata$_FindAndUnlinkFrame 00000001400516c4     libvcruntimed:trnsctrl.obj
 0004:000026d0       $pdata$_GetImageBase       00000001400516d0     libvcruntimed:trnsctrl.obj
 0004:000026dc       $pdata$_GetThrowImageBase  00000001400516dc     libvcruntimed:trnsctrl.obj
 0004:000026e8       $pdata$_IsExceptionObjectToBeDestroyed 00000001400516e8     libvcruntimed:trnsctrl.obj
 0004:000026f4       $pdata$_SetImageBase       00000001400516f4     libvcruntimed:trnsctrl.obj
 0004:00002700       $pdata$_SetThrowImageBase  0000000140051700     libvcruntimed:trnsctrl.obj
 0004:0000270c       $pdata$_UnwindNestedFrames 000000014005170c     libvcruntimed:trnsctrl.obj
 0004:00002718       $pdata$__CxxFrameHandler3  0000000140051718     libvcruntimed:trnsctrl.obj
 0004:00002724       $pdata$?__GetCurrentState@@YAHPEA_KPEAU_xDISPATCHER_CONTEXT@@PEBU_s_FuncInfo@@@Z 0000000140051724     libvcruntimed:ehstate.obj
 0004:00002730       $pdata$?__GetUnwindTryBlock@@YAHPEA_KPEAU_xDISPATCHER_CONTEXT@@PEBU_s_FuncInfo@@@Z 0000000140051730     libvcruntimed:ehstate.obj
 0004:0000273c       $pdata$?__SetUnwindTryBlock@@YAXPEA_KPEAU_xDISPATCHER_CONTEXT@@PEBU_s_FuncInfo@@H@Z 000000014005173c     libvcruntimed:ehstate.obj
 0004:00002748       $pdata$?__StateFromControlPc@@YAHPEBU_s_FuncInfo@@PEAU_xDISPATCHER_CONTEXT@@@Z 0000000140051748     libvcruntimed:ehstate.obj
 0004:00002754       $pdata$?__StateFromIp@@YAHPEBU_s_FuncInfo@@PEAU_xDISPATCHER_CONTEXT@@_J@Z 0000000140051754     libvcruntimed:ehstate.obj
 0004:00002760       $pdata$__DestructExceptionObject 0000000140051760     libvcruntimed:frame.obj
 0004:0000276c       $pdata$??0bad_exception@std@@QEAA@AEBV01@@Z 000000014005176c     libvcruntimed:frame.obj
 0004:00002778       $pdata$??0bad_exception@std@@QEAA@XZ 0000000140051778     libvcruntimed:frame.obj
 0004:00002784       $pdata$??0exception@std@@QEAA@AEBV01@@Z 0000000140051784     libvcruntimed:frame.obj
 0004:00002790       $pdata$??0exception@std@@QEAA@QEBDH@Z 0000000140051790     libvcruntimed:frame.obj
 0004:0000279c       $pdata$??1bad_exception@std@@UEAA@XZ 000000014005179c     libvcruntimed:frame.obj
 0004:000027a8       $pdata$??1exception@std@@UEAA@XZ 00000001400517a8     libvcruntimed:frame.obj
 0004:000027b4       $pdata$??8type_info@@QEBA_NAEBV0@@Z 00000001400517b4     libvcruntimed:frame.obj
 0004:000027c0       $pdata$??_Gbad_exception@std@@UEAAPEAXI@Z 00000001400517c0     libvcruntimed:frame.obj
 0004:000027cc       $pdata$??_Gexception@std@@UEAAPEAXI@Z 00000001400517cc     libvcruntimed:frame.obj
 0004:000027d8       $pdata$?CatchIt@@YAXPEAUEHExceptionRecord@@PEA_KPEAU_CONTEXT@@PEAU_xDISPATCHER_CONTEXT@@PEBU_s_FuncInfo@@PEBU_s_HandlerType@@PEBU_s_CatchableType@@PEBU_s_TryBlockMapEntry@@H1EE@Z 00000001400517d8     libvcruntimed:frame.obj
 0004:000027e4       $pdata$?ExFilterRethrow@@YAHPEAU_EXCEPTION_POINTERS@@PEAUEHExceptionRecord@@PEAH@Z 00000001400517e4     libvcruntimed:frame.obj
 0004:000027f0       $pdata$?FindHandler@@YAXPEAUEHExceptionRecord@@PEA_KPEAU_CONTEXT@@PEAU_xDISPATCHER_CONTEXT@@PEBU_s_FuncInfo@@EH1@Z 00000001400517f0     libvcruntimed:frame.obj
 0004:000027fc       $pdata$?FindHandlerForForeignException@@YAXPEAUEHExceptionRecord@@PEA_KPEAU_CONTEXT@@PEAU_xDISPATCHER_CONTEXT@@PEBU_s_FuncInfo@@HH1@Z 00000001400517fc     libvcruntimed:frame.obj
 0004:00002808       $pdata$?IsInExceptionSpec@@YAEPEAUEHExceptionRecord@@PEBU_s_ESTypeList@@@Z 0000000140051808     libvcruntimed:frame.obj
 0004:00002814       $pdata$?Is_bad_exception_allowed@@YAEPEBU_s_ESTypeList@@@Z 0000000140051814     libvcruntimed:frame.obj
 0004:00002820       $pdata$?_CallMemberFunction0@@YAXPEAXP6AX0@Z@Z 0000000140051820     libvcruntimed:frame.obj
 0004:0000282c       $pdata$?_CallMemberFunction1@@YAXPEAXP6AX0@Z0@Z 000000014005182c     libvcruntimed:frame.obj
 0004:00002838       $pdata$?_CallMemberFunction2@@YAXPEAXP6AX0@Z0H@Z 0000000140051838     libvcruntimed:frame.obj
 0004:00002844       $pdata$?__RethrowException@@YAXPEAUEHExceptionRecord@@@Z 0000000140051844     libvcruntimed:frame.obj
 0004:00002850       $pdata$?what@exception@std@@UEBAPEBDXZ 0000000140051850     libvcruntimed:frame.obj
 0004:0000285c       $pdata$__AdjustPointer     000000014005185c     libvcruntimed:frame.obj
 0004:00002868       $pdata$__BuildCatchObject  0000000140051868     libvcruntimed:frame.obj
 0004:00002874       $pdata$__BuildCatchObjectHelper 0000000140051874     libvcruntimed:frame.obj
 0004:00002880       $pdata$__CxxCallCatchBlock 0000000140051880     libvcruntimed:frame.obj
 0004:0000288c       $pdata$__FrameUnwindFilter 000000014005188c     libvcruntimed:frame.obj
 0004:00002898       $pdata$__FrameUnwindToState 0000000140051898     libvcruntimed:frame.obj
 0004:000028a4       $pdata$__InternalCxxFrameHandler 00000001400518a4     libvcruntimed:frame.obj
 0004:000028b0       $pdata$__TypeMatch         00000001400518b0     libvcruntimed:frame.obj
 0004:000028c8       $pdata$??$?RD@__crt_public_free_policy@@QEBAXQEBD@Z 00000001400518c8     libvcruntimed:std_exception.obj
 0004:000028d4       $pdata$??1?$__crt_unique_heap_ptr@DU__crt_public_free_policy@@@@QEAA@XZ 00000001400518d4     libvcruntimed:std_exception.obj
 0004:000028e0       $pdata$??B?$__crt_unique_heap_ptr@DU__crt_internal_free_policy@@@@QEBA_NXZ 00000001400518e0     libvcruntimed:std_type_info.obj
 0004:000028e0       $pdata$??B?$__crt_unique_heap_ptr@EU__crt_internal_free_policy@@@@QEBA_NXZ 00000001400518e0     libucrtd:argv_parsing.obj
 0004:000028e0       $pdata$??B?$__crt_unique_heap_ptr@U__vcrt_ptd@@U__crt_internal_free_policy@@@@QEBA_NXZ 00000001400518e0     libvcruntimed:per_thread_data.obj
 0004:000028e0       $pdata$??B?$__crt_unique_heap_ptr@U__crt_multibyte_data@@U__crt_internal_free_policy@@@@QEBA_NXZ 00000001400518e0     libucrtd:wsetlocale.obj
 0004:000028e0       $pdata$??B?$__crt_unique_heap_ptr@DU__crt_public_free_policy@@@@QEBA_NXZ 00000001400518e0     libvcruntimed:std_exception.obj
 0004:000028e0       $pdata$??B?$__crt_unique_heap_ptr@U__crt_lowio_handle_data@@U__crt_internal_free_policy@@@@QEBA_NXZ 00000001400518e0     libucrtd:osfinfo.obj
 0004:000028e0       $pdata$??B?$__crt_unique_heap_ptr@U__acrt_ptd@@U__crt_internal_free_policy@@@@QEBA_NXZ 00000001400518e0     libucrtd:per_thread_data.obj
 0004:000028ec       $pdata$?release@?$__crt_unique_heap_ptr@DU__crt_public_free_policy@@@@QEAAXXZ 00000001400518ec     libvcruntimed:std_exception.obj
 0004:000028f8       $pdata$__std_exception_copy 00000001400518f8     libvcruntimed:std_exception.obj
 0004:00002904       $pdata$__std_exception_destroy 0000000140051904     libvcruntimed:std_exception.obj
 0004:00002910       $pdata$_CxxThrowException  0000000140051910     libvcruntimed:throw.obj
 0004:00002928       $pdata$?filt$0@?0??__scrt_common_main_seh@@YAHXZ@4HA 0000000140051928     LIBCMTD:exe_winmain.obj
 0004:00002934       $pdata$__scrt_is_nonwritable_in_current_image$filt$0 0000000140051934     LIBCMTD:utility.obj
 0004:00002940       $pdata$?filt$0@?0??common_exit@@YAXHW4_crt_exit_cleanup_mode@@W4_crt_exit_return_mode@@@Z@4HA 0000000140051940     libucrtd:exit.obj
 0004:0000294c       $pdata$?fin$1@?0??common_exit@@YAXHW4_crt_exit_cleanup_mode@@W4_crt_exit_return_mode@@@Z@4HA 000000014005194c     libucrtd:exit.obj
 0004:00002958       $pdata$?fin$0@?0???$?RV<lambda_c36588078e9f5dfd39652860aa6b3aaf>@@AEAV<lambda_ec61778202f4f5fc7e7711acc23c3bca>@@V<lambda_dc9d2797ccde5d239b4a0efae8ebd7db>@@@?$__crt_seh_guarded_call@P6AXH@Z@@QEAAP6AXH@Z$$QEAV<lambda_c36588078e9f5dfd39652860aa6b3aaf>@@AEAV<lambda_ec61778202f4f5fc7e7711acc23c3bca>@@$$QEAV<lambda_dc9d2797ccde5d239b4a0efae8ebd7db>@@@Z@4HA 0000000140051958     libucrtd:signal.obj
 0004:00002958       $pdata$?fin$0@?0???$?RV<lambda_b0d8f1f77f5878de4f648f281b223c15>@@AEAV<lambda_942beefa13ab35ff55f86422493ffd6a>@@V<lambda_7adb6fc9c0d6a5bd4e2d9c212ec7cdcc>@@@?$__crt_seh_guarded_call@H@@QEAAH$$QEAV<lambda_b0d8f1f77f5878de4f648f281b223c15>@@AEAV<lambda_942beefa13ab35ff55f86422493ffd6a>@@$$QEAV<lambda_7adb6fc9c0d6a5bd4e2d9c212ec7cdcc>@@@Z@4HA 0000000140051958     libucrtd:onexit.obj
 0004:00002958       $pdata$?fin$0@?0???$?RV<lambda_d22e02de4d14401f49897516b29a2b7c>@@AEAV<lambda_e971338317bfa523bb8920b43d823727>@@V<lambda_b0b8599c9027f5b14541fbbd6863d1f1>@@@?$__crt_seh_guarded_call@H@@QEAAH$$QEAV<lambda_d22e02de4d14401f49897516b29a2b7c>@@AEAV<lambda_e971338317bfa523bb8920b43d823727>@@$$QEAV<lambda_b0b8599c9027f5b14541fbbd6863d1f1>@@@Z@4HA 0000000140051958     libucrtd:onexit.obj
 0004:00002964       $pdata$terminate$filt$0    0000000140051964     libucrtd:terminate.obj
 0004:00002964       $pdata$__BuildCatchObjectHelper$filt$0 0000000140051964     libvcruntimed:frame.obj
 0004:00002964       $pdata$__BuildCatchObject$filt$0 0000000140051964     libvcruntimed:frame.obj
 0004:00002964       $pdata$?filt$0@?0??is_bad_read_pointer@@YA_NQEBX_K@Z@4HA 0000000140051964     libucrtd:debug_heap.obj
 0004:00002970       $pdata$?fin$0@?0??validate_heap_if_required_nolock@@YAXXZ@4HA 0000000140051970     libucrtd:debug_heap.obj
 0004:0000297c       $pdata$?fin$0@?0??heap_alloc_dbg_internal@@YAPEAX_KHQEBDH@Z@4HA 000000014005197c     libucrtd:debug_heap.obj
 0004:0000297c       $pdata$_CrtMemCheckpoint$fin$0 000000014005197c     libucrtd:debug_heap.obj
 0004:00002988       $pdata$_query_new_handler$fin$0 0000000140051988     libucrtd:new_handler.obj
 0004:00002988       $pdata$_free_dbg$fin$0     0000000140051988     libucrtd:debug_heap.obj
 0004:00002994       $pdata$_CrtSetDbgFlag$fin$0 0000000140051994     libucrtd:debug_heap.obj
 0004:00002994       $pdata$_CrtCheckMemory$fin$0 0000000140051994     libucrtd:debug_heap.obj
 0004:00002994       $pdata$_realloc_dbg$fin$0  0000000140051994     libucrtd:debug_heap.obj
 0004:00002994       $pdata$_CrtMemDumpAllObjectsSince$fin$0 0000000140051994     libucrtd:debug_heap.obj
 0004:00002994       $pdata$_msize_dbg$fin$0    0000000140051994     libucrtd:debug_heap.obj
 0004:000029a0       $pdata$?fin$0@?0???$?RV<lambda_8773731b9ba2edf4362dda13ebc82854>@@AEAV<lambda_6ac21da2756cd333d25ba1adc9a0001e>@@V<lambda_2c95662d60720604e97e3009a1ee1859>@@@?$__crt_seh_guarded_call@X@@QEAAX$$QEAV<lambda_8773731b9ba2edf4362dda13ebc82854>@@AEAV<lambda_6ac21da2756cd333d25ba1adc9a0001e>@@$$QEAV<lambda_2c95662d60720604e97e3009a1ee1859>@@@Z@4HA 00000001400519a0     libucrtd:per_thread_data.obj
 0004:000029a0       $pdata$?fin$0@?0???$?RV<lambda_72d1df2b273a38828b1ce30cbf4cdab5>@@AEAV<lambda_876a65b173b8412d3a47c70a915b0cf4>@@V<lambda_41932305e351933ebe8f8be3ed8bb5dc>@@@?$__crt_seh_guarded_call@X@@QEAAX$$QEAV<lambda_72d1df2b273a38828b1ce30cbf4cdab5>@@AEAV<lambda_876a65b173b8412d3a47c70a915b0cf4>@@$$QEAV<lambda_41932305e351933ebe8f8be3ed8bb5dc>@@@Z@4HA 00000001400519a0     libucrtd:per_thread_data.obj
 0004:000029a0       $pdata$?fin$0@?0???$?RV<lambda_fb3a7dec4e47f37f22dae91bb15c9095>@@AEAV<lambda_698284760c8add0bfb0756c19673e34b>@@V<lambda_dfb8eca1e75fef3034a8fb18dd509707>@@@?$__crt_seh_guarded_call@X@@QEAAX$$QEAV<lambda_fb3a7dec4e47f37f22dae91bb15c9095>@@AEAV<lambda_698284760c8add0bfb0756c19673e34b>@@$$QEAV<lambda_dfb8eca1e75fef3034a8fb18dd509707>@@@Z@4HA 00000001400519a0     libucrtd:per_thread_data.obj
 0004:000029a0       $pdata$?fin$0@?0???$?RV<lambda_5e887d1dcbef67a5eb4283622ba103bf>@@AEAV<lambda_4466841279450cc726390878d4a41900>@@V<lambda_341c25c0346d94847f1f3c463c57e077>@@@?$__crt_seh_guarded_call@X@@QEAAX$$QEAV<lambda_5e887d1dcbef67a5eb4283622ba103bf>@@AEAV<lambda_4466841279450cc726390878d4a41900>@@$$QEAV<lambda_341c25c0346d94847f1f3c463c57e077>@@@Z@4HA 00000001400519a0     libucrtd:per_thread_data.obj
 0004:000029a0       $pdata$?fin$0@?0???$?RV<lambda_9431c60049192bb82166e0947f95a2e9>@@AEAV<lambda_85fa512c59a4d94d4a89f575eefd92a6>@@V<lambda_487febba6ca58d9ce348204d67e1dba3>@@@?$__crt_seh_guarded_call@X@@QEAAX$$QEAV<lambda_9431c60049192bb82166e0947f95a2e9>@@AEAV<lambda_85fa512c59a4d94d4a89f575eefd92a6>@@$$QEAV<lambda_487febba6ca58d9ce348204d67e1dba3>@@@Z@4HA 00000001400519a0     libucrtd:wsetlocale.obj
 0004:000029a0       $pdata$?fin$0@?0???$?RV<lambda_4b02a2c13f0b7bca6761cd772f269b25>@@AEAV<lambda_4193c30e38ea2c4c867ab9dfdf9a7ba1>@@V<lambda_389b4ff37004aac51a1dd957cd7254ad>@@@?$__crt_seh_guarded_call@X@@QEAAX$$QEAV<lambda_4b02a2c13f0b7bca6761cd772f269b25>@@AEAV<lambda_4193c30e38ea2c4c867ab9dfdf9a7ba1>@@$$QEAV<lambda_389b4ff37004aac51a1dd957cd7254ad>@@@Z@4HA 00000001400519a0     libucrtd:mbctype.obj
 0004:000029ac       $pdata$?fin$0@?0??update_thread_multibyte_data_internal@@YAPEAU__crt_multibyte_data@@QEAU__acrt_ptd@@QEAU1@@Z@4HA 00000001400519ac     libucrtd:mbctype.obj
 0004:000029b8       $pdata$__acrt_lowio_ensure_fh_exists$fin$0 00000001400519b8     libucrtd:osfinfo.obj
 0004:000029c4       $pdata$__acrt_initialize_lowio$fin$0 00000001400519c4     libucrtd:ioinit.obj
 0004:000029d0       $pdata$__acrt_update_thread_locale_data$fin$0 00000001400519d0     libucrtd:locale_refcounting.obj
 0004:000029dc       $pdata$raise$fin$0         00000001400519dc     libucrtd:signal.obj
 0004:000029e8       $pdata$_VCrtDbgReportA$fin$0 00000001400519e8     libucrtd:dbgrptt.obj
 0004:000029f4       $pdata$_VCrtDbgReportA$fin$1 00000001400519f4     libucrtd:dbgrptt.obj
 0004:00002a00       $pdata$_VCrtDbgReportW$fin$0 0000000140051a00     libucrtd:dbgrptt.obj
 0004:00002a0c       $pdata$_VCrtDbgReportW$fin$1 0000000140051a0c     libucrtd:dbgrptt.obj
 0004:00002a18       $pdata$?dtor$0@?0??fp_format_a@@YAHQEBNPEAD_KQEAD2H_NIQEAU__crt_locale_pointers@@@Z@4HA 0000000140051a18     libucrtd:cvt.obj
 0004:00002a24       $pdata$?dtor$0@?0??shortsort@@YAXPEAD0_KP6AHPEBX2@Z@Z@4HA 0000000140051a24     libucrtd:qsort.obj
 0004:00002a30       $pdata$common_flush_all$fin$0 0000000140051a30     libucrtd:fflush.obj
 0004:00002a3c       $pdata$common_flush_all$fin$1 0000000140051a3c     libucrtd:fflush.obj
 0004:00002a48       $pdata$?dtor$0@?0??_wcstombs_l_helper@@YA_KPEADPEB_W_KPEAU__crt_locale_pointers@@@Z@4HA 0000000140051a48     libucrtd:wcstombs.obj
 0004:00002a54       $pdata$_fcloseall$fin$0    0000000140051a54     libucrtd:closeall.obj
 0004:00002a60       $pdata$_write$fin$0        0000000140051a60     libucrtd:write.obj
 0004:00002a6c       $pdata$fclose$fin$0        0000000140051a6c     libucrtd:fclose.obj
 0004:00002a78       $pdata$common_control87$filt$0 0000000140051a78     libucrtd:ieee.obj
 0004:00002a84       $pdata$?fin$0@?0???$?RV<lambda_4f1f1a84956f0d44b74de224c960ff76>@@AEAV<lambda_a8f98972ebaa5f7148d35bffe53bd70d>@@V<lambda_f6ca65dda28655a1cf758c1c4e38e52a>@@@?$__crt_seh_guarded_call@H@@QEAAH$$QEAV<lambda_4f1f1a84956f0d44b74de224c960ff76>@@AEAV<lambda_a8f98972ebaa5f7148d35bffe53bd70d>@@$$QEAV<lambda_f6ca65dda28655a1cf758c1c4e38e52a>@@@Z@4HA 0000000140051a84     libucrtd:close.obj
 0004:00002a84       $pdata$?fin$0@?0???$?RV<lambda_2ce24b26f23dade10250ef086380d911>@@AEAV<lambda_e9ab68cc08dfd839979545c079379e6e>@@V<lambda_6262c464c96e4c69799ed44814c7c457>@@@?$__crt_seh_guarded_call@H@@QEAAH$$QEAV<lambda_2ce24b26f23dade10250ef086380d911>@@AEAV<lambda_e9ab68cc08dfd839979545c079379e6e>@@$$QEAV<lambda_6262c464c96e4c69799ed44814c7c457>@@@Z@4HA 0000000140051a84     libucrtd:commit.obj
 0004:00002a90       $pdata$_ctrlfp$filt$0      0000000140051a90     libucrtd:fpctrl.obj
 0004:00002a9c       $pdata$_IsNonwritableInCurrentImage$filt$0 0000000140051a9c     LIBCMTD:pesect.obj
 0004:00002aa8       $pdata$_CallSETranslator$filt$0 0000000140051aa8     libvcruntimed:trnsctrl.obj
 0004:00002ab4       $pdata$__CxxCallCatchBlock$filt$0 0000000140051ab4     libvcruntimed:frame.obj
 0004:00002ac0       $pdata$__CxxCallCatchBlock$fin$1 0000000140051ac0     libvcruntimed:frame.obj
 0004:00002acc       $pdata$__DestructExceptionObject$filt$0 0000000140051acc     libvcruntimed:frame.obj
 0004:00002ad8       $pdata$__FrameUnwindToState$filt$0 0000000140051ad8     libvcruntimed:frame.obj
 0004:00002ae4       $pdata$__FrameUnwindToState$fin$1 0000000140051ae4     libvcruntimed:frame.obj
 0005:00000000       __guard_fids__             0000000140052000     libucrtd:initialization.obj
 0005:00000060       __guard_fids___acrt_initialize_ptd 0000000140052060     libucrtd:per_thread_data.obj
 0005:00000064       __guard_fids_??$common_show_message_box@_W@@YAHQEB_W0I@Z 0000000140052064     libucrtd:crtmbox.obj
 0005:00000068       __guard_fids_??B<lambda_e4fcf3af52c7c9a5453685164d5c5959>@@QEBAP6AHPEBX0@ZXZ 0000000140052068     libucrtd:argv_wildcards.obj
 0005:0000006c       __guard_fids__             000000014005206c     libucrtd:locale_initializer.obj
 0005:00000070       __guard_fids__             0000000140052070     libucrtd:debug_heap_hook.obj
 0005:00000074       __guard_fids__             0000000140052074     libucrtd:multibyte_initializer.obj
 0005:00000078       __guard_fids__             0000000140052078     libucrtd:stdio_initializer.obj
 0005:0000007c       __guard_fids__             000000014005207c     libucrtd:stdio_initializer.obj
 0005:00000080       __guard_fids__             0000000140052080     libucrtd:fma3_initializer.obj
 0005:00000084       __guard_fids__             0000000140052084     libucrtd:console_output_initializer.obj
 0005:00000088       __guard_fids__             0000000140052088     LIBCMTD:exe_winmain.obj
 0005:0000008c       __guard_fids__             000000014005208c     LIBCMTD:exe_winmain.obj
 0005:00000090       __guard_fids__             0000000140052090     LIBCMTD:exe_winmain.obj
 0005:00000094       __guard_fids_?pre_c_initialization@@YAHXZ 0000000140052094     LIBCMTD:exe_winmain.obj
 0005:0000009c       __guard_fids___scrt_set_unhandled_exception_filter 000000014005209c     LIBCMTD:utility_desktop.obj
 0005:000000a0       __guard_fids__             00000001400520a0     LIBCMTD:guard_support.obj
 0005:000000a4       __guard_fids__guard_icall_checks_enforced 00000001400520a4     LIBCMTD:guard_support.obj
 0005:000000a8       __guard_fids__             00000001400520a8     libvcruntimed:telemetry.obj
 0005:000000ac       __guard_fids_?TraceLoggingRegister@__vcrt_trace_logging_provider@@YAJPEBU_TlgProvider_t@1@PEBU_GUID@@P6AX1KE_K2PEAU_EVENT_FILTER_DESCRIPTOR@@PEAX@Z4@Z 00000001400520ac     libvcruntimed:telemetry.obj
 0005:000000b0       __guard_fids___vcrt_initialize_ptd 00000001400520b0     libvcruntimed:per_thread_data.obj
 0005:000000b4       __guard_fids__             00000001400520b4     LIBCMTD:std_type_info_static.obj
 0005:000000b8       __guard_fids__UnwindNestedFrames 00000001400520b8     libvcruntimed:trnsctrl.obj
 0005:000000bc       __guard_fids__             00000001400520bc     libvcruntimed:frame.obj
 0005:000000c0       __guard_fids__             00000001400520c0     libvcruntimed:frame.obj
 0005:000000c8       __guard_fids__             00000001400520c8     libvcruntimed:frame.obj
